global jpl_main
global _jpl_main
extern _fail_assertion
extern _jpl_alloc
extern _get_time
extern _show
extern _print
extern _print_time
extern _read_image
extern _write_image
extern _fmod
extern _sqrt
extern _exp
extern _sin
extern _cos
extern _tan
extern _asin
extern _acos
extern _atan
extern _log
extern _pow
extern _atan2
extern _to_int
extern _to_float

section .data
const0: db `a.png`, 0
const1: dq 60.21
const2: dq 70.64
const3: dq 723
const4: dq 86.88
const5: dq 14.01
const6: db `(ArrayType (FloatType) 1)`, 0
const7: dq 1
const8: dq 0
const9: dq 52.04
const10: dq 571
const11: db `(FloatType)`, 0
const12: dq 65.24
const13: db `r.png`, 0

section .text
jpl_main:
_jpl_main:
	push rbp
	mov rbp, rsp
	push r12
	mov r12, rbp
	sub rsp, 24
	lea rdi, [rsp]
	lea rsi, [rel const0] ; a.png
	call _read_image
	mov rax, [rel const1] ; 60.21
	push rax
	movsd xmm0, [rsp]
	add rsp, 8
	call _acos
	sub rsp, 8
	movsd [rsp], xmm0
	mov rax, [rel const2] ; 70.64
	push rax
	movsd xmm0, [rsp]
	add rsp, 8
	movsd xmm1, [rsp]
	add rsp, 8
	call _pow
	sub rsp, 8
	movsd [rsp], xmm0
	sub rsp, 8 ; Align stack
	mov rax, [rel const3] ; 723
	push rax
	pop rdi
	call _to_float
	sub rsp, 8
	movsd [rsp], xmm0
	movsd xmm0, [rsp]
	add rsp, 8
	call _atan
	sub rsp, 8
	movsd [rsp], xmm0
	movsd xmm0, [rsp]
	add rsp, 8
	call _tan
	sub rsp, 8
	movsd [rsp], xmm0
	movsd xmm0, [rsp]
	add rsp, 8
	call _exp
	add rsp, 8 ; Remove alignment
	sub rsp, 8
	movsd [rsp], xmm0
	sub rsp, 8
	; Moving 8 bytes from rbp - -16 to rsp
		mov r10, [rbp - -16 + 0]
		mov [rsp + 0], r10
	pop rdi
	call _to_float
	sub rsp, 8
	movsd [rsp], xmm0
	movsd xmm0, [rsp]
	add rsp, 8
	call _sqrt
	sub rsp, 8
	movsd [rsp], xmm0
	movsd xmm0, [rsp]
	add rsp, 8
	call _acos
	sub rsp, 8
	movsd [rsp], xmm0
	sub rsp, 8 ; Align stack
	mov rax, [rel const4] ; 86.88
	push rax
	mov rax, [rel const5] ; 14.01
	push rax
	movsd xmm0, [rsp]
	add rsp, 8
	movsd xmm1, [rsp]
	add rsp, 8
	call _pow
	sub rsp, 8
	movsd [rsp], xmm0
	movsd xmm1, [rsp]
	add rsp, 8
	pxor xmm0, xmm0
	subsd xmm0, xmm1
	sub rsp, 8
	movsd [rsp], xmm0
	movsd xmm0, [rsp]
	add rsp, 8
	call _cos
	add rsp, 8 ; Remove alignment
	sub rsp, 8
	movsd [rsp], xmm0
	movsd xmm0, [rsp]
	add rsp, 8
	movsd xmm1, [rsp]
	add rsp, 8
	subsd xmm0, xmm1
	sub rsp, 8
	movsd [rsp], xmm0
	mov rdi, 24
	sub rsp, 8 ; Align stack
	call _jpl_alloc
	add rsp, 8 ; Remove alignment
	; Moving 24 bytes from rsp to rax
		mov r10, [rsp + 16]
		mov [rax + 16], r10
		mov r10, [rsp + 8]
		mov [rax + 8], r10
		mov r10, [rsp + 0]
		mov [rax + 0], r10
	add rsp, 24
	push rax
	mov rax, 3
	push rax
	lea rdi, [rel const6] ; (ArrayType (FloatType) 1)
	lea rsi, [rsp]
	call _show
	add rsp, 16
	mov rax, [rel const7] ; True
	push rax
	; Moving 8 bytes from rsp + 0 to rsp + 0
		mov r10, [rsp + 0 + 0]
		mov [rsp + 0 + 0], r10
	add rsp, 0
	; Moving 8 bytes from rsp + 0 to rsp + 0
		mov r10, [rsp + 0 + 0]
		mov [rsp + 0 + 0], r10
	add rsp, 0
	pop rax
	xor rax, 1
	push rax
	sub rsp, 8 ; Align stack
	sub rsp, 8
	; Moving 8 bytes from rbp - -16 to rsp
		mov r10, [rbp - -16 + 0]
		mov [rsp + 0], r10
	pop rdi
	call _to_float
	sub rsp, 8
	movsd [rsp], xmm0
	mov rax, [rel const8] ; False
	push rax
	mov rax, [rel const9] ; 52.04
	push rax
	movsd xmm0, [rsp]
	add rsp, 8
	call _asin
	sub rsp, 8
	movsd [rsp], xmm0
	; Moving 8 bytes from rsp + 0 to rsp + 16
		mov r10, [rsp + 0 + 0]
		mov [rsp + 16 + 0], r10
	add rsp, 16
	movsd xmm0, [rsp]
	add rsp, 8
	call _atan
	sub rsp, 8
	movsd [rsp], xmm0
	movsd xmm0, [rsp]
	add rsp, 8
	call _exp
	add rsp, 8 ; Remove alignment
	sub rsp, 8
	movsd [rsp], xmm0
	sub rsp, 24
	; Moving 24 bytes from rbp - 32 to rsp
		mov r10, [rbp - 32 + 16]
		mov [rsp + 16], r10
		mov r10, [rbp - 32 + 8]
		mov [rsp + 8], r10
		mov r10, [rbp - 32 + 0]
		mov [rsp + 0], r10
	sub rsp, 24
	; Moving 24 bytes from rbp - 32 to rsp
		mov r10, [rbp - 32 + 16]
		mov [rsp + 16], r10
		mov r10, [rbp - 32 + 8]
		mov [rsp + 8], r10
		mov r10, [rbp - 32 + 0]
		mov [rsp + 0], r10
	; Moving 24 bytes from rsp + 0 to rsp + 0
		mov r10, [rsp + 0 + 16]
		mov [rsp + 0 + 16], r10
		mov r10, [rsp + 0 + 8]
		mov [rsp + 0 + 8], r10
		mov r10, [rsp + 0 + 0]
		mov [rsp + 0 + 0], r10
	add rsp, 0
	sub rsp, 8 ; Align stack
	sub rsp, 8 ; Align stack
	sub rsp, 8
	; Moving 8 bytes from rbp - 48 to rsp
		mov r10, [rbp - 48 + 0]
		mov [rsp + 0], r10
	movsd xmm0, [rsp]
	add rsp, 8
	call _tan
	sub rsp, 8
	movsd [rsp], xmm0
	sub rsp, 8
	; Moving 8 bytes from rbp - 48 to rsp
		mov r10, [rbp - 48 + 0]
		mov [rsp + 0], r10
	; Moving 8 bytes from rsp + 0 to rsp + 0
		mov r10, [rsp + 0 + 0]
		mov [rsp + 0 + 0], r10
	add rsp, 0
	movsd xmm0, [rsp]
	add rsp, 8
	movsd xmm1, [rsp]
	add rsp, 8
	divsd xmm0, xmm1
	sub rsp, 8
	movsd [rsp], xmm0
	sub rsp, 8 ; Align stack
	mov rax, [rel const10] ; 571
	push rax
	pop rdi
	call _to_float
	sub rsp, 8
	movsd [rsp], xmm0
	movsd xmm1, [rsp]
	add rsp, 8
	pxor xmm0, xmm0
	subsd xmm0, xmm1
	sub rsp, 8
	movsd [rsp], xmm0
	movsd xmm0, [rsp]
	add rsp, 8
	call _log
	add rsp, 8 ; Remove alignment
	sub rsp, 8
	movsd [rsp], xmm0
	movsd xmm0, [rsp]
	add rsp, 8
	movsd xmm1, [rsp]
	add rsp, 8
	call _atan2
	add rsp, 8 ; Remove alignment
	sub rsp, 8
	movsd [rsp], xmm0
	lea rdi, [rel const11] ; (FloatType)
	lea rsi, [rsp]
	call _show
	add rsp, 8
	add rsp, 8 ; Remove alignment
	mov rax, [rel const12] ; 65.24
	push rax
	movsd xmm0, [rsp]
	add rsp, 8
	call _exp
	sub rsp, 8
	movsd [rsp], xmm0
	sub rsp, 24
	; Moving 24 bytes from rbp - 72 to rsp
		mov r10, [rbp - 72 + 16]
		mov [rsp + 16], r10
		mov r10, [rbp - 72 + 8]
		mov [rsp + 8], r10
		mov r10, [rbp - 72 + 0]
		mov [rsp + 0], r10
	; Moving 32 bytes from rsp + 0 to rsp + 0
		mov r10, [rsp + 0 + 24]
		mov [rsp + 0 + 24], r10
		mov r10, [rsp + 0 + 16]
		mov [rsp + 0 + 16], r10
		mov r10, [rsp + 0 + 8]
		mov [rsp + 0 + 8], r10
		mov r10, [rsp + 0 + 0]
		mov [rsp + 0 + 0], r10
	add rsp, 0
	; Moving 24 bytes from rsp + 0 to rsp + 8
		mov r10, [rsp + 0 + 16]
		mov [rsp + 8 + 16], r10
		mov r10, [rsp + 0 + 8]
		mov [rsp + 8 + 8], r10
		mov r10, [rsp + 0 + 0]
		mov [rsp + 8 + 0], r10
	add rsp, 8
	sub rsp, 24
	; Moving 24 bytes from rbp - 96 to rsp
		mov r10, [rbp - 96 + 16]
		mov [rsp + 16], r10
		mov r10, [rbp - 96 + 8]
		mov [rsp + 8], r10
		mov r10, [rbp - 96 + 0]
		mov [rsp + 0], r10
	sub rsp, 8
	; Moving 8 bytes from rbp - 88 to rsp
		mov r10, [rbp - 88 + 0]
		mov [rsp + 0], r10
	sub rsp, 24
	; Moving 24 bytes from rbp - 32 to rsp
		mov r10, [rbp - 32 + 16]
		mov [rsp + 16], r10
		mov r10, [rbp - 32 + 8]
		mov [rsp + 8], r10
		mov r10, [rbp - 32 + 0]
		mov [rsp + 0], r10
	sub rsp, 24
	lea rdi, [rsp]
	sub rsp, 8 ; Align stack
	lea rsi, [rel const13] ; r.png
	call _read_image
	add rsp, 8 ; Remove alignment
	add rsp, 192 ; Local variables
	pop r12
	pop rbp
	ret

