(LetCmd (ArgLValue (ArrayArgument M)) (TupleLiteralExpr))
(LetCmd (ArgLValue (VarArgument R)) (VarExpr e90.s.99))
(LetCmd
 (TupleLValue
  (ArgLValue (VarArgument W))
  (TupleLValue
   (TupleLValue)
   (TupleLValue
    (TupleLValue
     (TupleLValue
      (TupleLValue (ArgLValue (ArrayArgument X1)) (ArgLValue (VarArgument S)))
      (ArgLValue (ArrayArgument Lv y.9._ B9I)))
     (ArgLValue (VarArgument X.0))))))
 (FalseExpr))
(AssertCmd (ArrayLiteralExpr) "'%??%;_~!\")
(AssertCmd
 (ArrayLoopExpr
  (SumLoopExpr
   c
   (SumLoopExpr
    D52x
    (FalseExpr)
    (SumLoopExpr
     (ArrayIndexExpr
      (VarExpr w)
      (SumLoopExpr (ArrayLiteralExpr (TrueExpr)))
      (SumLoopExpr pE.2P (FalseExpr) (FloatExpr 0))
      (FloatExpr 0)
      (UnopExpr - (FloatExpr 3)))))
   (CallExpr r (CallExpr U) (IntExpr 0) (CallExpr V))))
 "~{")
(PrintCmd "+")
(WriteCmd (FloatExpr 2) "&")
(PrintCmd "`r")
(TimeCmd
 (TimeCmd
  (AssertCmd
   (BinopExpr
    (TupleLiteralExpr)
    <
    (ArrayLoopExpr
     M
     (ArrayLiteralExpr
      (TupleLiteralExpr
       (TupleLiteralExpr
        (ArrayLiteralExpr
         (SumLoopExpr (ArrayLoopExpr (UnopExpr ! (ArrayLiteralExpr)))))
        (ArrayLoopExpr
         z
         (ArrayLoopExpr
          (ArrayLiteralExpr
           (UnopExpr
            !
            (ArrayLoopExpr (ArrayIndexExpr (TrueExpr) (TupleLiteralExpr))))))
         p
         (UnopExpr - (FloatExpr 0))
         (TrueExpr))))
      (TupleLiteralExpr)
      (TupleLiteralExpr (VarExpr gtgj_.._s.._D)))
     (ArrayIndexExpr
      (TupleIndexExpr (ArrayLiteralExpr) 8)
      (TrueExpr)
      (TrueExpr))))
   ".")))
(TypeCmd q5 (BoolType))
(WriteCmd (VarExpr Y..M) "]")
(PrintCmd "-3")
(ShowCmd (ArrayLiteralExpr))
