(TimeCmd (LetCmd (TupleLValue) (FloatExpr 0)))
(PrintCmd "")
(TimeCmd (ShowCmd (FloatExpr 81)))
(PrintCmd "#]")
(AssertCmd
 (IfExpr
  (FalseExpr)
  (TrueExpr)
  (SumLoopExpr
   Pm
   (CallExpr h)
   (ArrayIndexExpr (ArrayIndexExpr (VarExpr HA4.) (UnopExpr - (TrueExpr))))))
 "")
(ReadCmd "" (VarArgument F))
(WriteCmd (CallExpr k.8 (ArrayLiteralExpr)) "(")
(TypeCmd u.5KO1 (BoolType))
(LetCmd
 (TupleLValue)
 (ArrayLiteralExpr
  (ArrayLoopExpr U (IntExpr 2) (UnopExpr ! (FloatExpr 0)))
  (VarExpr c421x.55)
  (TrueExpr)))
(WriteCmd (CallExpr o5.) "")
(WriteCmd (CallExpr X (ArrayLiteralExpr)) "[[")
(TimeCmd (WriteCmd (UnopExpr ! (TupleLiteralExpr)) "';[\;"))
(PrintCmd ":,!@.")
