(ReadCmd "" (VarArgument CQ7_rr273))
(AssertCmd (IntExpr 4) "")
(TypeCmd m_ (ArrayType (TupleType) 5))
(WriteCmd (FloatExpr 0) "")
(ShowCmd (ArrayLiteralExpr))
(ShowCmd (CallExpr D))
(TimeCmd (AssertCmd (TrueExpr) ""))
(TypeCmd Z_924 (FloatType))
(LetCmd
 (ArgLValue (VarArgument H_))
 (IfExpr
  (TrueExpr)
  (ArrayLiteralExpr)
  (ArrayLiteralExpr
   (ArrayLoopExpr (FalseExpr))
   (CallExpr T (FloatExpr 8) (VarExpr e)))))
(TimeCmd (PrintCmd ";"))
(WriteCmd
 (ArrayIndexExpr
  (ArrayLiteralExpr
   (FloatExpr 0)
   (VarExpr X)
   (ArrayLoopExpr (FloatExpr 5))
   (ArrayLoopExpr v (VarExpr n7y.) (ArrayIndexExpr (VarExpr Z..)))))
 "-;")
(TypeCmd A (ArrayType (IntType) 2))
(AssertCmd (FloatExpr 0) "")
(LetCmd
 (TupleLValue)
 (UnopExpr
  !
  (TupleIndexExpr
   (TupleLiteralExpr
    (FalseExpr)
    (ArrayLiteralExpr (ArrayIndexExpr (FloatExpr 0) (SumLoopExpr (FalseExpr))))
    (UnopExpr - (ArrayIndexExpr (IntExpr 2)))
    (VarExpr x18))
   43)))
(ReadCmd ":}" (ArrayArgument p80c))
(PrintCmd "{+")
(PrintCmd "")
(WriteCmd (UnopExpr - (VarExpr B)) "+^)$")
(AssertCmd (CallExpr N.5g_C_) "")
(ShowCmd (CallExpr n._))
