(TimeCmd (ShowCmd (TupleLiteralExpr (VarExpr V))))
(ReadCmd "" (ArrayArgument z))
(WriteCmd (CallExpr P8gx78) ":")
(TimeCmd (ReadCmd "`" (VarArgument x.44)))
(ReadCmd "" (VarArgument l_.e4))
(PrintCmd "")
(ReadCmd ")" (VarArgument x._))
(WriteCmd (UnopExpr ! (ArrayLiteralExpr)) "")
(ShowCmd (FloatExpr 0))
(TypeCmd g1Bh (VarType RK))
(TypeCmd Qh_ (TupleType))
(WriteCmd (TupleIndexExpr (FalseExpr) 32) "#")
(LetCmd
 (TupleLValue
  (TupleLValue
   (TupleLValue (ArgLValue (ArrayArgument D e)))
   (ArgLValue (ArrayArgument Z X))))
 (FalseExpr))
(ReadCmd "" (VarArgument sk))
(LetCmd (ArgLValue (VarArgument K)) (TupleLiteralExpr (IntExpr 691)))
(ShowCmd (SumLoopExpr (FalseExpr)))
