(WriteCmd (TupleIndexExpr (FloatExpr 663) 832) "")
(PrintCmd "&")
(TypeCmd H (ArrayType (FloatType) 2))
(AssertCmd (VarExpr xT.59) "")
(ShowCmd (TupleLiteralExpr))
(LetCmd (ArgLValue (VarArgument w..lX)) (ArrayLiteralExpr))
(AssertCmd
 (UnopExpr
  -
  (ArrayLoopExpr
   (ArrayLoopExpr
    (ArrayLoopExpr
     (ArrayIndexExpr
      (ArrayIndexExpr
       (ArrayIndexExpr
        (ArrayIndexExpr
         (TupleLiteralExpr (ArrayLiteralExpr) (VarExpr V.9_R7I8))
         (ArrayLiteralExpr (ArrayLiteralExpr)))
        (FalseExpr))
       (TrueExpr)))))))
 "\")
(TypeCmd n.O.V.A (ArrayType (TupleType) 2))
(WriteCmd (TupleLiteralExpr) "]")
(WriteCmd (CallExpr w_7.) "~8")
(PrintCmd "")
(LetCmd (TupleLValue) (TupleLiteralExpr))
(ShowCmd
 (ArrayLoopExpr
  s
  (TupleLiteralExpr (CallExpr w.3))
  (ArrayIndexExpr
   (CallExpr I (TrueExpr))
   (TupleLiteralExpr
    (SumLoopExpr (ArrayLoopExpr (ArrayIndexExpr (TupleLiteralExpr))))
    (VarExpr y_04e_)
    (IfExpr
     (SumLoopExpr (IntExpr 8))
     (UnopExpr - (ArrayIndexExpr (FloatExpr 6)))
     (FalseExpr))))))
(TypeCmd i (VarType x2.))
(PrintCmd "]{=&= #\$?:")
