(AssertCmd (SumLoopExpr (IntExpr 4)) ":")
(TimeCmd (AssertCmd (FloatExpr 0) ""))
(ReadCmd "" (ArrayArgument D o a P. We))
(ShowCmd (FloatExpr 0))
(ShowCmd
 (ArrayLoopExpr
  A.7V.__
  (IfExpr (TrueExpr) (UnopExpr - (TupleLiteralExpr)) (FloatExpr 0))
  (TrueExpr)))
(PrintCmd "")
(PrintCmd "")
(TimeCmd (WriteCmd (VarExpr H) ""))
(AssertCmd
 (TupleLiteralExpr
  (UnopExpr - (VarExpr w))
  (CallExpr
   I
   (ArrayLiteralExpr
    (ArrayLoopExpr s (FalseExpr) Y__k (ArrayLoopExpr (TrueExpr)) (FalseExpr))))
  (ArrayLoopExpr (TupleLiteralExpr)))
 "7'")
(ReadCmd "#3" (ArrayArgument N3U.S))
(TimeCmd (TypeCmd A1 (FloatType)))
(LetCmd (ArgLValue (ArrayArgument m N f G)) (TrueExpr))
(ShowCmd (TrueExpr))
(TypeCmd Ks58w_ (ArrayType (IntType) 3))
(WriteCmd (FalseExpr) ")%|")
(WriteCmd (ArrayLiteralExpr) "")
(AssertCmd (CallExpr V2_W_8.OA98E. (TrueExpr)) "@#")
(ShowCmd
 (UnopExpr
  !
  (IfExpr
   (TupleLiteralExpr)
   (ArrayLiteralExpr (ArrayLiteralExpr (UnopExpr - (TrueExpr))))
   (ArrayLoopExpr
    (SumLoopExpr
     Ei
     (FalseExpr)
     (SumLoopExpr (ArrayLoopExpr O.N.21 (FloatExpr 0) (VarExpr o_))))))))
