(PrintCmd ";")
(ReadCmd "" (ArrayArgument M02))
(TimeCmd
 (TimeCmd
  (ShowCmd
   (SumLoopExpr
    (IfExpr
     (TupleIndexExpr
      (ArrayLiteralExpr
       (SumLoopExpr (ArrayIndexExpr (FloatExpr 7)))
       (UnopExpr - (ArrayIndexExpr (FloatExpr 0)))
       (UnopExpr ! (FalseExpr)))
      9)
     (FalseExpr)
     (CallExpr a (CallExpr a (ArrayIndexExpr (VarExpr S2__6__K)))))))))
(ReadCmd "" (VarArgument G))
(WriteCmd (VarExpr h1F.) "")
(ReadCmd "" (ArrayArgument L__))
(AssertCmd (SumLoopExpr (FalseExpr)) ")&_")
(PrintCmd "=")
(TypeCmd JW09Y (BoolType))
(AssertCmd (ArrayIndexExpr (FloatExpr 294)) "")
(ShowCmd (TupleLiteralExpr))
(ShowCmd (ArrayLiteralExpr (TrueExpr)))
