(TypeCmd F (FloatType))
(ReadCmd "!;" (VarArgument KLt))
(TimeCmd (LetCmd (ArgLValue (VarArgument A7Y68.__.OS)) (IntExpr 4)))
(TimeCmd (ReadCmd "*U" (ArrayArgument fD J_1uz_)))
(ReadCmd "" (ArrayArgument r2 n y_B3252G_2_6.))
(ShowCmd
 (SumLoopExpr
  (UnopExpr
   -
   (ArrayLoopExpr
    (ArrayLoopExpr
     a.6_51.9_5__l
     (FalseExpr)
     (ArrayLiteralExpr (IntExpr 3) (CallExpr nf) (UnopExpr - (TrueExpr))))))))
(PrintCmd "")
(ReadCmd "*" (VarArgument m))
(WriteCmd (FloatExpr 9) "#")
(PrintCmd "]")
(AssertCmd (FloatExpr 0) " &#")
(TypeCmd Ab6 (ArrayType (TupleType (BoolType) (VarType D)) 6))
(TypeCmd q04 (VarType I))
(TimeCmd (ReadCmd "#" (VarArgument h)))
(LetCmd
 (TupleLValue)
 (ArrayLoopExpr
  (ArrayLoopExpr
   f
   (IntExpr 0)
   (UnopExpr
    !
    (CallExpr
     AA..
     (ArrayLiteralExpr (ArrayLiteralExpr))
     (CallExpr w_ (TupleLiteralExpr)))))))
