(LetCmd
 (TupleLValue (ArgLValue (VarArgument EV._1)))
 (UnopExpr - (ArrayIndexExpr (ArrayLiteralExpr))))
(WriteCmd
 (ArrayLoopExpr
  (TupleLiteralExpr
   (TupleLiteralExpr)
   (FalseExpr)
   (CallExpr
    uY
    (FalseExpr)
    (TupleLiteralExpr)
    (ArrayLiteralExpr
     (ArrayLiteralExpr
      (ArrayLiteralExpr
       (ArrayLiteralExpr)
       (SumLoopExpr
        u
        (TupleLiteralExpr (CallExpr b69))
        (ArrayLiteralExpr
         (ArrayLiteralExpr (ArrayIndexExpr (TupleLiteralExpr)))))
       (ArrayLiteralExpr (TrueExpr))))))))
 "")
(TimeCmd
 (LetCmd
  (ArgLValue (ArrayArgument Qf_v_9p))
  (ArrayIndexExpr (TrueExpr) (FalseExpr) (ArrayIndexExpr (TrueExpr)))))
(LetCmd
 (ArgLValue (VarArgument Q.))
 (ArrayIndexExpr (TrueExpr) (CallExpr B9) (VarExpr Y)))
(TimeCmd (LetCmd (ArgLValue (VarArgument Y1_)) (TrueExpr)))
(WriteCmd (IntExpr 0) ";")
(AssertCmd (ArrayLiteralExpr) "+7")
(AssertCmd (SumLoopExpr (VarExpr Y.QmO6F)) ")")
(AssertCmd (IntExpr 8) "")
(TimeCmd (PrintCmd ""))
(TimeCmd (TypeCmd Ld.J (VarType Er.9)))
(WriteCmd
 (SumLoopExpr
  Y
  (ArrayLoopExpr (IntExpr 20))
  (TupleIndexExpr (ArrayLiteralExpr) 6))
 "`")
(TimeCmd (TypeCmd M (ArrayType (VarType v) 1)))
(ReadCmd "'" (ArrayArgument Z o_60))
(TimeCmd (WriteCmd (IntExpr 4) ""))
(TimeCmd (ReadCmd "/" (ArrayArgument O y33)))
(ShowCmd (FalseExpr))
(LetCmd (ArgLValue (VarArgument v)) (FloatExpr 7))
(AssertCmd (VarExpr B) "[-")
(PrintCmd "")
