(ShowCmd (FloatExpr 1))
(PrintCmd "")
(PrintCmd "]+](.")
(PrintCmd "")
(TypeCmd Gv. (ArrayType (IntType) 1))
(ReadCmd "/" (VarArgument Ed0))
(WriteCmd (UnopExpr ! (ArrayIndexExpr (VarExpr a))) "2,")
(LetCmd
 (ArgLValue (VarArgument A))
 (ArrayLiteralExpr
  (UnopExpr - (ArrayIndexExpr (TrueExpr)))
  (ArrayLoopExpr
   a
   (ArrayIndexExpr (CallExpr tI) (TupleLiteralExpr (TrueExpr)))
   (UnopExpr ! (ArrayLiteralExpr)))))
(WriteCmd (IfExpr (IntExpr 2) (FloatExpr 0) (IntExpr 7)) "")
(ReadCmd "" (ArrayArgument R0_))
(PrintCmd "")
(ReadCmd ")^'." (ArrayArgument x_4..b8DH))
(LetCmd (TupleLValue (TupleLValue) (ArgLValue (VarArgument z0W))) (IntExpr 14))
(LetCmd (TupleLValue) (TrueExpr))
(PrintCmd "($*=.")
(ReadCmd "" (ArrayArgument j g0 N4 JmO5.Ln11.))
(TypeCmd d (TupleType))
(TypeCmd X7 (TupleType (TupleType) (ArrayType (BoolType) 3) (FloatType)))
(LetCmd
 (ArgLValue (VarArgument I055))
 (ArrayLiteralExpr
  (ArrayIndexExpr
   (CallExpr P (TupleLiteralExpr (VarExpr w)))
   (VarExpr Q6.9.2_)
   (FalseExpr))))
(TimeCmd
 (LetCmd
  (ArgLValue (ArrayArgument cB))
  (ArrayLiteralExpr (TupleIndexExpr (FloatExpr 0) 6))))
