(AssertCmd (TrueExpr) "3")
(TimeCmd (TypeCmd yA_._ (VarType m)))
(PrintCmd "!_")
(AssertCmd (TrueExpr) "+?")
(AssertCmd (IntExpr 44) "$")
(WriteCmd (TupleIndexExpr (TupleIndexExpr (IntExpr 5) 8) 3) "")
(PrintCmd "")
(LetCmd (ArgLValue (VarArgument h2l_0)) (UnopExpr ! (FloatExpr 3)))
(AssertCmd (FloatExpr 0) "&")
(PrintCmd "\")
(WriteCmd
 (SumLoopExpr
  x
  (TupleLiteralExpr
   (SumLoopExpr (ArrayIndexExpr (ArrayIndexExpr (FloatExpr 0)))))
  g
  (VarExpr a.)
  (ArrayLiteralExpr (IntExpr 0)))
 "")
(PrintCmd "")
(PrintCmd ".")
