(ShowCmd (IntExpr 0))
(AssertCmd (IntExpr 1) ")?")
(PrintCmd ")")
(WriteCmd (FloatExpr 38) "#")
(TypeCmd H_ (ArrayType (FloatType) 1))
(AssertCmd
 (SumLoopExpr
  j
  (CallExpr
   O
   (FloatExpr 0)
   (ArrayLoopExpr o (VarExpr U) (ArrayIndexExpr (ArrayLiteralExpr)))
   (ArrayLiteralExpr))
  (ArrayLoopExpr (TrueExpr)))
 "]")
(AssertCmd
 (TupleLiteralExpr
  (TupleLiteralExpr
   (ArrayLoopExpr (ArrayIndexExpr (FalseExpr)))
   (FloatExpr 9)
   (VarExpr Mr))
  (UnopExpr
   -
   (TupleLiteralExpr
    (UnopExpr - (SumLoopExpr (ArrayIndexExpr (VarExpr U) (CallExpr D.l))))
    (VarExpr h.2M.)
    (VarExpr KUr))))
 "-")
(ReadCmd "[" (ArrayArgument K4.._1Xwl))
(TypeCmd Be.2 (VarType pp_))
(AssertCmd (IntExpr 5) "?")
(LetCmd (TupleLValue) (IntExpr 2))
(LetCmd (ArgLValue (ArrayArgument k.10_)) (IntExpr 668))
(TimeCmd (ShowCmd (FloatExpr 0)))
(ReadCmd "~" (ArrayArgument kjy x))
(WriteCmd
 (ArrayLoopExpr
  j
  (FloatExpr 4)
  J0
  (BinopExpr
   (IntExpr 1)
   <=
   (CallExpr s (FloatExpr 0) (ArrayLoopExpr (TupleIndexExpr (TrueExpr) 86))))
  (VarExpr J..2o))
 "")
(ShowCmd (TrueExpr))
