(TimeCmd (ShowCmd (TrueExpr)))
(PrintCmd "|\")
(ReadCmd "" (VarArgument X_))
(PrintCmd "")
(PrintCmd "].")
(WriteCmd
 (SumLoopExpr
  yc1
  (UnopExpr
   !
   (ArrayLoopExpr
    Z_._
    (ArrayLiteralExpr
     (TupleIndexExpr
      (TupleLiteralExpr (UnopExpr ! (ArrayLoopExpr (FalseExpr))))
      64))
    (TupleIndexExpr (FloatExpr 0) 9600)))
  (CallExpr
   u
   (ArrayIndexExpr (CallExpr z) (UnopExpr ! (TupleIndexExpr (IntExpr 1) 303)))
   (TupleLiteralExpr)))
 "")
(TypeCmd r (FloatType))
(TypeCmd CJV (TupleType (BoolType) (VarType w4.dL.1)))
(ReadCmd "" (ArrayArgument ZS7))
(ReadCmd "$\" (VarArgument FVvQ8P7.4))
(WriteCmd (VarExpr M) "")
(ReadCmd "" (ArrayArgument VvM__V))
(PrintCmd "/{k@")
