(FnCmd
 a
 ((VarBinding (VarArgument b) (FloatType))
  (TupleBinding (VarBinding (ArrayArgument c d) (ArrayType (FloatType) 1))))
 (BoolType)
 (LetStmt (ArgLValue (VarArgument e)) (VarExpr (ArrayType (IntType) 1) args))
 (LetStmt
  (TupleLValue)
  (ArrayIndexExpr
   (TupleType)
   (IfExpr
    (ArrayType (TupleType) 3)
    (BinopExpr
     (BoolType)
     (ArrayIndexExpr
      (BoolType)
      (ArrayLoopExpr
       (ArrayType (BoolType) 3)
       f
       (IntExpr (IntType) 698)
       g
       (IntExpr (IntType) 256)
       h
       (VarExpr (IntType) argnum)
       (FalseExpr (BoolType)))
      (VarExpr (IntType) d)
      (UnopExpr (IntType) - (IntExpr (IntType) 411))
      (IfExpr
       (IntType)
       (FalseExpr (BoolType))
       (IntExpr (IntType) 219)
       (VarExpr (IntType) d)))
     &&
     (BinopExpr
      (BoolType)
      (VarExpr (IntType) d)
      <
      (BinopExpr (IntType) (VarExpr (IntType) d) / (IntExpr (IntType) 433))))
    (ArrayLoopExpr
     (ArrayType (TupleType) 3)
     f
     (SumLoopExpr
      (IntType)
      f
      (IntExpr (IntType) 747)
      g
      (VarExpr (IntType) argnum)
      (IfExpr
       (IntType)
       (FalseExpr (BoolType))
       (IntExpr (IntType) 527)
       (VarExpr (IntType) g)))
     g
     (BinopExpr
      (IntType)
      (SumLoopExpr
       (IntType)
       f
       (VarExpr (IntType) d)
       g
       (VarExpr (IntType) argnum)
       (VarExpr (IntType) g))
      %
      (IntExpr (IntType) 257))
     h
     (UnopExpr
      (IntType)
      -
      (BinopExpr (IntType) (VarExpr (IntType) argnum) * (VarExpr (IntType) d)))
     (TupleLiteralExpr (TupleType)))
    (TupleIndexExpr
     (ArrayType (TupleType) 3)
     (TupleLiteralExpr
      (TupleType
       (ArrayType (TupleType) 3)
       (ArrayType (IntType) 1)
       (ArrayType (IntType) 1))
      (ArrayLoopExpr
       (ArrayType (TupleType) 3)
       f
       (VarExpr (IntType) d)
       g
       (IntExpr (IntType) 19)
       h
       (VarExpr (IntType) d)
       (TupleLiteralExpr (TupleType)))
      (VarExpr (ArrayType (IntType) 1) e)
      (VarExpr (ArrayType (IntType) 1) args))
     0))
   (ArrayIndexExpr
    (IntType)
    (IfExpr
     (ArrayType (IntType) 2)
     (BinopExpr (BoolType) (FalseExpr (BoolType)) || (TrueExpr (BoolType)))
     (ArrayLoopExpr
      (ArrayType (IntType) 2)
      f
      (VarExpr (IntType) d)
      g
      (SumLoopExpr (IntType) f (VarExpr (IntType) d) (IntExpr (IntType) 517))
      (VarExpr (IntType) d))
     (ArrayLoopExpr
      (ArrayType (IntType) 2)
      f
      (BinopExpr (IntType) (VarExpr (IntType) argnum) * (VarExpr (IntType) d))
      g
      (VarExpr (IntType) argnum)
      (VarExpr (IntType) f)))
    (IntExpr (IntType) 198)
    (BinopExpr (IntType) (VarExpr (IntType) d) + (VarExpr (IntType) argnum)))
   (TupleIndexExpr
    (IntType)
    (TupleLiteralExpr (TupleType (IntType)) (IntExpr (IntType) 672))
    0)
   (BinopExpr
    (IntType)
    (BinopExpr
     (IntType)
     (UnopExpr (IntType) - (IntExpr (IntType) 11))
     %
     (VarExpr (IntType) argnum))
    +
    (TupleIndexExpr
     (IntType)
     (TupleLiteralExpr (TupleType (IntType)) (IntExpr (IntType) 723))
     0))))
 (LetStmt
  (TupleLValue (TupleLValue) (ArgLValue (VarArgument f)))
  (TupleIndexExpr
   (TupleType (TupleType) (IntType))
   (IfExpr
    (TupleType (FloatType) (TupleType (TupleType) (IntType)))
    (TrueExpr (BoolType))
    (TupleLiteralExpr
     (TupleType (FloatType) (TupleType (TupleType) (IntType)))
     (UnopExpr
      (FloatType)
      -
      (CallExpr (FloatType) log (VarExpr (FloatType) b)))
     (TupleLiteralExpr
      (TupleType (TupleType) (IntType))
      (TupleLiteralExpr (TupleType))
      (IntExpr (IntType) 838)))
    (TupleLiteralExpr
     (TupleType (FloatType) (TupleType (TupleType) (IntType)))
     (CallExpr
      (FloatType)
      sin
      (CallExpr (FloatType) sqrt (FloatExpr (FloatType) 60)))
     (TupleLiteralExpr
      (TupleType (TupleType) (IntType))
      (TupleLiteralExpr (TupleType))
      (IfExpr
       (IntType)
       (FalseExpr (BoolType))
       (VarExpr (IntType) argnum)
       (IntExpr (IntType) 15)))))
   1))
 (LetStmt (ArgLValue (VarArgument g)) (VarExpr (IntType) f))
 (ReturnStmt
  (ArrayIndexExpr
   (BoolType)
   (TupleIndexExpr
    (ArrayType (BoolType) 3)
    (IfExpr
     (TupleType (ArrayType (BoolType) 3))
     (BinopExpr
      (BoolType)
      (BinopExpr (IntType) (VarExpr (IntType) d) - (VarExpr (IntType) argnum))
      ==
      (CallExpr (IntType) to_int (VarExpr (FloatType) b)))
     (TupleLiteralExpr
      (TupleType (ArrayType (BoolType) 3))
      (ArrayLoopExpr
       (ArrayType (BoolType) 3)
       h
       (VarExpr (IntType) f)
       i
       (IntExpr (IntType) 514)
       j
       (VarExpr (IntType) d)
       (TrueExpr (BoolType))))
     (TupleLiteralExpr
      (TupleType (ArrayType (BoolType) 3))
      (ArrayLoopExpr
       (ArrayType (BoolType) 3)
       h
       (VarExpr (IntType) f)
       i
       (VarExpr (IntType) f)
       j
       (VarExpr (IntType) argnum)
       (TrueExpr (BoolType)))))
    0)
   (VarExpr (IntType) g)
   (BinopExpr
    (IntType)
    (IntExpr (IntType) 68)
    *
    (UnopExpr (IntType) - (VarExpr (IntType) g)))
   (VarExpr (IntType) d))))
(FnCmd
 b
 ((VarBinding (ArrayArgument c d e) (ArrayType (ArrayType (BoolType) 2) 2))
  (VarBinding (VarArgument f) (TupleType)))
 (ArrayType (BoolType) 3)
 (LetStmt
  (ArgLValue (ArrayArgument g h i))
  (ArrayIndexExpr
   (ArrayType (BoolType) 2)
   (VarExpr (ArrayType (ArrayType (BoolType) 2) 2) c)
   (SumLoopExpr
    (IntType)
    g
    (BinopExpr (IntType) (VarExpr (IntType) argnum) + (VarExpr (IntType) e))
    h
    (IntExpr (IntType) 927)
    (BinopExpr
     (IntType)
     (ArrayIndexExpr
      (IntType)
      (ArrayLoopExpr
       (ArrayType (IntType) 2)
       i
       (VarExpr (IntType) d)
       j
       (VarExpr (IntType) d)
       (VarExpr (IntType) g))
      (VarExpr (IntType) h)
      (SumLoopExpr
       (IntType)
       i
       (VarExpr (IntType) argnum)
       j
       (VarExpr (IntType) e)
       (VarExpr (IntType) argnum)))
     -
     (UnopExpr (IntType) - (VarExpr (IntType) d))))
   (BinopExpr
    (IntType)
    (TupleIndexExpr
     (IntType)
     (TupleLiteralExpr
      (TupleType (IntType))
      (UnopExpr (IntType) - (VarExpr (IntType) d)))
     0)
    %
    (CallExpr
     (IntType)
     to_int
     (BinopExpr
      (FloatType)
      (CallExpr (FloatType) log (FloatExpr (FloatType) 75))
      *
      (CallExpr (FloatType) log (FloatExpr (FloatType) 69)))))))
 (LetStmt
  (ArgLValue (VarArgument j))
  (TupleLiteralExpr
   (TupleType (ArrayType (IntType) 1) (ArrayType (BoolType) 3) (FloatType))
   (ArrayLiteralExpr (ArrayType (IntType) 1) (IntExpr (IntType) 705))
   (CallExpr
    (ArrayType (BoolType) 3)
    b
    (IfExpr
     (ArrayType (ArrayType (BoolType) 2) 2)
     (BinopExpr
      (BoolType)
      (CallExpr (FloatType) asin (FloatExpr (FloatType) 7))
      !=
      (CallExpr (FloatType) exp (FloatExpr (FloatType) 15)))
     (ArrayIndexExpr
      (ArrayType (ArrayType (BoolType) 2) 2)
      (ArrayLoopExpr
       (ArrayType (ArrayType (ArrayType (BoolType) 2) 2) 3)
       j
       (IntExpr (IntType) 74)
       k
       (VarExpr (IntType) h)
       l
       (VarExpr (IntType) e)
       (VarExpr (ArrayType (ArrayType (BoolType) 2) 2) c))
      (VarExpr (IntType) i)
      (VarExpr (IntType) h)
      (SumLoopExpr
       (IntType)
       j
       (VarExpr (IntType) argnum)
       k
       (VarExpr (IntType) i)
       l
       (VarExpr (IntType) e)
       (IntExpr (IntType) 376)))
     (ArrayIndexExpr
      (ArrayType (ArrayType (BoolType) 2) 2)
      (ArrayLoopExpr
       (ArrayType (ArrayType (ArrayType (BoolType) 2) 2) 1)
       j
       (VarExpr (IntType) argnum)
       (VarExpr (ArrayType (ArrayType (BoolType) 2) 2) c))
      (VarExpr (IntType) i)))
    (ArrayIndexExpr
     (TupleType)
     (ArrayLoopExpr
      (ArrayType (TupleType) 3)
      j
      (BinopExpr (IntType) (VarExpr (IntType) e) + (VarExpr (IntType) i))
      k
      (CallExpr (IntType) to_int (FloatExpr (FloatType) 67))
      l
      (SumLoopExpr
       (IntType)
       j
       (VarExpr (IntType) argnum)
       k
       (VarExpr (IntType) h)
       l
       (VarExpr (IntType) d)
       (IntExpr (IntType) 24))
      (TupleLiteralExpr (TupleType)))
     (VarExpr (IntType) argnum)
     (VarExpr (IntType) argnum)
     (IntExpr (IntType) 636)))
   (CallExpr
    (FloatType)
    atan2
    (CallExpr (FloatType) cos (FloatExpr (FloatType) 55))
    (TupleIndexExpr
     (FloatType)
     (IfExpr
      (TupleType (FloatType))
      (UnopExpr (BoolType) ! (TrueExpr (BoolType)))
      (TupleLiteralExpr (TupleType (FloatType)) (FloatExpr (FloatType) 9))
      (TupleLiteralExpr (TupleType (FloatType)) (FloatExpr (FloatType) 36)))
     0))))
 (LetStmt
  (ArgLValue (VarArgument k))
  (VarExpr
   (TupleType (ArrayType (IntType) 1) (ArrayType (BoolType) 3) (FloatType))
   j))
 (AssertStmt
  (ArrayIndexExpr
   (BoolType)
   (TupleIndexExpr
    (ArrayType (BoolType) 3)
    (TupleLiteralExpr
     (TupleType
      (TupleType (ArrayType (IntType) 1) (ArrayType (BoolType) 3) (FloatType))
      (ArrayType (BoolType) 3))
     (VarExpr
      (TupleType (ArrayType (IntType) 1) (ArrayType (BoolType) 3) (FloatType))
      j)
     (ArrayLoopExpr
      (ArrayType (BoolType) 3)
      l
      (BinopExpr (IntType) (IntExpr (IntType) 984) % (VarExpr (IntType) d))
      m
      (IntExpr (IntType) 194)
      n
      (VarExpr (IntType) e)
      (BinopExpr (BoolType) (TrueExpr (BoolType)) || (FalseExpr (BoolType)))))
    1)
   (BinopExpr
    (IntType)
    (VarExpr (IntType) d)
    *
    (TupleIndexExpr
     (IntType)
     (TupleLiteralExpr
      (TupleType (IntType) (FloatType) (IntType))
      (VarExpr (IntType) e)
      (CallExpr
       (FloatType)
       atan2
       (FloatExpr (FloatType) 8)
       (FloatExpr (FloatType) 43))
      (UnopExpr (IntType) - (VarExpr (IntType) argnum)))
     2))
   (ArrayIndexExpr
    (IntType)
    (ArrayLoopExpr
     (ArrayType (IntType) 2)
     l
     (CallExpr
      (IntType)
      to_int
      (BinopExpr
       (FloatType)
       (FloatExpr (FloatType) 77)
       *
       (FloatExpr (FloatType) 90)))
     m
     (VarExpr (IntType) d)
     (IfExpr
      (IntType)
      (BinopExpr
       (BoolType)
       (FloatExpr (FloatType) 55)
       >=
       (FloatExpr (FloatType) 0))
      (SumLoopExpr
       (IntType)
       n
       (VarExpr (IntType) e)
       o
       (VarExpr (IntType) d)
       (VarExpr (IntType) i))
      (VarExpr (IntType) e)))
    (UnopExpr (IntType) - (VarExpr (IntType) argnum))
    (VarExpr (IntType) e))
   (ArrayIndexExpr
    (IntType)
    (TupleIndexExpr
     (ArrayType (IntType) 2)
     (TupleLiteralExpr
      (TupleType (ArrayType (IntType) 2) (FloatType))
      (ArrayLoopExpr
       (ArrayType (IntType) 2)
       l
       (VarExpr (IntType) e)
       m
       (VarExpr (IntType) d)
       (VarExpr (IntType) e))
      (CallExpr (FloatType) cos (FloatExpr (FloatType) 30)))
     0)
    (VarExpr (IntType) d)
    (VarExpr (IntType) argnum)))
  "l")
 (ReturnStmt
  (CallExpr
   (ArrayType (BoolType) 3)
   b
   (VarExpr (ArrayType (ArrayType (BoolType) 2) 2) c)
   (ArrayIndexExpr
    (TupleType)
    (IfExpr
     (ArrayType (TupleType) 2)
     (BinopExpr (BoolType) (VarExpr (IntType) argnum) >= (VarExpr (IntType) d))
     (ArrayLoopExpr
      (ArrayType (TupleType) 2)
      l
      (VarExpr (IntType) h)
      m
      (VarExpr (IntType) h)
      (VarExpr (TupleType) f))
     (IfExpr
      (ArrayType (TupleType) 2)
      (UnopExpr (BoolType) ! (FalseExpr (BoolType)))
      (ArrayLoopExpr
       (ArrayType (TupleType) 2)
       l
       (VarExpr (IntType) e)
       m
       (VarExpr (IntType) i)
       (TupleLiteralExpr (TupleType)))
      (ArrayLoopExpr
       (ArrayType (TupleType) 2)
       l
       (VarExpr (IntType) d)
       m
       (VarExpr (IntType) argnum)
       (VarExpr (TupleType) f))))
    (TupleIndexExpr
     (IntType)
     (TupleLiteralExpr
      (TupleType
       (TupleType (ArrayType (IntType) 1) (ArrayType (BoolType) 3) (FloatType))
       (IntType))
      (VarExpr
       (TupleType (ArrayType (IntType) 1) (ArrayType (BoolType) 3) (FloatType))
       j)
      (VarExpr (IntType) d))
     1)
    (VarExpr (IntType) i)))))
(FnCmd
 c
 ()
 (BoolType)
 (LetStmt
  (ArgLValue (ArrayArgument d e f))
  (ArrayLoopExpr
   (ArrayType (BoolType) 2)
   d
   (UnopExpr
    (IntType)
    -
    (IfExpr
     (IntType)
     (IfExpr
      (BoolType)
      (TrueExpr (BoolType))
      (FalseExpr (BoolType))
      (UnopExpr (BoolType) ! (CallExpr (BoolType) c)))
     (IntExpr (IntType) 327)
     (TupleIndexExpr
      (IntType)
      (TupleLiteralExpr
       (TupleType (IntType) (IntType) (IntType))
       (IntExpr (IntType) 797)
       (VarExpr (IntType) argnum)
       (VarExpr (IntType) argnum))
      0)))
   e
   (VarExpr (IntType) argnum)
   (BinopExpr
    (BoolType)
    (CallExpr
     (FloatType)
     acos
     (CallExpr (FloatType) atan (FloatExpr (FloatType) 47)))
    >
    (CallExpr
     (FloatType)
     to_float
     (CallExpr
      (IntType)
      to_int
      (CallExpr (FloatType) acos (FloatExpr (FloatType) 17)))))))
 (LetStmt
  (ArgLValue (ArrayArgument g h i j))
  (TupleIndexExpr
   (ArrayType (IntType) 3)
   (ArrayIndexExpr
    (TupleType (FloatType) (ArrayType (IntType) 3) (ArrayType (IntType) 3))
    (ArrayLoopExpr
     (ArrayType
      (TupleType (FloatType) (ArrayType (IntType) 3) (ArrayType (IntType) 3))
      2)
     g
     (VarExpr (IntType) f)
     h
     (IntExpr (IntType) 915)
     (TupleLiteralExpr
      (TupleType (FloatType) (ArrayType (IntType) 3) (ArrayType (IntType) 3))
      (CallExpr (FloatType) sin (FloatExpr (FloatType) 57))
      (ArrayLoopExpr
       (ArrayType (IntType) 3)
       i
       (VarExpr (IntType) h)
       j
       (IntExpr (IntType) 307)
       k
       (VarExpr (IntType) h)
       (VarExpr (IntType) g))
      (ArrayLoopExpr
       (ArrayType (IntType) 3)
       i
       (VarExpr (IntType) f)
       j
       (VarExpr (IntType) g)
       k
       (VarExpr (IntType) g)
       (VarExpr (IntType) argnum))))
    (SumLoopExpr
     (IntType)
     g
     (ArrayIndexExpr
      (IntType)
      (ArrayLoopExpr
       (ArrayType (IntType) 3)
       g
       (VarExpr (IntType) argnum)
       h
       (VarExpr (IntType) f)
       i
       (VarExpr (IntType) argnum)
       (VarExpr (IntType) g))
      (IfExpr
       (IntType)
       (FalseExpr (BoolType))
       (VarExpr (IntType) f)
       (IntExpr (IntType) 844))
      (VarExpr (IntType) f)
      (VarExpr (IntType) e))
     h
     (SumLoopExpr
      (IntType)
      g
      (SumLoopExpr
       (IntType)
       g
       (VarExpr (IntType) e)
       h
       (VarExpr (IntType) e)
       i
       (IntExpr (IntType) 182)
       (VarExpr (IntType) h))
      (UnopExpr (IntType) - (VarExpr (IntType) g)))
     (VarExpr (IntType) e))
    (ArrayIndexExpr
     (IntType)
     (ArrayLoopExpr
      (ArrayType (IntType) 3)
      g
      (VarExpr (IntType) argnum)
      h
      (VarExpr (IntType) e)
      i
      (BinopExpr
       (IntType)
       (IntExpr (IntType) 296)
       -
       (VarExpr (IntType) argnum))
      (VarExpr (IntType) argnum))
     (SumLoopExpr
      (IntType)
      g
      (BinopExpr (IntType) (VarExpr (IntType) f) * (VarExpr (IntType) f))
      h
      (SumLoopExpr (IntType) g (VarExpr (IntType) f) (VarExpr (IntType) f))
      (UnopExpr (IntType) - (VarExpr (IntType) e)))
     (SumLoopExpr
      (IntType)
      g
      (VarExpr (IntType) e)
      h
      (VarExpr (IntType) argnum)
      (VarExpr (IntType) g))
     (ArrayIndexExpr
      (IntType)
      (ArrayLoopExpr
       (ArrayType (IntType) 2)
       g
       (VarExpr (IntType) f)
       h
       (VarExpr (IntType) argnum)
       (VarExpr (IntType) argnum))
      (IntExpr (IntType) 32)
      (UnopExpr (IntType) - (VarExpr (IntType) e)))))
   2))
 (LetStmt (ArgLValue (VarArgument k)) (VarExpr (IntType) argnum))
 (LetStmt
  (ArgLValue (ArrayArgument l m))
  (IfExpr
   (ArrayType (IntType) 1)
   (BinopExpr
    (BoolType)
    (TupleIndexExpr
     (BoolType)
     (TupleLiteralExpr
      (TupleType (BoolType))
      (ArrayIndexExpr
       (BoolType)
       (VarExpr (ArrayType (BoolType) 2) d)
       (VarExpr (IntType) k)
       (VarExpr (IntType) h)))
     0)
    ||
    (UnopExpr
     (BoolType)
     !
     (BinopExpr
      (BoolType)
      (IfExpr
       (BoolType)
       (TrueExpr (BoolType))
       (CallExpr (BoolType) c)
       (TrueExpr (BoolType)))
      ||
      (FalseExpr (BoolType)))))
   (TupleIndexExpr
    (ArrayType (IntType) 1)
    (TupleIndexExpr
     (TupleType (ArrayType (IntType) 1) (IntType))
     (TupleLiteralExpr
      (TupleType (FloatType) (TupleType (ArrayType (IntType) 1) (IntType)))
      (CallExpr (FloatType) to_float (VarExpr (IntType) argnum))
      (TupleLiteralExpr
       (TupleType (ArrayType (IntType) 1) (IntType))
       (VarExpr (ArrayType (IntType) 1) args)
       (VarExpr (IntType) argnum)))
     1)
    0)
   (TupleIndexExpr
    (ArrayType (IntType) 1)
    (IfExpr
     (TupleType (IntType) (ArrayType (IntType) 1))
     (BinopExpr (BoolType) (CallExpr (BoolType) c) || (CallExpr (BoolType) c))
     (IfExpr
      (TupleType (IntType) (ArrayType (IntType) 1))
      (FalseExpr (BoolType))
      (TupleLiteralExpr
       (TupleType (IntType) (ArrayType (IntType) 1))
       (VarExpr (IntType) i)
       (VarExpr (ArrayType (IntType) 1) args))
      (TupleLiteralExpr
       (TupleType (IntType) (ArrayType (IntType) 1))
       (VarExpr (IntType) k)
       (VarExpr (ArrayType (IntType) 1) args)))
     (TupleLiteralExpr
      (TupleType (IntType) (ArrayType (IntType) 1))
      (VarExpr (IntType) argnum)
      (VarExpr (ArrayType (IntType) 1) args)))
    1)))
 (ReturnStmt
  (BinopExpr
   (BoolType)
   (IfExpr
    (BoolType)
    (TrueExpr (BoolType))
    (BinopExpr
     (BoolType)
     (BinopExpr (BoolType) (VarExpr (IntType) m) <= (VarExpr (IntType) k))
     ||
     (CallExpr (BoolType) c))
    (CallExpr (BoolType) c))
   !=
   (BinopExpr
    (BoolType)
    (BinopExpr
     (BoolType)
     (CallExpr
      (FloatType)
      atan
      (CallExpr (FloatType) cos (FloatExpr (FloatType) 2)))
     >
     (FloatExpr (FloatType) 90))
    ==
    (CallExpr (BoolType) c)))))
(LetCmd
 (ArgLValue (ArrayArgument d e f g))
 (CallExpr
  (ArrayType (BoolType) 3)
  b
  (IfExpr
   (ArrayType (ArrayType (BoolType) 2) 2)
   (IfExpr
    (BoolType)
    (CallExpr (BoolType) c)
    (TupleIndexExpr
     (BoolType)
     (TupleLiteralExpr (TupleType (BoolType)) (TrueExpr (BoolType)))
     0)
    (BinopExpr
     (BoolType)
     (UnopExpr (BoolType) ! (CallExpr (BoolType) c))
     &&
     (UnopExpr (BoolType) ! (CallExpr (BoolType) c))))
   (IfExpr
    (ArrayType (ArrayType (BoolType) 2) 2)
    (IfExpr
     (BoolType)
     (BinopExpr (BoolType) (CallExpr (BoolType) c) || (TrueExpr (BoolType)))
     (CallExpr (BoolType) c)
     (CallExpr (BoolType) c))
    (ArrayLoopExpr
     (ArrayType (ArrayType (BoolType) 2) 2)
     d
     (VarExpr (IntType) argnum)
     e
     (BinopExpr (IntType) (IntExpr (IntType) 323) + (VarExpr (IntType) argnum))
     (ArrayLoopExpr
      (ArrayType (BoolType) 2)
      f
      (IntExpr (IntType) 654)
      g
      (IntExpr (IntType) 451)
      (FalseExpr (BoolType))))
    (ArrayLoopExpr
     (ArrayType (ArrayType (BoolType) 2) 2)
     d
     (VarExpr (IntType) argnum)
     e
     (IntExpr (IntType) 52)
     (ArrayLoopExpr
      (ArrayType (BoolType) 2)
      f
      (VarExpr (IntType) argnum)
      g
      (VarExpr (IntType) d)
      (CallExpr (BoolType) c))))
   (ArrayLoopExpr
    (ArrayType (ArrayType (BoolType) 2) 2)
    d
    (TupleIndexExpr
     (IntType)
     (TupleLiteralExpr
      (TupleType (BoolType) (BoolType) (IntType))
      (CallExpr (BoolType) c)
      (FalseExpr (BoolType))
      (VarExpr (IntType) argnum))
     2)
    e
    (UnopExpr (IntType) - (IntExpr (IntType) 621))
    (IfExpr
     (ArrayType (BoolType) 2)
     (TrueExpr (BoolType))
     (ArrayLoopExpr
      (ArrayType (BoolType) 2)
      f
      (VarExpr (IntType) argnum)
      g
      (IntExpr (IntType) 113)
      (CallExpr (BoolType) c))
     (ArrayLoopExpr
      (ArrayType (BoolType) 2)
      f
      (IntExpr (IntType) 964)
      g
      (VarExpr (IntType) e)
      (CallExpr (BoolType) c)))))
  (TupleIndexExpr
   (TupleType)
   (TupleLiteralExpr
    (TupleType (TupleType))
    (IfExpr
     (TupleType)
     (UnopExpr (BoolType) ! (CallExpr (BoolType) c))
     (TupleLiteralExpr (TupleType))
     (TupleLiteralExpr (TupleType))))
   0)))
(FnCmd
 h
 ((VarBinding (ArrayArgument i j k) (ArrayType (FloatType) 2))
  (VarBinding (VarArgument l) (BoolType))
  (VarBinding
   (ArrayArgument m n o)
   (ArrayType (TupleType (BoolType) (FloatType)) 2)))
 (IntType)
 (AssertStmt
  (ArrayIndexExpr
   (BoolType)
   (IfExpr
    (ArrayType (BoolType) 2)
    (TupleIndexExpr
     (BoolType)
     (TupleLiteralExpr
      (TupleType (FloatType) (BoolType))
      (UnopExpr (FloatType) - (FloatExpr (FloatType) 78))
      (VarExpr (BoolType) l))
     1)
    (TupleIndexExpr
     (ArrayType (BoolType) 2)
     (TupleLiteralExpr
      (TupleType (IntType) (ArrayType (BoolType) 2))
      (VarExpr (IntType) g)
      (ArrayLoopExpr
       (ArrayType (BoolType) 2)
       p
       (VarExpr (IntType) n)
       q
       (VarExpr (IntType) k)
       (VarExpr (BoolType) l)))
     1)
    (TupleIndexExpr
     (ArrayType (BoolType) 2)
     (TupleLiteralExpr
      (TupleType (BoolType) (BoolType) (ArrayType (BoolType) 2))
      (UnopExpr (BoolType) ! (CallExpr (BoolType) c))
      (ArrayIndexExpr
       (BoolType)
       (VarExpr (ArrayType (BoolType) 3) d)
       (VarExpr (IntType) o)
       (VarExpr (IntType) j)
       (VarExpr (IntType) g))
      (ArrayLoopExpr
       (ArrayType (BoolType) 2)
       p
       (VarExpr (IntType) e)
       q
       (VarExpr (IntType) o)
       (CallExpr (BoolType) c)))
     2))
   (VarExpr (IntType) g)
   (VarExpr (IntType) o))
  "p")
 (LetStmt
  (ArgLValue (ArrayArgument p q))
  (ArrayLiteralExpr
   (ArrayType (FloatType) 1)
   (FloatExpr (FloatType) 25)
   (CallExpr
    (FloatType)
    tan
    (CallExpr
     (FloatType)
     acos
     (CallExpr
      (FloatType)
      sqrt
      (CallExpr (FloatType) to_float (VarExpr (IntType) j)))))))
 (LetStmt
  (ArgLValue (ArrayArgument r s t u))
  (TupleIndexExpr
   (ArrayType (BoolType) 3)
   (TupleLiteralExpr
    (TupleType (ArrayType (BoolType) 3) (FloatType))
    (VarExpr (ArrayType (BoolType) 3) d)
    (CallExpr
     (FloatType)
     tan
     (CallExpr
      (FloatType)
      log
      (CallExpr (FloatType) to_float (VarExpr (IntType) k)))))
   0))
 (LetStmt (ArgLValue (VarArgument v)) (VarExpr (IntType) u))
 (ReturnStmt
  (IfExpr
   (IntType)
   (BinopExpr
    (BoolType)
    (TupleIndexExpr
     (FloatType)
     (TupleLiteralExpr
      (TupleType (FloatType) (FloatType) (IntType))
      (CallExpr (FloatType) asin (FloatExpr (FloatType) 52))
      (CallExpr (FloatType) to_float (VarExpr (IntType) o))
      (VarExpr (IntType) k))
     1)
    <
    (BinopExpr
     (FloatType)
     (CallExpr
      (FloatType)
      asin
      (CallExpr (FloatType) sin (FloatExpr (FloatType) 36)))
     %
     (IfExpr
      (FloatType)
      (FalseExpr (BoolType))
      (FloatExpr (FloatType) 76)
      (CallExpr (FloatType) to_float (VarExpr (IntType) f)))))
   (VarExpr (IntType) g)
   (VarExpr (IntType) v))))
(LetCmd
 (TupleLValue
  (ArgLValue (VarArgument i))
  (ArgLValue (VarArgument j))
  (ArgLValue (ArrayArgument k l m)))
 (TupleIndexExpr
  (TupleType (ArrayType (BoolType) 3) (BoolType) (ArrayType (IntType) 2))
  (TupleLiteralExpr
   (TupleType
    (TupleType (ArrayType (BoolType) 3) (BoolType) (ArrayType (IntType) 2))
    (FloatType)
    (IntType))
   (TupleLiteralExpr
    (TupleType (ArrayType (BoolType) 3) (BoolType) (ArrayType (IntType) 2))
    (VarExpr (ArrayType (BoolType) 3) d)
    (BinopExpr
     (BoolType)
     (BinopExpr (IntType) (VarExpr (IntType) f) % (VarExpr (IntType) f))
     >=
     (VarExpr (IntType) f))
    (ArrayLoopExpr
     (ArrayType (IntType) 2)
     i
     (VarExpr (IntType) g)
     j
     (VarExpr (IntType) e)
     (VarExpr (IntType) g)))
   (CallExpr
    (FloatType)
    exp
    (CallExpr (FloatType) sqrt (FloatExpr (FloatType) 56)))
   (VarExpr (IntType) argnum))
  0))
(FnCmd
 n
 ((VarBinding (ArrayArgument o p q) (ArrayType (TupleType (FloatType)) 2)))
 (TupleType (IntType) (ArrayType (TupleType) 3) (ArrayType (TupleType) 1))
 (LetStmt
  (TupleLValue (TupleLValue) (ArgLValue (VarArgument r)))
  (ArrayIndexExpr
   (TupleType (TupleType) (BoolType))
   (ArrayIndexExpr
    (ArrayType (TupleType (TupleType) (BoolType)) 3)
    (ArrayLoopExpr
     (ArrayType (ArrayType (TupleType (TupleType) (BoolType)) 3) 3)
     r
     (BinopExpr
      (IntType)
      (VarExpr (IntType) e)
      *
      (IfExpr
       (IntType)
       (CallExpr (BoolType) c)
       (IntExpr (IntType) 633)
       (VarExpr (IntType) q)))
     s
     (VarExpr (IntType) l)
     t
     (BinopExpr (IntType) (VarExpr (IntType) p) % (VarExpr (IntType) p))
     (ArrayLoopExpr
      (ArrayType (TupleType (TupleType) (BoolType)) 3)
      u
      (VarExpr (IntType) l)
      v
      (SumLoopExpr (IntType) u (IntExpr (IntType) 767) (VarExpr (IntType) s))
      w
      (VarExpr (IntType) r)
      (TupleLiteralExpr
       (TupleType (TupleType) (BoolType))
       (TupleLiteralExpr (TupleType))
       (VarExpr (BoolType) j))))
    (ArrayIndexExpr
     (IntType)
     (IfExpr
      (ArrayType (IntType) 2)
      (TrueExpr (BoolType))
      (IfExpr
       (ArrayType (IntType) 2)
       (VarExpr (BoolType) j)
       (VarExpr (ArrayType (IntType) 2) k)
       (VarExpr (ArrayType (IntType) 2) k))
      (ArrayLoopExpr
       (ArrayType (IntType) 2)
       r
       (VarExpr (IntType) l)
       s
       (VarExpr (IntType) e)
       (VarExpr (IntType) s)))
     (BinopExpr
      (IntType)
      (IfExpr
       (IntType)
       (CallExpr (BoolType) c)
       (VarExpr (IntType) e)
       (VarExpr (IntType) p))
      /
      (VarExpr (IntType) l))
     (ArrayIndexExpr
      (IntType)
      (VarExpr (ArrayType (IntType) 2) k)
      (VarExpr (IntType) m)
      (VarExpr (IntType) m)))
    (IfExpr
     (IntType)
     (IfExpr
      (BoolType)
      (BinopExpr (BoolType) (VarExpr (IntType) f) > (VarExpr (IntType) f))
      (CallExpr (BoolType) c)
      (UnopExpr (BoolType) ! (VarExpr (BoolType) j)))
     (VarExpr (IntType) g)
     (VarExpr (IntType) argnum))
    (IfExpr
     (IntType)
     (IfExpr
      (BoolType)
      (VarExpr (BoolType) j)
      (VarExpr (BoolType) j)
      (FalseExpr (BoolType)))
     (VarExpr (IntType) e)
     (CallExpr
      (IntType)
      to_int
      (CallExpr (FloatType) exp (FloatExpr (FloatType) 48)))))
   (IntExpr (IntType) 116)
   (CallExpr
    (IntType)
    h
    (ArrayLoopExpr
     (ArrayType (FloatType) 2)
     r
     (BinopExpr
      (IntType)
      (IfExpr
       (IntType)
       (VarExpr (BoolType) j)
       (VarExpr (IntType) e)
       (VarExpr (IntType) f))
      +
      (IntExpr (IntType) 983))
     s
     (IntExpr (IntType) 322)
     (CallExpr (FloatType) to_float (VarExpr (IntType) e)))
    (UnopExpr (BoolType) ! (CallExpr (BoolType) c))
    (ArrayLoopExpr
     (ArrayType (TupleType (BoolType) (FloatType)) 2)
     r
     (UnopExpr (IntType) - (VarExpr (IntType) e))
     s
     (ArrayIndexExpr
      (IntType)
      (VarExpr (ArrayType (IntType) 2) k)
      (IntExpr (IntType) 728)
      (IfExpr
       (IntType)
       (VarExpr (BoolType) j)
       (VarExpr (IntType) g)
       (VarExpr (IntType) q)))
     (TupleLiteralExpr
      (TupleType (BoolType) (FloatType))
      (FalseExpr (BoolType))
      (CallExpr (FloatType) atan (FloatExpr (FloatType) 19)))))
   (VarExpr (IntType) l)))
 (LetStmt
  (ArgLValue (ArrayArgument s t u))
  (TupleIndexExpr
   (ArrayType (TupleType (FloatType)) 2)
   (TupleIndexExpr
    (TupleType (ArrayType (TupleType (FloatType)) 2) (IntType))
    (TupleLiteralExpr
     (TupleType
      (TupleType (ArrayType (TupleType (FloatType)) 2) (IntType))
      (IntType)
      (ArrayType (BoolType) 3))
     (IfExpr
      (TupleType (ArrayType (TupleType (FloatType)) 2) (IntType))
      (BinopExpr (BoolType) (VarExpr (IntType) p) != (VarExpr (IntType) f))
      (TupleLiteralExpr
       (TupleType (ArrayType (TupleType (FloatType)) 2) (IntType))
       (VarExpr (ArrayType (TupleType (FloatType)) 2) o)
       (VarExpr (IntType) f))
      (TupleLiteralExpr
       (TupleType (ArrayType (TupleType (FloatType)) 2) (IntType))
       (VarExpr (ArrayType (TupleType (FloatType)) 2) o)
       (VarExpr (IntType) g)))
     (IntExpr (IntType) 499)
     (TupleIndexExpr
      (ArrayType (BoolType) 3)
      (TupleLiteralExpr
       (TupleType (ArrayType (BoolType) 3))
       (VarExpr (ArrayType (BoolType) 3) d))
      0))
    0)
   0))
 (ReturnStmt
  (TupleIndexExpr
   (TupleType (IntType) (ArrayType (TupleType) 3) (ArrayType (TupleType) 1))
   (TupleLiteralExpr
    (TupleType
     (FloatType)
     (TupleType (IntType) (ArrayType (TupleType) 3) (ArrayType (TupleType) 1)))
    (CallExpr
     (FloatType)
     cos
     (CallExpr (FloatType) sqrt (FloatExpr (FloatType) 91)))
    (TupleIndexExpr
     (TupleType (IntType) (ArrayType (TupleType) 3) (ArrayType (TupleType) 1))
     (TupleLiteralExpr
      (TupleType
       (TupleType
        (IntType)
        (ArrayType (TupleType) 3)
        (ArrayType (TupleType) 1)))
      (CallExpr
       (TupleType
        (IntType)
        (ArrayType (TupleType) 3)
        (ArrayType (TupleType) 1))
       n
       (VarExpr (ArrayType (TupleType (FloatType)) 2) o)))
     0))
   1))
 (LetStmt
  (ArgLValue (ArrayArgument v w))
  (VarExpr (ArrayType (IntType) 1) args))
 (ReturnStmt
  (ArrayIndexExpr
   (TupleType (IntType) (ArrayType (TupleType) 3) (ArrayType (TupleType) 1))
   (TupleIndexExpr
    (ArrayType
     (TupleType (IntType) (ArrayType (TupleType) 3) (ArrayType (TupleType) 1))
     2)
    (TupleLiteralExpr
     (TupleType
      (FloatType)
      (ArrayType
       (TupleType
        (IntType)
        (ArrayType (TupleType) 3)
        (ArrayType (TupleType) 1))
       2))
     (FloatExpr (FloatType) 86)
     (ArrayLoopExpr
      (ArrayType
       (TupleType
        (IntType)
        (ArrayType (TupleType) 3)
        (ArrayType (TupleType) 1))
       2)
      x
      (VarExpr (IntType) p)
      y
      (SumLoopExpr (IntType) x (IntExpr (IntType) 470) (VarExpr (IntType) u))
      (CallExpr
       (TupleType
        (IntType)
        (ArrayType (TupleType) 3)
        (ArrayType (TupleType) 1))
       n
       (VarExpr (ArrayType (TupleType (FloatType)) 2) s))))
    1)
   (VarExpr (IntType) t)
   (SumLoopExpr
    (IntType)
    x
    (CallExpr
     (IntType)
     to_int
     (BinopExpr
      (FloatType)
      (CallExpr (FloatType) tan (FloatExpr (FloatType) 51))
      +
      (CallExpr (FloatType) acos (FloatExpr (FloatType) 28))))
    (VarExpr (IntType) q)))))
(LetCmd (ArgLValue (ArrayArgument o p q)) (VarExpr (ArrayType (IntType) 2) k))
(FnCmd
 r
 ()
 (TupleType)
 (LetStmt
  (ArgLValue (ArrayArgument s t u))
  (VarExpr (ArrayType (IntType) 2) o))
 (LetStmt
  (TupleLValue (ArgLValue (VarArgument v)))
  (ArrayIndexExpr
   (TupleType (TupleType (ArrayType (FloatType) 1) (IntType)))
   (ArrayLoopExpr
    (ArrayType (TupleType (TupleType (ArrayType (FloatType) 1) (IntType))) 3)
    v
    (VarExpr (IntType) argnum)
    w
    (VarExpr (IntType) g)
    x
    (VarExpr (IntType) f)
    (TupleLiteralExpr
     (TupleType (TupleType (ArrayType (FloatType) 1) (IntType)))
     (TupleLiteralExpr
      (TupleType (ArrayType (FloatType) 1) (IntType))
      (ArrayLiteralExpr (ArrayType (FloatType) 1) (FloatExpr (FloatType) 62))
      (VarExpr (IntType) l))))
   (VarExpr (IntType) u)
   (SumLoopExpr
    (IntType)
    v
    (CallExpr
     (IntType)
     to_int
     (CallExpr (FloatType) acos (FloatExpr (FloatType) 98)))
    (BinopExpr
     (IntType)
     (ArrayIndexExpr
      (IntType)
      (VarExpr (ArrayType (IntType) 2) s)
      (IfExpr
       (IntType)
       (VarExpr (BoolType) j)
       (VarExpr (IntType) p)
       (VarExpr (IntType) t))
      (VarExpr (IntType) p))
     /
     (BinopExpr (IntType) (VarExpr (IntType) m) * (VarExpr (IntType) q))))
   (TupleIndexExpr
    (IntType)
    (TupleLiteralExpr
     (TupleType (IntType) (IntType))
     (VarExpr (IntType) l)
     (VarExpr (IntType) p))
    1)))
 (ReturnStmt
  (IfExpr
   (TupleType)
   (IfExpr
    (BoolType)
    (TrueExpr (BoolType))
    (CallExpr (BoolType) c)
    (ArrayIndexExpr
     (BoolType)
     (TupleIndexExpr
      (ArrayType (BoolType) 3)
      (TupleLiteralExpr
       (TupleType (ArrayType (BoolType) 3))
       (VarExpr (ArrayType (BoolType) 3) d))
      0)
     (IntExpr (IntType) 304)
     (VarExpr (IntType) q)
     (VarExpr (IntType) argnum)))
   (TupleIndexExpr
    (TupleType)
    (TupleLiteralExpr
     (TupleType (TupleType) (ArrayType (IntType) 2))
     (CallExpr (TupleType) r)
     (VarExpr (ArrayType (IntType) 2) k))
    0)
   (ArrayIndexExpr
    (TupleType)
    (ArrayLoopExpr
     (ArrayType (TupleType) 1)
     w
     (VarExpr (IntType) argnum)
     (ArrayIndexExpr
      (TupleType)
      (ArrayLoopExpr
       (ArrayType (TupleType) 3)
       x
       (VarExpr (IntType) argnum)
       y
       (VarExpr (IntType) p)
       z
       (VarExpr (IntType) argnum)
       (TupleLiteralExpr (TupleType)))
      (IntExpr (IntType) 740)
      (VarExpr (IntType) q)
      (VarExpr (IntType) f)))
    (TupleIndexExpr
     (IntType)
     (IfExpr
      (TupleType (ArrayType (FloatType) 1) (IntType))
      (UnopExpr (BoolType) ! (FalseExpr (BoolType)))
      (IfExpr
       (TupleType (ArrayType (FloatType) 1) (IntType))
       (TrueExpr (BoolType))
       (VarExpr (TupleType (ArrayType (FloatType) 1) (IntType)) v)
       (VarExpr (TupleType (ArrayType (FloatType) 1) (IntType)) v))
      (VarExpr (TupleType (ArrayType (FloatType) 1) (IntType)) v))
     1))))
 (LetStmt
  (ArgLValue (VarArgument w))
  (CallExpr
   (ArrayType (BoolType) 3)
   b
   (ArrayIndexExpr
    (ArrayType (ArrayType (BoolType) 2) 2)
    (ArrayLoopExpr
     (ArrayType (ArrayType (ArrayType (BoolType) 2) 2) 2)
     w
     (VarExpr (IntType) t)
     x
     (VarExpr (IntType) m)
     (ArrayLoopExpr
      (ArrayType (ArrayType (BoolType) 2) 2)
      y
      (BinopExpr (IntType) (VarExpr (IntType) w) % (VarExpr (IntType) t))
      z
      (VarExpr (IntType) t)
      (ArrayLoopExpr
       (ArrayType (BoolType) 2)
       A
       (VarExpr (IntType) u)
       B
       (VarExpr (IntType) e)
       (VarExpr (BoolType) j))))
    (IfExpr
     (IntType)
     (TrueExpr (BoolType))
     (VarExpr (IntType) q)
     (VarExpr (IntType) p))
    (VarExpr (IntType) t))
   (TupleIndexExpr
    (TupleType)
    (TupleIndexExpr
     (TupleType (TupleType))
     (TupleLiteralExpr
      (TupleType
       (TupleType (TupleType))
       (ArrayType (BoolType) 3)
       (TupleType (ArrayType (FloatType) 1) (IntType)))
      (TupleLiteralExpr (TupleType (TupleType)) (TupleLiteralExpr (TupleType)))
      (VarExpr (ArrayType (BoolType) 3) i)
      (VarExpr (TupleType (ArrayType (FloatType) 1) (IntType)) v))
     0)
    0)))
 (ReturnStmt
  (ArrayIndexExpr
   (TupleType)
   (ArrayIndexExpr
    (ArrayType (TupleType) 3)
    (ArrayLoopExpr
     (ArrayType (ArrayType (TupleType) 3) 3)
     x
     (VarExpr (IntType) argnum)
     y
     (VarExpr (IntType) t)
     z
     (BinopExpr
      (IntType)
      (VarExpr (IntType) q)
      -
      (CallExpr (IntType) to_int (FloatExpr (FloatType) 72)))
     (ArrayLoopExpr
      (ArrayType (TupleType) 3)
      A
      (VarExpr (IntType) q)
      B
      (VarExpr (IntType) m)
      C
      (VarExpr (IntType) argnum)
      (IfExpr
       (TupleType)
       (CallExpr (BoolType) c)
       (TupleLiteralExpr (TupleType))
       (CallExpr (TupleType) r))))
    (VarExpr (IntType) t)
    (VarExpr (IntType) t)
    (UnopExpr (IntType) - (VarExpr (IntType) l)))
   (VarExpr (IntType) m)
   (TupleIndexExpr
    (IntType)
    (IfExpr
     (TupleType (IntType))
     (BinopExpr
      (BoolType)
      (CallExpr (FloatType) acos (FloatExpr (FloatType) 62))
      <
      (CallExpr (FloatType) log (FloatExpr (FloatType) 61)))
     (TupleLiteralExpr (TupleType (IntType)) (IntExpr (IntType) 163))
     (TupleLiteralExpr (TupleType (IntType)) (VarExpr (IntType) t)))
    0)
   (IfExpr
    (IntType)
    (BinopExpr (BoolType) (VarExpr (IntType) l) != (VarExpr (IntType) f))
    (VarExpr (IntType) t)
    (VarExpr (IntType) f)))))
(LetCmd
 (ArgLValue (ArrayArgument s t u v))
 (IfExpr
  (ArrayType (BoolType) 3)
  (CallExpr (BoolType) c)
  (VarExpr (ArrayType (BoolType) 3) d)
  (VarExpr (ArrayType (BoolType) 3) i)))
(LetCmd
 (TupleLValue
  (ArgLValue (VarArgument w))
  (TupleLValue (ArgLValue (ArrayArgument x y z)))
  (ArgLValue (ArrayArgument A B)))
 (TupleLiteralExpr
  (TupleType
   (TupleType)
   (TupleType (ArrayType (IntType) 2))
   (ArrayType (IntType) 1))
  (CallExpr (TupleType) r)
  (IfExpr
   (TupleType (ArrayType (IntType) 2))
   (VarExpr (BoolType) j)
   (TupleLiteralExpr
    (TupleType (ArrayType (IntType) 2))
    (VarExpr (ArrayType (IntType) 2) k))
   (TupleIndexExpr
    (TupleType (ArrayType (IntType) 2))
    (TupleLiteralExpr
     (TupleType (IntType) (TupleType (ArrayType (IntType) 2)))
     (VarExpr (IntType) l)
     (TupleLiteralExpr
      (TupleType (ArrayType (IntType) 2))
      (VarExpr (ArrayType (IntType) 2) o)))
    1))
  (ArrayLiteralExpr
   (ArrayType (IntType) 1)
   (VarExpr (IntType) p)
   (VarExpr (IntType) t))))
(FnCmd
 C
 ((VarBinding
   (ArrayArgument D E F G)
   (ArrayType (TupleType (TupleType) (BoolType) (IntType)) 3)))
 (FloatType)
 (LetStmt
  (ArgLValue (VarArgument H))
  (TupleIndexExpr
   (TupleType (FloatType))
   (TupleLiteralExpr
    (TupleType (TupleType) (TupleType (FloatType)) (IntType))
    (VarExpr (TupleType) w)
    (TupleLiteralExpr
     (TupleType (FloatType))
     (CallExpr
      (FloatType)
      atan
      (CallExpr (FloatType) atan (FloatExpr (FloatType) 63))))
    (IntExpr (IntType) 36))
   1))
 (LetStmt
  (ArgLValue (ArrayArgument I J))
  (ArrayLoopExpr
   (ArrayType (IntType) 1)
   I
   (VarExpr (IntType) f)
   (VarExpr (IntType) z)))
 (AssertStmt (TrueExpr (BoolType)) "K")
 (LetStmt
  (ArgLValue (ArrayArgument K L M N))
  (VarExpr (ArrayType (BoolType) 3) i))
 (ReturnStmt
  (BinopExpr
   (FloatType)
   (CallExpr
    (FloatType)
    C
    (ArrayLoopExpr
     (ArrayType (TupleType (TupleType) (BoolType) (IntType)) 3)
     O
     (VarExpr (IntType) g)
     P
     (VarExpr (IntType) y)
     Q
     (VarExpr (IntType) l)
     (TupleLiteralExpr
      (TupleType (TupleType) (BoolType) (IntType))
      (TupleLiteralExpr (TupleType))
      (UnopExpr (BoolType) ! (VarExpr (BoolType) j))
      (VarExpr (IntType) g))))
   +
   (CallExpr
    (FloatType)
    to_float
    (IfExpr
     (IntType)
     (BinopExpr
      (BoolType)
      (IfExpr
       (BoolType)
       (VarExpr (BoolType) j)
       (CallExpr (BoolType) c)
       (CallExpr (BoolType) c))
      ==
      (UnopExpr (BoolType) ! (FalseExpr (BoolType))))
     (VarExpr (IntType) p)
     (VarExpr (IntType) argnum))))))
