(LetCmd
 (ArgLValue (ArrayArgument a b))
 (ArrayIndexExpr
  (ArrayType (IntType) 1)
  (IfExpr
   (ArrayType (ArrayType (IntType) 1) 2)
   (TrueExpr (BoolType))
   (IfExpr
    (ArrayType (ArrayType (IntType) 1) 2)
    (FalseExpr (BoolType))
    (ArrayLoopExpr
     (ArrayType (ArrayType (IntType) 1) 2)
     a
     (UnopExpr (IntType) - (VarExpr (IntType) argnum))
     b
     (IntExpr (IntType) 66)
     (ArrayLiteralExpr
      (ArrayType (IntType) 1)
      (IntExpr (IntType) 348)
      (VarExpr (IntType) b)))
    (ArrayLoopExpr
     (ArrayType (ArrayType (IntType) 1) 2)
     a
     (IntExpr (IntType) 615)
     b
     (UnopExpr (IntType) - (VarExpr (IntType) argnum))
     (ArrayLoopExpr
      (ArrayType (IntType) 1)
      c
      (VarExpr (IntType) a)
      (VarExpr (IntType) a))))
   (ArrayLoopExpr
    (ArrayType (ArrayType (IntType) 1) 2)
    a
    (UnopExpr (IntType) - (VarExpr (IntType) argnum))
    b
    (SumLoopExpr
     (IntType)
     a
     (UnopExpr (IntType) - (IntExpr (IntType) 924))
     b
     (BinopExpr (IntType) (VarExpr (IntType) argnum) / (IntExpr (IntType) 38))
     (VarExpr (IntType) a))
    (VarExpr (ArrayType (IntType) 1) args)))
  (VarExpr (IntType) argnum)
  (VarExpr (IntType) argnum)))
(LetCmd
 (TupleLValue
  (ArgLValue (ArrayArgument c d e f))
  (TupleLValue)
  (ArgLValue (VarArgument g)))
 (IfExpr
  (TupleType (ArrayType (ArrayType (IntType) 1) 3) (TupleType) (IntType))
  (UnopExpr
   (BoolType)
   !
   (BinopExpr
    (BoolType)
    (UnopExpr
     (FloatType)
     -
     (CallExpr (FloatType) log (FloatExpr (FloatType) 46)))
    ==
    (CallExpr
     (FloatType)
     sqrt
     (CallExpr (FloatType) tan (FloatExpr (FloatType) 1)))))
  (ArrayIndexExpr
   (TupleType (ArrayType (ArrayType (IntType) 1) 3) (TupleType) (IntType))
   (ArrayLiteralExpr
    (ArrayType
     (TupleType (ArrayType (ArrayType (IntType) 1) 3) (TupleType) (IntType))
     1)
    (TupleLiteralExpr
     (TupleType (ArrayType (ArrayType (IntType) 1) 3) (TupleType) (IntType))
     (ArrayLoopExpr
      (ArrayType (ArrayType (IntType) 1) 3)
      c
      (VarExpr (IntType) b)
      d
      (VarExpr (IntType) b)
      e
      (VarExpr (IntType) b)
      (VarExpr (ArrayType (IntType) 1) a))
     (TupleLiteralExpr (TupleType))
     (VarExpr (IntType) argnum))
    (TupleLiteralExpr
     (TupleType (ArrayType (ArrayType (IntType) 1) 3) (TupleType) (IntType))
     (ArrayLoopExpr
      (ArrayType (ArrayType (IntType) 1) 3)
      c
      (IntExpr (IntType) 671)
      d
      (IntExpr (IntType) 182)
      e
      (VarExpr (IntType) b)
      (VarExpr (ArrayType (IntType) 1) args))
     (IfExpr
      (TupleType)
      (TrueExpr (BoolType))
      (TupleLiteralExpr (TupleType))
      (TupleLiteralExpr (TupleType)))
     (VarExpr (IntType) b)))
   (SumLoopExpr
    (IntType)
    c
    (IntExpr (IntType) 692)
    d
    (ArrayIndexExpr
     (IntType)
     (VarExpr (ArrayType (IntType) 1) args)
     (VarExpr (IntType) argnum))
    (VarExpr (IntType) c)))
  (ArrayIndexExpr
   (TupleType (ArrayType (ArrayType (IntType) 1) 3) (TupleType) (IntType))
   (ArrayLoopExpr
    (ArrayType
     (TupleType (ArrayType (ArrayType (IntType) 1) 3) (TupleType) (IntType))
     1)
    c
    (IntExpr (IntType) 96)
    (TupleLiteralExpr
     (TupleType (ArrayType (ArrayType (IntType) 1) 3) (TupleType) (IntType))
     (ArrayLoopExpr
      (ArrayType (ArrayType (IntType) 1) 3)
      d
      (VarExpr (IntType) c)
      e
      (IntExpr (IntType) 994)
      f
      (VarExpr (IntType) argnum)
      (VarExpr (ArrayType (IntType) 1) a))
     (TupleLiteralExpr (TupleType))
     (VarExpr (IntType) argnum)))
   (BinopExpr
    (IntType)
    (CallExpr
     (IntType)
     to_int
     (CallExpr (FloatType) sin (FloatExpr (FloatType) 49)))
    %
    (ArrayIndexExpr
     (IntType)
     (ArrayLoopExpr
      (ArrayType (IntType) 2)
      c
      (VarExpr (IntType) b)
      d
      (VarExpr (IntType) argnum)
      (VarExpr (IntType) d))
     (VarExpr (IntType) argnum)
     (SumLoopExpr
      (IntType)
      c
      (IntExpr (IntType) 993)
      d
      (IntExpr (IntType) 576)
      e
      (IntExpr (IntType) 525)
      (VarExpr (IntType) c)))))))
(LetCmd
 (TupleLValue (ArgLValue (ArrayArgument h i)) (ArgLValue (VarArgument j)))
 (TupleIndexExpr
  (TupleType (ArrayType (IntType) 1) (IntType))
  (IfExpr
   (TupleType
    (TupleType (ArrayType (IntType) 1) (IntType))
    (FloatType)
    (ArrayType (TupleType (IntType) (IntType)) 3))
   (BinopExpr
    (BoolType)
    (UnopExpr (BoolType) ! (TrueExpr (BoolType)))
    &&
    (IfExpr
     (BoolType)
     (BinopExpr (BoolType) (VarExpr (IntType) d) > (VarExpr (IntType) g))
     (FalseExpr (BoolType))
     (FalseExpr (BoolType))))
   (TupleLiteralExpr
    (TupleType
     (TupleType (ArrayType (IntType) 1) (IntType))
     (FloatType)
     (ArrayType (TupleType (IntType) (IntType)) 3))
    (TupleLiteralExpr
     (TupleType (ArrayType (IntType) 1) (IntType))
     (VarExpr (ArrayType (IntType) 1) args)
     (VarExpr (IntType) e))
    (CallExpr
     (FloatType)
     sin
     (CallExpr (FloatType) to_float (VarExpr (IntType) b)))
    (ArrayLoopExpr
     (ArrayType (TupleType (IntType) (IntType)) 3)
     h
     (UnopExpr (IntType) - (VarExpr (IntType) d))
     i
     (VarExpr (IntType) e)
     j
     (VarExpr (IntType) argnum)
     (TupleLiteralExpr
      (TupleType (IntType) (IntType))
      (VarExpr (IntType) e)
      (VarExpr (IntType) j))))
   (TupleLiteralExpr
    (TupleType
     (TupleType (ArrayType (IntType) 1) (IntType))
     (FloatType)
     (ArrayType (TupleType (IntType) (IntType)) 3))
    (TupleLiteralExpr
     (TupleType (ArrayType (IntType) 1) (IntType))
     (IfExpr
      (ArrayType (IntType) 1)
      (TrueExpr (BoolType))
      (VarExpr (ArrayType (IntType) 1) args)
      (VarExpr (ArrayType (IntType) 1) args))
     (VarExpr (IntType) e))
    (CallExpr (FloatType) tan (FloatExpr (FloatType) 25))
    (ArrayLoopExpr
     (ArrayType (TupleType (IntType) (IntType)) 3)
     h
     (VarExpr (IntType) f)
     i
     (VarExpr (IntType) g)
     j
     (VarExpr (IntType) b)
     (TupleLiteralExpr
      (TupleType (IntType) (IntType))
      (VarExpr (IntType) g)
      (IntExpr (IntType) 803)))))
  0))
(TimeCmd (PrintCmd "k"))
(LetCmd
 (ArgLValue (ArrayArgument k l m n))
 (ArrayLoopExpr
  (ArrayType (FloatType) 3)
  k
  (VarExpr (IntType) b)
  l
  (VarExpr (IntType) d)
  m
  (VarExpr (IntType) f)
  (CallExpr
   (FloatType)
   pow
   (CallExpr
    (FloatType)
    log
    (CallExpr
     (FloatType)
     exp
     (CallExpr (FloatType) to_float (VarExpr (IntType) j))))
   (CallExpr
    (FloatType)
    tan
    (UnopExpr
     (FloatType)
     -
     (CallExpr (FloatType) sin (FloatExpr (FloatType) 46)))))))
(FnCmd
 o
 ()
 (ArrayType (ArrayType (FloatType) 3) 1)
 (LetStmt (ArgLValue (VarArgument p)) (VarExpr (IntType) n))
 (AssertStmt
  (BinopExpr (BoolType) (VarExpr (IntType) j) != (VarExpr (IntType) m))
  "q")
 (LetStmt
  (ArgLValue (ArrayArgument q r s))
  (ArrayIndexExpr
   (ArrayType (IntType) 2)
   (IfExpr
    (ArrayType (ArrayType (IntType) 2) 1)
    (BinopExpr
     (BoolType)
     (IfExpr
      (FloatType)
      (BinopExpr (BoolType) (VarExpr (IntType) l) < (VarExpr (IntType) i))
      (CallExpr (FloatType) to_float (VarExpr (IntType) n))
      (FloatExpr (FloatType) 64))
     >
     (CallExpr
      (FloatType)
      pow
      (CallExpr (FloatType) acos (FloatExpr (FloatType) 55))
      (CallExpr (FloatType) to_float (VarExpr (IntType) f))))
    (ArrayLoopExpr
     (ArrayType (ArrayType (IntType) 2) 1)
     q
     (VarExpr (IntType) e)
     (ArrayLoopExpr
      (ArrayType (IntType) 2)
      r
      (SumLoopExpr
       (IntType)
       r
       (VarExpr (IntType) b)
       s
       (VarExpr (IntType) g)
       t
       (VarExpr (IntType) i)
       (VarExpr (IntType) j))
      s
      (SumLoopExpr
       (IntType)
       r
       (VarExpr (IntType) b)
       s
       (VarExpr (IntType) f)
       (IntExpr (IntType) 834))
      (IntExpr (IntType) 109)))
    (ArrayLoopExpr
     (ArrayType (ArrayType (IntType) 2) 1)
     q
     (VarExpr (IntType) j)
     (ArrayLoopExpr
      (ArrayType (IntType) 2)
      r
      (VarExpr (IntType) f)
      s
      (VarExpr (IntType) n)
      (VarExpr (IntType) d))))
   (VarExpr (IntType) n)))
 (LetStmt
  (TupleLValue (ArgLValue (ArrayArgument t u v w)) (TupleLValue))
  (IfExpr
   (TupleType (ArrayType (ArrayType (IntType) 1) 3) (TupleType))
   (BinopExpr
    (BoolType)
    (IfExpr
     (BoolType)
     (UnopExpr
      (BoolType)
      !
      (BinopExpr (BoolType) (IntExpr (IntType) 723) != (VarExpr (IntType) r)))
     (UnopExpr (BoolType) ! (FalseExpr (BoolType)))
     (BinopExpr (BoolType) (FalseExpr (BoolType)) != (FalseExpr (BoolType))))
    &&
    (TrueExpr (BoolType)))
   (IfExpr
    (TupleType (ArrayType (ArrayType (IntType) 1) 3) (TupleType))
    (BinopExpr
     (BoolType)
     (BinopExpr
      (BoolType)
      (TrueExpr (BoolType))
      &&
      (UnopExpr (BoolType) ! (TrueExpr (BoolType))))
     !=
     (BinopExpr
      (BoolType)
      (BinopExpr (BoolType) (VarExpr (IntType) e) > (IntExpr (IntType) 972))
      &&
      (IfExpr
       (BoolType)
       (FalseExpr (BoolType))
       (FalseExpr (BoolType))
       (TrueExpr (BoolType)))))
    (TupleLiteralExpr
     (TupleType (ArrayType (ArrayType (IntType) 1) 3) (TupleType))
     (IfExpr
      (ArrayType (ArrayType (IntType) 1) 3)
      (BinopExpr (BoolType) (VarExpr (IntType) s) >= (VarExpr (IntType) m))
      (VarExpr (ArrayType (ArrayType (IntType) 1) 3) c)
      (ArrayLoopExpr
       (ArrayType (ArrayType (IntType) 1) 3)
       t
       (VarExpr (IntType) n)
       u
       (VarExpr (IntType) j)
       v
       (VarExpr (IntType) p)
       (VarExpr (ArrayType (IntType) 1) args)))
     (TupleIndexExpr
      (TupleType)
      (TupleLiteralExpr
       (TupleType (IntType) (ArrayType (IntType) 1) (TupleType))
       (VarExpr (IntType) p)
       (VarExpr (ArrayType (IntType) 1) args)
       (TupleLiteralExpr (TupleType)))
      2))
    (TupleIndexExpr
     (TupleType (ArrayType (ArrayType (IntType) 1) 3) (TupleType))
     (TupleLiteralExpr
      (TupleType
       (TupleType (ArrayType (ArrayType (IntType) 1) 3) (TupleType))
       (BoolType)
       (IntType))
      (TupleLiteralExpr
       (TupleType (ArrayType (ArrayType (IntType) 1) 3) (TupleType))
       (VarExpr (ArrayType (ArrayType (IntType) 1) 3) c)
       (TupleLiteralExpr (TupleType)))
      (BinopExpr (BoolType) (VarExpr (IntType) s) > (VarExpr (IntType) j))
      (VarExpr (IntType) f))
     0))
   (TupleLiteralExpr
    (TupleType (ArrayType (ArrayType (IntType) 1) 3) (TupleType))
    (IfExpr
     (ArrayType (ArrayType (IntType) 1) 3)
     (BinopExpr
      (BoolType)
      (BinopExpr (BoolType) (VarExpr (IntType) r) == (VarExpr (IntType) e))
      ||
      (UnopExpr (BoolType) ! (TrueExpr (BoolType))))
     (IfExpr
      (ArrayType (ArrayType (IntType) 1) 3)
      (BinopExpr (BoolType) (FalseExpr (BoolType)) == (FalseExpr (BoolType)))
      (VarExpr (ArrayType (ArrayType (IntType) 1) 3) c)
      (ArrayLoopExpr
       (ArrayType (ArrayType (IntType) 1) 3)
       t
       (VarExpr (IntType) f)
       u
       (VarExpr (IntType) l)
       v
       (VarExpr (IntType) r)
       (VarExpr (ArrayType (IntType) 1) args)))
     (IfExpr
      (ArrayType (ArrayType (IntType) 1) 3)
      (BinopExpr (BoolType) (VarExpr (IntType) f) >= (VarExpr (IntType) e))
      (VarExpr (ArrayType (ArrayType (IntType) 1) 3) c)
      (VarExpr (ArrayType (ArrayType (IntType) 1) 3) c)))
    (TupleIndexExpr
     (TupleType)
     (IfExpr
      (TupleType (TupleType))
      (TrueExpr (BoolType))
      (TupleLiteralExpr (TupleType (TupleType)) (TupleLiteralExpr (TupleType)))
      (TupleLiteralExpr (TupleType (TupleType)) (TupleLiteralExpr (TupleType))))
     0))))
 (ReturnStmt
  (TupleIndexExpr
   (ArrayType (ArrayType (FloatType) 3) 1)
   (ArrayIndexExpr
    (TupleType (ArrayType (ArrayType (FloatType) 3) 1) (IntType))
    (ArrayLoopExpr
     (ArrayType
      (TupleType (ArrayType (ArrayType (FloatType) 3) 1) (IntType))
      3)
     x
     (IfExpr
      (IntType)
      (FalseExpr (BoolType))
      (VarExpr (IntType) m)
      (VarExpr (IntType) v))
     y
     (VarExpr (IntType) j)
     z
     (VarExpr (IntType) s)
     (TupleLiteralExpr
      (TupleType (ArrayType (ArrayType (FloatType) 3) 1) (IntType))
      (CallExpr (ArrayType (ArrayType (FloatType) 3) 1) o)
      (VarExpr (IntType) g)))
    (TupleIndexExpr
     (IntType)
     (IfExpr
      (TupleType (IntType))
      (BinopExpr (BoolType) (VarExpr (IntType) i) >= (VarExpr (IntType) l))
      (TupleLiteralExpr (TupleType (IntType)) (VarExpr (IntType) w))
      (TupleLiteralExpr (TupleType (IntType)) (VarExpr (IntType) d)))
     0)
    (IfExpr
     (IntType)
     (BinopExpr
      (BoolType)
      (FalseExpr (BoolType))
      ==
      (BinopExpr (BoolType) (VarExpr (IntType) i) != (IntExpr (IntType) 540)))
     (VarExpr (IntType) i)
     (VarExpr (IntType) g))
    (VarExpr (IntType) u))
   0)))
(LetCmd (ArgLValue (ArrayArgument p q)) (VarExpr (ArrayType (IntType) 1) args))
(FnCmd
 r
 ()
 (ArrayType (IntType) 3)
 (LetStmt
  (TupleLValue (ArgLValue (ArrayArgument s t u)))
  (ArrayIndexExpr
   (TupleType (ArrayType (ArrayType (IntType) 1) 2))
   (IfExpr
    (ArrayType (TupleType (ArrayType (ArrayType (IntType) 1) 2)) 3)
    (IfExpr
     (BoolType)
     (FalseExpr (BoolType))
     (BinopExpr
      (BoolType)
      (ArrayIndexExpr
       (FloatType)
       (VarExpr (ArrayType (FloatType) 3) k)
       (VarExpr (IntType) l)
       (VarExpr (IntType) g)
       (IntExpr (IntType) 947))
      <=
      (FloatExpr (FloatType) 71))
     (TrueExpr (BoolType)))
    (ArrayLoopExpr
     (ArrayType (TupleType (ArrayType (ArrayType (IntType) 1) 2)) 3)
     s
     (ArrayIndexExpr
      (IntType)
      (ArrayLoopExpr
       (ArrayType (IntType) 3)
       s
       (VarExpr (IntType) f)
       t
       (VarExpr (IntType) j)
       u
       (VarExpr (IntType) j)
       (VarExpr (IntType) s))
      (IntExpr (IntType) 603)
      (VarExpr (IntType) b)
      (VarExpr (IntType) l))
     t
     (VarExpr (IntType) q)
     u
     (VarExpr (IntType) n)
     (TupleLiteralExpr
      (TupleType (ArrayType (ArrayType (IntType) 1) 2))
      (ArrayLoopExpr
       (ArrayType (ArrayType (IntType) 1) 2)
       v
       (VarExpr (IntType) m)
       w
       (VarExpr (IntType) g)
       (VarExpr (ArrayType (IntType) 1) p))))
    (ArrayLoopExpr
     (ArrayType (TupleType (ArrayType (ArrayType (IntType) 1) 2)) 3)
     s
     (VarExpr (IntType) f)
     t
     (VarExpr (IntType) argnum)
     u
     (SumLoopExpr (IntType) s (VarExpr (IntType) d) (VarExpr (IntType) d))
     (TupleLiteralExpr
      (TupleType (ArrayType (ArrayType (IntType) 1) 2))
      (ArrayLoopExpr
       (ArrayType (ArrayType (IntType) 1) 2)
       v
       (VarExpr (IntType) s)
       w
       (VarExpr (IntType) i)
       (VarExpr (ArrayType (IntType) 1) args)))))
   (VarExpr (IntType) b)
   (VarExpr (IntType) e)
   (IfExpr
    (IntType)
    (IfExpr
     (BoolType)
     (TrueExpr (BoolType))
     (IfExpr
      (BoolType)
      (BinopExpr (BoolType) (VarExpr (IntType) g) >= (VarExpr (IntType) g))
      (BinopExpr (BoolType) (VarExpr (IntType) b) != (IntExpr (IntType) 126))
      (TrueExpr (BoolType)))
     (ArrayIndexExpr
      (BoolType)
      (ArrayLoopExpr
       (ArrayType (BoolType) 3)
       s
       (VarExpr (IntType) q)
       t
       (VarExpr (IntType) i)
       u
       (VarExpr (IntType) q)
       (TrueExpr (BoolType)))
      (IntExpr (IntType) 383)
      (VarExpr (IntType) argnum)
      (VarExpr (IntType) f)))
    (VarExpr (IntType) g)
    (VarExpr (IntType) e))))
 (LetStmt
  (TupleLValue
   (TupleLValue (ArgLValue (VarArgument v)) (TupleLValue))
   (ArgLValue (ArrayArgument w x))
   (ArgLValue (VarArgument y)))
  (TupleLiteralExpr
   (TupleType
    (TupleType (IntType) (TupleType))
    (ArrayType (IntType) 1)
    (ArrayType (IntType) 1))
   (ArrayIndexExpr
    (TupleType (IntType) (TupleType))
    (IfExpr
     (ArrayType (TupleType (IntType) (TupleType)) 1)
     (BinopExpr
      (BoolType)
      (TrueExpr (BoolType))
      &&
      (BinopExpr (BoolType) (TrueExpr (BoolType)) || (FalseExpr (BoolType))))
     (ArrayLoopExpr
      (ArrayType (TupleType (IntType) (TupleType)) 1)
      v
      (VarExpr (IntType) g)
      (TupleLiteralExpr
       (TupleType (IntType) (TupleType))
       (VarExpr (IntType) m)
       (TupleLiteralExpr (TupleType))))
     (ArrayLoopExpr
      (ArrayType (TupleType (IntType) (TupleType)) 1)
      v
      (VarExpr (IntType) e)
      (TupleLiteralExpr
       (TupleType (IntType) (TupleType))
       (VarExpr (IntType) q)
       (TupleLiteralExpr (TupleType)))))
    (VarExpr (IntType) l))
   (ArrayLiteralExpr
    (ArrayType (IntType) 1)
    (CallExpr
     (IntType)
     to_int
     (CallExpr
      (FloatType)
      atan2
      (FloatExpr (FloatType) 41)
      (CallExpr (FloatType) sin (FloatExpr (FloatType) 35))))
    (VarExpr (IntType) u))
   (ArrayLiteralExpr
    (ArrayType (IntType) 1)
    (VarExpr (IntType) j)
    (VarExpr (IntType) n)
    (VarExpr (IntType) argnum))))
 (LetStmt
  (TupleLValue (TupleLValue))
  (IfExpr
   (TupleType (TupleType))
   (TupleIndexExpr
    (BoolType)
    (IfExpr
     (TupleType (BoolType))
     (UnopExpr (BoolType) ! (TrueExpr (BoolType)))
     (IfExpr
      (TupleType (BoolType))
      (FalseExpr (BoolType))
      (TupleLiteralExpr (TupleType (BoolType)) (FalseExpr (BoolType)))
      (TupleLiteralExpr (TupleType (BoolType)) (FalseExpr (BoolType))))
     (TupleLiteralExpr (TupleType (BoolType)) (TrueExpr (BoolType))))
    0)
   (IfExpr
    (TupleType (TupleType))
    (UnopExpr
     (BoolType)
     !
     (BinopExpr
      (BoolType)
      (IfExpr
       (FloatType)
       (FalseExpr (BoolType))
       (FloatExpr (FloatType) 65)
       (FloatExpr (FloatType) 68))
      <
      (CallExpr (FloatType) exp (FloatExpr (FloatType) 60))))
    (IfExpr
     (TupleType (TupleType))
     (IfExpr
      (BoolType)
      (BinopExpr (BoolType) (TrueExpr (BoolType)) && (TrueExpr (BoolType)))
      (TrueExpr (BoolType))
      (BinopExpr (BoolType) (VarExpr (IntType) i) != (VarExpr (IntType) b)))
     (TupleLiteralExpr (TupleType (TupleType)) (TupleLiteralExpr (TupleType)))
     (IfExpr
      (TupleType (TupleType))
      (TrueExpr (BoolType))
      (TupleLiteralExpr (TupleType (TupleType)) (TupleLiteralExpr (TupleType)))
      (TupleLiteralExpr (TupleType (TupleType)) (TupleLiteralExpr (TupleType)))))
    (TupleLiteralExpr (TupleType (TupleType)) (TupleLiteralExpr (TupleType))))
   (TupleLiteralExpr (TupleType (TupleType)) (TupleLiteralExpr (TupleType)))))
 (LetStmt
  (TupleLValue (ArgLValue (ArrayArgument z A B)))
  (IfExpr
   (TupleType (ArrayType (ArrayType (IntType) 1) 2))
   (UnopExpr
    (BoolType)
    !
    (IfExpr
     (BoolType)
     (BinopExpr
      (BoolType)
      (IfExpr
       (IntType)
       (TrueExpr (BoolType))
       (VarExpr (IntType) v)
       (VarExpr (IntType) m))
      <=
      (VarExpr (IntType) g))
     (BinopExpr (BoolType) (VarExpr (IntType) argnum) < (VarExpr (IntType) m))
     (TupleIndexExpr
      (BoolType)
      (TupleLiteralExpr
       (TupleType (IntType) (IntType) (BoolType))
       (VarExpr (IntType) j)
       (VarExpr (IntType) m)
       (TrueExpr (BoolType)))
      2)))
   (TupleIndexExpr
    (TupleType (ArrayType (ArrayType (IntType) 1) 2))
    (IfExpr
     (TupleType (TupleType (ArrayType (ArrayType (IntType) 1) 2)))
     (IfExpr
      (BoolType)
      (BinopExpr (BoolType) (VarExpr (IntType) i) != (VarExpr (IntType) e))
      (BinopExpr (BoolType) (VarExpr (IntType) j) == (VarExpr (IntType) i))
      (BinopExpr (BoolType) (VarExpr (IntType) i) == (IntExpr (IntType) 513)))
     (TupleLiteralExpr
      (TupleType (TupleType (ArrayType (ArrayType (IntType) 1) 2)))
      (TupleLiteralExpr
       (TupleType (ArrayType (ArrayType (IntType) 1) 2))
       (VarExpr (ArrayType (ArrayType (IntType) 1) 2) s)))
     (TupleLiteralExpr
      (TupleType (TupleType (ArrayType (ArrayType (IntType) 1) 2)))
      (TupleLiteralExpr
       (TupleType (ArrayType (ArrayType (IntType) 1) 2))
       (VarExpr (ArrayType (ArrayType (IntType) 1) 2) s))))
    0)
   (ArrayIndexExpr
    (TupleType (ArrayType (ArrayType (IntType) 1) 2))
    (ArrayLoopExpr
     (ArrayType (TupleType (ArrayType (ArrayType (IntType) 1) 2)) 2)
     z
     (VarExpr (IntType) n)
     A
     (VarExpr (IntType) i)
     (TupleLiteralExpr
      (TupleType (ArrayType (ArrayType (IntType) 1) 2))
      (ArrayLoopExpr
       (ArrayType (ArrayType (IntType) 1) 2)
       B
       (VarExpr (IntType) j)
       C
       (VarExpr (IntType) l)
       (VarExpr (ArrayType (IntType) 1) w))))
    (CallExpr
     (IntType)
     to_int
     (CallExpr
      (FloatType)
      pow
      (CallExpr (FloatType) to_float (VarExpr (IntType) b))
      (CallExpr (FloatType) to_float (VarExpr (IntType) q))))
    (VarExpr (IntType) v))))
 (ReturnStmt
  (IfExpr
   (ArrayType (IntType) 3)
   (IfExpr
    (BoolType)
    (ArrayIndexExpr
     (BoolType)
     (ArrayLoopExpr
      (ArrayType (BoolType) 3)
      C
      (BinopExpr (IntType) (VarExpr (IntType) b) / (VarExpr (IntType) j))
      D
      (VarExpr (IntType) argnum)
      E
      (VarExpr (IntType) e)
      (IfExpr
       (BoolType)
       (FalseExpr (BoolType))
       (TrueExpr (BoolType))
       (FalseExpr (BoolType))))
     (VarExpr (IntType) f)
     (VarExpr (IntType) t)
     (VarExpr (IntType) m))
    (TupleIndexExpr
     (BoolType)
     (IfExpr
      (TupleType (BoolType))
      (FalseExpr (BoolType))
      (TupleLiteralExpr (TupleType (BoolType)) (TrueExpr (BoolType)))
      (TupleLiteralExpr (TupleType (BoolType)) (FalseExpr (BoolType))))
     0)
    (TrueExpr (BoolType)))
   (CallExpr (ArrayType (IntType) 3) r)
   (IfExpr
    (ArrayType (IntType) 3)
    (TupleIndexExpr
     (BoolType)
     (TupleLiteralExpr
      (TupleType (BoolType) (IntType) (IntType))
      (FalseExpr (BoolType))
      (VarExpr (IntType) j)
      (VarExpr (IntType) j))
     0)
    (CallExpr (ArrayType (IntType) 3) r)
    (ArrayIndexExpr
     (ArrayType (IntType) 3)
     (IfExpr
      (ArrayType (ArrayType (IntType) 3) 3)
      (BinopExpr
       (BoolType)
       (VarExpr (IntType) argnum)
       ==
       (VarExpr (IntType) A))
      (ArrayLoopExpr
       (ArrayType (ArrayType (IntType) 3) 3)
       C
       (VarExpr (IntType) j)
       D
       (VarExpr (IntType) l)
       E
       (VarExpr (IntType) l)
       (CallExpr (ArrayType (IntType) 3) r))
      (ArrayLoopExpr
       (ArrayType (ArrayType (IntType) 3) 3)
       C
       (VarExpr (IntType) g)
       D
       (VarExpr (IntType) m)
       E
       (VarExpr (IntType) g)
       (CallExpr (ArrayType (IntType) 3) r)))
     (VarExpr (IntType) q)
     (VarExpr (IntType) g)
     (VarExpr (IntType) A))))))
(LetCmd
 (ArgLValue (ArrayArgument s t u v))
 (CallExpr (ArrayType (IntType) 3) r))
(AssertCmd (TrueExpr (BoolType)) "w")
(FnCmd
 w
 ((VarBinding
   (ArrayArgument x y)
   (ArrayType (TupleType (FloatType) (FloatType) (IntType)) 1))
  (VarBinding (VarArgument z) (IntType))
  (TupleBinding
   (TupleBinding)
   (VarBinding (ArrayArgument A B C) (ArrayType (TupleType (BoolType)) 2))))
 (IntType)
 (ReturnStmt
  (ArrayIndexExpr
   (IntType)
   (IfExpr
    (ArrayType (IntType) 2)
    (BinopExpr
     (BoolType)
     (FalseExpr (BoolType))
     ||
     (UnopExpr
      (BoolType)
      !
      (BinopExpr (BoolType) (VarExpr (IntType) e) == (VarExpr (IntType) n))))
    (ArrayIndexExpr
     (ArrayType (IntType) 2)
     (ArrayLoopExpr
      (ArrayType (ArrayType (IntType) 2) 1)
      D
      (VarExpr (IntType) q)
      (ArrayLoopExpr
       (ArrayType (IntType) 2)
       E
       (VarExpr (IntType) f)
       F
       (VarExpr (IntType) B)
       (VarExpr (IntType) q)))
     (VarExpr (IntType) m))
    (IfExpr
     (ArrayType (IntType) 2)
     (TupleIndexExpr
      (BoolType)
      (TupleLiteralExpr
       (TupleType
        (ArrayType (TupleType (FloatType) (FloatType) (IntType)) 1)
        (BoolType)
        (IntType))
       (VarExpr (ArrayType (TupleType (FloatType) (FloatType) (IntType)) 1) x)
       (TrueExpr (BoolType))
       (VarExpr (IntType) z))
      1)
     (IfExpr
      (ArrayType (IntType) 2)
      (BinopExpr (BoolType) (FalseExpr (BoolType)) && (FalseExpr (BoolType)))
      (ArrayLoopExpr
       (ArrayType (IntType) 2)
       D
       (VarExpr (IntType) v)
       E
       (VarExpr (IntType) q)
       (VarExpr (IntType) i))
      (ArrayLoopExpr
       (ArrayType (IntType) 2)
       D
       (VarExpr (IntType) i)
       E
       (VarExpr (IntType) l)
       (VarExpr (IntType) i)))
     (ArrayLoopExpr
      (ArrayType (IntType) 2)
      D
      (VarExpr (IntType) j)
      E
      (BinopExpr (IntType) (VarExpr (IntType) y) / (VarExpr (IntType) m))
      (VarExpr (IntType) n))))
   (VarExpr (IntType) e)
   (VarExpr (IntType) b)))
 (AssertStmt
  (UnopExpr
   (BoolType)
   !
   (BinopExpr
    (BoolType)
    (TupleIndexExpr
     (BoolType)
     (TupleLiteralExpr
      (TupleType (ArrayType (ArrayType (IntType) 1) 1) (BoolType))
      (ArrayLiteralExpr
       (ArrayType (ArrayType (IntType) 1) 1)
       (VarExpr (ArrayType (IntType) 1) a))
      (BinopExpr (BoolType) (FalseExpr (BoolType)) && (TrueExpr (BoolType))))
     1)
    &&
    (BinopExpr
     (BoolType)
     (VarExpr (IntType) g)
     !=
     (CallExpr
      (IntType)
      to_int
      (SumLoopExpr
       (FloatType)
       D
       (VarExpr (IntType) n)
       E
       (VarExpr (IntType) b)
       F
       (IntExpr (IntType) 576)
       (FloatExpr (FloatType) 87))))))
  "D")
 (ReturnStmt
  (CallExpr
   (IntType)
   w
   (ArrayLiteralExpr
    (ArrayType (TupleType (FloatType) (FloatType) (IntType)) 1)
    (TupleLiteralExpr
     (TupleType (FloatType) (FloatType) (IntType))
     (SumLoopExpr
      (FloatType)
      D
      (VarExpr (IntType) z)
      E
      (VarExpr (IntType) e)
      (ArrayIndexExpr
       (FloatType)
       (VarExpr (ArrayType (FloatType) 3) k)
       (VarExpr (IntType) D)
       (VarExpr (IntType) v)
       (VarExpr (IntType) v)))
     (CallExpr (FloatType) log (FloatExpr (FloatType) 76))
     (UnopExpr (IntType) - (IntExpr (IntType) 73)))
    (IfExpr
     (TupleType (FloatType) (FloatType) (IntType))
     (UnopExpr
      (BoolType)
      !
      (BinopExpr (BoolType) (TrueExpr (BoolType)) || (FalseExpr (BoolType))))
     (TupleLiteralExpr
      (TupleType (FloatType) (FloatType) (IntType))
      (CallExpr (FloatType) exp (FloatExpr (FloatType) 65))
      (FloatExpr (FloatType) 4)
      (VarExpr (IntType) v))
     (TupleLiteralExpr
      (TupleType (FloatType) (FloatType) (IntType))
      (CallExpr (FloatType) exp (FloatExpr (FloatType) 35))
      (CallExpr (FloatType) atan (FloatExpr (FloatType) 34))
      (VarExpr (IntType) argnum)))
    (TupleLiteralExpr
     (TupleType (FloatType) (FloatType) (IntType))
     (CallExpr
      (FloatType)
      sqrt
      (CallExpr (FloatType) sin (FloatExpr (FloatType) 47)))
     (CallExpr
      (FloatType)
      log
      (CallExpr (FloatType) to_float (VarExpr (IntType) n)))
     (VarExpr (IntType) f)))
   (VarExpr (IntType) i)
   (IfExpr
    (TupleType (TupleType) (ArrayType (TupleType (BoolType)) 2))
    (BinopExpr (BoolType) (VarExpr (IntType) d) != (IntExpr (IntType) 487))
    (IfExpr
     (TupleType (TupleType) (ArrayType (TupleType (BoolType)) 2))
     (UnopExpr (BoolType) ! (FalseExpr (BoolType)))
     (TupleLiteralExpr
      (TupleType (TupleType) (ArrayType (TupleType (BoolType)) 2))
      (TupleLiteralExpr (TupleType))
      (VarExpr (ArrayType (TupleType (BoolType)) 2) A))
     (IfExpr
      (TupleType (TupleType) (ArrayType (TupleType (BoolType)) 2))
      (UnopExpr (BoolType) ! (FalseExpr (BoolType)))
      (TupleLiteralExpr
       (TupleType (TupleType) (ArrayType (TupleType (BoolType)) 2))
       (TupleLiteralExpr (TupleType))
       (VarExpr (ArrayType (TupleType (BoolType)) 2) A))
      (TupleLiteralExpr
       (TupleType (TupleType) (ArrayType (TupleType (BoolType)) 2))
       (TupleLiteralExpr (TupleType))
       (VarExpr (ArrayType (TupleType (BoolType)) 2) A))))
    (TupleLiteralExpr
     (TupleType (TupleType) (ArrayType (TupleType (BoolType)) 2))
     (TupleIndexExpr
      (TupleType)
      (TupleLiteralExpr (TupleType (TupleType)) (TupleLiteralExpr (TupleType)))
      0)
     (ArrayLoopExpr
      (ArrayType (TupleType (BoolType)) 2)
      D
      (VarExpr (IntType) B)
      E
      (VarExpr (IntType) m)
      (TupleLiteralExpr (TupleType (BoolType)) (FalseExpr (BoolType))))))))
 (AssertStmt
  (UnopExpr
   (BoolType)
   !
   (TupleIndexExpr
    (BoolType)
    (ArrayIndexExpr
     (TupleType (BoolType))
     (IfExpr
      (ArrayType (TupleType (BoolType)) 2)
      (BinopExpr (BoolType) (VarExpr (IntType) y) < (VarExpr (IntType) u))
      (VarExpr (ArrayType (TupleType (BoolType)) 2) A)
      (IfExpr
       (ArrayType (TupleType (BoolType)) 2)
       (TrueExpr (BoolType))
       (VarExpr (ArrayType (TupleType (BoolType)) 2) A)
       (VarExpr (ArrayType (TupleType (BoolType)) 2) A)))
     (VarExpr (IntType) m)
     (VarExpr (IntType) t))
    0))
  "D")
 (ReturnStmt (VarExpr (IntType) B)))
(ReadCmd "x.png" (ArrayArgument x y z))
