(WriteCmd
 (TupleIndexExpr
  (ArrayType (TupleType (FloatType) (FloatType) (FloatType) (FloatType)) 2)
  (TupleLiteralExpr
   (TupleType
    (ArrayType (TupleType (FloatType) (FloatType) (FloatType) (FloatType)) 2))
   (ArrayLoopExpr
    (ArrayType (TupleType (FloatType) (FloatType) (FloatType) (FloatType)) 2)
    a
    (BinopExpr
     (IntType)
     (IntExpr (IntType) 458)
     /
     (UnopExpr (IntType) - (IntExpr (IntType) 325)))
    b
    (VarExpr (IntType) argnum)
    (TupleLiteralExpr
     (TupleType (FloatType) (FloatType) (FloatType) (FloatType))
     (FloatExpr (FloatType) 33)
     (FloatExpr (FloatType) 18)
     (CallExpr (FloatType) atan (FloatExpr (FloatType) 3))
     (CallExpr (FloatType) to_float (VarExpr (IntType) a)))))
  0)
 "a.png")
(FnCmd
 a
 ((TupleBinding) (VarBinding (ArrayArgument b c d e) (ArrayType (BoolType) 3)))
 (BoolType)
 (LetStmt
  (ArgLValue (VarArgument f))
  (CallExpr
   (FloatType)
   acos
   (CallExpr
    (FloatType)
    cos
    (CallExpr
     (FloatType)
     sin
     (CallExpr
      (FloatType)
      atan
      (UnopExpr (FloatType) - (FloatExpr (FloatType) 94)))))))
 (LetStmt
  (ArgLValue (ArrayArgument g h i j))
  (ArrayLoopExpr
   (ArrayType (FloatType) 3)
   g
   (VarExpr (IntType) e)
   h
   (IfExpr
    (IntType)
    (CallExpr
     (BoolType)
     a
     (ArrayIndexExpr
      (TupleType)
      (ArrayLoopExpr
       (ArrayType (TupleType) 3)
       g
       (VarExpr (IntType) d)
       h
       (VarExpr (IntType) argnum)
       i
       (VarExpr (IntType) argnum)
       (TupleLiteralExpr (TupleType)))
      (UnopExpr (IntType) - (VarExpr (IntType) c))
      (VarExpr (IntType) argnum)
      (VarExpr (IntType) d))
     (IfExpr
      (ArrayType (BoolType) 3)
      (UnopExpr (BoolType) ! (TrueExpr (BoolType)))
      (ArrayLoopExpr
       (ArrayType (BoolType) 3)
       g
       (IntExpr (IntType) 883)
       h
       (IntExpr (IntType) 13)
       i
       (VarExpr (IntType) argnum)
       (TrueExpr (BoolType)))
      (ArrayLoopExpr
       (ArrayType (BoolType) 3)
       g
       (VarExpr (IntType) e)
       h
       (VarExpr (IntType) c)
       i
       (VarExpr (IntType) argnum)
       (FalseExpr (BoolType)))))
    (SumLoopExpr
     (IntType)
     g
     (SumLoopExpr
      (IntType)
      g
      (IfExpr
       (IntType)
       (TrueExpr (BoolType))
       (IntExpr (IntType) 639)
       (VarExpr (IntType) e))
      h
      (UnopExpr (IntType) - (VarExpr (IntType) argnum))
      i
      (UnopExpr (IntType) - (VarExpr (IntType) c))
      (UnopExpr (IntType) - (VarExpr (IntType) c)))
     h
     (IfExpr
      (IntType)
      (BinopExpr (BoolType) (VarExpr (IntType) d) >= (IntExpr (IntType) 868))
      (IntExpr (IntType) 535)
      (VarExpr (IntType) argnum))
     i
     (VarExpr (IntType) c)
     (IntExpr (IntType) 332))
    (IfExpr
     (IntType)
     (CallExpr
      (BoolType)
      a
      (IfExpr
       (TupleType)
       (FalseExpr (BoolType))
       (TupleLiteralExpr (TupleType))
       (TupleLiteralExpr (TupleType)))
      (VarExpr (ArrayType (BoolType) 3) b))
     (TupleIndexExpr
      (IntType)
      (TupleLiteralExpr
       (TupleType (IntType) (IntType) (ArrayType (BoolType) 3))
       (VarExpr (IntType) e)
       (VarExpr (IntType) argnum)
       (VarExpr (ArrayType (BoolType) 3) b))
      0)
     (CallExpr
      (IntType)
      to_int
      (CallExpr (FloatType) sin (FloatExpr (FloatType) 26)))))
   i
   (CallExpr
    (IntType)
    to_int
    (UnopExpr
     (FloatType)
     -
     (CallExpr
      (FloatType)
      atan
      (CallExpr (FloatType) log (VarExpr (FloatType) f)))))
   (CallExpr (FloatType) asin (VarExpr (FloatType) f))))
 (LetStmt
  (ArgLValue (VarArgument k))
  (TupleIndexExpr
   (IntType)
   (IfExpr
    (TupleType (IntType))
    (UnopExpr
     (BoolType)
     !
     (BinopExpr
      (BoolType)
      (BinopExpr (BoolType) (VarExpr (IntType) e) < (VarExpr (IntType) e))
      &&
      (FalseExpr (BoolType))))
    (TupleIndexExpr
     (TupleType (IntType))
     (TupleLiteralExpr
      (TupleType (TupleType (IntType)) (FloatType) (ArrayType (IntType) 1))
      (TupleLiteralExpr (TupleType (IntType)) (VarExpr (IntType) argnum))
      (CallExpr (FloatType) acos (FloatExpr (FloatType) 96))
      (VarExpr (ArrayType (IntType) 1) args))
     0)
    (ArrayIndexExpr
     (TupleType (IntType))
     (ArrayLoopExpr
      (ArrayType (TupleType (IntType)) 2)
      k
      (BinopExpr (IntType) (VarExpr (IntType) d) * (VarExpr (IntType) i))
      l
      (VarExpr (IntType) c)
      (TupleLiteralExpr (TupleType (IntType)) (VarExpr (IntType) e)))
     (VarExpr (IntType) c)
     (CallExpr
      (IntType)
      to_int
      (BinopExpr
       (FloatType)
       (FloatExpr (FloatType) 86)
       *
       (VarExpr (FloatType) f)))))
   0))
 (LetStmt
  (ArgLValue (ArrayArgument l m n))
  (IfExpr
   (ArrayType (FloatType) 2)
   (ArrayIndexExpr
    (BoolType)
    (VarExpr (ArrayType (BoolType) 3) b)
    (UnopExpr
     (IntType)
     -
     (SumLoopExpr
      (IntType)
      l
      (VarExpr (IntType) h)
      m
      (VarExpr (IntType) h)
      n
      (SumLoopExpr
       (IntType)
       l
       (IntExpr (IntType) 112)
       m
       (VarExpr (IntType) k)
       n
       (VarExpr (IntType) c)
       (VarExpr (IntType) e))
      (VarExpr (IntType) k)))
    (VarExpr (IntType) k)
    (VarExpr (IntType) j))
   (ArrayLoopExpr
    (ArrayType (FloatType) 2)
    l
    (VarExpr (IntType) d)
    m
    (VarExpr (IntType) j)
    (VarExpr (FloatType) f))
   (ArrayIndexExpr
    (ArrayType (FloatType) 2)
    (ArrayLoopExpr
     (ArrayType (ArrayType (FloatType) 2) 2)
     l
     (VarExpr (IntType) c)
     m
     (VarExpr (IntType) j)
     (ArrayLoopExpr
      (ArrayType (FloatType) 2)
      n
      (VarExpr (IntType) e)
      o
      (VarExpr (IntType) i)
      (CallExpr (FloatType) exp (FloatExpr (FloatType) 55))))
    (TupleIndexExpr
     (IntType)
     (TupleLiteralExpr
      (TupleType (FloatType) (IntType) (FloatType))
      (CallExpr (FloatType) cos (VarExpr (FloatType) f))
      (VarExpr (IntType) h)
      (VarExpr (FloatType) f))
     1)
    (VarExpr (IntType) d))))
 (ReturnStmt
  (IfExpr
   (BoolType)
   (BinopExpr
    (BoolType)
    (CallExpr
     (FloatType)
     asin
     (CallExpr (FloatType) log (FloatExpr (FloatType) 65)))
    !=
    (CallExpr
     (FloatType)
     sqrt
     (ArrayIndexExpr
      (FloatType)
      (IfExpr
       (ArrayType (FloatType) 2)
       (TrueExpr (BoolType))
       (VarExpr (ArrayType (FloatType) 2) l)
       (VarExpr (ArrayType (FloatType) 2) l))
      (UnopExpr (IntType) - (VarExpr (IntType) i))
      (UnopExpr (IntType) - (VarExpr (IntType) n)))))
   (BinopExpr (BoolType) (IntExpr (IntType) 792) > (VarExpr (IntType) n))
   (UnopExpr
    (BoolType)
    !
    (BinopExpr (BoolType) (VarExpr (IntType) c) == (VarExpr (IntType) j))))))
(LetCmd
 (TupleLValue (TupleLValue (ArgLValue (VarArgument b))))
 (IfExpr
  (TupleType (TupleType (FloatType)))
  (IfExpr
   (BoolType)
   (BinopExpr
    (BoolType)
    (ArrayIndexExpr
     (IntType)
     (ArrayLoopExpr
      (ArrayType (IntType) 2)
      b
      (IntExpr (IntType) 617)
      c
      (VarExpr (IntType) argnum)
      (VarExpr (IntType) b))
     (BinopExpr (IntType) (VarExpr (IntType) argnum) / (IntExpr (IntType) 967))
     (IntExpr (IntType) 844))
    >=
    (VarExpr (IntType) argnum))
   (FalseExpr (BoolType))
   (ArrayIndexExpr
    (BoolType)
    (ArrayLoopExpr
     (ArrayType (BoolType) 2)
     b
     (CallExpr (IntType) to_int (FloatExpr (FloatType) 68))
     c
     (UnopExpr (IntType) - (IntExpr (IntType) 350))
     (BinopExpr
      (BoolType)
      (VarExpr (IntType) argnum)
      <
      (VarExpr (IntType) argnum)))
    (CallExpr
     (IntType)
     to_int
     (CallExpr (FloatType) to_float (VarExpr (IntType) argnum)))
    (TupleIndexExpr
     (IntType)
     (TupleLiteralExpr
      (TupleType (IntType) (IntType))
      (IntExpr (IntType) 802)
      (VarExpr (IntType) argnum))
     1)))
  (TupleLiteralExpr
   (TupleType (TupleType (FloatType)))
   (ArrayIndexExpr
    (TupleType (FloatType))
    (ArrayLoopExpr
     (ArrayType (TupleType (FloatType)) 3)
     b
     (VarExpr (IntType) argnum)
     c
     (IfExpr
      (IntType)
      (FalseExpr (BoolType))
      (VarExpr (IntType) argnum)
      (VarExpr (IntType) argnum))
     d
     (VarExpr (IntType) argnum)
     (TupleLiteralExpr (TupleType (FloatType)) (FloatExpr (FloatType) 44)))
    (IfExpr
     (IntType)
     (TrueExpr (BoolType))
     (ArrayIndexExpr
      (IntType)
      (VarExpr (ArrayType (IntType) 1) args)
      (VarExpr (IntType) argnum))
     (UnopExpr (IntType) - (IntExpr (IntType) 730)))
    (IntExpr (IntType) 218)
    (BinopExpr
     (IntType)
     (UnopExpr (IntType) - (IntExpr (IntType) 667))
     *
     (VarExpr (IntType) argnum))))
  (TupleLiteralExpr
   (TupleType (TupleType (FloatType)))
   (IfExpr
    (TupleType (FloatType))
    (BinopExpr
     (BoolType)
     (VarExpr (IntType) argnum)
     ==
     (SumLoopExpr (IntType) b (VarExpr (IntType) argnum) (VarExpr (IntType) b)))
    (TupleLiteralExpr
     (TupleType (FloatType))
     (CallExpr (FloatType) asin (FloatExpr (FloatType) 91)))
    (TupleLiteralExpr
     (TupleType (FloatType))
     (CallExpr (FloatType) to_float (IntExpr (IntType) 32)))))))
(LetCmd
 (ArgLValue (ArrayArgument c d e f))
 (TupleIndexExpr
  (ArrayType (IntType) 3)
  (IfExpr
   (TupleType (FloatType) (IntType) (ArrayType (IntType) 3))
   (BinopExpr
    (BoolType)
    (CallExpr (FloatType) sqrt (FloatExpr (FloatType) 80))
    ==
    (CallExpr
     (FloatType)
     atan2
     (VarExpr (FloatType) b)
     (CallExpr (FloatType) tan (FloatExpr (FloatType) 98))))
   (TupleLiteralExpr
    (TupleType (FloatType) (IntType) (ArrayType (IntType) 3))
    (CallExpr (FloatType) atan (VarExpr (FloatType) b))
    (UnopExpr (IntType) - (UnopExpr (IntType) - (IntExpr (IntType) 733)))
    (ArrayLoopExpr
     (ArrayType (IntType) 3)
     c
     (IntExpr (IntType) 405)
     d
     (VarExpr (IntType) argnum)
     e
     (CallExpr (IntType) to_int (VarExpr (FloatType) b))
     (CallExpr (IntType) to_int (FloatExpr (FloatType) 88))))
   (TupleLiteralExpr
    (TupleType (FloatType) (IntType) (ArrayType (IntType) 3))
    (BinopExpr
     (FloatType)
     (CallExpr (FloatType) asin (VarExpr (FloatType) b))
     %
     (UnopExpr (FloatType) - (VarExpr (FloatType) b)))
    (BinopExpr
     (IntType)
     (CallExpr (IntType) to_int (VarExpr (FloatType) b))
     %
     (UnopExpr (IntType) - (VarExpr (IntType) argnum)))
    (ArrayLoopExpr
     (ArrayType (IntType) 3)
     c
     (IfExpr
      (IntType)
      (TrueExpr (BoolType))
      (VarExpr (IntType) argnum)
      (IntExpr (IntType) 603))
     d
     (SumLoopExpr
      (IntType)
      c
      (IntExpr (IntType) 641)
      d
      (IntExpr (IntType) 530)
      (VarExpr (IntType) c))
     e
     (UnopExpr (IntType) - (IntExpr (IntType) 805))
     (VarExpr (IntType) argnum))))
  2))
(FnCmd
 g
 ()
 (BoolType)
 (LetStmt
  (TupleLValue
   (TupleLValue
    (TupleLValue (ArgLValue (ArrayArgument h i)) (ArgLValue (VarArgument j)))
    (ArgLValue (ArrayArgument k l))))
  (ArrayIndexExpr
   (TupleType
    (TupleType
     (TupleType (ArrayType (IntType) 1) (FloatType))
     (ArrayType (IntType) 1)))
   (ArrayLoopExpr
    (ArrayType
     (TupleType
      (TupleType
       (TupleType (ArrayType (IntType) 1) (FloatType))
       (ArrayType (IntType) 1)))
     2)
    h
    (UnopExpr (IntType) - (VarExpr (IntType) d))
    i
    (UnopExpr (IntType) - (VarExpr (IntType) e))
    (TupleLiteralExpr
     (TupleType
      (TupleType
       (TupleType (ArrayType (IntType) 1) (FloatType))
       (ArrayType (IntType) 1)))
     (TupleLiteralExpr
      (TupleType
       (TupleType (ArrayType (IntType) 1) (FloatType))
       (ArrayType (IntType) 1))
      (TupleLiteralExpr
       (TupleType (ArrayType (IntType) 1) (FloatType))
       (VarExpr (ArrayType (IntType) 1) args)
       (FloatExpr (FloatType) 70))
      (VarExpr (ArrayType (IntType) 1) args))))
   (ArrayIndexExpr
    (IntType)
    (ArrayIndexExpr
     (ArrayType (IntType) 1)
     (ArrayLoopExpr
      (ArrayType (ArrayType (IntType) 1) 2)
      h
      (VarExpr (IntType) e)
      i
      (CallExpr (IntType) to_int (FloatExpr (FloatType) 57))
      (ArrayLoopExpr
       (ArrayType (IntType) 1)
       j
       (VarExpr (IntType) h)
       (VarExpr (IntType) argnum)))
     (CallExpr
      (IntType)
      to_int
      (CallExpr (FloatType) log (VarExpr (FloatType) b)))
     (VarExpr (IntType) f))
    (VarExpr (IntType) argnum))
   (VarExpr (IntType) d)))
 (LetStmt
  (ArgLValue (ArrayArgument m n o p))
  (VarExpr (ArrayType (IntType) 3) c))
 (LetStmt
  (ArgLValue (ArrayArgument q r))
  (ArrayLoopExpr
   (ArrayType (IntType) 1)
   q
   (IntExpr (IntType) 40)
   (SumLoopExpr (IntType) r (VarExpr (IntType) l) (VarExpr (IntType) o))))
 (LetStmt
  (ArgLValue (ArrayArgument s t u))
  (IfExpr
   (ArrayType (BoolType) 2)
   (FalseExpr (BoolType))
   (ArrayLoopExpr
    (ArrayType (BoolType) 2)
    s
    (ArrayIndexExpr
     (IntType)
     (IfExpr
      (ArrayType (IntType) 3)
      (UnopExpr (BoolType) ! (CallExpr (BoolType) g))
      (VarExpr (ArrayType (IntType) 3) m)
      (ArrayLoopExpr
       (ArrayType (IntType) 3)
       s
       (VarExpr (IntType) l)
       t
       (VarExpr (IntType) i)
       u
       (VarExpr (IntType) f)
       (VarExpr (IntType) d)))
     (VarExpr (IntType) e)
     (VarExpr (IntType) d)
     (CallExpr
      (IntType)
      to_int
      (CallExpr (FloatType) sqrt (FloatExpr (FloatType) 55))))
    t
    (VarExpr (IntType) o)
    (UnopExpr (BoolType) ! (TrueExpr (BoolType))))
   (ArrayIndexExpr
    (ArrayType (BoolType) 2)
    (ArrayLoopExpr
     (ArrayType (ArrayType (BoolType) 2) 3)
     s
     (ArrayIndexExpr
      (IntType)
      (ArrayLoopExpr
       (ArrayType (IntType) 3)
       s
       (IntExpr (IntType) 363)
       t
       (VarExpr (IntType) p)
       u
       (IntExpr (IntType) 228)
       (VarExpr (IntType) s))
      (VarExpr (IntType) p)
      (BinopExpr (IntType) (VarExpr (IntType) e) % (VarExpr (IntType) argnum))
      (VarExpr (IntType) i))
     t
     (BinopExpr (IntType) (IntExpr (IntType) 965) - (VarExpr (IntType) l))
     u
     (IntExpr (IntType) 860)
     (IfExpr
      (ArrayType (BoolType) 2)
      (UnopExpr (BoolType) ! (CallExpr (BoolType) g))
      (ArrayLoopExpr
       (ArrayType (BoolType) 2)
       v
       (VarExpr (IntType) o)
       w
       (VarExpr (IntType) o)
       (FalseExpr (BoolType)))
      (ArrayLoopExpr
       (ArrayType (BoolType) 2)
       v
       (VarExpr (IntType) t)
       w
       (VarExpr (IntType) u)
       (CallExpr (BoolType) g))))
    (VarExpr (IntType) f)
    (VarExpr (IntType) n)
    (VarExpr (IntType) f))))
 (ReturnStmt
  (ArrayIndexExpr
   (BoolType)
   (ArrayLoopExpr
    (ArrayType (BoolType) 2)
    v
    (VarExpr (IntType) n)
    w
    (VarExpr (IntType) p)
    (CallExpr (BoolType) g))
   (BinopExpr
    (IntType)
    (BinopExpr
     (IntType)
     (TupleIndexExpr
      (IntType)
      (TupleLiteralExpr (TupleType (IntType)) (VarExpr (IntType) n))
      0)
     %
     (TupleIndexExpr
      (IntType)
      (TupleLiteralExpr
       (TupleType (IntType) (IntType))
       (VarExpr (IntType) o)
       (VarExpr (IntType) f))
      0))
    /
    (VarExpr (IntType) f))
   (VarExpr (IntType) i))))
(TimeCmd
 (LetCmd
  (ArgLValue (ArrayArgument h i))
  (TupleIndexExpr
   (ArrayType (IntType) 1)
   (ArrayIndexExpr
    (TupleType (ArrayType (IntType) 1) (IntType))
    (ArrayLiteralExpr
     (ArrayType (TupleType (ArrayType (IntType) 1) (IntType)) 1)
     (TupleLiteralExpr
      (TupleType (ArrayType (IntType) 1) (IntType))
      (VarExpr (ArrayType (IntType) 1) args)
      (VarExpr (IntType) d)))
    (TupleIndexExpr
     (IntType)
     (TupleLiteralExpr (TupleType (IntType)) (VarExpr (IntType) argnum))
     0))
   0)))
(LetCmd
 (ArgLValue (VarArgument j))
 (BinopExpr
  (BoolType)
  (IfExpr
   (BoolType)
   (BinopExpr
    (BoolType)
    (IntExpr (IntType) 496)
    ==
    (TupleIndexExpr
     (IntType)
     (TupleLiteralExpr
      (TupleType (IntType) (IntType))
      (VarExpr (IntType) d)
      (VarExpr (IntType) f))
     1))
   (TupleIndexExpr
    (BoolType)
    (IfExpr
     (TupleType (ArrayType (IntType) 1) (ArrayType (IntType) 1) (BoolType))
     (FalseExpr (BoolType))
     (TupleLiteralExpr
      (TupleType (ArrayType (IntType) 1) (ArrayType (IntType) 1) (BoolType))
      (VarExpr (ArrayType (IntType) 1) args)
      (VarExpr (ArrayType (IntType) 1) args)
      (CallExpr (BoolType) g))
     (TupleLiteralExpr
      (TupleType (ArrayType (IntType) 1) (ArrayType (IntType) 1) (BoolType))
      (VarExpr (ArrayType (IntType) 1) h)
      (VarExpr (ArrayType (IntType) 1) args)
      (FalseExpr (BoolType))))
    2)
   (IfExpr
    (BoolType)
    (ArrayIndexExpr
     (BoolType)
     (ArrayLoopExpr
      (ArrayType (BoolType) 2)
      j
      (VarExpr (IntType) f)
      k
      (VarExpr (IntType) e)
      (TrueExpr (BoolType)))
     (ArrayIndexExpr
      (IntType)
      (VarExpr (ArrayType (IntType) 3) c)
      (VarExpr (IntType) i)
      (VarExpr (IntType) d)
      (VarExpr (IntType) d))
     (VarExpr (IntType) i))
    (IfExpr
     (BoolType)
     (UnopExpr (BoolType) ! (TrueExpr (BoolType)))
     (BinopExpr (BoolType) (VarExpr (IntType) f) > (VarExpr (IntType) i))
     (FalseExpr (BoolType)))
    (BinopExpr
     (BoolType)
     (UnopExpr (IntType) - (IntExpr (IntType) 132))
     ==
     (UnopExpr (IntType) - (VarExpr (IntType) i)))))
  ||
  (ArrayIndexExpr
   (BoolType)
   (IfExpr
    (ArrayType (BoolType) 2)
    (TrueExpr (BoolType))
    (ArrayLoopExpr
     (ArrayType (BoolType) 2)
     j
     (VarExpr (IntType) argnum)
     k
     (VarExpr (IntType) i)
     (TrueExpr (BoolType)))
    (ArrayLoopExpr
     (ArrayType (BoolType) 2)
     j
     (VarExpr (IntType) i)
     k
     (ArrayIndexExpr
      (IntType)
      (VarExpr (ArrayType (IntType) 1) args)
      (VarExpr (IntType) f))
     (BinopExpr (BoolType) (CallExpr (BoolType) g) || (CallExpr (BoolType) g))))
   (CallExpr
    (IntType)
    to_int
    (CallExpr
     (FloatType)
     sin
     (CallExpr (FloatType) tan (VarExpr (FloatType) b))))
   (UnopExpr
    (IntType)
    -
    (ArrayIndexExpr
     (IntType)
     (IfExpr
      (ArrayType (IntType) 3)
      (CallExpr (BoolType) g)
      (VarExpr (ArrayType (IntType) 3) c)
      (VarExpr (ArrayType (IntType) 3) c))
     (VarExpr (IntType) argnum)
     (VarExpr (IntType) e)
     (CallExpr (IntType) to_int (FloatExpr (FloatType) 19)))))))
(WriteCmd
 (TupleIndexExpr
  (ArrayType (TupleType (FloatType) (FloatType) (FloatType) (FloatType)) 2)
  (TupleLiteralExpr
   (TupleType
    (ArrayType (TupleType (FloatType) (FloatType) (FloatType) (FloatType)) 2)
    (FloatType)
    (BoolType))
   (ArrayLoopExpr
    (ArrayType (TupleType (FloatType) (FloatType) (FloatType) (FloatType)) 2)
    k
    (IntExpr (IntType) 977)
    l
    (TupleIndexExpr
     (IntType)
     (TupleLiteralExpr
      (TupleType (ArrayType (IntType) 1) (IntType))
      (VarExpr (ArrayType (IntType) 1) args)
      (VarExpr (IntType) i))
     1)
    (TupleLiteralExpr
     (TupleType (FloatType) (FloatType) (FloatType) (FloatType))
     (BinopExpr (FloatType) (VarExpr (FloatType) b) * (VarExpr (FloatType) b))
     (CallExpr (FloatType) sqrt (VarExpr (FloatType) b))
     (VarExpr (FloatType) b)
     (FloatExpr (FloatType) 60)))
   (CallExpr
    (FloatType)
    pow
    (CallExpr
     (FloatType)
     atan2
     (CallExpr (FloatType) sqrt (FloatExpr (FloatType) 51))
     (CallExpr (FloatType) exp (VarExpr (FloatType) b)))
    (CallExpr
     (FloatType)
     exp
     (CallExpr (FloatType) to_float (VarExpr (IntType) f))))
   (UnopExpr
    (BoolType)
    !
    (BinopExpr
     (BoolType)
     (CallExpr (FloatType) log (FloatExpr (FloatType) 17))
     !=
     (CallExpr (FloatType) to_float (VarExpr (IntType) e)))))
  0)
 "k.png")
(LetCmd (ArgLValue (VarArgument k)) (VarExpr (ArrayType (IntType) 3) c))
(LetCmd
 (TupleLValue
  (TupleLValue)
  (ArgLValue (ArrayArgument l m))
  (ArgLValue (VarArgument n)))
 (ArrayIndexExpr
  (TupleType (TupleType) (ArrayType (IntType) 1) (FloatType))
  (IfExpr
   (ArrayType (TupleType (TupleType) (ArrayType (IntType) 1) (FloatType)) 1)
   (IfExpr
    (BoolType)
    (CallExpr (BoolType) g)
    (VarExpr (BoolType) j)
    (CallExpr (BoolType) g))
   (ArrayLiteralExpr
    (ArrayType (TupleType (TupleType) (ArrayType (IntType) 1) (FloatType)) 1)
    (IfExpr
     (TupleType (TupleType) (ArrayType (IntType) 1) (FloatType))
     (VarExpr (BoolType) j)
     (TupleLiteralExpr
      (TupleType (TupleType) (ArrayType (IntType) 1) (FloatType))
      (TupleLiteralExpr (TupleType))
      (VarExpr (ArrayType (IntType) 1) args)
      (FloatExpr (FloatType) 39))
     (TupleLiteralExpr
      (TupleType (TupleType) (ArrayType (IntType) 1) (FloatType))
      (TupleLiteralExpr (TupleType))
      (VarExpr (ArrayType (IntType) 1) h)
      (FloatExpr (FloatType) 47)))
    (TupleLiteralExpr
     (TupleType (TupleType) (ArrayType (IntType) 1) (FloatType))
     (IfExpr
      (TupleType)
      (CallExpr (BoolType) g)
      (TupleLiteralExpr (TupleType))
      (TupleLiteralExpr (TupleType)))
     (ArrayLiteralExpr (ArrayType (IntType) 1) (VarExpr (IntType) i))
     (CallExpr (FloatType) to_float (VarExpr (IntType) i)))
    (TupleLiteralExpr
     (TupleType (TupleType) (ArrayType (IntType) 1) (FloatType))
     (TupleLiteralExpr (TupleType))
     (VarExpr (ArrayType (IntType) 1) args)
     (VarExpr (FloatType) b)))
   (ArrayLiteralExpr
    (ArrayType (TupleType (TupleType) (ArrayType (IntType) 1) (FloatType)) 1)
    (TupleLiteralExpr
     (TupleType (TupleType) (ArrayType (IntType) 1) (FloatType))
     (IfExpr
      (TupleType)
      (CallExpr (BoolType) g)
      (TupleLiteralExpr (TupleType))
      (TupleLiteralExpr (TupleType)))
     (ArrayLoopExpr
      (ArrayType (IntType) 1)
      l
      (VarExpr (IntType) i)
      (VarExpr (IntType) l))
     (CallExpr (FloatType) acos (FloatExpr (FloatType) 32)))))
  (BinopExpr
   (IntType)
   (VarExpr (IntType) f)
   *
   (UnopExpr
    (IntType)
    -
    (IfExpr
     (IntType)
     (UnopExpr (BoolType) ! (CallExpr (BoolType) g))
     (VarExpr (IntType) f)
     (VarExpr (IntType) e))))))
(ReadCmd "o.png" (VarArgument o))
(PrintCmd "p")
