(ShowCmd
 (ArrayIndexExpr
  (TupleType)
  (ArrayLiteralExpr
   (ArrayType (TupleType) 1)
   (TupleLiteralExpr (TupleType))
   (TupleIndexExpr
    (TupleType)
    (TupleLiteralExpr
     (TupleType (IntType) (TupleType))
     (SumLoopExpr
      (IntType)
      a
      (VarExpr (IntType) argnum)
      (VarExpr (IntType) argnum))
     (TupleLiteralExpr (TupleType)))
    1)
   (TupleIndexExpr
    (TupleType)
    (TupleLiteralExpr
     (TupleType (IntType) (FloatType) (TupleType))
     (UnopExpr (IntType) - (VarExpr (IntType) argnum))
     (FloatExpr (FloatType) 32)
     (TupleLiteralExpr (TupleType)))
    2))
  (UnopExpr
   (IntType)
   -
   (TupleIndexExpr
    (IntType)
    (TupleLiteralExpr (TupleType (IntType)) (IntExpr (IntType) 484))
    0))))
(LetCmd
 (ArgLValue (ArrayArgument a b c d))
 (TupleIndexExpr
  (ArrayType (BoolType) 3)
  (TupleLiteralExpr
   (TupleType (ArrayType (BoolType) 3) (BoolType))
   (ArrayIndexExpr
    (ArrayType (BoolType) 3)
    (ArrayLoopExpr
     (ArrayType (ArrayType (BoolType) 3) 2)
     a
     (VarExpr (IntType) argnum)
     b
     (SumLoopExpr (IntType) a (IntExpr (IntType) 689) (VarExpr (IntType) a))
     (ArrayLoopExpr
      (ArrayType (BoolType) 3)
      c
      (IntExpr (IntType) 67)
      d
      (VarExpr (IntType) b)
      e
      (VarExpr (IntType) a)
      (TrueExpr (BoolType))))
    (IfExpr
     (IntType)
     (TrueExpr (BoolType))
     (UnopExpr (IntType) - (IntExpr (IntType) 845))
     (VarExpr (IntType) argnum))
    (CallExpr
     (IntType)
     to_int
     (CallExpr (FloatType) acos (FloatExpr (FloatType) 22))))
   (BinopExpr
    (BoolType)
    (UnopExpr
     (BoolType)
     !
     (BinopExpr (BoolType) (FalseExpr (BoolType)) == (TrueExpr (BoolType))))
    &&
    (UnopExpr
     (BoolType)
     !
     (BinopExpr
      (BoolType)
      (FloatExpr (FloatType) 32)
      <=
      (FloatExpr (FloatType) 85)))))
  0))
(WriteCmd
 (ArrayLoopExpr
  (ArrayType (TupleType (FloatType) (FloatType) (FloatType) (FloatType)) 2)
  e
  (VarExpr (IntType) d)
  f
  (TupleIndexExpr
   (IntType)
   (TupleLiteralExpr
    (TupleType (FloatType) (IntType))
    (CallExpr
     (FloatType)
     acos
     (CallExpr (FloatType) tan (FloatExpr (FloatType) 55)))
    (UnopExpr (IntType) - (UnopExpr (IntType) - (VarExpr (IntType) b))))
   1)
  (IfExpr
   (TupleType (FloatType) (FloatType) (FloatType) (FloatType))
   (UnopExpr
    (BoolType)
    !
    (BinopExpr
     (BoolType)
     (IntExpr (IntType) 131)
     <=
     (UnopExpr (IntType) - (VarExpr (IntType) b))))
   (TupleLiteralExpr
    (TupleType (FloatType) (FloatType) (FloatType) (FloatType))
    (CallExpr
     (FloatType)
     atan
     (CallExpr
      (FloatType)
      pow
      (FloatExpr (FloatType) 11)
      (FloatExpr (FloatType) 96)))
    (CallExpr (FloatType) exp (FloatExpr (FloatType) 74))
    (CallExpr
     (FloatType)
     atan2
     (CallExpr (FloatType) cos (FloatExpr (FloatType) 78))
     (CallExpr (FloatType) log (FloatExpr (FloatType) 43)))
    (SumLoopExpr
     (FloatType)
     g
     (VarExpr (IntType) c)
     h
     (VarExpr (IntType) b)
     (CallExpr (FloatType) log (FloatExpr (FloatType) 98))))
   (TupleLiteralExpr
    (TupleType (FloatType) (FloatType) (FloatType) (FloatType))
    (CallExpr
     (FloatType)
     sqrt
     (CallExpr (FloatType) to_float (VarExpr (IntType) d)))
    (IfExpr
     (FloatType)
     (FalseExpr (BoolType))
     (SumLoopExpr
      (FloatType)
      g
      (VarExpr (IntType) e)
      h
      (VarExpr (IntType) c)
      (FloatExpr (FloatType) 78))
     (CallExpr (FloatType) sqrt (FloatExpr (FloatType) 57)))
    (CallExpr
     (FloatType)
     log
     (CallExpr (FloatType) to_float (VarExpr (IntType) e)))
    (CallExpr
     (FloatType)
     sqrt
     (CallExpr (FloatType) to_float (VarExpr (IntType) c))))))
 "e.png")
(ShowCmd
 (BinopExpr
  (BoolType)
  (BinopExpr
   (BoolType)
   (SumLoopExpr (IntType) e (VarExpr (IntType) d) (VarExpr (IntType) e))
   !=
   (ArrayIndexExpr
    (IntType)
    (IfExpr
     (ArrayType (IntType) 2)
     (TrueExpr (BoolType))
     (ArrayLoopExpr
      (ArrayType (IntType) 2)
      e
      (VarExpr (IntType) argnum)
      f
      (IntExpr (IntType) 977)
      (VarExpr (IntType) d))
     (ArrayLoopExpr
      (ArrayType (IntType) 2)
      e
      (VarExpr (IntType) c)
      f
      (IntExpr (IntType) 969)
      (VarExpr (IntType) d)))
    (VarExpr (IntType) argnum)
    (ArrayIndexExpr
     (IntType)
     (ArrayLoopExpr
      (ArrayType (IntType) 3)
      e
      (IntExpr (IntType) 152)
      f
      (VarExpr (IntType) d)
      g
      (VarExpr (IntType) argnum)
      (IntExpr (IntType) 754))
     (SumLoopExpr
      (IntType)
      e
      (VarExpr (IntType) argnum)
      f
      (VarExpr (IntType) c)
      (VarExpr (IntType) b))
     (UnopExpr (IntType) - (VarExpr (IntType) argnum))
     (VarExpr (IntType) b))))
  &&
  (BinopExpr
   (BoolType)
   (UnopExpr
    (FloatType)
    -
    (CallExpr
     (FloatType)
     to_float
     (ArrayIndexExpr
      (IntType)
      (VarExpr (ArrayType (IntType) 1) args)
      (VarExpr (IntType) c))))
   >
   (CallExpr
    (FloatType)
    log
    (CallExpr (FloatType) asin (FloatExpr (FloatType) 37))))))
(FnCmd
 e
 ((TupleBinding (VarBinding (VarArgument f) (TupleType (IntType))))
  (VarBinding (VarArgument g) (FloatType)))
 (IntType)
 (LetStmt
  (TupleLValue (ArgLValue (ArrayArgument h i j k)))
  (TupleIndexExpr
   (TupleType (ArrayType (IntType) 3))
   (TupleLiteralExpr
    (TupleType (TupleType (ArrayType (IntType) 3)) (IntType))
    (IfExpr
     (TupleType (ArrayType (IntType) 3))
     (UnopExpr (BoolType) ! (TrueExpr (BoolType)))
     (TupleLiteralExpr
      (TupleType (ArrayType (IntType) 3))
      (ArrayLoopExpr
       (ArrayType (IntType) 3)
       h
       (VarExpr (IntType) b)
       i
       (VarExpr (IntType) c)
       j
       (VarExpr (IntType) argnum)
       (VarExpr (IntType) argnum)))
     (TupleLiteralExpr
      (TupleType (ArrayType (IntType) 3))
      (ArrayLoopExpr
       (ArrayType (IntType) 3)
       h
       (VarExpr (IntType) d)
       i
       (VarExpr (IntType) d)
       j
       (VarExpr (IntType) b)
       (VarExpr (IntType) j))))
    (IfExpr
     (IntType)
     (ArrayIndexExpr
      (BoolType)
      (ArrayLiteralExpr
       (ArrayType (BoolType) 1)
       (TrueExpr (BoolType))
       (FalseExpr (BoolType))
       (FalseExpr (BoolType)))
      (TupleIndexExpr (IntType) (VarExpr (TupleType (IntType)) f) 0))
     (BinopExpr
      (IntType)
      (BinopExpr (IntType) (IntExpr (IntType) 319) * (IntExpr (IntType) 112))
      -
      (VarExpr (IntType) b))
     (UnopExpr (IntType) - (VarExpr (IntType) c))))
   0))
 (LetStmt
  (ArgLValue (ArrayArgument l m n o))
  (TupleIndexExpr
   (ArrayType (IntType) 3)
   (TupleIndexExpr
    (TupleType (ArrayType (IntType) 3))
    (IfExpr
     (TupleType (IntType) (TupleType (ArrayType (IntType) 3)) (IntType))
     (BinopExpr
      (BoolType)
      (CallExpr (FloatType) sqrt (VarExpr (FloatType) g))
      !=
      (CallExpr (FloatType) tan (VarExpr (FloatType) g)))
     (TupleLiteralExpr
      (TupleType (IntType) (TupleType (ArrayType (IntType) 3)) (IntType))
      (VarExpr (IntType) k)
      (TupleLiteralExpr
       (TupleType (ArrayType (IntType) 3))
       (VarExpr (ArrayType (IntType) 3) h))
      (VarExpr (IntType) i))
     (TupleLiteralExpr
      (TupleType (IntType) (TupleType (ArrayType (IntType) 3)) (IntType))
      (ArrayIndexExpr
       (IntType)
       (VarExpr (ArrayType (IntType) 3) h)
       (VarExpr (IntType) i)
       (VarExpr (IntType) j)
       (IntExpr (IntType) 954))
      (TupleLiteralExpr
       (TupleType (ArrayType (IntType) 3))
       (VarExpr (ArrayType (IntType) 3) h))
      (VarExpr (IntType) j)))
    1)
   0))
 (ReturnStmt
  (CallExpr
   (IntType)
   to_int
   (CallExpr
    (FloatType)
    log
    (CallExpr
     (FloatType)
     log
     (SumLoopExpr
      (FloatType)
      p
      (VarExpr (IntType) j)
      (FloatExpr (FloatType) 21))))))
 (LetStmt
  (TupleLValue
   (TupleLValue
    (ArgLValue (VarArgument p))
    (TupleLValue (ArgLValue (ArrayArgument q r s)) (ArgLValue (VarArgument t))))
   (ArgLValue (VarArgument u)))
  (TupleLiteralExpr
   (TupleType
    (TupleType (IntType) (TupleType (ArrayType (BoolType) 2) (FloatType)))
    (BoolType))
   (TupleLiteralExpr
    (TupleType (IntType) (TupleType (ArrayType (BoolType) 2) (FloatType)))
    (BinopExpr (IntType) (VarExpr (IntType) b) * (VarExpr (IntType) b))
    (TupleLiteralExpr
     (TupleType (ArrayType (BoolType) 2) (FloatType))
     (ArrayLoopExpr
      (ArrayType (BoolType) 2)
      p
      (SumLoopExpr (IntType) p (VarExpr (IntType) m) (VarExpr (IntType) j))
      q
      (VarExpr (IntType) n)
      (BinopExpr (BoolType) (VarExpr (IntType) m) < (VarExpr (IntType) o)))
     (CallExpr
      (FloatType)
      asin
      (CallExpr (FloatType) exp (FloatExpr (FloatType) 49)))))
   (UnopExpr
    (BoolType)
    !
    (BinopExpr
     (BoolType)
     (BinopExpr
      (BoolType)
      (CallExpr (IntType) to_int (VarExpr (FloatType) g))
      >=
      (IntExpr (IntType) 460))
     ||
     (TrueExpr (BoolType))))))
 (ReturnStmt (VarExpr (IntType) k)))
(ReadCmd "f.png" (VarArgument f))
(LetCmd
 (TupleLValue (ArgLValue (ArrayArgument g h)))
 (TupleLiteralExpr
  (TupleType (ArrayType (FloatType) 1))
  (ArrayLoopExpr
   (ArrayType (FloatType) 1)
   g
   (IfExpr
    (IntType)
    (ArrayIndexExpr
     (BoolType)
     (ArrayLoopExpr
      (ArrayType (BoolType) 2)
      g
      (IntExpr (IntType) 583)
      h
      (VarExpr (IntType) argnum)
      (TrueExpr (BoolType)))
     (SumLoopExpr (IntType) g (VarExpr (IntType) b) (VarExpr (IntType) argnum))
     (VarExpr (IntType) d))
    (BinopExpr
     (IntType)
     (UnopExpr (IntType) - (VarExpr (IntType) d))
     %
     (BinopExpr (IntType) (VarExpr (IntType) argnum) - (VarExpr (IntType) c)))
    (UnopExpr
     (IntType)
     -
     (SumLoopExpr (IntType) g (VarExpr (IntType) d) (VarExpr (IntType) b))))
   (CallExpr
    (FloatType)
    sqrt
    (CallExpr (FloatType) sqrt (FloatExpr (FloatType) 36))))))
(LetCmd
 (ArgLValue (ArrayArgument i j k l))
 (ArrayLoopExpr
  (ArrayType (FloatType) 3)
  i
  (UnopExpr (IntType) - (VarExpr (IntType) h))
  j
  (TupleIndexExpr
   (IntType)
   (TupleLiteralExpr
    (TupleType (IntType) (BoolType))
    (VarExpr (IntType) b)
    (TrueExpr (BoolType)))
   0)
  k
  (IntExpr (IntType) 572)
  (BinopExpr
   (FloatType)
   (ArrayIndexExpr
    (FloatType)
    (ArrayLoopExpr
     (ArrayType (FloatType) 3)
     l
     (VarExpr (IntType) i)
     m
     (VarExpr (IntType) c)
     n
     (IntExpr (IntType) 908)
     (CallExpr (FloatType) cos (FloatExpr (FloatType) 33)))
    (VarExpr (IntType) j)
    (VarExpr (IntType) argnum)
    (IfExpr
     (IntType)
     (BinopExpr (BoolType) (TrueExpr (BoolType)) == (TrueExpr (BoolType)))
     (VarExpr (IntType) d)
     (VarExpr (IntType) b)))
   +
   (TupleIndexExpr
    (FloatType)
    (TupleLiteralExpr (TupleType (FloatType)) (FloatExpr (FloatType) 76))
    0))))
(FnCmd
 m
 ((VarBinding (ArrayArgument n o p q) (ArrayType (ArrayType (IntType) 2) 3))
  (VarBinding (ArrayArgument r s t) (ArrayType (IntType) 2)))
 (TupleType (BoolType) (FloatType))
 (AssertStmt
  (ArrayIndexExpr
   (BoolType)
   (ArrayIndexExpr
    (ArrayType (BoolType) 2)
    (ArrayLoopExpr
     (ArrayType (ArrayType (BoolType) 2) 3)
     u
     (VarExpr (IntType) d)
     v
     (SumLoopExpr
      (IntType)
      u
      (VarExpr (IntType) c)
      v
      (VarExpr (IntType) h)
      (VarExpr (IntType) o))
     w
     (CallExpr
      (IntType)
      to_int
      (CallExpr (FloatType) asin (FloatExpr (FloatType) 38)))
     (ArrayLoopExpr
      (ArrayType (BoolType) 2)
      x
      (VarExpr (IntType) h)
      y
      (VarExpr (IntType) k)
      (ArrayIndexExpr
       (BoolType)
       (VarExpr (ArrayType (BoolType) 3) a)
       (VarExpr (IntType) j)
       (IntExpr (IntType) 910)
       (VarExpr (IntType) j))))
    (IfExpr
     (IntType)
     (IfExpr
      (BoolType)
      (UnopExpr (BoolType) ! (TrueExpr (BoolType)))
      (TrueExpr (BoolType))
      (BinopExpr (BoolType) (FalseExpr (BoolType)) || (TrueExpr (BoolType))))
     (VarExpr (IntType) q)
     (UnopExpr
      (IntType)
      -
      (BinopExpr (IntType) (IntExpr (IntType) 7) + (VarExpr (IntType) l))))
    (VarExpr (IntType) p)
    (CallExpr
     (IntType)
     e
     (TupleLiteralExpr
      (TupleType (TupleType (IntType)))
      (TupleLiteralExpr (TupleType (IntType)) (VarExpr (IntType) b)))
     (UnopExpr (FloatType) - (FloatExpr (FloatType) 24))))
   (CallExpr
    (IntType)
    to_int
    (CallExpr
     (FloatType)
     pow
     (BinopExpr
      (FloatType)
      (CallExpr (FloatType) tan (FloatExpr (FloatType) 57))
      -
      (FloatExpr (FloatType) 33))
     (CallExpr
      (FloatType)
      asin
      (ArrayIndexExpr
       (FloatType)
       (VarExpr (ArrayType (FloatType) 1) g)
       (VarExpr (IntType) o)))))
   (VarExpr (IntType) b))
  "u")
 (LetStmt
  (TupleLValue (ArgLValue (VarArgument u)))
  (ArrayIndexExpr
   (TupleType (FloatType))
   (ArrayIndexExpr
    (ArrayType (TupleType (FloatType)) 2)
    (ArrayLoopExpr
     (ArrayType (ArrayType (TupleType (FloatType)) 2) 1)
     u
     (VarExpr (IntType) q)
     (ArrayLoopExpr
      (ArrayType (TupleType (FloatType)) 2)
      v
      (UnopExpr (IntType) - (VarExpr (IntType) j))
      w
      (VarExpr (IntType) d)
      (TupleLiteralExpr (TupleType (FloatType)) (FloatExpr (FloatType) 8))))
    (ArrayIndexExpr
     (IntType)
     (ArrayLiteralExpr (ArrayType (IntType) 1) (VarExpr (IntType) o))
     (VarExpr (IntType) h)))
   (VarExpr (IntType) j)
   (IfExpr
    (IntType)
    (BinopExpr
     (BoolType)
     (CallExpr
      (FloatType)
      cos
      (CallExpr (FloatType) cos (FloatExpr (FloatType) 49)))
     ==
     (ArrayIndexExpr
      (FloatType)
      (ArrayLoopExpr
       (ArrayType (FloatType) 2)
       u
       (VarExpr (IntType) k)
       v
       (VarExpr (IntType) b)
       (FloatExpr (FloatType) 1))
      (VarExpr (IntType) p)
      (ArrayIndexExpr
       (IntType)
       (VarExpr (ArrayType (IntType) 1) args)
       (VarExpr (IntType) j))))
    (IntExpr (IntType) 739)
    (VarExpr (IntType) b))))
 (LetStmt
  (ArgLValue (ArrayArgument v w))
  (ArrayLiteralExpr
   (ArrayType (ArrayType (FloatType) 3) 1)
   (VarExpr (ArrayType (FloatType) 3) i)))
 (AssertStmt
  (BinopExpr
   (BoolType)
   (CallExpr
    (FloatType)
    exp
    (ArrayIndexExpr
     (FloatType)
     (ArrayLoopExpr
      (ArrayType (FloatType) 2)
      x
      (VarExpr (IntType) argnum)
      y
      (UnopExpr (IntType) - (VarExpr (IntType) w))
      (CallExpr (FloatType) to_float (VarExpr (IntType) w)))
     (VarExpr (IntType) k)
     (VarExpr (IntType) w)))
   !=
   (UnopExpr
    (FloatType)
    -
    (CallExpr
     (FloatType)
     asin
     (IfExpr
      (FloatType)
      (IfExpr
       (BoolType)
       (TrueExpr (BoolType))
       (TrueExpr (BoolType))
       (TrueExpr (BoolType)))
      (SumLoopExpr
       (FloatType)
       x
       (VarExpr (IntType) q)
       y
       (VarExpr (IntType) j)
       (VarExpr (FloatType) u))
      (SumLoopExpr
       (FloatType)
       x
       (VarExpr (IntType) q)
       y
       (VarExpr (IntType) w)
       z
       (VarExpr (IntType) argnum)
       (FloatExpr (FloatType) 26))))))
  "x")
 (ReturnStmt
  (ArrayIndexExpr
   (TupleType (BoolType) (FloatType))
   (ArrayLoopExpr
    (ArrayType (TupleType (BoolType) (FloatType)) 3)
    x
    (VarExpr (IntType) c)
    y
    (BinopExpr (IntType) (VarExpr (IntType) t) / (VarExpr (IntType) t))
    z
    (VarExpr (IntType) q)
    (IfExpr
     (TupleType (BoolType) (FloatType))
     (ArrayIndexExpr
      (BoolType)
      (IfExpr
       (ArrayType (BoolType) 3)
       (TrueExpr (BoolType))
       (VarExpr (ArrayType (BoolType) 3) a)
       (VarExpr (ArrayType (BoolType) 3) a))
      (VarExpr (IntType) p)
      (VarExpr (IntType) w)
      (VarExpr (IntType) o))
     (TupleLiteralExpr
      (TupleType (BoolType) (FloatType))
      (TrueExpr (BoolType))
      (CallExpr (FloatType) acos (FloatExpr (FloatType) 70)))
     (CallExpr
      (TupleType (BoolType) (FloatType))
      m
      (VarExpr (ArrayType (ArrayType (IntType) 2) 3) n)
      (VarExpr (ArrayType (IntType) 2) r))))
   (BinopExpr
    (IntType)
    (VarExpr (IntType) p)
    -
    (IfExpr
     (IntType)
     (BinopExpr
      (BoolType)
      (BinopExpr (BoolType) (IntExpr (IntType) 752) == (VarExpr (IntType) s))
      ||
      (TrueExpr (BoolType)))
     (VarExpr (IntType) b)
     (BinopExpr
      (IntType)
      (VarExpr (IntType) d)
      +
      (SumLoopExpr (IntType) x (VarExpr (IntType) p) (VarExpr (IntType) j)))))
   (VarExpr (IntType) s)
   (VarExpr (IntType) c))))
(LetCmd
 (TupleLValue (ArgLValue (ArrayArgument n o)))
 (ArrayIndexExpr
  (TupleType (ArrayType (FloatType) 1))
  (TupleIndexExpr
   (ArrayType (TupleType (ArrayType (FloatType) 1)) 3)
   (TupleLiteralExpr
    (TupleType
     (BoolType)
     (ArrayType (TupleType (ArrayType (FloatType) 1)) 3)
     (FloatType))
    (FalseExpr (BoolType))
    (ArrayLoopExpr
     (ArrayType (TupleType (ArrayType (FloatType) 1)) 3)
     n
     (VarExpr (IntType) c)
     o
     (BinopExpr (IntType) (VarExpr (IntType) argnum) / (VarExpr (IntType) l))
     p
     (VarExpr (IntType) j)
     (TupleLiteralExpr
      (TupleType (ArrayType (FloatType) 1))
      (VarExpr (ArrayType (FloatType) 1) g)))
    (CallExpr
     (FloatType)
     tan
     (CallExpr (FloatType) atan (FloatExpr (FloatType) 66))))
   1)
  (VarExpr (IntType) j)
  (VarExpr (IntType) k)
  (IntExpr (IntType) 643)))
(PrintCmd "p")
(FnCmd
 p
 ((VarBinding (VarArgument q) (IntType)))
 (FloatType)
 (LetStmt
  (TupleLValue)
  (IfExpr
   (TupleType)
   (BinopExpr
    (BoolType)
    (ArrayIndexExpr
     (BoolType)
     (TupleIndexExpr
      (ArrayType (BoolType) 3)
      (TupleLiteralExpr
       (TupleType (ArrayType (BoolType) 3))
       (VarExpr (ArrayType (BoolType) 3) a))
      0)
     (VarExpr (IntType) argnum)
     (BinopExpr (IntType) (VarExpr (IntType) q) % (VarExpr (IntType) j))
     (VarExpr (IntType) q))
    ||
    (FalseExpr (BoolType)))
   (ArrayIndexExpr
    (TupleType)
    (ArrayLoopExpr
     (ArrayType (TupleType) 3)
     r
     (VarExpr (IntType) argnum)
     s
     (TupleIndexExpr
      (IntType)
      (TupleLiteralExpr
       (TupleType (IntType) (IntType))
       (VarExpr (IntType) argnum)
       (VarExpr (IntType) h))
      1)
     t
     (VarExpr (IntType) d)
     (IfExpr
      (TupleType)
      (BinopExpr (BoolType) (TrueExpr (BoolType)) != (FalseExpr (BoolType)))
      (IfExpr
       (TupleType)
       (FalseExpr (BoolType))
       (TupleLiteralExpr (TupleType))
       (TupleLiteralExpr (TupleType)))
      (TupleLiteralExpr (TupleType))))
    (VarExpr (IntType) d)
    (IntExpr (IntType) 299)
    (VarExpr (IntType) b))
   (TupleIndexExpr
    (TupleType)
    (IfExpr
     (TupleType (TupleType) (IntType))
     (ArrayIndexExpr
      (BoolType)
      (ArrayLoopExpr
       (ArrayType (BoolType) 1)
       r
       (VarExpr (IntType) q)
       (FalseExpr (BoolType)))
      (VarExpr (IntType) h))
     (TupleLiteralExpr
      (TupleType (TupleType) (IntType))
      (TupleLiteralExpr (TupleType))
      (VarExpr (IntType) b))
     (IfExpr
      (TupleType (TupleType) (IntType))
      (FalseExpr (BoolType))
      (TupleLiteralExpr
       (TupleType (TupleType) (IntType))
       (TupleLiteralExpr (TupleType))
       (VarExpr (IntType) h))
      (TupleLiteralExpr
       (TupleType (TupleType) (IntType))
       (TupleLiteralExpr (TupleType))
       (VarExpr (IntType) k))))
    0)))
 (AssertStmt
  (BinopExpr
   (BoolType)
   (CallExpr
    (FloatType)
    sin
    (CallExpr
     (FloatType)
     cos
     (ArrayIndexExpr
      (FloatType)
      (VarExpr (ArrayType (FloatType) 1) g)
      (VarExpr (IntType) q))))
   ==
   (UnopExpr
    (FloatType)
    -
    (CallExpr
     (FloatType)
     pow
     (FloatExpr (FloatType) 27)
     (CallExpr
      (FloatType)
      exp
      (BinopExpr
       (FloatType)
       (FloatExpr (FloatType) 80)
       %
       (FloatExpr (FloatType) 15))))))
  "r")
 (AssertStmt
  (TupleIndexExpr
   (BoolType)
   (IfExpr
    (TupleType (BoolType) (IntType))
    (ArrayIndexExpr
     (BoolType)
     (ArrayLoopExpr
      (ArrayType (BoolType) 2)
      r
      (VarExpr (IntType) c)
      s
      (VarExpr (IntType) j)
      (BinopExpr
       (BoolType)
       (VarExpr (IntType) q)
       !=
       (VarExpr (IntType) argnum)))
     (VarExpr (IntType) l)
     (VarExpr (IntType) d))
    (ArrayIndexExpr
     (TupleType (BoolType) (IntType))
     (ArrayLoopExpr
      (ArrayType (TupleType (BoolType) (IntType)) 1)
      r
      (VarExpr (IntType) h)
      (TupleLiteralExpr
       (TupleType (BoolType) (IntType))
       (TrueExpr (BoolType))
       (VarExpr (IntType) b)))
     (VarExpr (IntType) l))
    (TupleIndexExpr
     (TupleType (BoolType) (IntType))
     (TupleLiteralExpr
      (TupleType (FloatType) (TupleType (BoolType) (IntType)))
      (CallExpr (FloatType) p (VarExpr (IntType) h))
      (TupleLiteralExpr
       (TupleType (BoolType) (IntType))
       (FalseExpr (BoolType))
       (VarExpr (IntType) argnum)))
     1))
   0)
  "r")
 (ReturnStmt
  (CallExpr
   (FloatType)
   pow
   (CallExpr
    (FloatType)
    sqrt
    (CallExpr
     (FloatType)
     p
     (TupleIndexExpr
      (IntType)
      (TupleLiteralExpr
       (TupleType (IntType) (IntType) (IntType))
       (VarExpr (IntType) c)
       (VarExpr (IntType) c)
       (VarExpr (IntType) l))
      1)))
   (CallExpr
    (FloatType)
    cos
    (CallExpr
     (FloatType)
     cos
     (CallExpr
      (FloatType)
      exp
      (CallExpr (FloatType) sin (FloatExpr (FloatType) 99)))))))
 (ReturnStmt
  (CallExpr
   (FloatType)
   sin
   (CallExpr
    (FloatType)
    sqrt
    (CallExpr
     (FloatType)
     pow
     (CallExpr
      (FloatType)
      tan
      (CallExpr (FloatType) sqrt (FloatExpr (FloatType) 85)))
     (IfExpr
      (FloatType)
      (BinopExpr (BoolType) (VarExpr (IntType) c) == (VarExpr (IntType) k))
      (CallExpr (FloatType) exp (FloatExpr (FloatType) 30))
      (SumLoopExpr
       (FloatType)
       r
       (VarExpr (IntType) o)
       s
       (VarExpr (IntType) q)
       t
       (IntExpr (IntType) 913)
       (FloatExpr (FloatType) 55))))))))
