(LetCmd (ArgLValue (VarArgument a)) (VarExpr (IntType) argnum))
(LetCmd
 (ArgLValue (ArrayArgument b c d e))
 (IfExpr
  (ArrayType (FloatType) 3)
  (BinopExpr (BoolType) (VarExpr (IntType) a) >= (VarExpr (IntType) argnum))
  (IfExpr
   (ArrayType (FloatType) 3)
   (IfExpr
    (BoolType)
    (IfExpr
     (BoolType)
     (UnopExpr (BoolType) ! (TrueExpr (BoolType)))
     (IfExpr
      (BoolType)
      (TrueExpr (BoolType))
      (FalseExpr (BoolType))
      (FalseExpr (BoolType)))
     (UnopExpr (BoolType) ! (TrueExpr (BoolType))))
    (UnopExpr
     (BoolType)
     !
     (BinopExpr
      (BoolType)
      (VarExpr (IntType) argnum)
      ==
      (VarExpr (IntType) argnum)))
    (BinopExpr
     (BoolType)
     (BinopExpr
      (BoolType)
      (IntExpr (IntType) 161)
      ==
      (VarExpr (IntType) argnum))
     &&
     (TrueExpr (BoolType))))
   (IfExpr
    (ArrayType (FloatType) 3)
    (ArrayIndexExpr
     (BoolType)
     (ArrayLoopExpr
      (ArrayType (BoolType) 2)
      b
      (VarExpr (IntType) argnum)
      c
      (IntExpr (IntType) 457)
      (FalseExpr (BoolType)))
     (SumLoopExpr
      (IntType)
      b
      (VarExpr (IntType) argnum)
      (VarExpr (IntType) argnum))
     (VarExpr (IntType) argnum))
    (ArrayLoopExpr
     (ArrayType (FloatType) 3)
     b
     (IntExpr (IntType) 319)
     c
     (UnopExpr (IntType) - (IntExpr (IntType) 331))
     d
     (VarExpr (IntType) a)
     (FloatExpr (FloatType) 20))
    (ArrayLoopExpr
     (ArrayType (FloatType) 3)
     b
     (SumLoopExpr (IntType) b (IntExpr (IntType) 803) (IntExpr (IntType) 467))
     c
     (IfExpr
      (IntType)
      (FalseExpr (BoolType))
      (IntExpr (IntType) 623)
      (VarExpr (IntType) argnum))
     d
     (IntExpr (IntType) 947)
     (CallExpr (FloatType) to_float (VarExpr (IntType) argnum))))
   (IfExpr
    (ArrayType (FloatType) 3)
    (BinopExpr
     (BoolType)
     (FloatExpr (FloatType) 39)
     >
     (CallExpr (FloatType) log (FloatExpr (FloatType) 21)))
    (ArrayLoopExpr
     (ArrayType (FloatType) 3)
     b
     (BinopExpr (IntType) (IntExpr (IntType) 424) / (IntExpr (IntType) 512))
     c
     (IntExpr (IntType) 898)
     d
     (UnopExpr (IntType) - (VarExpr (IntType) a))
     (CallExpr (FloatType) sqrt (FloatExpr (FloatType) 16)))
    (ArrayLoopExpr
     (ArrayType (FloatType) 3)
     b
     (VarExpr (IntType) argnum)
     c
     (IntExpr (IntType) 45)
     d
     (SumLoopExpr
      (IntType)
      b
      (IntExpr (IntType) 178)
      c
      (VarExpr (IntType) a)
      (IntExpr (IntType) 778))
     (FloatExpr (FloatType) 22))))
  (TupleIndexExpr
   (ArrayType (FloatType) 3)
   (TupleLiteralExpr
    (TupleType (BoolType) (ArrayType (FloatType) 3) (BoolType))
    (BinopExpr
     (BoolType)
     (CallExpr (FloatType) log (FloatExpr (FloatType) 93))
     >
     (CallExpr (FloatType) acos (FloatExpr (FloatType) 72)))
    (ArrayLoopExpr
     (ArrayType (FloatType) 3)
     b
     (SumLoopExpr (IntType) b (VarExpr (IntType) a) (VarExpr (IntType) b))
     c
     (VarExpr (IntType) argnum)
     d
     (UnopExpr (IntType) - (VarExpr (IntType) a))
     (FloatExpr (FloatType) 58))
    (BinopExpr
     (BoolType)
     (BinopExpr (BoolType) (FalseExpr (BoolType)) && (FalseExpr (BoolType)))
     ||
     (UnopExpr (BoolType) ! (FalseExpr (BoolType)))))
   1)))
(LetCmd
 (TupleLValue
  (ArgLValue (ArrayArgument f g h i))
  (TupleLValue)
  (ArgLValue (ArrayArgument j k)))
 (TupleLiteralExpr
  (TupleType (ArrayType (IntType) 3) (TupleType) (ArrayType (IntType) 1))
  (IfExpr
   (ArrayType (IntType) 3)
   (IfExpr
    (BoolType)
    (UnopExpr (BoolType) ! (FalseExpr (BoolType)))
    (UnopExpr (BoolType) ! (FalseExpr (BoolType)))
    (UnopExpr (BoolType) ! (TrueExpr (BoolType))))
   (IfExpr
    (ArrayType (IntType) 3)
    (UnopExpr
     (BoolType)
     !
     (BinopExpr (BoolType) (VarExpr (IntType) e) < (VarExpr (IntType) d)))
    (IfExpr
     (ArrayType (IntType) 3)
     (UnopExpr (BoolType) ! (FalseExpr (BoolType)))
     (ArrayLoopExpr
      (ArrayType (IntType) 3)
      f
      (VarExpr (IntType) argnum)
      g
      (VarExpr (IntType) argnum)
      h
      (VarExpr (IntType) argnum)
      (VarExpr (IntType) d))
     (ArrayLoopExpr
      (ArrayType (IntType) 3)
      f
      (IntExpr (IntType) 905)
      g
      (IntExpr (IntType) 992)
      h
      (VarExpr (IntType) c)
      (VarExpr (IntType) a)))
    (ArrayLoopExpr
     (ArrayType (IntType) 3)
     f
     (VarExpr (IntType) e)
     g
     (BinopExpr (IntType) (IntExpr (IntType) 874) + (VarExpr (IntType) c))
     h
     (SumLoopExpr (IntType) f (VarExpr (IntType) d) (VarExpr (IntType) a))
     (VarExpr (IntType) c)))
   (TupleIndexExpr
    (ArrayType (IntType) 3)
    (TupleLiteralExpr
     (TupleType (ArrayType (IntType) 3))
     (ArrayLoopExpr
      (ArrayType (IntType) 3)
      f
      (VarExpr (IntType) e)
      g
      (VarExpr (IntType) c)
      h
      (VarExpr (IntType) c)
      (VarExpr (IntType) f)))
    0))
  (ArrayIndexExpr
   (TupleType)
   (ArrayLoopExpr
    (ArrayType (TupleType) 1)
    f
    (UnopExpr (IntType) - (IntExpr (IntType) 167))
    (ArrayIndexExpr
     (TupleType)
     (ArrayLoopExpr
      (ArrayType (TupleType) 3)
      g
      (VarExpr (IntType) f)
      h
      (VarExpr (IntType) c)
      i
      (VarExpr (IntType) d)
      (TupleLiteralExpr (TupleType)))
     (ArrayIndexExpr
      (IntType)
      (VarExpr (ArrayType (IntType) 1) args)
      (IntExpr (IntType) 665))
     (UnopExpr (IntType) - (VarExpr (IntType) a))
     (IfExpr
      (IntType)
      (TrueExpr (BoolType))
      (VarExpr (IntType) d)
      (VarExpr (IntType) e))))
   (VarExpr (IntType) c))
  (VarExpr (ArrayType (IntType) 1) args)))
(FnCmd
 l
 ()
 (BoolType)
 (LetStmt
  (ArgLValue (ArrayArgument m n))
  (ArrayIndexExpr
   (ArrayType (IntType) 1)
   (ArrayLoopExpr
    (ArrayType (ArrayType (IntType) 1) 3)
    m
    (VarExpr (IntType) argnum)
    n
    (CallExpr
     (IntType)
     to_int
     (CallExpr
      (FloatType)
      log
      (CallExpr (FloatType) sqrt (FloatExpr (FloatType) 50))))
    o
    (VarExpr (IntType) c)
    (ArrayLoopExpr
     (ArrayType (IntType) 1)
     p
     (IfExpr
      (IntType)
      (CallExpr (BoolType) l)
      (VarExpr (IntType) i)
      (SumLoopExpr
       (IntType)
       p
       (VarExpr (IntType) m)
       q
       (VarExpr (IntType) e)
       (VarExpr (IntType) k)))
     (CallExpr (IntType) to_int (FloatExpr (FloatType) 49))))
   (CallExpr
    (IntType)
    to_int
    (ArrayIndexExpr
     (FloatType)
     (IfExpr
      (ArrayType (FloatType) 1)
      (FalseExpr (BoolType))
      (ArrayLoopExpr
       (ArrayType (FloatType) 1)
       m
       (IntExpr (IntType) 610)
       (FloatExpr (FloatType) 33))
      (ArrayLoopExpr
       (ArrayType (FloatType) 1)
       m
       (VarExpr (IntType) h)
       (FloatExpr (FloatType) 75)))
     (VarExpr (IntType) d)))
   (CallExpr
    (IntType)
    to_int
    (UnopExpr
     (FloatType)
     -
     (CallExpr (FloatType) sqrt (FloatExpr (FloatType) 99))))
   (UnopExpr
    (IntType)
    -
    (ArrayIndexExpr
     (IntType)
     (TupleIndexExpr
      (ArrayType (IntType) 1)
      (TupleLiteralExpr
       (TupleType (ArrayType (IntType) 1) (ArrayType (IntType) 1))
       (VarExpr (ArrayType (IntType) 1) args)
       (VarExpr (ArrayType (IntType) 1) args))
      1)
     (VarExpr (IntType) h)))))
 (ReturnStmt
  (IfExpr
   (BoolType)
   (UnopExpr (BoolType) ! (FalseExpr (BoolType)))
   (CallExpr (BoolType) l)
   (BinopExpr
    (BoolType)
    (CallExpr (FloatType) to_float (VarExpr (IntType) d))
    <
    (IfExpr
     (FloatType)
     (BinopExpr (BoolType) (CallExpr (BoolType) l) == (CallExpr (BoolType) l))
     (CallExpr
      (FloatType)
      to_float
      (BinopExpr (IntType) (VarExpr (IntType) n) - (VarExpr (IntType) k)))
     (CallExpr
      (FloatType)
      asin
      (ArrayIndexExpr
       (FloatType)
       (VarExpr (ArrayType (FloatType) 3) b)
       (VarExpr (IntType) h)
       (VarExpr (IntType) c)
       (VarExpr (IntType) e)))))))
 (LetStmt
  (TupleLValue
   (ArgLValue (VarArgument o))
   (TupleLValue (TupleLValue (ArgLValue (VarArgument p)))))
  (TupleLiteralExpr
   (TupleType (FloatType) (TupleType (TupleType (IntType))))
   (CallExpr
    (FloatType)
    atan
    (CallExpr
     (FloatType)
     pow
     (CallExpr
      (FloatType)
      asin
      (CallExpr (FloatType) log (FloatExpr (FloatType) 37)))
     (FloatExpr (FloatType) 73)))
   (ArrayIndexExpr
    (TupleType (TupleType (IntType)))
    (ArrayLoopExpr
     (ArrayType (TupleType (TupleType (IntType))) 3)
     o
     (VarExpr (IntType) argnum)
     p
     (IntExpr (IntType) 106)
     q
     (VarExpr (IntType) n)
     (TupleLiteralExpr
      (TupleType (TupleType (IntType)))
      (TupleLiteralExpr (TupleType (IntType)) (VarExpr (IntType) c))))
    (VarExpr (IntType) argnum)
    (CallExpr
     (IntType)
     to_int
     (CallExpr
      (FloatType)
      tan
      (ArrayIndexExpr
       (FloatType)
       (VarExpr (ArrayType (FloatType) 3) b)
       (VarExpr (IntType) n)
       (VarExpr (IntType) c)
       (VarExpr (IntType) c))))
    (VarExpr (IntType) n))))
 (AssertStmt
  (BinopExpr (BoolType) (VarExpr (IntType) c) != (VarExpr (IntType) h))
  "q")
 (ReturnStmt (CallExpr (BoolType) l)))
(FnCmd
 m
 ((TupleBinding
   (VarBinding (ArrayArgument n o p q) (ArrayType (FloatType) 3))
   (VarBinding (VarArgument r) (BoolType))))
 (TupleType (ArrayType (IntType) 3) (IntType))
 (ReturnStmt
  (TupleIndexExpr
   (TupleType (ArrayType (IntType) 3) (IntType))
   (ArrayIndexExpr
    (TupleType
     (IntType)
     (TupleType (ArrayType (IntType) 3) (IntType))
     (BoolType))
    (ArrayLoopExpr
     (ArrayType
      (TupleType
       (IntType)
       (TupleType (ArrayType (IntType) 3) (IntType))
       (BoolType))
      2)
     s
     (VarExpr (IntType) a)
     t
     (UnopExpr (IntType) - (VarExpr (IntType) k))
     (TupleLiteralExpr
      (TupleType
       (IntType)
       (TupleType (ArrayType (IntType) 3) (IntType))
       (BoolType))
      (IntExpr (IntType) 457)
      (TupleLiteralExpr
       (TupleType (ArrayType (IntType) 3) (IntType))
       (VarExpr (ArrayType (IntType) 3) f)
       (VarExpr (IntType) e))
      (FalseExpr (BoolType))))
    (VarExpr (IntType) argnum)
    (BinopExpr
     (IntType)
     (BinopExpr
      (IntType)
      (VarExpr (IntType) c)
      -
      (BinopExpr (IntType) (VarExpr (IntType) p) / (VarExpr (IntType) d)))
     -
     (CallExpr (IntType) to_int (FloatExpr (FloatType) 16))))
   1))
 (LetStmt
  (TupleLValue
   (ArgLValue (ArrayArgument s t u))
   (TupleLValue
    (TupleLValue (ArgLValue (ArrayArgument v w x y)))
    (ArgLValue (ArrayArgument z A B C))))
  (IfExpr
   (TupleType
    (ArrayType (IntType) 2)
    (TupleType
     (TupleType (ArrayType (FloatType) 3))
     (ArrayType (ArrayType (IntType) 1) 3)))
   (ArrayIndexExpr
    (BoolType)
    (ArrayIndexExpr
     (ArrayType (BoolType) 2)
     (ArrayLoopExpr
      (ArrayType (ArrayType (BoolType) 2) 3)
      s
      (VarExpr (IntType) o)
      t
      (VarExpr (IntType) c)
      u
      (VarExpr (IntType) argnum)
      (ArrayLoopExpr
       (ArrayType (BoolType) 2)
       v
       (VarExpr (IntType) i)
       w
       (VarExpr (IntType) s)
       (VarExpr (BoolType) r)))
     (IntExpr (IntType) 918)
     (VarExpr (IntType) i)
     (UnopExpr (IntType) - (VarExpr (IntType) e)))
    (VarExpr (IntType) d)
    (VarExpr (IntType) p))
   (TupleLiteralExpr
    (TupleType
     (ArrayType (IntType) 2)
     (TupleType
      (TupleType (ArrayType (FloatType) 3))
      (ArrayType (ArrayType (IntType) 1) 3)))
    (IfExpr
     (ArrayType (IntType) 2)
     (BinopExpr
      (BoolType)
      (FloatExpr (FloatType) 64)
      <=
      (CallExpr (FloatType) to_float (VarExpr (IntType) h)))
     (IfExpr
      (ArrayType (IntType) 2)
      (UnopExpr (BoolType) ! (VarExpr (BoolType) r))
      (ArrayLoopExpr
       (ArrayType (IntType) 2)
       s
       (VarExpr (IntType) a)
       t
       (VarExpr (IntType) q)
       (VarExpr (IntType) e))
      (ArrayLoopExpr
       (ArrayType (IntType) 2)
       s
       (VarExpr (IntType) d)
       t
       (VarExpr (IntType) e)
       (VarExpr (IntType) s)))
     (IfExpr
      (ArrayType (IntType) 2)
      (BinopExpr
       (BoolType)
       (FloatExpr (FloatType) 31)
       <
       (FloatExpr (FloatType) 35))
      (ArrayLoopExpr
       (ArrayType (IntType) 2)
       s
       (VarExpr (IntType) q)
       t
       (VarExpr (IntType) k)
       (VarExpr (IntType) e))
      (ArrayLoopExpr
       (ArrayType (IntType) 2)
       s
       (VarExpr (IntType) argnum)
       t
       (IntExpr (IntType) 998)
       (IntExpr (IntType) 739))))
    (TupleLiteralExpr
     (TupleType
      (TupleType (ArrayType (FloatType) 3))
      (ArrayType (ArrayType (IntType) 1) 3))
     (IfExpr
      (TupleType (ArrayType (FloatType) 3))
      (BinopExpr (BoolType) (VarExpr (IntType) o) == (VarExpr (IntType) d))
      (TupleLiteralExpr
       (TupleType (ArrayType (FloatType) 3))
       (VarExpr (ArrayType (FloatType) 3) b))
      (TupleLiteralExpr
       (TupleType (ArrayType (FloatType) 3))
       (VarExpr (ArrayType (FloatType) 3) b)))
     (ArrayLoopExpr
      (ArrayType (ArrayType (IntType) 1) 3)
      s
      (BinopExpr (IntType) (VarExpr (IntType) i) + (VarExpr (IntType) i))
      t
      (VarExpr (IntType) i)
      u
      (VarExpr (IntType) k)
      (ArrayLiteralExpr
       (ArrayType (IntType) 1)
       (VarExpr (IntType) g)
       (VarExpr (IntType) i)
       (VarExpr (IntType) s)))))
   (TupleLiteralExpr
    (TupleType
     (ArrayType (IntType) 2)
     (TupleType
      (TupleType (ArrayType (FloatType) 3))
      (ArrayType (ArrayType (IntType) 1) 3)))
    (TupleIndexExpr
     (ArrayType (IntType) 2)
     (TupleLiteralExpr
      (TupleType (ArrayType (IntType) 2) (IntType) (IntType))
      (ArrayLoopExpr
       (ArrayType (IntType) 2)
       s
       (VarExpr (IntType) q)
       t
       (VarExpr (IntType) e)
       (VarExpr (IntType) t))
      (VarExpr (IntType) e)
      (VarExpr (IntType) g))
     0)
    (TupleLiteralExpr
     (TupleType
      (TupleType (ArrayType (FloatType) 3))
      (ArrayType (ArrayType (IntType) 1) 3))
     (IfExpr
      (TupleType (ArrayType (FloatType) 3))
      (BinopExpr (BoolType) (VarExpr (IntType) o) == (VarExpr (IntType) a))
      (TupleLiteralExpr
       (TupleType (ArrayType (FloatType) 3))
       (VarExpr (ArrayType (FloatType) 3) b))
      (TupleLiteralExpr
       (TupleType (ArrayType (FloatType) 3))
       (VarExpr (ArrayType (FloatType) 3) n)))
     (IfExpr
      (ArrayType (ArrayType (IntType) 1) 3)
      (TrueExpr (BoolType))
      (ArrayLoopExpr
       (ArrayType (ArrayType (IntType) 1) 3)
       s
       (VarExpr (IntType) argnum)
       t
       (VarExpr (IntType) d)
       u
       (VarExpr (IntType) p)
       (VarExpr (ArrayType (IntType) 1) args))
      (ArrayLoopExpr
       (ArrayType (ArrayType (IntType) 1) 3)
       s
       (VarExpr (IntType) c)
       t
       (VarExpr (IntType) k)
       u
       (VarExpr (IntType) c)
       (VarExpr (ArrayType (IntType) 1) j)))))))
 (ReturnStmt
  (ArrayIndexExpr
   (TupleType (ArrayType (IntType) 3) (IntType))
   (ArrayLiteralExpr
    (ArrayType (TupleType (ArrayType (IntType) 3) (IntType)) 1)
    (ArrayIndexExpr
     (TupleType (ArrayType (IntType) 3) (IntType))
     (ArrayLoopExpr
      (ArrayType (TupleType (ArrayType (IntType) 3) (IntType)) 1)
      D
      (VarExpr (IntType) argnum)
      (TupleLiteralExpr
       (TupleType (ArrayType (IntType) 3) (IntType))
       (VarExpr (ArrayType (IntType) 3) f)
       (VarExpr (IntType) d)))
     (VarExpr (IntType) C))
    (TupleIndexExpr
     (TupleType (ArrayType (IntType) 3) (IntType))
     (TupleLiteralExpr
      (TupleType
       (IntType)
       (IntType)
       (TupleType (ArrayType (IntType) 3) (IntType)))
      (VarExpr (IntType) h)
      (UnopExpr (IntType) - (VarExpr (IntType) B))
      (TupleLiteralExpr
       (TupleType (ArrayType (IntType) 3) (IntType))
       (VarExpr (ArrayType (IntType) 3) f)
       (VarExpr (IntType) e)))
     2)
    (ArrayIndexExpr
     (TupleType (ArrayType (IntType) 3) (IntType))
     (ArrayLiteralExpr
      (ArrayType (TupleType (ArrayType (IntType) 3) (IntType)) 1)
      (TupleLiteralExpr
       (TupleType (ArrayType (IntType) 3) (IntType))
       (VarExpr (ArrayType (IntType) 3) f)
       (VarExpr (IntType) d)))
     (VarExpr (IntType) c)))
   (VarExpr (IntType) w)))
 (LetStmt
  (ArgLValue (ArrayArgument D E F))
  (IfExpr
   (ArrayType (IntType) 2)
   (IfExpr
    (BoolType)
    (TupleIndexExpr
     (BoolType)
     (TupleLiteralExpr
      (TupleType (ArrayType (FloatType) 3) (BoolType))
      (VarExpr (ArrayType (FloatType) 3) n)
      (BinopExpr (BoolType) (VarExpr (BoolType) r) == (VarExpr (BoolType) r)))
     1)
    (TupleIndexExpr
     (BoolType)
     (TupleLiteralExpr
      (TupleType (BoolType))
      (BinopExpr (BoolType) (VarExpr (IntType) k) <= (VarExpr (IntType) p)))
     0)
    (TupleIndexExpr
     (BoolType)
     (TupleLiteralExpr
      (TupleType (FloatType) (BoolType) (IntType))
      (ArrayIndexExpr
       (FloatType)
       (VarExpr (ArrayType (FloatType) 3) v)
       (VarExpr (IntType) d)
       (IntExpr (IntType) 359)
       (VarExpr (IntType) i))
      (IfExpr
       (BoolType)
       (FalseExpr (BoolType))
       (TrueExpr (BoolType))
       (VarExpr (BoolType) r))
      (VarExpr (IntType) d))
     1))
   (TupleIndexExpr
    (ArrayType (IntType) 2)
    (TupleLiteralExpr
     (TupleType (ArrayType (IntType) 2))
     (TupleIndexExpr
      (ArrayType (IntType) 2)
      (TupleLiteralExpr
       (TupleType (ArrayType (IntType) 2) (IntType) (IntType))
       (VarExpr (ArrayType (IntType) 2) s)
       (VarExpr (IntType) a)
       (VarExpr (IntType) a))
      0))
    0)
   (VarExpr (ArrayType (IntType) 2) s)))
 (ReturnStmt
  (TupleLiteralExpr
   (TupleType (ArrayType (IntType) 3) (IntType))
   (ArrayLoopExpr
    (ArrayType (IntType) 3)
    G
    (VarExpr (IntType) k)
    H
    (VarExpr (IntType) B)
    I
    (ArrayIndexExpr
     (IntType)
     (ArrayLoopExpr
      (ArrayType (IntType) 2)
      G
      (VarExpr (IntType) t)
      H
      (VarExpr (IntType) u)
      (VarExpr (IntType) A))
     (VarExpr (IntType) A)
     (SumLoopExpr
      (IntType)
      G
      (VarExpr (IntType) t)
      H
      (VarExpr (IntType) a)
      (VarExpr (IntType) x)))
    (VarExpr (IntType) k))
   (VarExpr (IntType) w))))
(FnCmd
 n
 ((VarBinding (VarArgument o) (FloatType))
  (VarBinding (ArrayArgument p q r) (ArrayType (BoolType) 2)))
 (FloatType)
 (LetStmt
  (ArgLValue (ArrayArgument s t u v))
  (ArrayIndexExpr
   (ArrayType (IntType) 3)
   (ArrayLoopExpr
    (ArrayType (ArrayType (IntType) 3) 1)
    s
    (VarExpr (IntType) a)
    (VarExpr (ArrayType (IntType) 3) f))
   (TupleIndexExpr
    (IntType)
    (TupleIndexExpr
     (TupleType (IntType))
     (TupleLiteralExpr
      (TupleType (TupleType (IntType)))
      (TupleLiteralExpr (TupleType (IntType)) (VarExpr (IntType) d)))
     0)
    0)))
 (LetStmt
  (ArgLValue (ArrayArgument w x))
  (IfExpr
   (ArrayType (IntType) 1)
   (CallExpr (BoolType) l)
   (VarExpr (ArrayType (IntType) 1) j)
   (TupleIndexExpr
    (ArrayType (IntType) 1)
    (TupleLiteralExpr
     (TupleType (ArrayType (IntType) 1))
     (VarExpr (ArrayType (IntType) 1) j))
    0)))
 (AssertStmt
  (UnopExpr
   (BoolType)
   !
   (TupleIndexExpr
    (BoolType)
    (TupleLiteralExpr
     (TupleType (FloatType) (BoolType))
     (CallExpr
      (FloatType)
      sin
      (CallExpr (FloatType) sqrt (FloatExpr (FloatType) 39)))
     (BinopExpr
      (BoolType)
      (SumLoopExpr
       (IntType)
       y
       (VarExpr (IntType) r)
       z
       (VarExpr (IntType) x)
       (IntExpr (IntType) 241))
      <
      (VarExpr (IntType) c)))
    1))
  "y")
 (ReturnStmt
  (CallExpr
   (FloatType)
   sin
   (UnopExpr
    (FloatType)
    -
    (CallExpr
     (FloatType)
     acos
     (CallExpr
      (FloatType)
      log
      (CallExpr
       (FloatType)
       pow
       (FloatExpr (FloatType) 97)
       (VarExpr (FloatType) o)))))))
 (ReturnStmt
  (CallExpr
   (FloatType)
   sqrt
   (CallExpr
    (FloatType)
    exp
    (CallExpr
     (FloatType)
     asin
     (IfExpr
      (FloatType)
      (FalseExpr (BoolType))
      (SumLoopExpr
       (FloatType)
       y
       (VarExpr (IntType) i)
       z
       (VarExpr (IntType) a)
       A
       (VarExpr (IntType) d)
       (VarExpr (FloatType) o))
      (CallExpr (FloatType) sqrt (FloatExpr (FloatType) 92))))))))
(LetCmd (ArgLValue (VarArgument o)) (VarExpr (IntType) c))
(LetCmd
 (ArgLValue (ArrayArgument p q r))
 (TupleIndexExpr
  (ArrayType (ArrayType (FloatType) 3) 2)
  (ArrayIndexExpr
   (TupleType (IntType) (FloatType) (ArrayType (ArrayType (FloatType) 3) 2))
   (ArrayLoopExpr
    (ArrayType
     (TupleType (IntType) (FloatType) (ArrayType (ArrayType (FloatType) 3) 2))
     3)
    p
    (ArrayIndexExpr
     (IntType)
     (VarExpr (ArrayType (IntType) 3) f)
     (VarExpr (IntType) g)
     (UnopExpr (IntType) - (VarExpr (IntType) e))
     (SumLoopExpr
      (IntType)
      p
      (VarExpr (IntType) o)
      q
      (VarExpr (IntType) o)
      (VarExpr (IntType) c)))
    q
    (VarExpr (IntType) a)
    r
    (TupleIndexExpr
     (IntType)
     (TupleLiteralExpr
      (TupleType (IntType) (IntType))
      (VarExpr (IntType) argnum)
      (VarExpr (IntType) o))
     1)
    (TupleLiteralExpr
     (TupleType (IntType) (FloatType) (ArrayType (ArrayType (FloatType) 3) 2))
     (VarExpr (IntType) q)
     (CallExpr (FloatType) tan (FloatExpr (FloatType) 34))
     (ArrayLoopExpr
      (ArrayType (ArrayType (FloatType) 3) 2)
      s
      (VarExpr (IntType) e)
      t
      (VarExpr (IntType) r)
      (VarExpr (ArrayType (FloatType) 3) b))))
   (VarExpr (IntType) a)
   (VarExpr (IntType) e)
   (VarExpr (IntType) h))
  2))
(LetCmd
 (TupleLValue
  (TupleLValue (ArgLValue (ArrayArgument s t u)) (ArgLValue (VarArgument v))))
 (ArrayIndexExpr
  (TupleType (TupleType (ArrayType (ArrayType (FloatType) 3) 2) (IntType)))
  (ArrayLoopExpr
   (ArrayType
    (TupleType (TupleType (ArrayType (ArrayType (FloatType) 3) 2) (IntType)))
    2)
   s
   (UnopExpr (IntType) - (VarExpr (IntType) a))
   t
   (VarExpr (IntType) e)
   (TupleLiteralExpr
    (TupleType (TupleType (ArrayType (ArrayType (FloatType) 3) 2) (IntType)))
    (TupleLiteralExpr
     (TupleType (ArrayType (ArrayType (FloatType) 3) 2) (IntType))
     (VarExpr (ArrayType (ArrayType (FloatType) 3) 2) p)
     (VarExpr (IntType) g))))
  (ArrayIndexExpr
   (IntType)
   (ArrayIndexExpr
    (ArrayType (IntType) 1)
    (ArrayLoopExpr
     (ArrayType (ArrayType (IntType) 1) 2)
     s
     (VarExpr (IntType) argnum)
     t
     (VarExpr (IntType) d)
     (VarExpr (ArrayType (IntType) 1) j))
    (VarExpr (IntType) k)
    (VarExpr (IntType) k))
   (VarExpr (IntType) i))
  (IntExpr (IntType) 634)))
(FnCmd
 w
 ((VarBinding (ArrayArgument x y z A) (ArrayType (TupleType) 3))
  (TupleBinding (TupleBinding)))
 (BoolType)
 (LetStmt (TupleLValue) (TupleLiteralExpr (TupleType)))
 (LetStmt
  (TupleLValue (ArgLValue (VarArgument B)))
  (ArrayIndexExpr
   (TupleType (IntType))
   (ArrayIndexExpr
    (ArrayType (TupleType (IntType)) 3)
    (ArrayLoopExpr
     (ArrayType (ArrayType (TupleType (IntType)) 3) 2)
     B
     (VarExpr (IntType) a)
     C
     (VarExpr (IntType) r)
     (ArrayLoopExpr
      (ArrayType (TupleType (IntType)) 3)
      D
      (VarExpr (IntType) y)
      E
      (VarExpr (IntType) a)
      F
      (VarExpr (IntType) q)
      (TupleLiteralExpr (TupleType (IntType)) (VarExpr (IntType) g))))
    (VarExpr (IntType) d)
    (VarExpr (IntType) u))
   (BinopExpr (IntType) (VarExpr (IntType) e) % (VarExpr (IntType) e))
   (SumLoopExpr
    (IntType)
    B
    (TupleIndexExpr
     (IntType)
     (IfExpr
      (TupleType (IntType))
      (BinopExpr (BoolType) (TrueExpr (BoolType)) || (FalseExpr (BoolType)))
      (TupleLiteralExpr (TupleType (IntType)) (VarExpr (IntType) i))
      (TupleLiteralExpr (TupleType (IntType)) (VarExpr (IntType) i)))
     0)
    (VarExpr (IntType) u))
   (VarExpr (IntType) argnum)))
 (LetStmt
  (TupleLValue (TupleLValue) (ArgLValue (VarArgument C)))
  (TupleLiteralExpr
   (TupleType (TupleType) (FloatType))
   (ArrayIndexExpr
    (TupleType)
    (IfExpr
     (ArrayType (TupleType) 1)
     (TrueExpr (BoolType))
     (ArrayLiteralExpr
      (ArrayType (TupleType) 1)
      (TupleLiteralExpr (TupleType)))
     (IfExpr
      (ArrayType (TupleType) 1)
      (TrueExpr (BoolType))
      (ArrayLiteralExpr
       (ArrayType (TupleType) 1)
       (TupleLiteralExpr (TupleType))
       (TupleLiteralExpr (TupleType))
       (TupleLiteralExpr (TupleType)))
      (ArrayLoopExpr
       (ArrayType (TupleType) 1)
       C
       (VarExpr (IntType) o)
       (TupleLiteralExpr (TupleType)))))
    (VarExpr (IntType) a))
   (CallExpr
    (FloatType)
    exp
    (CallExpr
     (FloatType)
     n
     (CallExpr
      (FloatType)
      pow
      (CallExpr (FloatType) to_float (VarExpr (IntType) A))
      (CallExpr (FloatType) acos (FloatExpr (FloatType) 3)))
     (ArrayLoopExpr
      (ArrayType (BoolType) 2)
      C
      (VarExpr (IntType) k)
      D
      (UnopExpr (IntType) - (VarExpr (IntType) i))
      (BinopExpr (BoolType) (CallExpr (BoolType) l) && (FalseExpr (BoolType))))))))
 (LetStmt
  (TupleLValue (TupleLValue) (ArgLValue (ArrayArgument D E)))
  (ArrayIndexExpr
   (TupleType (TupleType) (ArrayType (IntType) 1))
   (ArrayLoopExpr
    (ArrayType (TupleType (TupleType) (ArrayType (IntType) 1)) 1)
    D
    (VarExpr (IntType) r)
    (TupleLiteralExpr
     (TupleType (TupleType) (ArrayType (IntType) 1))
     (ArrayIndexExpr
      (TupleType)
      (IfExpr
       (ArrayType (TupleType) 3)
       (CallExpr (BoolType) l)
       (VarExpr (ArrayType (TupleType) 3) x)
       (VarExpr (ArrayType (TupleType) 3) x))
      (CallExpr (IntType) to_int (VarExpr (FloatType) C))
      (VarExpr (IntType) argnum)
      (VarExpr (IntType) q))
     (TupleIndexExpr
      (ArrayType (IntType) 1)
      (TupleLiteralExpr
       (TupleType (IntType) (ArrayType (IntType) 1))
       (VarExpr (IntType) u)
       (VarExpr (ArrayType (IntType) 1) j))
      1)))
   (VarExpr (IntType) c)))
 (ReturnStmt
  (TupleIndexExpr
   (BoolType)
   (TupleLiteralExpr
    (TupleType (IntType) (BoolType) (IntType))
    (VarExpr (IntType) r)
    (TrueExpr (BoolType))
    (VarExpr (IntType) e))
   1)))
(LetCmd
 (TupleLValue (ArgLValue (ArrayArgument x y z)) (ArgLValue (VarArgument A)))
 (IfExpr
  (TupleType (ArrayType (ArrayType (FloatType) 3) 2) (IntType))
  (UnopExpr
   (BoolType)
   !
   (TupleIndexExpr
    (BoolType)
    (TupleLiteralExpr
     (TupleType (IntType) (FloatType) (BoolType))
     (VarExpr (IntType) t)
     (FloatExpr (FloatType) 28)
     (BinopExpr (BoolType) (VarExpr (IntType) q) <= (VarExpr (IntType) v)))
    2))
  (IfExpr
   (TupleType (ArrayType (ArrayType (FloatType) 3) 2) (IntType))
   (ArrayIndexExpr
    (BoolType)
    (ArrayLoopExpr
     (ArrayType (BoolType) 3)
     x
     (VarExpr (IntType) t)
     y
     (VarExpr (IntType) o)
     z
     (VarExpr (IntType) o)
     (BinopExpr (BoolType) (VarExpr (IntType) o) == (VarExpr (IntType) r)))
    (VarExpr (IntType) u)
    (VarExpr (IntType) a)
    (CallExpr
     (IntType)
     to_int
     (CallExpr (FloatType) exp (FloatExpr (FloatType) 18))))
   (IfExpr
    (TupleType (ArrayType (ArrayType (FloatType) 3) 2) (IntType))
    (UnopExpr (BoolType) ! (UnopExpr (BoolType) ! (FalseExpr (BoolType))))
    (IfExpr
     (TupleType (ArrayType (ArrayType (FloatType) 3) 2) (IntType))
     (CallExpr (BoolType) l)
     (TupleLiteralExpr
      (TupleType (ArrayType (ArrayType (FloatType) 3) 2) (IntType))
      (VarExpr (ArrayType (ArrayType (FloatType) 3) 2) p)
      (VarExpr (IntType) g))
     (TupleLiteralExpr
      (TupleType (ArrayType (ArrayType (FloatType) 3) 2) (IntType))
      (VarExpr (ArrayType (ArrayType (FloatType) 3) 2) p)
      (VarExpr (IntType) r)))
    (TupleLiteralExpr
     (TupleType (ArrayType (ArrayType (FloatType) 3) 2) (IntType))
     (VarExpr (ArrayType (ArrayType (FloatType) 3) 2) s)
     (SumLoopExpr
      (IntType)
      x
      (VarExpr (IntType) d)
      y
      (VarExpr (IntType) c)
      (VarExpr (IntType) v))))
   (ArrayIndexExpr
    (TupleType (ArrayType (ArrayType (FloatType) 3) 2) (IntType))
    (ArrayLoopExpr
     (ArrayType
      (TupleType (ArrayType (ArrayType (FloatType) 3) 2) (IntType))
      1)
     x
     (VarExpr (IntType) v)
     (TupleLiteralExpr
      (TupleType (ArrayType (ArrayType (FloatType) 3) 2) (IntType))
      (VarExpr (ArrayType (ArrayType (FloatType) 3) 2) p)
      (VarExpr (IntType) k)))
    (VarExpr (IntType) argnum)))
  (ArrayIndexExpr
   (TupleType (ArrayType (ArrayType (FloatType) 3) 2) (IntType))
   (ArrayLoopExpr
    (ArrayType (TupleType (ArrayType (ArrayType (FloatType) 3) 2) (IntType)) 2)
    x
    (ArrayIndexExpr
     (IntType)
     (ArrayLiteralExpr
      (ArrayType (IntType) 1)
      (VarExpr (IntType) o)
      (VarExpr (IntType) u)
      (VarExpr (IntType) d))
     (VarExpr (IntType) q))
    y
    (VarExpr (IntType) u)
    (TupleLiteralExpr
     (TupleType (ArrayType (ArrayType (FloatType) 3) 2) (IntType))
     (ArrayLoopExpr
      (ArrayType (ArrayType (FloatType) 3) 2)
      z
      (VarExpr (IntType) e)
      A
      (VarExpr (IntType) r)
      (VarExpr (ArrayType (FloatType) 3) b))
     (VarExpr (IntType) h)))
   (VarExpr (IntType) argnum)
   (BinopExpr
    (IntType)
    (VarExpr (IntType) argnum)
    +
    (ArrayIndexExpr
     (IntType)
     (ArrayLoopExpr
      (ArrayType (IntType) 2)
      x
      (VarExpr (IntType) h)
      y
      (VarExpr (IntType) h)
      (VarExpr (IntType) q))
     (VarExpr (IntType) c)
     (VarExpr (IntType) o))))))
(FnCmd
 B
 ((VarBinding (ArrayArgument C D) (ArrayType (TupleType (IntType)) 1))
  (VarBinding (ArrayArgument E F G) (ArrayType (ArrayType (IntType) 2) 2)))
 (FloatType)
 (LetStmt
  (TupleLValue)
  (TupleIndexExpr
   (TupleType)
   (TupleLiteralExpr
    (TupleType (TupleType) (ArrayType (IntType) 1) (BoolType))
    (ArrayIndexExpr
     (TupleType)
     (IfExpr
      (ArrayType (TupleType) 3)
      (FalseExpr (BoolType))
      (ArrayLoopExpr
       (ArrayType (TupleType) 3)
       H
       (VarExpr (IntType) A)
       I
       (VarExpr (IntType) h)
       J
       (VarExpr (IntType) o)
       (TupleLiteralExpr (TupleType)))
      (ArrayLoopExpr
       (ArrayType (TupleType) 3)
       H
       (VarExpr (IntType) i)
       I
       (VarExpr (IntType) A)
       J
       (VarExpr (IntType) q)
       (TupleLiteralExpr (TupleType))))
     (VarExpr (IntType) c)
     (VarExpr (IntType) q)
     (VarExpr (IntType) g))
    (VarExpr (ArrayType (IntType) 1) j)
    (FalseExpr (BoolType)))
   0))
 (LetStmt (ArgLValue (VarArgument H)) (VarExpr (ArrayType (FloatType) 3) b))
 (ReturnStmt
  (UnopExpr
   (FloatType)
   -
   (CallExpr (FloatType) tan (FloatExpr (FloatType) 58))))
 (AssertStmt
  (CallExpr
   (BoolType)
   w
   (ArrayLoopExpr
    (ArrayType (TupleType) 3)
    I
    (VarExpr (IntType) z)
    J
    (VarExpr (IntType) argnum)
    K
    (SumLoopExpr
     (IntType)
     I
     (VarExpr (IntType) G)
     (TupleIndexExpr
      (IntType)
      (ArrayIndexExpr
       (TupleType (IntType))
       (VarExpr (ArrayType (TupleType (IntType)) 1) C)
       (VarExpr (IntType) e))
      0))
    (TupleLiteralExpr (TupleType)))
   (IfExpr
    (TupleType (TupleType))
    (CallExpr (BoolType) l)
    (ArrayIndexExpr
     (TupleType (TupleType))
     (ArrayLoopExpr
      (ArrayType (TupleType (TupleType)) 3)
      I
      (VarExpr (IntType) u)
      J
      (VarExpr (IntType) q)
      K
      (VarExpr (IntType) D)
      (TupleLiteralExpr (TupleType (TupleType)) (TupleLiteralExpr (TupleType))))
     (TupleIndexExpr
      (IntType)
      (TupleLiteralExpr
       (TupleType (IntType) (IntType) (ArrayType (IntType) 1))
       (VarExpr (IntType) D)
       (IntExpr (IntType) 204)
       (VarExpr (ArrayType (IntType) 1) args))
      0)
     (VarExpr (IntType) F)
     (VarExpr (IntType) y))
    (TupleIndexExpr
     (TupleType (TupleType))
     (TupleLiteralExpr
      (TupleType (IntType) (TupleType (TupleType)))
      (UnopExpr (IntType) - (VarExpr (IntType) g))
      (TupleLiteralExpr (TupleType (TupleType)) (TupleLiteralExpr (TupleType))))
     1)))
  "I")
 (ReturnStmt
  (CallExpr
   (FloatType)
   exp
   (CallExpr
    (FloatType)
    asin
    (SumLoopExpr
     (FloatType)
     I
     (VarExpr (IntType) argnum)
     J
     (BinopExpr (IntType) (VarExpr (IntType) r) % (VarExpr (IntType) d))
     (CallExpr
      (FloatType)
      log
      (CallExpr (FloatType) asin (FloatExpr (FloatType) 95))))))))
