(ShowCmd
 (ArrayIndexExpr
  (IntType)
  (ArrayIndexExpr
   (ArrayType (IntType) 3)
   (IfExpr
    (ArrayType (ArrayType (IntType) 3) 2)
    (BinopExpr
     (BoolType)
     (UnopExpr (BoolType) ! (TrueExpr (BoolType)))
     ==
     (BinopExpr (BoolType) (FalseExpr (BoolType)) && (FalseExpr (BoolType))))
    (ArrayLoopExpr
     (ArrayType (ArrayType (IntType) 3) 2)
     a
     (IfExpr
      (IntType)
      (TrueExpr (BoolType))
      (VarExpr (IntType) argnum)
      (VarExpr (IntType) argnum))
     b
     (UnopExpr (IntType) - (VarExpr (IntType) argnum))
     (ArrayLoopExpr
      (ArrayType (IntType) 3)
      c
      (VarExpr (IntType) b)
      d
      (VarExpr (IntType) a)
      e
      (VarExpr (IntType) argnum)
      (VarExpr (IntType) e)))
    (ArrayLoopExpr
     (ArrayType (ArrayType (IntType) 3) 2)
     a
     (VarExpr (IntType) argnum)
     b
     (VarExpr (IntType) argnum)
     (ArrayLoopExpr
      (ArrayType (IntType) 3)
      c
      (IntExpr (IntType) 751)
      d
      (IntExpr (IntType) 910)
      e
      (IntExpr (IntType) 820)
      (VarExpr (IntType) c))))
   (ArrayIndexExpr
    (IntType)
    (ArrayLoopExpr
     (ArrayType (IntType) 3)
     a
     (SumLoopExpr
      (IntType)
      a
      (IntExpr (IntType) 136)
      b
      (VarExpr (IntType) argnum)
      (VarExpr (IntType) argnum))
     b
     (IfExpr
      (IntType)
      (FalseExpr (BoolType))
      (VarExpr (IntType) argnum)
      (IntExpr (IntType) 136))
     c
     (VarExpr (IntType) argnum)
     (UnopExpr (IntType) - (VarExpr (IntType) c)))
    (SumLoopExpr
     (IntType)
     a
     (CallExpr (IntType) to_int (FloatExpr (FloatType) 39))
     (CallExpr (IntType) to_int (FloatExpr (FloatType) 27)))
    (SumLoopExpr
     (IntType)
     a
     (IntExpr (IntType) 222)
     (UnopExpr (IntType) - (VarExpr (IntType) argnum)))
    (TupleIndexExpr
     (IntType)
     (TupleLiteralExpr
      (TupleType (IntType) (BoolType))
      (VarExpr (IntType) argnum)
      (FalseExpr (BoolType)))
     0))
   (VarExpr (IntType) argnum))
  (IfExpr
   (IntType)
   (BinopExpr
    (BoolType)
    (IfExpr
     (IntType)
     (FalseExpr (BoolType))
     (UnopExpr (IntType) - (IntExpr (IntType) 443))
     (VarExpr (IntType) argnum))
    >=
    (VarExpr (IntType) argnum))
   (ArrayIndexExpr
    (IntType)
    (TupleIndexExpr
     (ArrayType (IntType) 1)
     (TupleLiteralExpr
      (TupleType (ArrayType (IntType) 1))
      (VarExpr (ArrayType (IntType) 1) args))
     0)
    (BinopExpr
     (IntType)
     (ArrayIndexExpr
      (IntType)
      (VarExpr (ArrayType (IntType) 1) args)
      (VarExpr (IntType) argnum))
     *
     (IntExpr (IntType) 672)))
   (SumLoopExpr
    (IntType)
    a
    (UnopExpr (IntType) - (VarExpr (IntType) argnum))
    (BinopExpr
     (IntType)
     (UnopExpr (IntType) - (VarExpr (IntType) a))
     %
     (VarExpr (IntType) a))))
  (SumLoopExpr
   (IntType)
   a
   (BinopExpr
    (IntType)
    (CallExpr (IntType) to_int (FloatExpr (FloatType) 30))
    %
    (IntExpr (IntType) 917))
   (IfExpr
    (IntType)
    (TrueExpr (BoolType))
    (VarExpr (IntType) argnum)
    (UnopExpr
     (IntType)
     -
     (SumLoopExpr
      (IntType)
      b
      (IntExpr (IntType) 570)
      (VarExpr (IntType) argnum)))))
  (CallExpr
   (IntType)
   to_int
   (CallExpr
    (FloatType)
    cos
    (CallExpr
     (FloatType)
     atan2
     (CallExpr (FloatType) exp (FloatExpr (FloatType) 78))
     (CallExpr
      (FloatType)
      atan2
      (FloatExpr (FloatType) 18)
      (FloatExpr (FloatType) 91)))))))
(FnCmd
 a
 ((TupleBinding
   (TupleBinding
    (TupleBinding
     (TupleBinding
      (TupleBinding
       (TupleBinding
        (TupleBinding
         (TupleBinding
          (VarBinding (ArrayArgument b c d e) (ArrayType (IntType) 3))))
        (TupleBinding
         (TupleBinding
          (VarBinding (VarArgument f) (FloatType))
          (VarBinding (ArrayArgument g h i j) (ArrayType (IntType) 3)))))
       (VarBinding (VarArgument k) (BoolType))
       (VarBinding (VarArgument l) (TupleType))))))
   (VarBinding (ArrayArgument m n) (ArrayType (FloatType) 1)))
  (VarBinding (ArrayArgument o p) (ArrayType (ArrayType (TupleType) 1) 1)))
 (IntType)
 (LetStmt
  (TupleLValue
   (ArgLValue (ArrayArgument q r))
   (TupleLValue
    (ArgLValue (VarArgument s))
    (TupleLValue
     (ArgLValue (ArrayArgument t u v))
     (ArgLValue (ArrayArgument w x y z)))
    (ArgLValue (VarArgument A)))
   (TupleLValue (ArgLValue (ArrayArgument B C D))))
  (TupleLiteralExpr
   (TupleType
    (ArrayType (FloatType) 1)
    (TupleType
     (IntType)
     (TupleType (ArrayType (BoolType) 2) (ArrayType (IntType) 3))
     (FloatType))
    (TupleType (ArrayType (FloatType) 2)))
   (VarExpr (ArrayType (FloatType) 1) m)
   (TupleLiteralExpr
    (TupleType
     (IntType)
     (TupleType (ArrayType (BoolType) 2) (ArrayType (IntType) 3))
     (FloatType))
    (VarExpr (IntType) e)
    (TupleLiteralExpr
     (TupleType (ArrayType (BoolType) 2) (ArrayType (IntType) 3))
     (IfExpr
      (ArrayType (BoolType) 2)
      (UnopExpr (BoolType) ! (VarExpr (BoolType) k))
      (ArrayLoopExpr
       (ArrayType (BoolType) 2)
       q
       (VarExpr (IntType) j)
       r
       (VarExpr (IntType) n)
       (FalseExpr (BoolType)))
      (ArrayLoopExpr
       (ArrayType (BoolType) 2)
       q
       (VarExpr (IntType) n)
       r
       (VarExpr (IntType) i)
       (VarExpr (BoolType) k)))
     (VarExpr (ArrayType (IntType) 3) g))
    (CallExpr (FloatType) to_float (IntExpr (IntType) 272)))
   (TupleLiteralExpr
    (TupleType (ArrayType (FloatType) 2))
    (ArrayLoopExpr
     (ArrayType (FloatType) 2)
     q
     (VarExpr (IntType) d)
     r
     (TupleIndexExpr
      (IntType)
      (TupleLiteralExpr
       (TupleType (IntType) (IntType) (IntType))
       (VarExpr (IntType) n)
       (VarExpr (IntType) e)
       (VarExpr (IntType) argnum))
      1)
     (VarExpr (FloatType) f)))))
 (LetStmt
  (ArgLValue (ArrayArgument E F))
  (TupleIndexExpr
   (ArrayType (IntType) 1)
   (IfExpr
    (TupleType (ArrayType (IntType) 1))
    (VarExpr (BoolType) k)
    (ArrayIndexExpr
     (TupleType (ArrayType (IntType) 1))
     (ArrayLoopExpr
      (ArrayType (TupleType (ArrayType (IntType) 1)) 2)
      E
      (VarExpr (IntType) d)
      F
      (VarExpr (IntType) d)
      (TupleLiteralExpr
       (TupleType (ArrayType (IntType) 1))
       (VarExpr (ArrayType (IntType) 1) args)))
     (UnopExpr (IntType) - (IntExpr (IntType) 206))
     (IfExpr
      (IntType)
      (TrueExpr (BoolType))
      (VarExpr (IntType) u)
      (VarExpr (IntType) j)))
    (TupleLiteralExpr
     (TupleType (ArrayType (IntType) 1))
     (ArrayLiteralExpr
      (ArrayType (IntType) 1)
      (VarExpr (IntType) x)
      (VarExpr (IntType) D)
      (VarExpr (IntType) n))))
   0))
 (LetStmt (ArgLValue (VarArgument G)) (VarExpr (IntType) y))
 (LetStmt
  (ArgLValue (ArrayArgument H I J))
  (ArrayLoopExpr
   (ArrayType (ArrayType (IntType) 1) 2)
   H
   (VarExpr (IntType) C)
   I
   (VarExpr (IntType) u)
   (ArrayLiteralExpr (ArrayType (IntType) 1) (IntExpr (IntType) 207))))
 (ReturnStmt (VarExpr (IntType) z)))
(LetCmd
 (ArgLValue (ArrayArgument b c d))
 (IfExpr
  (ArrayType (FloatType) 2)
  (IfExpr
   (BoolType)
   (BinopExpr
    (BoolType)
    (BinopExpr
     (BoolType)
     (IfExpr
      (BoolType)
      (FalseExpr (BoolType))
      (FalseExpr (BoolType))
      (FalseExpr (BoolType)))
     ||
     (BinopExpr
      (BoolType)
      (VarExpr (IntType) argnum)
      <
      (IntExpr (IntType) 223)))
    &&
    (FalseExpr (BoolType)))
   (TupleIndexExpr
    (BoolType)
    (TupleLiteralExpr
     (TupleType (ArrayType (IntType) 1) (BoolType))
     (VarExpr (ArrayType (IntType) 1) args)
     (UnopExpr (BoolType) ! (FalseExpr (BoolType))))
    1)
   (BinopExpr
    (BoolType)
    (BinopExpr
     (BoolType)
     (FloatExpr (FloatType) 12)
     <=
     (CallExpr (FloatType) exp (FloatExpr (FloatType) 22)))
    ||
    (BinopExpr
     (BoolType)
     (FalseExpr (BoolType))
     ||
     (UnopExpr (BoolType) ! (FalseExpr (BoolType))))))
  (ArrayLoopExpr
   (ArrayType (FloatType) 2)
   b
   (VarExpr (IntType) argnum)
   c
   (IfExpr
    (IntType)
    (IfExpr
     (BoolType)
     (UnopExpr (BoolType) ! (TrueExpr (BoolType)))
     (FalseExpr (BoolType))
     (UnopExpr (BoolType) ! (TrueExpr (BoolType))))
    (CallExpr (IntType) to_int (FloatExpr (FloatType) 96))
    (IfExpr
     (IntType)
     (TrueExpr (BoolType))
     (VarExpr (IntType) argnum)
     (SumLoopExpr (IntType) b (IntExpr (IntType) 387) (VarExpr (IntType) b))))
   (CallExpr
    (FloatType)
    log
    (CallExpr
     (FloatType)
     pow
     (CallExpr (FloatType) cos (FloatExpr (FloatType) 12))
     (CallExpr (FloatType) to_float (IntExpr (IntType) 216)))))
  (ArrayLoopExpr
   (ArrayType (FloatType) 2)
   b
   (SumLoopExpr
    (IntType)
    b
    (SumLoopExpr
     (IntType)
     b
     (VarExpr (IntType) argnum)
     c
     (IntExpr (IntType) 863)
     (IntExpr (IntType) 845))
    c
    (SumLoopExpr
     (IntType)
     b
     (CallExpr (IntType) to_int (FloatExpr (FloatType) 44))
     c
     (VarExpr (IntType) argnum)
     (UnopExpr (IntType) - (VarExpr (IntType) b)))
    (VarExpr (IntType) b))
   c
   (TupleIndexExpr
    (IntType)
    (TupleLiteralExpr (TupleType (IntType)) (VarExpr (IntType) argnum))
    0)
   (BinopExpr
    (FloatType)
    (CallExpr
     (FloatType)
     acos
     (CallExpr (FloatType) sin (FloatExpr (FloatType) 17)))
    /
    (TupleIndexExpr
     (FloatType)
     (TupleLiteralExpr
      (TupleType (FloatType) (TupleType) (TupleType))
      (FloatExpr (FloatType) 8)
      (TupleLiteralExpr (TupleType))
      (TupleLiteralExpr (TupleType)))
     0)))))
(LetCmd
 (TupleLValue (ArgLValue (ArrayArgument e f g h)))
 (ArrayIndexExpr
  (TupleType (ArrayType (IntType) 3))
  (IfExpr
   (ArrayType (TupleType (ArrayType (IntType) 3)) 2)
   (BinopExpr
    (BoolType)
    (BinopExpr
     (BoolType)
     (UnopExpr (BoolType) ! (TrueExpr (BoolType)))
     ||
     (TrueExpr (BoolType)))
    ==
    (ArrayIndexExpr
     (BoolType)
     (ArrayLoopExpr
      (ArrayType (BoolType) 1)
      e
      (IntExpr (IntType) 182)
      (FalseExpr (BoolType)))
     (VarExpr (IntType) argnum)))
   (ArrayLoopExpr
    (ArrayType (TupleType (ArrayType (IntType) 3)) 2)
    e
    (ArrayIndexExpr
     (IntType)
     (ArrayLoopExpr
      (ArrayType (IntType) 2)
      e
      (IntExpr (IntType) 11)
      f
      (IntExpr (IntType) 96)
      (VarExpr (IntType) f))
     (VarExpr (IntType) argnum)
     (SumLoopExpr
      (IntType)
      e
      (VarExpr (IntType) argnum)
      f
      (VarExpr (IntType) c)
      (VarExpr (IntType) f)))
    f
    (UnopExpr (IntType) - (UnopExpr (IntType) - (VarExpr (IntType) d)))
    (TupleLiteralExpr
     (TupleType (ArrayType (IntType) 3))
     (ArrayLoopExpr
      (ArrayType (IntType) 3)
      g
      (IntExpr (IntType) 397)
      h
      (VarExpr (IntType) f)
      i
      (VarExpr (IntType) f)
      (VarExpr (IntType) f))))
   (ArrayLoopExpr
    (ArrayType (TupleType (ArrayType (IntType) 3)) 2)
    e
    (ArrayIndexExpr
     (IntType)
     (ArrayLoopExpr
      (ArrayType (IntType) 3)
      e
      (VarExpr (IntType) argnum)
      f
      (VarExpr (IntType) d)
      g
      (IntExpr (IntType) 882)
      (VarExpr (IntType) e))
     (VarExpr (IntType) argnum)
     (IntExpr (IntType) 541)
     (VarExpr (IntType) d))
    f
    (CallExpr
     (IntType)
     to_int
     (CallExpr
      (FloatType)
      atan2
      (FloatExpr (FloatType) 70)
      (FloatExpr (FloatType) 84)))
    (TupleLiteralExpr
     (TupleType (ArrayType (IntType) 3))
     (ArrayLoopExpr
      (ArrayType (IntType) 3)
      g
      (VarExpr (IntType) d)
      h
      (VarExpr (IntType) argnum)
      i
      (VarExpr (IntType) argnum)
      (VarExpr (IntType) h)))))
  (VarExpr (IntType) argnum)
  (UnopExpr (IntType) - (VarExpr (IntType) c))))
(TimeCmd
 (WriteCmd
  (ArrayLoopExpr
   (ArrayType (TupleType (FloatType) (FloatType) (FloatType) (FloatType)) 2)
   i
   (VarExpr (IntType) c)
   j
   (VarExpr (IntType) d)
   (TupleLiteralExpr
    (TupleType (FloatType) (FloatType) (FloatType) (FloatType))
    (CallExpr
     (FloatType)
     sqrt
     (CallExpr (FloatType) to_float (VarExpr (IntType) i)))
    (CallExpr
     (FloatType)
     exp
     (CallExpr (FloatType) cos (FloatExpr (FloatType) 53)))
    (BinopExpr
     (FloatType)
     (ArrayIndexExpr
      (FloatType)
      (VarExpr (ArrayType (FloatType) 2) b)
      (VarExpr (IntType) h)
      (VarExpr (IntType) i))
     -
     (CallExpr
      (FloatType)
      atan2
      (FloatExpr (FloatType) 62)
      (FloatExpr (FloatType) 49)))
    (CallExpr
     (FloatType)
     atan
     (CallExpr (FloatType) sin (FloatExpr (FloatType) 52)))))
  "i.png"))
(LetCmd
 (TupleLValue
  (ArgLValue (VarArgument i))
  (TupleLValue
   (ArgLValue (ArrayArgument j k l m))
   (ArgLValue (ArrayArgument n o p q))
   (ArgLValue (VarArgument r))))
 (TupleIndexExpr
  (TupleType
   (FloatType)
   (TupleType (ArrayType (IntType) 3) (ArrayType (IntType) 3) (IntType)))
  (TupleLiteralExpr
   (TupleType
    (ArrayType (IntType) 3)
    (TupleType
     (FloatType)
     (TupleType (ArrayType (IntType) 3) (ArrayType (IntType) 3) (IntType)))
    (FloatType))
   (VarExpr (ArrayType (IntType) 3) e)
   (TupleLiteralExpr
    (TupleType
     (FloatType)
     (TupleType (ArrayType (IntType) 3) (ArrayType (IntType) 3) (IntType)))
    (CallExpr (FloatType) sin (FloatExpr (FloatType) 38))
    (TupleLiteralExpr
     (TupleType (ArrayType (IntType) 3) (ArrayType (IntType) 3) (IntType))
     (VarExpr (ArrayType (IntType) 3) e)
     (ArrayLoopExpr
      (ArrayType (IntType) 3)
      i
      (VarExpr (IntType) d)
      j
      (VarExpr (IntType) h)
      k
      (VarExpr (IntType) f)
      (VarExpr (IntType) c))
     (VarExpr (IntType) f)))
   (CallExpr
    (FloatType)
    log
    (CallExpr (FloatType) tan (FloatExpr (FloatType) 6))))
  1))
(AssertCmd (UnopExpr (BoolType) ! (FalseExpr (BoolType))) "s")
(LetCmd (ArgLValue (ArrayArgument s t)) (VarExpr (ArrayType (IntType) 1) args))
(FnCmd
 u
 ((VarBinding (ArrayArgument v w x) (ArrayType (ArrayType (BoolType) 1) 2))
  (VarBinding (VarArgument y) (BoolType)))
 (BoolType)
 (LetStmt
  (TupleLValue (ArgLValue (ArrayArgument z A)))
  (TupleIndexExpr
   (TupleType (ArrayType (IntType) 1))
   (TupleLiteralExpr
    (TupleType
     (TupleType (ArrayType (IntType) 1))
     (ArrayType (ArrayType (IntType) 3) 1))
    (TupleLiteralExpr
     (TupleType (ArrayType (IntType) 1))
     (VarExpr (ArrayType (IntType) 1) s))
    (ArrayLiteralExpr
     (ArrayType (ArrayType (IntType) 3) 1)
     (VarExpr (ArrayType (IntType) 3) j)
     (VarExpr (ArrayType (IntType) 3) e)))
   0))
 (LetStmt
  (ArgLValue (VarArgument B))
  (ArrayLoopExpr
   (ArrayType (IntType) 2)
   B
   (SumLoopExpr
    (IntType)
    B
    (VarExpr (IntType) h)
    C
    (VarExpr (IntType) A)
    (VarExpr (IntType) o))
   C
   (VarExpr (IntType) k)
   (VarExpr (IntType) m)))
 (LetStmt (ArgLValue (VarArgument C)) (VarExpr (IntType) p))
 (ReturnStmt
  (CallExpr
   (BoolType)
   u
   (TupleIndexExpr
    (ArrayType (ArrayType (BoolType) 1) 2)
    (ArrayIndexExpr
     (TupleType (ArrayType (ArrayType (BoolType) 1) 2))
     (ArrayLoopExpr
      (ArrayType (TupleType (ArrayType (ArrayType (BoolType) 1) 2)) 3)
      D
      (IntExpr (IntType) 22)
      E
      (VarExpr (IntType) m)
      F
      (VarExpr (IntType) h)
      (TupleLiteralExpr
       (TupleType (ArrayType (ArrayType (BoolType) 1) 2))
       (VarExpr (ArrayType (ArrayType (BoolType) 1) 2) v)))
     (VarExpr (IntType) A)
     (VarExpr (IntType) q)
     (UnopExpr (IntType) - (VarExpr (IntType) r)))
    0)
   (VarExpr (BoolType) y)))
 (ReturnStmt (VarExpr (BoolType) y)))
(LetCmd
 (ArgLValue (ArrayArgument v w x))
 (IfExpr
  (ArrayType (FloatType) 2)
  (CallExpr
   (BoolType)
   u
   (ArrayLoopExpr
    (ArrayType (ArrayType (BoolType) 1) 2)
    v
    (VarExpr (IntType) g)
    w
    (VarExpr (IntType) p)
    (ArrayLoopExpr
     (ArrayType (BoolType) 1)
     x
     (VarExpr (IntType) m)
     (TrueExpr (BoolType))))
   (ArrayIndexExpr
    (BoolType)
    (ArrayLoopExpr
     (ArrayType (BoolType) 1)
     v
     (VarExpr (IntType) g)
     (TrueExpr (BoolType)))
    (TupleIndexExpr
     (IntType)
     (TupleLiteralExpr
      (TupleType (FloatType) (IntType) (IntType))
      (VarExpr (FloatType) i)
      (VarExpr (IntType) l)
      (VarExpr (IntType) l))
     2)))
  (VarExpr (ArrayType (FloatType) 2) b)
  (IfExpr
   (ArrayType (FloatType) 2)
   (BinopExpr
    (BoolType)
    (UnopExpr
     (BoolType)
     !
     (BinopExpr (BoolType) (VarExpr (IntType) r) != (VarExpr (IntType) r)))
    ==
    (UnopExpr (BoolType) ! (TrueExpr (BoolType))))
   (IfExpr
    (ArrayType (FloatType) 2)
    (UnopExpr (BoolType) ! (UnopExpr (BoolType) ! (FalseExpr (BoolType))))
    (ArrayIndexExpr
     (ArrayType (FloatType) 2)
     (ArrayLoopExpr
      (ArrayType (ArrayType (FloatType) 2) 3)
      v
      (IntExpr (IntType) 747)
      w
      (VarExpr (IntType) m)
      x
      (VarExpr (IntType) c)
      (VarExpr (ArrayType (FloatType) 2) b))
     (VarExpr (IntType) f)
     (VarExpr (IntType) k)
     (VarExpr (IntType) g))
    (VarExpr (ArrayType (FloatType) 2) b))
   (ArrayLoopExpr
    (ArrayType (FloatType) 2)
    v
    (VarExpr (IntType) m)
    w
    (VarExpr (IntType) k)
    (CallExpr (FloatType) to_float (VarExpr (IntType) v))))))
(TimeCmd
 (AssertCmd
  (ArrayIndexExpr
   (BoolType)
   (ArrayLiteralExpr
    (ArrayType (BoolType) 1)
    (BinopExpr
     (BoolType)
     (CallExpr (FloatType) sin (VarExpr (FloatType) i))
     ==
     (SumLoopExpr
      (FloatType)
      y
      (VarExpr (IntType) q)
      z
      (VarExpr (IntType) argnum)
      (VarExpr (FloatType) i))))
   (VarExpr (IntType) f))
  "y"))
(FnCmd
 y
 ()
 (BoolType)
 (LetStmt
  (TupleLValue (TupleLValue) (ArgLValue (VarArgument z)))
  (TupleIndexExpr
   (TupleType (TupleType) (IntType))
   (IfExpr
    (TupleType
     (ArrayType (FloatType) 2)
     (TupleType (TupleType) (IntType))
     (ArrayType (FloatType) 1))
    (CallExpr
     (BoolType)
     u
     (ArrayLoopExpr
      (ArrayType (ArrayType (BoolType) 1) 2)
      z
      (VarExpr (IntType) argnum)
      A
      (BinopExpr (IntType) (VarExpr (IntType) h) + (IntExpr (IntType) 125))
      (ArrayLoopExpr
       (ArrayType (BoolType) 1)
       B
       (VarExpr (IntType) c)
       (FalseExpr (BoolType))))
     (CallExpr (BoolType) y))
    (TupleLiteralExpr
     (TupleType
      (ArrayType (FloatType) 2)
      (TupleType (TupleType) (IntType))
      (ArrayType (FloatType) 1))
     (VarExpr (ArrayType (FloatType) 2) b)
     (TupleLiteralExpr
      (TupleType (TupleType) (IntType))
      (TupleLiteralExpr (TupleType))
      (VarExpr (IntType) x))
     (ArrayLiteralExpr
      (ArrayType (FloatType) 1)
      (CallExpr (FloatType) sqrt (VarExpr (FloatType) i))
      (VarExpr (FloatType) i)))
    (TupleLiteralExpr
     (TupleType
      (ArrayType (FloatType) 2)
      (TupleType (TupleType) (IntType))
      (ArrayType (FloatType) 1))
     (VarExpr (ArrayType (FloatType) 2) v)
     (TupleLiteralExpr
      (TupleType (TupleType) (IntType))
      (IfExpr
       (TupleType)
       (TrueExpr (BoolType))
       (TupleLiteralExpr (TupleType))
       (TupleLiteralExpr (TupleType)))
      (VarExpr (IntType) h))
     (ArrayLiteralExpr
      (ArrayType (FloatType) 1)
      (SumLoopExpr
       (FloatType)
       z
       (VarExpr (IntType) c)
       A
       (VarExpr (IntType) r)
       B
       (VarExpr (IntType) o)
       (FloatExpr (FloatType) 35)))))
   1))
 (AssertStmt
  (TupleIndexExpr
   (BoolType)
   (ArrayIndexExpr
    (TupleType (ArrayType (IntType) 3) (BoolType) (IntType))
    (IfExpr
     (ArrayType (TupleType (ArrayType (IntType) 3) (BoolType) (IntType)) 2)
     (UnopExpr (BoolType) ! (UnopExpr (BoolType) ! (TrueExpr (BoolType))))
     (ArrayLoopExpr
      (ArrayType (TupleType (ArrayType (IntType) 3) (BoolType) (IntType)) 2)
      A
      (VarExpr (IntType) t)
      B
      (BinopExpr (IntType) (VarExpr (IntType) k) + (VarExpr (IntType) q))
      (TupleLiteralExpr
       (TupleType (ArrayType (IntType) 3) (BoolType) (IntType))
       (VarExpr (ArrayType (IntType) 3) e)
       (CallExpr (BoolType) y)
       (VarExpr (IntType) A)))
     (ArrayLoopExpr
      (ArrayType (TupleType (ArrayType (IntType) 3) (BoolType) (IntType)) 2)
      A
      (VarExpr (IntType) m)
      B
      (UnopExpr (IntType) - (VarExpr (IntType) z))
      (TupleLiteralExpr
       (TupleType (ArrayType (IntType) 3) (BoolType) (IntType))
       (VarExpr (ArrayType (IntType) 3) n)
       (CallExpr (BoolType) y)
       (VarExpr (IntType) t))))
    (VarExpr (IntType) p)
    (VarExpr (IntType) f))
   1)
  "A")
 (LetStmt
  (TupleLValue
   (ArgLValue (VarArgument A))
   (ArgLValue (VarArgument B))
   (ArgLValue (VarArgument C)))
  (TupleIndexExpr
   (TupleType (IntType) (ArrayType (IntType) 1) (IntType))
   (TupleLiteralExpr
    (TupleType
     (FloatType)
     (TupleType (IntType) (ArrayType (IntType) 1) (IntType)))
    (VarExpr (FloatType) i)
    (IfExpr
     (TupleType (IntType) (ArrayType (IntType) 1) (IntType))
     (TupleIndexExpr
      (BoolType)
      (TupleLiteralExpr
       (TupleType (BoolType) (IntType) (IntType))
       (CallExpr (BoolType) y)
       (IntExpr (IntType) 681)
       (VarExpr (IntType) q))
      0)
     (TupleLiteralExpr
      (TupleType (IntType) (ArrayType (IntType) 1) (IntType))
      (VarExpr (IntType) q)
      (ArrayLiteralExpr
       (ArrayType (IntType) 1)
       (VarExpr (IntType) argnum)
       (VarExpr (IntType) d)
       (VarExpr (IntType) x))
      (VarExpr (IntType) f))
     (IfExpr
      (TupleType (IntType) (ArrayType (IntType) 1) (IntType))
      (CallExpr (BoolType) y)
      (TupleLiteralExpr
       (TupleType (IntType) (ArrayType (IntType) 1) (IntType))
       (VarExpr (IntType) h)
       (VarExpr (ArrayType (IntType) 1) args)
       (VarExpr (IntType) c))
      (TupleLiteralExpr
       (TupleType (IntType) (ArrayType (IntType) 1) (IntType))
       (VarExpr (IntType) d)
       (VarExpr (ArrayType (IntType) 1) s)
       (IntExpr (IntType) 537)))))
   1))
 (AssertStmt
  (UnopExpr
   (BoolType)
   !
   (BinopExpr
    (BoolType)
    (ArrayIndexExpr
     (BoolType)
     (ArrayLoopExpr
      (ArrayType (BoolType) 2)
      D
      (VarExpr (IntType) z)
      E
      (VarExpr (IntType) C)
      (BinopExpr (BoolType) (CallExpr (BoolType) y) || (TrueExpr (BoolType))))
     (VarExpr (IntType) g)
     (VarExpr (IntType) A))
    ==
    (ArrayIndexExpr
     (BoolType)
     (IfExpr
      (ArrayType (BoolType) 2)
      (BinopExpr (BoolType) (VarExpr (IntType) r) != (VarExpr (IntType) w))
      (ArrayLoopExpr
       (ArrayType (BoolType) 2)
       D
       (VarExpr (IntType) q)
       E
       (VarExpr (IntType) h)
       (CallExpr (BoolType) y))
      (ArrayLoopExpr
       (ArrayType (BoolType) 2)
       D
       (VarExpr (IntType) d)
       E
       (VarExpr (IntType) o)
       (CallExpr (BoolType) y)))
     (VarExpr (IntType) k)
     (UnopExpr (IntType) - (VarExpr (IntType) o)))))
  "D")
 (ReturnStmt
  (BinopExpr
   (BoolType)
   (CallExpr
    (FloatType)
    atan2
    (CallExpr
     (FloatType)
     acos
     (SumLoopExpr
      (FloatType)
      D
      (VarExpr (IntType) C)
      E
      (ArrayIndexExpr
       (IntType)
       (VarExpr (ArrayType (IntType) 3) e)
       (VarExpr (IntType) k)
       (VarExpr (IntType) A)
       (VarExpr (IntType) argnum))
      (CallExpr (FloatType) tan (VarExpr (FloatType) i))))
    (TupleIndexExpr
     (FloatType)
     (TupleLiteralExpr
      (TupleType (IntType) (FloatType) (FloatType))
      (IntExpr (IntType) 189)
      (FloatExpr (FloatType) 24)
      (CallExpr (FloatType) sin (FloatExpr (FloatType) 80)))
     1))
   !=
   (CallExpr
    (FloatType)
    cos
    (CallExpr
     (FloatType)
     sqrt
     (BinopExpr
      (FloatType)
      (VarExpr (FloatType) i)
      /
      (ArrayIndexExpr
       (FloatType)
       (VarExpr (ArrayType (FloatType) 2) b)
       (VarExpr (IntType) c)
       (VarExpr (IntType) x))))))))
