(ShowCmd
 (IfExpr
  (IntType)
  (BinopExpr (BoolType) (TrueExpr (BoolType)) || (TrueExpr (BoolType)))
  (IntExpr (IntType) 75)
  (IfExpr
   (IntType)
   (BinopExpr
    (BoolType)
    (UnopExpr (BoolType) ! (UnopExpr (BoolType) ! (FalseExpr (BoolType))))
    ||
    (UnopExpr
     (BoolType)
     !
     (BinopExpr (BoolType) (IntExpr (IntType) 910) >= (IntExpr (IntType) 927))))
   (IntExpr (IntType) 575)
   (UnopExpr
    (IntType)
    -
    (BinopExpr (IntType) (IntExpr (IntType) 488) * (IntExpr (IntType) 613))))))
