(ShowCmd
 (BinopExpr
  (IntType)
  (IfExpr
   (IntType)
   (BinopExpr
    (BoolType)
    (BinopExpr
     (BoolType)
     (BinopExpr
      (FloatType)
      (FloatExpr (FloatType) 61)
      *
      (FloatExpr (FloatType) 8))
     >
     (IfExpr
      (FloatType)
      (TrueExpr)
      (FloatExpr (FloatType) 76)
      (FloatExpr (FloatType) 14)))
    ==
    (BinopExpr
     (BoolType)
     (UnopExpr (FloatType) - (FloatExpr (FloatType) 91))
     !=
     (BinopExpr
      (FloatType)
      (FloatExpr (FloatType) 76)
      %
      (FloatExpr (FloatType) 34))))
   (IfExpr
    (IntType)
    (TrueExpr)
    (UnopExpr (IntType) - (IntExpr (IntType) 823))
    (UnopExpr (IntType) - (UnopExpr (IntType) - (IntExpr (IntType) 851))))
   (BinopExpr
    (IntType)
    (UnopExpr
     (IntType)
     -
     (BinopExpr (IntType) (IntExpr (IntType) 489) + (IntExpr (IntType) 769)))
    -
    (IfExpr
     (IntType)
     (TrueExpr)
     (BinopExpr (IntType) (IntExpr (IntType) 597) - (IntExpr (IntType) 220))
     (IntExpr (IntType) 975))))
  +
  (IntExpr (IntType) 622)))
