(ShowCmd
 (IfExpr
  (ArrayType (FloatType) 1)
  (BinopExpr
   (BoolType)
   (FloatExpr (FloatType) 27)
   <
   (FloatExpr (FloatType) 51))
  (ArrayLiteralExpr
   (ArrayType (FloatType) 1)
   (UnopExpr (FloatType) - (UnopExpr (FloatType) - (FloatExpr (FloatType) 21)))
   (IfExpr
    (FloatType)
    (BinopExpr
     (BoolType)
     (BinopExpr (IntType) (IntExpr (IntType) 810) * (IntExpr (IntType) 427))
     <
     (IfExpr
      (IntType)
      (TrueExpr)
      (IntExpr (IntType) 293)
      (IntExpr (IntType) 478)))
    (UnopExpr
     (FloatType)
     -
     (UnopExpr (FloatType) - (FloatExpr (FloatType) 75)))
    (UnopExpr
     (FloatType)
     -
     (UnopExpr (FloatType) - (FloatExpr (FloatType) 49)))))
  (IfExpr
   (ArrayType (FloatType) 1)
   (UnopExpr (BoolType) ! (FalseExpr))
   (ArrayLiteralExpr
    (ArrayType (FloatType) 1)
    (BinopExpr
     (FloatType)
     (FloatExpr (FloatType) 96)
     %
     (UnopExpr (FloatType) - (FloatExpr (FloatType) 93)))
    (FloatExpr (FloatType) 63)
    (IfExpr
     (FloatType)
     (UnopExpr (BoolType) ! (FalseExpr))
     (FloatExpr (FloatType) 59)
     (FloatExpr (FloatType) 7))
    (IfExpr
     (FloatType)
     (BinopExpr (BoolType) (FalseExpr) || (FalseExpr))
     (FloatExpr (FloatType) 91)
     (BinopExpr
      (FloatType)
      (FloatExpr (FloatType) 57)
      /
      (FloatExpr (FloatType) 40)))
    (UnopExpr
     (FloatType)
     -
     (IfExpr
      (FloatType)
      (FalseExpr)
      (FloatExpr (FloatType) 54)
      (FloatExpr (FloatType) 96)))
    (FloatExpr (FloatType) 93)
    (BinopExpr
     (FloatType)
     (UnopExpr (FloatType) - (FloatExpr (FloatType) 39))
     -
     (FloatExpr (FloatType) 25))
    (UnopExpr (FloatType) - (FloatExpr (FloatType) 19))
    (UnopExpr (FloatType) - (FloatExpr (FloatType) 23)))
   (IfExpr
    (ArrayType (FloatType) 1)
    (IfExpr
     (BoolType)
     (BinopExpr
      (BoolType)
      (FloatExpr (FloatType) 70)
      !=
      (FloatExpr (FloatType) 82))
     (BinopExpr
      (BoolType)
      (FloatExpr (FloatType) 6)
      >=
      (FloatExpr (FloatType) 98))
     (UnopExpr (BoolType) ! (TrueExpr)))
    (ArrayLiteralExpr
     (ArrayType (FloatType) 1)
     (UnopExpr (FloatType) - (FloatExpr (FloatType) 9))
     (FloatExpr (FloatType) 6))
    (ArrayLiteralExpr (ArrayType (FloatType) 1) (FloatExpr (FloatType) 59))))))
