(ShowCmd
 (BinopExpr
  (BoolType)
  (FloatExpr (FloatType) 28)
  >
  (IfExpr
   (FloatType)
   (TrueExpr (BoolType))
   (BinopExpr
    (FloatType)
    (FloatExpr (FloatType) 45)
    -
    (FloatExpr (FloatType) 23))
   (BinopExpr
    (FloatType)
    (UnopExpr
     (FloatType)
     -
     (UnopExpr (FloatType) - (FloatExpr (FloatType) 52)))
    %
    (BinopExpr
     (FloatType)
     (FloatExpr (FloatType) 55)
     -
     (FloatExpr (FloatType) 98))))))
