(ShowCmd
 (TupleLiteralExpr
  (TupleType (BoolType) (BoolType) (FloatType))
  (TrueExpr)
  (UnopExpr
   (BoolType)
   !
   (BinopExpr
    (BoolType)
    (UnopExpr
     (IntType)
     -
     (BinopExpr (IntType) (IntExpr (IntType) 570) * (IntExpr (IntType) 461)))
    >
    (IfExpr
     (IntType)
     (BinopExpr
      (BoolType)
      (FloatExpr (FloatType) 79)
      >
      (FloatExpr (FloatType) 74))
     (IfExpr
      (IntType)
      (TrueExpr)
      (IntExpr (IntType) 786)
      (IntExpr (IntType) 316))
     (BinopExpr (IntType) (IntExpr (IntType) 774) % (IntExpr (IntType) 466)))))
  (UnopExpr
   (FloatType)
   -
   (BinopExpr
    (FloatType)
    (UnopExpr
     (FloatType)
     -
     (UnopExpr (FloatType) - (FloatExpr (FloatType) 68)))
    *
    (BinopExpr
     (FloatType)
     (FloatExpr (FloatType) 68)
     /
     (FloatExpr (FloatType) 83))))))
