(ShowCmd
 (TupleLiteralExpr
  (TupleType (BoolType) (IntType))
  (BinopExpr
   (BoolType)
   (UnopExpr
    (BoolType)
    !
    (BinopExpr
     (BoolType)
     (IfExpr
      (FloatType)
      (TrueExpr (BoolType))
      (FloatExpr (FloatType) 4)
      (FloatExpr (FloatType) 27))
     ==
     (UnopExpr (FloatType) - (FloatExpr (FloatType) 94))))
   &&
   (FalseExpr (BoolType)))
  (IntExpr (IntType) 851)))
