(ShowCmd
 (UnopExpr
  (FloatType)
  -
  (UnopExpr
   (FloatType)
   -
   (BinopExpr
    (FloatType)
    (IfExpr
     (FloatType)
     (TrueExpr)
     (UnopExpr (FloatType) - (FloatExpr (FloatType) 69))
     (BinopExpr
      (FloatType)
      (FloatExpr (FloatType) 66)
      /
      (FloatExpr (FloatType) 8)))
    +
    (FloatExpr (FloatType) 75)))))
