(ShowCmd
 (BinopExpr
  (BoolType)
  (UnopExpr
   (FloatType)
   -
   (UnopExpr
    (FloatType)
    -
    (IfExpr
     (FloatType)
     (UnopExpr (BoolType) ! (FalseExpr))
     (UnopExpr (FloatType) - (FloatExpr (FloatType) 28))
     (UnopExpr (FloatType) - (FloatExpr (FloatType) 76)))))
  !=
  (FloatExpr (FloatType) 3)))
