(AssertCmd
 (ArrayIndexExpr
  (BoolType)
  (ArrayIndexExpr
   (ArrayType (BoolType) 1)
   (ArrayLoopExpr
    (ArrayType (ArrayType (BoolType) 1) 2)
    a
    (SumLoopExpr
     (IntType)
     a
     (IntExpr (IntType) 933)
     (ArrayIndexExpr
      (IntType)
      (VarExpr (ArrayType (IntType) 1) args)
      (IntExpr (IntType) 748)))
    b
    (IntExpr (IntType) 228)
    (ArrayLoopExpr
     (ArrayType (BoolType) 1)
     c
     (UnopExpr (IntType) - (IntExpr (IntType) 105))
     (UnopExpr (BoolType) ! (TrueExpr (BoolType)))))
   (IfExpr
    (IntType)
    (UnopExpr (BoolType) ! (TrueExpr (BoolType)))
    (IntExpr (IntType) 270)
    (ArrayIndexExpr
     (IntType)
     (ArrayLoopExpr
      (ArrayType (IntType) 2)
      a
      (IntExpr (IntType) 849)
      b
      (IntExpr (IntType) 74)
      (VarExpr (IntType) b))
     (IntExpr (IntType) 350)
     (ArrayIndexExpr
      (IntType)
      (VarExpr (ArrayType (IntType) 1) args)
      (VarExpr (IntType) argnum))))
   (UnopExpr
    (IntType)
    -
    (IfExpr
     (IntType)
     (BinopExpr (BoolType) (FalseExpr (BoolType)) && (FalseExpr (BoolType)))
     (IntExpr (IntType) 797)
     (UnopExpr (IntType) - (IntExpr (IntType) 263)))))
  (BinopExpr
   (IntType)
   (SumLoopExpr
    (IntType)
    a
    (IntExpr (IntType) 261)
    b
    (UnopExpr
     (IntType)
     -
     (IfExpr
      (IntType)
      (FalseExpr (BoolType))
      (IntExpr (IntType) 893)
      (VarExpr (IntType) argnum)))
    c
    (UnopExpr
     (IntType)
     -
     (BinopExpr (IntType) (IntExpr (IntType) 835) * (IntExpr (IntType) 683)))
    (BinopExpr (IntType) (VarExpr (IntType) b) % (VarExpr (IntType) argnum)))
   +
   (IntExpr (IntType) 805)))
 "a")
(LetCmd
 (ArgLValue (ArrayArgument a b))
 (ArrayLoopExpr
  (ArrayType (FloatType) 1)
  a
  (UnopExpr
   (IntType)
   -
   (TupleIndexExpr
    (IntType)
    (TupleLiteralExpr
     (TupleType (IntType) (BoolType) (BoolType))
     (BinopExpr (IntType) (IntExpr (IntType) 42) + (IntExpr (IntType) 585))
     (BinopExpr
      (BoolType)
      (FloatExpr (FloatType) 25)
      <=
      (FloatExpr (FloatType) 66))
     (UnopExpr (BoolType) ! (FalseExpr (BoolType))))
    0))
  (TupleIndexExpr
   (FloatType)
   (IfExpr
    (TupleType (FloatType))
    (BinopExpr
     (BoolType)
     (BinopExpr (BoolType) (VarExpr (IntType) argnum) == (VarExpr (IntType) a))
     &&
     (BinopExpr (BoolType) (IntExpr (IntType) 94) == (VarExpr (IntType) a)))
    (TupleLiteralExpr
     (TupleType (FloatType))
     (UnopExpr (FloatType) - (FloatExpr (FloatType) 9)))
    (TupleLiteralExpr
     (TupleType (FloatType))
     (UnopExpr (FloatType) - (FloatExpr (FloatType) 32))))
   0)))
(LetCmd
 (TupleLValue
  (TupleLValue
   (ArgLValue (VarArgument c))
   (ArgLValue (ArrayArgument d e f g))
   (ArgLValue (ArrayArgument h i)))
  (ArgLValue (ArrayArgument j k l m))
  (ArgLValue (ArrayArgument n o p q)))
 (IfExpr
  (TupleType
   (TupleType (BoolType) (ArrayType (IntType) 3) (ArrayType (IntType) 1))
   (ArrayType (IntType) 3)
   (ArrayType (ArrayType (FloatType) 3) 3))
  (IfExpr
   (BoolType)
   (ArrayIndexExpr
    (BoolType)
    (ArrayLoopExpr
     (ArrayType (BoolType) 1)
     c
     (BinopExpr (IntType) (IntExpr (IntType) 459) + (VarExpr (IntType) argnum))
     (FalseExpr (BoolType)))
    (BinopExpr
     (IntType)
     (VarExpr (IntType) argnum)
     *
     (VarExpr (IntType) argnum)))
   (FalseExpr (BoolType))
   (TupleIndexExpr
    (BoolType)
    (TupleLiteralExpr
     (TupleType
      (IntType)
      (BoolType)
      (TupleType (IntType) (ArrayType (FloatType) 1) (ArrayType (IntType) 1)))
     (VarExpr (IntType) argnum)
     (BinopExpr
      (BoolType)
      (VarExpr (IntType) argnum)
      >
      (VarExpr (IntType) argnum))
     (TupleLiteralExpr
      (TupleType (IntType) (ArrayType (FloatType) 1) (ArrayType (IntType) 1))
      (IntExpr (IntType) 110)
      (VarExpr (ArrayType (FloatType) 1) a)
      (VarExpr (ArrayType (IntType) 1) args)))
    1))
  (TupleLiteralExpr
   (TupleType
    (TupleType (BoolType) (ArrayType (IntType) 3) (ArrayType (IntType) 1))
    (ArrayType (IntType) 3)
    (ArrayType (ArrayType (FloatType) 3) 3))
   (TupleLiteralExpr
    (TupleType (BoolType) (ArrayType (IntType) 3) (ArrayType (IntType) 1))
    (BinopExpr
     (BoolType)
     (UnopExpr (FloatType) - (FloatExpr (FloatType) 19))
     <
     (BinopExpr
      (FloatType)
      (FloatExpr (FloatType) 51)
      *
      (FloatExpr (FloatType) 17)))
    (IfExpr
     (ArrayType (IntType) 3)
     (BinopExpr (BoolType) (FalseExpr (BoolType)) || (FalseExpr (BoolType)))
     (ArrayLoopExpr
      (ArrayType (IntType) 3)
      c
      (IntExpr (IntType) 160)
      d
      (VarExpr (IntType) b)
      e
      (VarExpr (IntType) argnum)
      (VarExpr (IntType) e))
     (ArrayLoopExpr
      (ArrayType (IntType) 3)
      c
      (IntExpr (IntType) 70)
      d
      (IntExpr (IntType) 266)
      e
      (IntExpr (IntType) 676)
      (VarExpr (IntType) e)))
    (ArrayLiteralExpr
     (ArrayType (IntType) 1)
     (ArrayIndexExpr
      (IntType)
      (VarExpr (ArrayType (IntType) 1) args)
      (VarExpr (IntType) argnum))
     (SumLoopExpr
      (IntType)
      c
      (IntExpr (IntType) 286)
      (VarExpr (IntType) argnum))
     (IntExpr (IntType) 639)))
   (TupleIndexExpr
    (ArrayType (IntType) 3)
    (TupleLiteralExpr
     (TupleType (ArrayType (IntType) 3) (BoolType))
     (ArrayLoopExpr
      (ArrayType (IntType) 3)
      c
      (IntExpr (IntType) 64)
      d
      (VarExpr (IntType) argnum)
      e
      (VarExpr (IntType) b)
      (IntExpr (IntType) 969))
     (BinopExpr
      (BoolType)
      (VarExpr (IntType) argnum)
      !=
      (VarExpr (IntType) argnum)))
    0)
   (IfExpr
    (ArrayType (ArrayType (FloatType) 3) 3)
    (BinopExpr (BoolType) (FalseExpr (BoolType)) && (TrueExpr (BoolType)))
    (ArrayLoopExpr
     (ArrayType (ArrayType (FloatType) 3) 3)
     c
     (BinopExpr (IntType) (VarExpr (IntType) b) - (IntExpr (IntType) 512))
     d
     (VarExpr (IntType) b)
     e
     (ArrayIndexExpr
      (IntType)
      (VarExpr (ArrayType (IntType) 1) args)
      (VarExpr (IntType) argnum))
     (ArrayLoopExpr
      (ArrayType (FloatType) 3)
      f
      (VarExpr (IntType) e)
      g
      (VarExpr (IntType) b)
      h
      (VarExpr (IntType) e)
      (FloatExpr (FloatType) 70)))
    (ArrayLoopExpr
     (ArrayType (ArrayType (FloatType) 3) 3)
     c
     (BinopExpr (IntType) (VarExpr (IntType) argnum) - (VarExpr (IntType) b))
     d
     (VarExpr (IntType) argnum)
     e
     (VarExpr (IntType) b)
     (ArrayLoopExpr
      (ArrayType (FloatType) 3)
      f
      (IntExpr (IntType) 540)
      g
      (VarExpr (IntType) d)
      h
      (VarExpr (IntType) e)
      (FloatExpr (FloatType) 55)))))
  (TupleLiteralExpr
   (TupleType
    (TupleType (BoolType) (ArrayType (IntType) 3) (ArrayType (IntType) 1))
    (ArrayType (IntType) 3)
    (ArrayType (ArrayType (FloatType) 3) 3))
   (TupleLiteralExpr
    (TupleType (BoolType) (ArrayType (IntType) 3) (ArrayType (IntType) 1))
    (BinopExpr
     (BoolType)
     (VarExpr (IntType) argnum)
     <=
     (IntExpr (IntType) 792))
    (ArrayLoopExpr
     (ArrayType (IntType) 3)
     c
     (IntExpr (IntType) 146)
     d
     (VarExpr (IntType) argnum)
     e
     (VarExpr (IntType) b)
     (UnopExpr (IntType) - (VarExpr (IntType) c)))
    (IfExpr
     (ArrayType (IntType) 1)
     (BinopExpr (BoolType) (VarExpr (IntType) argnum) != (VarExpr (IntType) b))
     (VarExpr (ArrayType (IntType) 1) args)
     (ArrayLiteralExpr
      (ArrayType (IntType) 1)
      (IntExpr (IntType) 949)
      (VarExpr (IntType) b))))
   (ArrayIndexExpr
    (ArrayType (IntType) 3)
    (ArrayLoopExpr
     (ArrayType (ArrayType (IntType) 3) 3)
     c
     (VarExpr (IntType) b)
     d
     (SumLoopExpr
      (IntType)
      c
      (VarExpr (IntType) argnum)
      d
      (IntExpr (IntType) 753)
      e
      (VarExpr (IntType) b)
      (VarExpr (IntType) c))
     e
     (BinopExpr (IntType) (IntExpr (IntType) 266) / (VarExpr (IntType) argnum))
     (ArrayLoopExpr
      (ArrayType (IntType) 3)
      f
      (VarExpr (IntType) b)
      g
      (VarExpr (IntType) argnum)
      h
      (VarExpr (IntType) argnum)
      (VarExpr (IntType) c)))
    (IntExpr (IntType) 683)
    (VarExpr (IntType) b)
    (SumLoopExpr
     (IntType)
     c
     (UnopExpr (IntType) - (VarExpr (IntType) argnum))
     d
     (VarExpr (IntType) argnum)
     (VarExpr (IntType) b)))
   (ArrayLoopExpr
    (ArrayType (ArrayType (FloatType) 3) 3)
    c
    (VarExpr (IntType) argnum)
    d
    (VarExpr (IntType) b)
    e
    (TupleIndexExpr
     (IntType)
     (TupleLiteralExpr
      (TupleType (FloatType) (IntType))
      (FloatExpr (FloatType) 30)
      (IntExpr (IntType) 530))
     1)
    (ArrayLoopExpr
     (ArrayType (FloatType) 3)
     f
     (VarExpr (IntType) b)
     g
     (SumLoopExpr
      (IntType)
      f
      (VarExpr (IntType) e)
      g
      (VarExpr (IntType) c)
      (VarExpr (IntType) e))
     h
     (IntExpr (IntType) 58)
     (UnopExpr (FloatType) - (FloatExpr (FloatType) 33)))))))
(AssertCmd
 (ArrayIndexExpr
  (BoolType)
  (ArrayLoopExpr
   (ArrayType (BoolType) 2)
   r
   (VarExpr (IntType) m)
   s
   (VarExpr (IntType) o)
   (ArrayIndexExpr
    (BoolType)
    (ArrayLoopExpr
     (ArrayType (BoolType) 3)
     t
     (SumLoopExpr (IntType) t (IntExpr (IntType) 517) (VarExpr (IntType) r))
     u
     (VarExpr (IntType) b)
     v
     (VarExpr (IntType) q)
     (TrueExpr (BoolType)))
    (VarExpr (IntType) p)
    (TupleIndexExpr
     (IntType)
     (TupleLiteralExpr (TupleType (IntType)) (VarExpr (IntType) m))
     0)
    (VarExpr (IntType) o)))
  (VarExpr (IntType) argnum)
  (VarExpr (IntType) l))
 "r")
(LetCmd
 (TupleLValue)
 (TupleIndexExpr
  (TupleType)
  (TupleLiteralExpr
   (TupleType (IntType) (IntType) (TupleType))
   (VarExpr (IntType) m)
   (VarExpr (IntType) argnum)
   (TupleLiteralExpr (TupleType)))
  2))
(LetCmd
 (ArgLValue (ArrayArgument r s t u))
 (VarExpr (ArrayType (IntType) 3) d))
(ShowCmd (VarExpr (IntType) b))
(LetCmd
 (ArgLValue (VarArgument v))
 (SumLoopExpr
  (FloatType)
  v
  (VarExpr (IntType) s)
  (SumLoopExpr
   (FloatType)
   w
   (VarExpr (IntType) s)
   x
   (BinopExpr (IntType) (VarExpr (IntType) f) * (VarExpr (IntType) q))
   y
   (BinopExpr
    (IntType)
    (BinopExpr
     (IntType)
     (VarExpr (IntType) m)
     +
     (BinopExpr (IntType) (VarExpr (IntType) i) % (VarExpr (IntType) l)))
    *
    (VarExpr (IntType) v))
   (TupleIndexExpr
    (FloatType)
    (TupleLiteralExpr
     (TupleType (IntType) (FloatType))
     (VarExpr (IntType) q)
     (SumLoopExpr
      (FloatType)
      z
      (VarExpr (IntType) k)
      A
      (VarExpr (IntType) f)
      B
      (VarExpr (IntType) p)
      (FloatExpr (FloatType) 22)))
    1))))
(AssertCmd
 (IfExpr
  (BoolType)
  (ArrayIndexExpr
   (BoolType)
   (TupleIndexExpr
    (ArrayType (BoolType) 2)
    (TupleLiteralExpr
     (TupleType (ArrayType (BoolType) 2) (IntType))
     (ArrayLoopExpr
      (ArrayType (BoolType) 2)
      w
      (VarExpr (IntType) b)
      x
      (IntExpr (IntType) 42)
      (VarExpr (BoolType) c))
     (VarExpr (IntType) e))
    0)
   (SumLoopExpr
    (IntType)
    w
    (VarExpr (IntType) f)
    x
    (VarExpr (IntType) k)
    (VarExpr (IntType) l))
   (SumLoopExpr (IntType) w (VarExpr (IntType) g) (VarExpr (IntType) s)))
  (VarExpr (BoolType) c)
  (BinopExpr
   (BoolType)
   (BinopExpr (BoolType) (VarExpr (IntType) g) >= (IntExpr (IntType) 903))
   &&
   (BinopExpr
    (BoolType)
    (BinopExpr (BoolType) (TrueExpr (BoolType)) || (VarExpr (BoolType) c))
    ||
    (TrueExpr (BoolType)))))
 "w")
(ReadCmd "w.png" (VarArgument w))
(LetCmd
 (ArgLValue (VarArgument x))
 (BinopExpr
  (BoolType)
  (IntExpr (IntType) 82)
  !=
  (TupleIndexExpr
   (IntType)
   (TupleIndexExpr
    (TupleType (IntType))
    (TupleLiteralExpr
     (TupleType (TupleType (IntType)) (IntType) (IntType))
     (TupleLiteralExpr (TupleType (IntType)) (VarExpr (IntType) i))
     (VarExpr (IntType) b)
     (VarExpr (IntType) i))
    0)
   0)))
(AssertCmd
 (TupleIndexExpr
  (BoolType)
  (IfExpr
   (TupleType (BoolType))
   (BinopExpr
    (BoolType)
    (VarExpr (IntType) g)
    !=
    (UnopExpr (IntType) - (VarExpr (IntType) q)))
   (IfExpr
    (TupleType (BoolType))
    (ArrayIndexExpr
     (BoolType)
     (ArrayLiteralExpr (ArrayType (BoolType) 1) (VarExpr (BoolType) x))
     (VarExpr (IntType) k))
    (TupleLiteralExpr
     (TupleType (BoolType))
     (BinopExpr (BoolType) (VarExpr (IntType) t) != (VarExpr (IntType) k)))
    (TupleLiteralExpr
     (TupleType (BoolType))
     (UnopExpr (BoolType) ! (VarExpr (BoolType) c))))
   (ArrayIndexExpr
    (TupleType (BoolType))
    (ArrayLoopExpr
     (ArrayType (TupleType (BoolType)) 3)
     y
     (SumLoopExpr
      (IntType)
      y
      (VarExpr (IntType) f)
      z
      (VarExpr (IntType) l)
      (VarExpr (IntType) g))
     z
     (BinopExpr (IntType) (VarExpr (IntType) o) * (VarExpr (IntType) l))
     A
     (VarExpr (IntType) s)
     (TupleLiteralExpr (TupleType (BoolType)) (VarExpr (BoolType) c)))
    (VarExpr (IntType) f)
    (VarExpr (IntType) q)
    (VarExpr (IntType) u)))
  0)
 "y")
