(LetCmd
 (TupleLValue
  (TupleLValue
   (ArgLValue (ArrayArgument a b c d))
   (ArgLValue (ArrayArgument e f g h))
   (ArgLValue (VarArgument (ArrayType (IntType) 1) i)))
  (ArgLValue (VarArgument (ArrayType (FloatType) 1) j))
  (ArgLValue (VarArgument (IntType) k)))
 (ArrayIndexExpr
  (TupleType
   (TupleType
    (ArrayType (IntType) 3)
    (ArrayType (IntType) 3)
    (ArrayType (IntType) 1))
   (ArrayType (FloatType) 1)
   (IntType))
  (ArrayLoopExpr
   (ArrayType
    (TupleType
     (TupleType
      (ArrayType (IntType) 3)
      (ArrayType (IntType) 3)
      (ArrayType (IntType) 1))
     (ArrayType (FloatType) 1)
     (IntType))
    2)
   a
   (CallExpr
    (IntType)
    to_int
    (SumLoopExpr
     (FloatType)
     a
     (BinopExpr (IntType) (IntExpr (IntType) 377) % (IntExpr (IntType) 357))
     (FloatExpr (FloatType) 62)))
   b
   (SumLoopExpr
    (IntType)
    a
    (UnopExpr (IntType) - (UnopExpr (IntType) - (IntExpr (IntType) 842)))
    (IntExpr (IntType) 879))
   (TupleLiteralExpr
    (TupleType
     (TupleType
      (ArrayType (IntType) 3)
      (ArrayType (IntType) 3)
      (ArrayType (IntType) 1))
     (ArrayType (FloatType) 1)
     (IntType))
    (TupleLiteralExpr
     (TupleType
      (ArrayType (IntType) 3)
      (ArrayType (IntType) 3)
      (ArrayType (IntType) 1))
     (ArrayLoopExpr
      (ArrayType (IntType) 3)
      c
      (VarExpr (IntType) b)
      d
      (VarExpr (IntType) b)
      e
      (IntExpr (IntType) 444)
      (IntExpr (IntType) 691))
     (ArrayLoopExpr
      (ArrayType (IntType) 3)
      c
      (IntExpr (IntType) 223)
      d
      (VarExpr (IntType) argnum)
      e
      (VarExpr (IntType) b)
      (VarExpr (IntType) d))
     (VarExpr (ArrayType (IntType) 1) args))
    (ArrayLiteralExpr (ArrayType (FloatType) 1) (FloatExpr (FloatType) 61))
    (CallExpr
     (IntType)
     to_int
     (CallExpr (FloatType) to_float (VarExpr (IntType) argnum)))))
  (BinopExpr
   (IntType)
   (IfExpr
    (IntType)
    (BinopExpr
     (BoolType)
     (UnopExpr (BoolType) ! (FalseExpr (BoolType)))
     ||
     (TrueExpr (BoolType)))
    (ArrayIndexExpr
     (IntType)
     (ArrayLoopExpr
      (ArrayType (IntType) 2)
      a
      (VarExpr (IntType) argnum)
      b
      (VarExpr (IntType) argnum)
      (VarExpr (IntType) a))
     (VarExpr (IntType) argnum)
     (IfExpr
      (IntType)
      (FalseExpr (BoolType))
      (IntExpr (IntType) 770)
      (VarExpr (IntType) argnum)))
    (CallExpr
     (IntType)
     to_int
     (CallExpr (FloatType) sin (FloatExpr (FloatType) 98))))
   *
   (SumLoopExpr
    (IntType)
    a
    (CallExpr
     (IntType)
     to_int
     (CallExpr (FloatType) exp (FloatExpr (FloatType) 59)))
    b
    (TupleIndexExpr
     (IntType)
     (TupleLiteralExpr
      (TupleType (IntType) (FloatType))
      (IntExpr (IntType) 104)
      (FloatExpr (FloatType) 66))
     0)
    c
    (CallExpr
     (IntType)
     to_int
     (CallExpr
      (FloatType)
      atan2
      (FloatExpr (FloatType) 59)
      (FloatExpr (FloatType) 91)))
    (TupleIndexExpr
     (IntType)
     (TupleLiteralExpr
      (TupleType (IntType) (FloatType) (FloatType))
      (VarExpr (IntType) a)
      (FloatExpr (FloatType) 15)
      (FloatExpr (FloatType) 33))
     0)))
  (IfExpr
   (IntType)
   (TupleIndexExpr
    (BoolType)
    (TupleLiteralExpr
     (TupleType (IntType) (BoolType))
     (IntExpr (IntType) 915)
     (TrueExpr (BoolType)))
    1)
   (VarExpr (IntType) argnum)
   (ArrayIndexExpr
    (IntType)
    (ArrayLoopExpr
     (ArrayType (IntType) 1)
     a
     (CallExpr (IntType) to_int (FloatExpr (FloatType) 85))
     (VarExpr (IntType) argnum))
    (CallExpr
     (IntType)
     to_int
     (IfExpr
      (FloatType)
      (FalseExpr (BoolType))
      (FloatExpr (FloatType) 45)
      (FloatExpr (FloatType) 96)))))))
(WriteCmd
 (IfExpr
  (ArrayType (TupleType (FloatType) (FloatType) (FloatType) (FloatType)) 2)
  (FalseExpr (BoolType))
  (ArrayLoopExpr
   (ArrayType (TupleType (FloatType) (FloatType) (FloatType) (FloatType)) 2)
   l
   (SumLoopExpr
    (IntType)
    l
    (VarExpr (IntType) d)
    m
    (VarExpr (IntType) f)
    n
    (IfExpr
     (IntType)
     (BinopExpr
      (BoolType)
      (IntExpr (IntType) 10)
      ==
      (VarExpr (IntType) argnum))
     (CallExpr (IntType) to_int (FloatExpr (FloatType) 5))
     (VarExpr (IntType) f))
    (VarExpr (IntType) l))
   m
   (VarExpr (IntType) k)
   (TupleLiteralExpr
    (TupleType (FloatType) (FloatType) (FloatType) (FloatType))
    (CallExpr
     (FloatType)
     atan2
     (FloatExpr (FloatType) 50)
     (FloatExpr (FloatType) 2))
    (FloatExpr (FloatType) 75)
    (CallExpr
     (FloatType)
     atan
     (CallExpr (FloatType) asin (FloatExpr (FloatType) 18)))
    (CallExpr (FloatType) to_float (VarExpr (IntType) g))))
  (ArrayLoopExpr
   (ArrayType (TupleType (FloatType) (FloatType) (FloatType) (FloatType)) 2)
   l
   (VarExpr (IntType) argnum)
   m
   (VarExpr (IntType) k)
   (TupleLiteralExpr
    (TupleType (FloatType) (FloatType) (FloatType) (FloatType))
    (FloatExpr (FloatType) 7)
    (CallExpr
     (FloatType)
     log
     (CallExpr (FloatType) exp (FloatExpr (FloatType) 75)))
    (SumLoopExpr
     (FloatType)
     n
     (VarExpr (IntType) c)
     o
     (UnopExpr (IntType) - (VarExpr (IntType) m))
     p
     (SumLoopExpr (IntType) n (VarExpr (IntType) f) (VarExpr (IntType) h))
     (CallExpr (FloatType) log (FloatExpr (FloatType) 97)))
    (SumLoopExpr
     (FloatType)
     n
     (BinopExpr (IntType) (VarExpr (IntType) b) + (VarExpr (IntType) g))
     o
     (VarExpr (IntType) argnum)
     (CallExpr (FloatType) sqrt (FloatExpr (FloatType) 70))))))
 "l.png")
(LetCmd
 (ArgLValue (VarArgument (FloatType) l))
 (CallExpr
  (FloatType)
  acos
  (CallExpr
   (FloatType)
   tan
   (CallExpr
    (FloatType)
    exp
    (CallExpr
     (FloatType)
     atan2
     (CallExpr (FloatType) acos (FloatExpr (FloatType) 17))
     (CallExpr (FloatType) atan (FloatExpr (FloatType) 73)))))))
(WriteCmd
 (ArrayIndexExpr
  (ArrayType (TupleType (FloatType) (FloatType) (FloatType) (FloatType)) 2)
  (ArrayLiteralExpr
   (ArrayType
    (ArrayType (TupleType (FloatType) (FloatType) (FloatType) (FloatType)) 2)
    1)
   (ArrayLoopExpr
    (ArrayType (TupleType (FloatType) (FloatType) (FloatType) (FloatType)) 2)
    m
    (VarExpr (IntType) k)
    n
    (VarExpr (IntType) g)
    (TupleLiteralExpr
     (TupleType (FloatType) (FloatType) (FloatType) (FloatType))
     (CallExpr (FloatType) exp (FloatExpr (FloatType) 24))
     (FloatExpr (FloatType) 75)
     (CallExpr
      (FloatType)
      atan2
      (VarExpr (FloatType) l)
      (FloatExpr (FloatType) 90))
     (CallExpr (FloatType) exp (VarExpr (FloatType) l)))))
  (VarExpr (IntType) f))
 "m.png")
(LetCmd
 (ArgLValue (ArrayArgument m n o))
 (IfExpr
  (ArrayType (FloatType) 2)
  (UnopExpr
   (BoolType)
   !
   (BinopExpr
    (BoolType)
    (UnopExpr
     (BoolType)
     !
     (BinopExpr (BoolType) (VarExpr (IntType) argnum) != (VarExpr (IntType) d)))
    ==
    (UnopExpr (BoolType) ! (FalseExpr (BoolType)))))
  (IfExpr
   (ArrayType (FloatType) 2)
   (BinopExpr
    (BoolType)
    (ArrayIndexExpr
     (BoolType)
     (ArrayLiteralExpr
      (ArrayType (BoolType) 1)
      (FalseExpr (BoolType))
      (FalseExpr (BoolType))
      (TrueExpr (BoolType)))
     (BinopExpr (IntType) (VarExpr (IntType) b) - (VarExpr (IntType) f)))
    ||
    (TrueExpr (BoolType)))
   (IfExpr
    (ArrayType (FloatType) 2)
    (IfExpr
     (BoolType)
     (IfExpr
      (BoolType)
      (TrueExpr (BoolType))
      (TrueExpr (BoolType))
      (FalseExpr (BoolType)))
     (FalseExpr (BoolType))
     (BinopExpr (BoolType) (FalseExpr (BoolType)) || (TrueExpr (BoolType))))
    (ArrayLoopExpr
     (ArrayType (FloatType) 2)
     m
     (VarExpr (IntType) b)
     n
     (BinopExpr (IntType) (VarExpr (IntType) d) + (VarExpr (IntType) c))
     (VarExpr (FloatType) l))
    (ArrayLoopExpr
     (ArrayType (FloatType) 2)
     m
     (BinopExpr (IntType) (VarExpr (IntType) d) / (VarExpr (IntType) k))
     n
     (SumLoopExpr (IntType) m (VarExpr (IntType) g) (VarExpr (IntType) b))
     (CallExpr (FloatType) sin (VarExpr (FloatType) l))))
   (TupleIndexExpr
    (ArrayType (FloatType) 2)
    (TupleLiteralExpr
     (TupleType (ArrayType (FloatType) 2))
     (ArrayLoopExpr
      (ArrayType (FloatType) 2)
      m
      (VarExpr (IntType) g)
      n
      (VarExpr (IntType) d)
      (FloatExpr (FloatType) 64)))
    0))
  (ArrayLoopExpr
   (ArrayType (FloatType) 2)
   m
   (IfExpr
    (IntType)
    (UnopExpr
     (BoolType)
     !
     (BinopExpr (BoolType) (FalseExpr (BoolType)) && (FalseExpr (BoolType))))
    (BinopExpr (IntType) (VarExpr (IntType) f) % (VarExpr (IntType) k))
    (SumLoopExpr (IntType) m (VarExpr (IntType) f) (VarExpr (IntType) argnum)))
   n
   (BinopExpr (IntType) (VarExpr (IntType) f) / (VarExpr (IntType) h))
   (ArrayIndexExpr
    (FloatType)
    (ArrayLoopExpr
     (ArrayType (FloatType) 2)
     o
     (IfExpr
      (IntType)
      (TrueExpr (BoolType))
      (IntExpr (IntType) 765)
      (VarExpr (IntType) argnum))
     p
     (VarExpr (IntType) h)
     (FloatExpr (FloatType) 63))
    (IntExpr (IntType) 427)
    (VarExpr (IntType) h)))))
(WriteCmd
 (ArrayLoopExpr
  (ArrayType (TupleType (FloatType) (FloatType) (FloatType) (FloatType)) 2)
  p
  (VarExpr (IntType) h)
  q
  (TupleIndexExpr
   (IntType)
   (TupleLiteralExpr
    (TupleType (ArrayType (IntType) 3) (IntType) (IntType))
    (VarExpr (ArrayType (IntType) 3) a)
    (ArrayIndexExpr
     (IntType)
     (VarExpr (ArrayType (IntType) 3) e)
     (IntExpr (IntType) 342)
     (VarExpr (IntType) g)
     (VarExpr (IntType) k))
    (TupleIndexExpr
     (IntType)
     (TupleLiteralExpr (TupleType (IntType)) (VarExpr (IntType) g))
     0))
   2)
  (TupleLiteralExpr
   (TupleType (FloatType) (FloatType) (FloatType) (FloatType))
   (FloatExpr (FloatType) 99)
   (CallExpr
    (FloatType)
    acos
    (CallExpr
     (FloatType)
     log
     (CallExpr (FloatType) tan (FloatExpr (FloatType) 18))))
   (CallExpr
    (FloatType)
    cos
    (CallExpr
     (FloatType)
     cos
     (CallExpr (FloatType) asin (VarExpr (FloatType) l))))
   (CallExpr
    (FloatType)
    cos
    (SumLoopExpr
     (FloatType)
     r
     (SumLoopExpr
      (IntType)
      r
      (VarExpr (IntType) c)
      s
      (VarExpr (IntType) h)
      (VarExpr (IntType) q))
     (CallExpr (FloatType) to_float (VarExpr (IntType) o))))))
 "p.png")
(ReadCmd
 "p.png"
 (VarArgument
  (ArrayType (TupleType (FloatType) (FloatType) (FloatType) (FloatType)) 2)
  p))
(LetCmd
 (TupleLValue
  (ArgLValue (ArrayArgument q r))
  (ArgLValue (VarArgument (IntType) s))
  (ArgLValue (VarArgument (ArrayType (IntType) 1) t)))
 (TupleIndexExpr
  (TupleType (ArrayType (IntType) 1) (IntType) (ArrayType (IntType) 1))
  (IfExpr
   (TupleType
    (IntType)
    (FloatType)
    (TupleType (ArrayType (IntType) 1) (IntType) (ArrayType (IntType) 1)))
   (BinopExpr
    (BoolType)
    (CallExpr
     (FloatType)
     pow
     (CallExpr (FloatType) exp (VarExpr (FloatType) l))
     (CallExpr (FloatType) sqrt (VarExpr (FloatType) l)))
    >=
    (CallExpr
     (FloatType)
     exp
     (CallExpr (FloatType) exp (VarExpr (FloatType) l))))
   (IfExpr
    (TupleType
     (IntType)
     (FloatType)
     (TupleType (ArrayType (IntType) 1) (IntType) (ArrayType (IntType) 1)))
    (IfExpr
     (BoolType)
     (FalseExpr (BoolType))
     (FalseExpr (BoolType))
     (BinopExpr (BoolType) (TrueExpr (BoolType)) != (FalseExpr (BoolType))))
    (TupleLiteralExpr
     (TupleType
      (IntType)
      (FloatType)
      (TupleType (ArrayType (IntType) 1) (IntType) (ArrayType (IntType) 1)))
     (VarExpr (IntType) b)
     (CallExpr
      (FloatType)
      atan2
      (VarExpr (FloatType) l)
      (FloatExpr (FloatType) 62))
     (TupleLiteralExpr
      (TupleType (ArrayType (IntType) 1) (IntType) (ArrayType (IntType) 1))
      (VarExpr (ArrayType (IntType) 1) args)
      (IntExpr (IntType) 933)
      (VarExpr (ArrayType (IntType) 1) i)))
    (TupleLiteralExpr
     (TupleType
      (IntType)
      (FloatType)
      (TupleType (ArrayType (IntType) 1) (IntType) (ArrayType (IntType) 1)))
     (VarExpr (IntType) g)
     (FloatExpr (FloatType) 3)
     (TupleLiteralExpr
      (TupleType (ArrayType (IntType) 1) (IntType) (ArrayType (IntType) 1))
      (VarExpr (ArrayType (IntType) 1) i)
      (VarExpr (IntType) f)
      (VarExpr (ArrayType (IntType) 1) args))))
   (IfExpr
    (TupleType
     (IntType)
     (FloatType)
     (TupleType (ArrayType (IntType) 1) (IntType) (ArrayType (IntType) 1)))
    (BinopExpr
     (BoolType)
     (CallExpr (FloatType) to_float (VarExpr (IntType) o))
     ==
     (FloatExpr (FloatType) 65))
    (TupleLiteralExpr
     (TupleType
      (IntType)
      (FloatType)
      (TupleType (ArrayType (IntType) 1) (IntType) (ArrayType (IntType) 1)))
     (UnopExpr (IntType) - (VarExpr (IntType) argnum))
     (SumLoopExpr
      (FloatType)
      q
      (VarExpr (IntType) k)
      r
      (VarExpr (IntType) c)
      (FloatExpr (FloatType) 56))
     (TupleLiteralExpr
      (TupleType (ArrayType (IntType) 1) (IntType) (ArrayType (IntType) 1))
      (VarExpr (ArrayType (IntType) 1) i)
      (VarExpr (IntType) b)
      (VarExpr (ArrayType (IntType) 1) i)))
    (TupleLiteralExpr
     (TupleType
      (IntType)
      (FloatType)
      (TupleType (ArrayType (IntType) 1) (IntType) (ArrayType (IntType) 1)))
     (VarExpr (IntType) b)
     (CallExpr (FloatType) log (VarExpr (FloatType) l))
     (TupleLiteralExpr
      (TupleType (ArrayType (IntType) 1) (IntType) (ArrayType (IntType) 1))
      (VarExpr (ArrayType (IntType) 1) args)
      (IntExpr (IntType) 752)
      (VarExpr (ArrayType (IntType) 1) i)))))
  2))
(LetCmd
 (ArgLValue (ArrayArgument u v w))
 (IfExpr
  (ArrayType (FloatType) 2)
  (BinopExpr
   (BoolType)
   (TupleIndexExpr
    (FloatType)
    (TupleLiteralExpr
     (TupleType (FloatType))
     (CallExpr (FloatType) acos (FloatExpr (FloatType) 2)))
    0)
   >=
   (CallExpr
    (FloatType)
    acos
    (UnopExpr
     (FloatType)
     -
     (SumLoopExpr
      (FloatType)
      u
      (VarExpr (IntType) f)
      v
      (VarExpr (IntType) o)
      w
      (VarExpr (IntType) d)
      (FloatExpr (FloatType) 87)))))
  (IfExpr
   (ArrayType (FloatType) 2)
   (BinopExpr
    (BoolType)
    (FalseExpr (BoolType))
    &&
    (TupleIndexExpr
     (BoolType)
     (TupleLiteralExpr
      (TupleType (FloatType) (IntType) (BoolType))
      (VarExpr (FloatType) l)
      (VarExpr (IntType) b)
      (TrueExpr (BoolType)))
     2))
   (VarExpr (ArrayType (FloatType) 2) m)
   (TupleIndexExpr
    (ArrayType (FloatType) 2)
    (TupleLiteralExpr
     (TupleType (ArrayType (FloatType) 2) (ArrayType (IntType) 3))
     (VarExpr (ArrayType (FloatType) 2) m)
     (ArrayLoopExpr
      (ArrayType (IntType) 3)
      u
      (VarExpr (IntType) n)
      v
      (VarExpr (IntType) f)
      w
      (VarExpr (IntType) f)
      (VarExpr (IntType) k)))
    0))
  (TupleIndexExpr
   (ArrayType (FloatType) 2)
   (TupleLiteralExpr
    (TupleType (IntType) (ArrayType (FloatType) 1) (ArrayType (FloatType) 2))
    (VarExpr (IntType) f)
    (VarExpr (ArrayType (FloatType) 1) j)
    (IfExpr
     (ArrayType (FloatType) 2)
     (BinopExpr (BoolType) (VarExpr (IntType) argnum) < (VarExpr (IntType) g))
     (ArrayLoopExpr
      (ArrayType (FloatType) 2)
      u
      (VarExpr (IntType) g)
      v
      (VarExpr (IntType) b)
      (FloatExpr (FloatType) 61))
     (VarExpr (ArrayType (FloatType) 2) m)))
   2)))
(LetCmd
 (ArgLValue (ArrayArgument x y z A))
 (VarExpr (ArrayType (IntType) 3) a))
(LetCmd (ArgLValue (VarArgument (IntType) B)) (VarExpr (IntType) v))
(LetCmd
 (TupleLValue
  (ArgLValue (VarArgument (ArrayType (ArrayType (IntType) 1) 1) C))
  (TupleLValue
   (TupleLValue (ArgLValue (VarArgument (IntType) D)))
   (TupleLValue)
   (ArgLValue (ArrayArgument E F G)))
  (ArgLValue (ArrayArgument H I)))
 (ArrayIndexExpr
  (TupleType
   (ArrayType (ArrayType (IntType) 1) 1)
   (TupleType
    (TupleType (IntType))
    (TupleType)
    (ArrayType (TupleType (FloatType) (FloatType) (FloatType) (FloatType)) 2))
   (ArrayType (IntType) 1))
  (ArrayLoopExpr
   (ArrayType
    (TupleType
     (ArrayType (ArrayType (IntType) 1) 1)
     (TupleType
      (TupleType (IntType))
      (TupleType)
      (ArrayType (TupleType (FloatType) (FloatType) (FloatType) (FloatType)) 2))
     (ArrayType (IntType) 1))
    3)
   C
   (VarExpr (IntType) r)
   D
   (ArrayIndexExpr
    (IntType)
    (ArrayLoopExpr
     (ArrayType (IntType) 2)
     C
     (VarExpr (IntType) y)
     D
     (VarExpr (IntType) f)
     (IfExpr
      (IntType)
      (TrueExpr (BoolType))
      (VarExpr (IntType) b)
      (VarExpr (IntType) C)))
    (VarExpr (IntType) y)
    (VarExpr (IntType) s))
   E
   (CallExpr (IntType) to_int (VarExpr (FloatType) l))
   (TupleLiteralExpr
    (TupleType
     (ArrayType (ArrayType (IntType) 1) 1)
     (TupleType
      (TupleType (IntType))
      (TupleType)
      (ArrayType (TupleType (FloatType) (FloatType) (FloatType) (FloatType)) 2))
     (ArrayType (IntType) 1))
    (ArrayLiteralExpr
     (ArrayType (ArrayType (IntType) 1) 1)
     (VarExpr (ArrayType (IntType) 1) i))
    (TupleLiteralExpr
     (TupleType
      (TupleType (IntType))
      (TupleType)
      (ArrayType (TupleType (FloatType) (FloatType) (FloatType) (FloatType)) 2))
     (TupleLiteralExpr (TupleType (IntType)) (VarExpr (IntType) E))
     (IfExpr
      (TupleType)
      (FalseExpr (BoolType))
      (TupleLiteralExpr (TupleType))
      (TupleLiteralExpr (TupleType)))
     (VarExpr
      (ArrayType (TupleType (FloatType) (FloatType) (FloatType) (FloatType)) 2)
      p))
    (VarExpr (ArrayType (IntType) 1) q)))
  (VarExpr (IntType) w)
  (TupleIndexExpr
   (IntType)
   (TupleIndexExpr
    (TupleType (IntType) (IntType))
    (TupleLiteralExpr
     (TupleType (TupleType (IntType) (IntType)) (IntType))
     (TupleLiteralExpr
      (TupleType (IntType) (IntType))
      (VarExpr (IntType) A)
      (VarExpr (IntType) g))
     (VarExpr (IntType) o))
    0)
   1)
  (CallExpr
   (IntType)
   to_int
   (CallExpr
    (FloatType)
    exp
    (CallExpr
     (FloatType)
     atan
     (CallExpr (FloatType) atan (FloatExpr (FloatType) 57)))))))
