(LetCmd
 (ArgLValue (ArrayArgument a b c))
 (ArrayLoopExpr
  (ArrayType (IntType) 2)
  a
  (SumLoopExpr
   (IntType)
   a
   (IfExpr
    (IntType)
    (BinopExpr
     (BoolType)
     (IfExpr
      (IntType)
      (TrueExpr (BoolType))
      (IntExpr (IntType) 743)
      (IntExpr (IntType) 506))
     !=
     (IntExpr (IntType) 885))
    (IntExpr (IntType) 328)
    (SumLoopExpr
     (IntType)
     a
     (BinopExpr (IntType) (VarExpr (IntType) argnum) - (IntExpr (IntType) 403))
     b
     (UnopExpr (IntType) - (IntExpr (IntType) 183))
     (VarExpr (IntType) argnum)))
   b
   (ArrayIndexExpr
    (IntType)
    (IfExpr
     (ArrayType (IntType) 3)
     (FalseExpr (BoolType))
     (ArrayLoopExpr
      (ArrayType (IntType) 3)
      a
      (IntExpr (IntType) 260)
      b
      (IntExpr (IntType) 600)
      c
      (VarExpr (IntType) argnum)
      (VarExpr (IntType) argnum))
     (ArrayLoopExpr
      (ArrayType (IntType) 3)
      a
      (VarExpr (IntType) argnum)
      b
      (VarExpr (IntType) argnum)
      c
      (IntExpr (IntType) 294)
      (VarExpr (IntType) argnum)))
    (SumLoopExpr
     (IntType)
     a
     (VarExpr (IntType) argnum)
     (SumLoopExpr
      (IntType)
      b
      (VarExpr (IntType) argnum)
      c
      (VarExpr (IntType) argnum)
      (VarExpr (IntType) a)))
    (ArrayIndexExpr
     (IntType)
     (ArrayLiteralExpr
      (ArrayType (IntType) 1)
      (VarExpr (IntType) argnum)
      (VarExpr (IntType) argnum))
     (UnopExpr (IntType) - (IntExpr (IntType) 991)))
    (IfExpr
     (IntType)
     (TrueExpr (BoolType))
     (IntExpr (IntType) 434)
     (IntExpr (IntType) 526)))
   (IfExpr
    (IntType)
    (BinopExpr
     (BoolType)
     (FloatExpr (FloatType) 2)
     >
     (SumLoopExpr
      (FloatType)
      c
      (VarExpr (IntType) b)
      d
      (VarExpr (IntType) argnum)
      (FloatExpr (FloatType) 35)))
    (IntExpr (IntType) 949)
    (VarExpr (IntType) b)))
  b
  (SumLoopExpr
   (IntType)
   a
   (IntExpr (IntType) 594)
   b
   (IntExpr (IntType) 162)
   (BinopExpr
    (IntType)
    (SumLoopExpr
     (IntType)
     c
     (SumLoopExpr
      (IntType)
      c
      (VarExpr (IntType) a)
      d
      (VarExpr (IntType) a)
      e
      (VarExpr (IntType) argnum)
      (VarExpr (IntType) c))
     d
     (SumLoopExpr
      (IntType)
      c
      (VarExpr (IntType) a)
      d
      (VarExpr (IntType) argnum)
      e
      (VarExpr (IntType) a)
      (VarExpr (IntType) argnum))
     (VarExpr (IntType) b))
    /
    (VarExpr (IntType) b)))
  (ArrayIndexExpr
   (IntType)
   (VarExpr (ArrayType (IntType) 1) args)
   (TupleIndexExpr
    (IntType)
    (TupleLiteralExpr (TupleType (IntType)) (VarExpr (IntType) b))
    0))))
(LetCmd
 (ArgLValue (VarArgument d))
 (BinopExpr
  (IntType)
  (SumLoopExpr
   (IntType)
   d
   (UnopExpr (IntType) - (VarExpr (IntType) c))
   e
   (IfExpr
    (IntType)
    (IfExpr
     (BoolType)
     (TrueExpr (BoolType))
     (TrueExpr (BoolType))
     (BinopExpr (BoolType) (TrueExpr (BoolType)) || (TrueExpr (BoolType))))
    (VarExpr (IntType) b)
    (ArrayIndexExpr
     (IntType)
     (ArrayLoopExpr
      (ArrayType (IntType) 3)
      d
      (VarExpr (IntType) b)
      e
      (VarExpr (IntType) b)
      f
      (VarExpr (IntType) c)
      (IntExpr (IntType) 670))
     (VarExpr (IntType) argnum)
     (IntExpr (IntType) 299)
     (SumLoopExpr (IntType) d (VarExpr (IntType) b) (VarExpr (IntType) d))))
   (ArrayIndexExpr
    (IntType)
    (IfExpr
     (ArrayType (IntType) 1)
     (FalseExpr (BoolType))
     (ArrayLiteralExpr
      (ArrayType (IntType) 1)
      (VarExpr (IntType) c)
      (VarExpr (IntType) argnum)
      (VarExpr (IntType) argnum))
     (IfExpr
      (ArrayType (IntType) 1)
      (FalseExpr (BoolType))
      (VarExpr (ArrayType (IntType) 1) args)
      (VarExpr (ArrayType (IntType) 1) args)))
    (VarExpr (IntType) e)))
  -
  (BinopExpr
   (IntType)
   (VarExpr (IntType) b)
   /
   (TupleIndexExpr
    (IntType)
    (TupleLiteralExpr
     (TupleType (IntType))
     (ArrayIndexExpr
      (IntType)
      (VarExpr (ArrayType (IntType) 2) a)
      (VarExpr (IntType) argnum)
      (VarExpr (IntType) c)))
    0))))
(AssertCmd (FalseExpr (BoolType)) "e")
(LetCmd (ArgLValue (VarArgument e)) (FalseExpr (BoolType)))
(LetCmd
 (TupleLValue)
 (IfExpr
  (TupleType)
  (BinopExpr
   (BoolType)
   (ArrayIndexExpr
    (FloatType)
    (ArrayLiteralExpr
     (ArrayType (FloatType) 1)
     (IfExpr
      (FloatType)
      (TrueExpr (BoolType))
      (FloatExpr (FloatType) 38)
      (FloatExpr (FloatType) 86))
     (SumLoopExpr
      (FloatType)
      f
      (VarExpr (IntType) c)
      (FloatExpr (FloatType) 68))
     (FloatExpr (FloatType) 35))
    (VarExpr (IntType) argnum))
   !=
   (SumLoopExpr
    (FloatType)
    f
    (VarExpr (IntType) c)
    g
    (VarExpr (IntType) d)
    h
    (VarExpr (IntType) argnum)
    (TupleIndexExpr
     (FloatType)
     (TupleLiteralExpr (TupleType (FloatType)) (FloatExpr (FloatType) 40))
     0)))
  (IfExpr
   (TupleType)
   (FalseExpr (BoolType))
   (IfExpr
    (TupleType)
    (BinopExpr
     (BoolType)
     (UnopExpr (IntType) - (IntExpr (IntType) 85))
     >=
     (UnopExpr (IntType) - (IntExpr (IntType) 579)))
    (ArrayIndexExpr
     (TupleType)
     (ArrayLoopExpr
      (ArrayType (TupleType) 3)
      f
      (VarExpr (IntType) argnum)
      g
      (VarExpr (IntType) b)
      h
      (IntExpr (IntType) 899)
      (TupleLiteralExpr (TupleType)))
     (BinopExpr (IntType) (VarExpr (IntType) argnum) / (VarExpr (IntType) b))
     (UnopExpr (IntType) - (VarExpr (IntType) argnum))
     (VarExpr (IntType) argnum))
    (TupleIndexExpr
     (TupleType)
     (TupleLiteralExpr (TupleType (TupleType)) (TupleLiteralExpr (TupleType)))
     0))
   (TupleIndexExpr
    (TupleType)
    (TupleLiteralExpr (TupleType (TupleType)) (TupleLiteralExpr (TupleType)))
    0))
  (TupleLiteralExpr (TupleType))))
(LetCmd
 (TupleLValue
  (ArgLValue (ArrayArgument f g h i))
  (TupleLValue
   (ArgLValue (ArrayArgument j k))
   (ArgLValue (VarArgument l))
   (TupleLValue (ArgLValue (VarArgument m)) (ArgLValue (VarArgument n))))
  (TupleLValue (ArgLValue (VarArgument o)) (ArgLValue (VarArgument p))))
 (TupleLiteralExpr
  (TupleType
   (ArrayType (ArrayType (IntType) 2) 3)
   (TupleType
    (ArrayType (IntType) 1)
    (IntType)
    (TupleType (ArrayType (IntType) 1) (IntType)))
   (TupleType (IntType) (IntType)))
  (IfExpr
   (ArrayType (ArrayType (IntType) 2) 3)
   (BinopExpr
    (BoolType)
    (IfExpr
     (BoolType)
     (UnopExpr (BoolType) ! (TrueExpr (BoolType)))
     (TrueExpr (BoolType))
     (VarExpr (BoolType) e))
    &&
    (BinopExpr
     (BoolType)
     (UnopExpr (BoolType) ! (TrueExpr (BoolType)))
     ||
     (BinopExpr (BoolType) (VarExpr (IntType) d) != (IntExpr (IntType) 913))))
   (ArrayLoopExpr
    (ArrayType (ArrayType (IntType) 2) 3)
    f
    (SumLoopExpr
     (IntType)
     f
     (IfExpr
      (IntType)
      (FalseExpr (BoolType))
      (VarExpr (IntType) b)
      (IntExpr (IntType) 147))
     g
     (VarExpr (IntType) c)
     h
     (VarExpr (IntType) b)
     (VarExpr (IntType) c))
    g
    (VarExpr (IntType) c)
    h
    (VarExpr (IntType) b)
    (VarExpr (ArrayType (IntType) 2) a))
   (ArrayLoopExpr
    (ArrayType (ArrayType (IntType) 2) 3)
    f
    (UnopExpr (IntType) - (VarExpr (IntType) argnum))
    g
    (BinopExpr
     (IntType)
     (UnopExpr (IntType) - (VarExpr (IntType) d))
     /
     (IntExpr (IntType) 109))
    h
    (IntExpr (IntType) 676)
    (TupleIndexExpr
     (ArrayType (IntType) 2)
     (TupleLiteralExpr
      (TupleType (ArrayType (IntType) 2) (IntType) (BoolType))
      (VarExpr (ArrayType (IntType) 2) a)
      (VarExpr (IntType) c)
      (TrueExpr (BoolType)))
     0)))
  (TupleIndexExpr
   (TupleType
    (ArrayType (IntType) 1)
    (IntType)
    (TupleType (ArrayType (IntType) 1) (IntType)))
   (TupleLiteralExpr
    (TupleType
     (BoolType)
     (TupleType
      (ArrayType (IntType) 1)
      (IntType)
      (TupleType (ArrayType (IntType) 1) (IntType)))
     (IntType))
    (BinopExpr
     (BoolType)
     (BinopExpr (BoolType) (VarExpr (IntType) c) > (VarExpr (IntType) c))
     &&
     (VarExpr (BoolType) e))
    (TupleLiteralExpr
     (TupleType
      (ArrayType (IntType) 1)
      (IntType)
      (TupleType (ArrayType (IntType) 1) (IntType)))
     (ArrayLiteralExpr
      (ArrayType (IntType) 1)
      (VarExpr (IntType) c)
      (VarExpr (IntType) argnum))
     (VarExpr (IntType) b)
     (TupleLiteralExpr
      (TupleType (ArrayType (IntType) 1) (IntType))
      (VarExpr (ArrayType (IntType) 1) args)
      (VarExpr (IntType) b)))
    (VarExpr (IntType) c))
   1)
  (TupleIndexExpr
   (TupleType (IntType) (IntType))
   (TupleLiteralExpr
    (TupleType (TupleType (IntType) (IntType)))
    (IfExpr
     (TupleType (IntType) (IntType))
     (IfExpr
      (BoolType)
      (VarExpr (BoolType) e)
      (VarExpr (BoolType) e)
      (TrueExpr (BoolType)))
     (TupleLiteralExpr
      (TupleType (IntType) (IntType))
      (VarExpr (IntType) b)
      (VarExpr (IntType) d))
     (TupleLiteralExpr
      (TupleType (IntType) (IntType))
      (IntExpr (IntType) 620)
      (VarExpr (IntType) argnum))))
   0)))
(LetCmd
 (ArgLValue (ArrayArgument q r s))
 (IfExpr
  (ArrayType (IntType) 2)
  (BinopExpr
   (BoolType)
   (ArrayIndexExpr
    (FloatType)
    (ArrayLoopExpr
     (ArrayType (FloatType) 2)
     q
     (VarExpr (IntType) p)
     r
     (UnopExpr (IntType) - (VarExpr (IntType) n))
     (UnopExpr (FloatType) - (FloatExpr (FloatType) 31)))
    (VarExpr (IntType) l)
    (IntExpr (IntType) 380))
   !=
   (SumLoopExpr
    (FloatType)
    q
    (VarExpr (IntType) b)
    r
    (SumLoopExpr (IntType) q (VarExpr (IntType) k) (VarExpr (IntType) b))
    s
    (VarExpr (IntType) g)
    (UnopExpr (FloatType) - (FloatExpr (FloatType) 86))))
  (ArrayIndexExpr
   (ArrayType (IntType) 2)
   (VarExpr (ArrayType (ArrayType (IntType) 2) 3) f)
   (VarExpr (IntType) c)
   (SumLoopExpr
    (IntType)
    q
    (VarExpr (IntType) k)
    r
    (SumLoopExpr
     (IntType)
     q
     (SumLoopExpr (IntType) q (VarExpr (IntType) d) (VarExpr (IntType) i))
     r
     (VarExpr (IntType) n)
     s
     (VarExpr (IntType) n)
     (IntExpr (IntType) 559))
    s
    (VarExpr (IntType) n)
    (IfExpr
     (IntType)
     (TrueExpr (BoolType))
     (VarExpr (IntType) argnum)
     (VarExpr (IntType) d)))
   (SumLoopExpr
    (IntType)
    q
    (VarExpr (IntType) g)
    r
    (ArrayIndexExpr
     (IntType)
     (VarExpr (ArrayType (IntType) 2) a)
     (ArrayIndexExpr
      (IntType)
      (VarExpr (ArrayType (IntType) 2) a)
      (VarExpr (IntType) argnum)
      (VarExpr (IntType) argnum))
     (VarExpr (IntType) p))
    (VarExpr (IntType) q)))
  (IfExpr
   (ArrayType (IntType) 2)
   (TrueExpr (BoolType))
   (TupleIndexExpr
    (ArrayType (IntType) 2)
    (TupleLiteralExpr
     (TupleType (ArrayType (IntType) 2) (IntType) (ArrayType (IntType) 1))
     (VarExpr (ArrayType (IntType) 2) a)
     (SumLoopExpr
      (IntType)
      q
      (VarExpr (IntType) b)
      r
      (VarExpr (IntType) h)
      s
      (VarExpr (IntType) n)
      (VarExpr (IntType) b))
     (VarExpr (ArrayType (IntType) 1) args))
    0)
   (TupleIndexExpr
    (ArrayType (IntType) 2)
    (TupleLiteralExpr
     (TupleType (ArrayType (IntType) 2))
     (VarExpr (ArrayType (IntType) 2) a))
    0))))
(LetCmd
 (TupleLValue (ArgLValue (VarArgument t)) (ArgLValue (VarArgument u)))
 (ArrayIndexExpr
  (TupleType (IntType) (IntType))
  (IfExpr
   (ArrayType (TupleType (IntType) (IntType)) 3)
   (UnopExpr (BoolType) ! (TrueExpr (BoolType)))
   (ArrayLoopExpr
    (ArrayType (TupleType (IntType) (IntType)) 3)
    t
    (VarExpr (IntType) b)
    u
    (VarExpr (IntType) argnum)
    v
    (IntExpr (IntType) 628)
    (TupleLiteralExpr
     (TupleType (IntType) (IntType))
     (VarExpr (IntType) v)
     (VarExpr (IntType) argnum)))
   (ArrayLoopExpr
    (ArrayType (TupleType (IntType) (IntType)) 3)
    t
    (VarExpr (IntType) n)
    u
    (IntExpr (IntType) 559)
    v
    (VarExpr (IntType) s)
    (IfExpr
     (TupleType (IntType) (IntType))
     (VarExpr (BoolType) e)
     (TupleLiteralExpr
      (TupleType (IntType) (IntType))
      (VarExpr (IntType) r)
      (VarExpr (IntType) r))
     (TupleLiteralExpr
      (TupleType (IntType) (IntType))
      (VarExpr (IntType) b)
      (VarExpr (IntType) h)))))
  (VarExpr (IntType) s)
  (VarExpr (IntType) i)
  (VarExpr (IntType) i)))
(LetCmd (ArgLValue (VarArgument v)) (VarExpr (IntType) c))
(ReadCmd "w.png" (VarArgument w))
(LetCmd
 (TupleLValue (ArgLValue (VarArgument x)))
 (IfExpr
  (TupleType (IntType))
  (BinopExpr
   (BoolType)
   (UnopExpr
    (FloatType)
    -
    (ArrayIndexExpr
     (FloatType)
     (ArrayLiteralExpr (ArrayType (FloatType) 1) (FloatExpr (FloatType) 80))
     (VarExpr (IntType) c)))
   >=
   (SumLoopExpr
    (FloatType)
    x
    (VarExpr (IntType) s)
    y
    (VarExpr (IntType) u)
    z
    (VarExpr (IntType) t)
    (ArrayIndexExpr
     (FloatType)
     (ArrayLoopExpr
      (ArrayType (FloatType) 3)
      A
      (VarExpr (IntType) s)
      B
      (VarExpr (IntType) t)
      C
      (VarExpr (IntType) u)
      (FloatExpr (FloatType) 73))
     (VarExpr (IntType) o)
     (VarExpr (IntType) p)
     (VarExpr (IntType) y))))
  (TupleIndexExpr
   (TupleType (IntType))
   (TupleLiteralExpr
    (TupleType (TupleType (IntType)) (IntType))
    (TupleLiteralExpr (TupleType (IntType)) (VarExpr (IntType) v))
    (VarExpr (IntType) argnum))
   0)
  (TupleIndexExpr
   (TupleType (IntType))
   (TupleLiteralExpr
    (TupleType (TupleType (IntType)) (ArrayType (IntType) 2) (IntType))
    (IfExpr
     (TupleType (IntType))
     (BinopExpr (BoolType) (VarExpr (BoolType) e) == (TrueExpr (BoolType)))
     (TupleLiteralExpr (TupleType (IntType)) (VarExpr (IntType) d))
     (TupleLiteralExpr (TupleType (IntType)) (VarExpr (IntType) argnum)))
    (VarExpr (ArrayType (IntType) 2) q)
    (IfExpr
     (IntType)
     (FalseExpr (BoolType))
     (IfExpr
      (IntType)
      (VarExpr (BoolType) e)
      (VarExpr (IntType) h)
      (VarExpr (IntType) c))
     (IntExpr (IntType) 544)))
   0)))
(LetCmd
 (TupleLValue
  (TupleLValue)
  (TupleLValue
   (ArgLValue (ArrayArgument y z A))
   (TupleLValue
    (ArgLValue (ArrayArgument B C D E))
    (ArgLValue (ArrayArgument F G H)))
   (TupleLValue
    (TupleLValue
     (ArgLValue (ArrayArgument I J K))
     (ArgLValue (ArrayArgument L M N O))
     (ArgLValue (ArrayArgument P Q R S)))
    (ArgLValue (VarArgument T)))))
 (TupleLiteralExpr
  (TupleType
   (TupleType)
   (TupleType
    (ArrayType (TupleType (FloatType) (FloatType) (FloatType) (FloatType)) 2)
    (TupleType (ArrayType (ArrayType (IntType) 2) 3) (ArrayType (IntType) 2))
    (TupleType
     (TupleType
      (ArrayType (TupleType (FloatType) (FloatType) (FloatType) (FloatType)) 2)
      (ArrayType (ArrayType (IntType) 2) 3)
      (ArrayType (ArrayType (IntType) 2) 3))
     (BoolType))))
  (IfExpr
   (TupleType)
   (TrueExpr (BoolType))
   (TupleLiteralExpr (TupleType))
   (IfExpr
    (TupleType)
    (BinopExpr
     (BoolType)
     (FloatExpr (FloatType) 12)
     >
     (BinopExpr
      (FloatType)
      (FloatExpr (FloatType) 30)
      /
      (FloatExpr (FloatType) 95)))
    (IfExpr
     (TupleType)
     (VarExpr (BoolType) e)
     (TupleLiteralExpr (TupleType))
     (IfExpr
      (TupleType)
      (TrueExpr (BoolType))
      (TupleLiteralExpr (TupleType))
      (TupleLiteralExpr (TupleType))))
    (ArrayIndexExpr
     (TupleType)
     (ArrayLoopExpr
      (ArrayType (TupleType) 2)
      y
      (VarExpr (IntType) x)
      z
      (IntExpr (IntType) 927)
      (TupleLiteralExpr (TupleType)))
     (VarExpr (IntType) l)
     (VarExpr (IntType) b))))
  (TupleLiteralExpr
   (TupleType
    (ArrayType (TupleType (FloatType) (FloatType) (FloatType) (FloatType)) 2)
    (TupleType (ArrayType (ArrayType (IntType) 2) 3) (ArrayType (IntType) 2))
    (TupleType
     (TupleType
      (ArrayType (TupleType (FloatType) (FloatType) (FloatType) (FloatType)) 2)
      (ArrayType (ArrayType (IntType) 2) 3)
      (ArrayType (ArrayType (IntType) 2) 3))
     (BoolType)))
   (ArrayIndexExpr
    (ArrayType (TupleType (FloatType) (FloatType) (FloatType) (FloatType)) 2)
    (ArrayLoopExpr
     (ArrayType
      (ArrayType (TupleType (FloatType) (FloatType) (FloatType) (FloatType)) 2)
      2)
     y
     (BinopExpr (IntType) (VarExpr (IntType) u) - (VarExpr (IntType) l))
     z
     (VarExpr (IntType) c)
     (VarExpr
      (ArrayType (TupleType (FloatType) (FloatType) (FloatType) (FloatType)) 2)
      w))
    (BinopExpr
     (IntType)
     (ArrayIndexExpr
      (IntType)
      (VarExpr (ArrayType (IntType) 1) args)
      (VarExpr (IntType) g))
     %
     (VarExpr (IntType) x))
    (ArrayIndexExpr
     (IntType)
     (ArrayIndexExpr
      (ArrayType (IntType) 2)
      (VarExpr (ArrayType (ArrayType (IntType) 2) 3) f)
      (VarExpr (IntType) x)
      (VarExpr (IntType) k)
      (VarExpr (IntType) l))
     (VarExpr (IntType) v)
     (ArrayIndexExpr
      (IntType)
      (VarExpr (ArrayType (IntType) 1) j)
      (VarExpr (IntType) o))))
   (TupleIndexExpr
    (TupleType (ArrayType (ArrayType (IntType) 2) 3) (ArrayType (IntType) 2))
    (TupleLiteralExpr
     (TupleType
      (TupleType (ArrayType (ArrayType (IntType) 2) 3) (ArrayType (IntType) 2))
      (IntType))
     (TupleLiteralExpr
      (TupleType (ArrayType (ArrayType (IntType) 2) 3) (ArrayType (IntType) 2))
      (VarExpr (ArrayType (ArrayType (IntType) 2) 3) f)
      (VarExpr (ArrayType (IntType) 2) a))
     (VarExpr (IntType) u))
    0)
   (IfExpr
    (TupleType
     (TupleType
      (ArrayType (TupleType (FloatType) (FloatType) (FloatType) (FloatType)) 2)
      (ArrayType (ArrayType (IntType) 2) 3)
      (ArrayType (ArrayType (IntType) 2) 3))
     (BoolType))
    (TrueExpr (BoolType))
    (TupleLiteralExpr
     (TupleType
      (TupleType
       (ArrayType
        (TupleType (FloatType) (FloatType) (FloatType) (FloatType))
        2)
       (ArrayType (ArrayType (IntType) 2) 3)
       (ArrayType (ArrayType (IntType) 2) 3))
      (BoolType))
     (TupleLiteralExpr
      (TupleType
       (ArrayType
        (TupleType (FloatType) (FloatType) (FloatType) (FloatType))
        2)
       (ArrayType (ArrayType (IntType) 2) 3)
       (ArrayType (ArrayType (IntType) 2) 3))
      (VarExpr
       (ArrayType
        (TupleType (FloatType) (FloatType) (FloatType) (FloatType))
        2)
       w)
      (VarExpr (ArrayType (ArrayType (IntType) 2) 3) f)
      (VarExpr (ArrayType (ArrayType (IntType) 2) 3) f))
     (FalseExpr (BoolType)))
    (TupleLiteralExpr
     (TupleType
      (TupleType
       (ArrayType
        (TupleType (FloatType) (FloatType) (FloatType) (FloatType))
        2)
       (ArrayType (ArrayType (IntType) 2) 3)
       (ArrayType (ArrayType (IntType) 2) 3))
      (BoolType))
     (TupleLiteralExpr
      (TupleType
       (ArrayType
        (TupleType (FloatType) (FloatType) (FloatType) (FloatType))
        2)
       (ArrayType (ArrayType (IntType) 2) 3)
       (ArrayType (ArrayType (IntType) 2) 3))
      (VarExpr
       (ArrayType
        (TupleType (FloatType) (FloatType) (FloatType) (FloatType))
        2)
       w)
      (VarExpr (ArrayType (ArrayType (IntType) 2) 3) f)
      (VarExpr (ArrayType (ArrayType (IntType) 2) 3) f))
     (BinopExpr (BoolType) (VarExpr (IntType) x) == (VarExpr (IntType) g)))))))
