(LetCmd
 (TupleLValue (ArgLValue (VarArgument a)) (ArgLValue (ArrayArgument b c)))
 (ArrayIndexExpr
  (TupleType (BoolType) (ArrayType (IntType) 1))
  (ArrayLiteralExpr
   (ArrayType (TupleType (BoolType) (ArrayType (IntType) 1)) 1)
   (TupleIndexExpr
    (TupleType (BoolType) (ArrayType (IntType) 1))
    (TupleLiteralExpr
     (TupleType
      (TupleType (BoolType) (ArrayType (IntType) 1))
      (IntType)
      (ArrayType (IntType) 1))
     (TupleLiteralExpr
      (TupleType (BoolType) (ArrayType (IntType) 1))
      (FalseExpr (BoolType))
      (VarExpr (ArrayType (IntType) 1) args))
     (UnopExpr (IntType) - (VarExpr (IntType) argnum))
     (VarExpr (ArrayType (IntType) 1) args))
    0))
  (SumLoopExpr
   (IntType)
   a
   (IfExpr
    (IntType)
    (UnopExpr
     (BoolType)
     !
     (BinopExpr
      (BoolType)
      (FloatExpr (FloatType) 16)
      <=
      (FloatExpr (FloatType) 85)))
    (BinopExpr
     (IntType)
     (SumLoopExpr
      (IntType)
      a
      (IntExpr (IntType) 199)
      (VarExpr (IntType) argnum))
     +
     (VarExpr (IntType) argnum))
    (IfExpr
     (IntType)
     (FalseExpr (BoolType))
     (VarExpr (IntType) argnum)
     (UnopExpr (IntType) - (VarExpr (IntType) argnum))))
   b
   (BinopExpr
    (IntType)
    (SumLoopExpr
     (IntType)
     a
     (IfExpr
      (IntType)
      (FalseExpr (BoolType))
      (VarExpr (IntType) argnum)
      (VarExpr (IntType) argnum))
     b
     (IfExpr
      (IntType)
      (TrueExpr (BoolType))
      (IntExpr (IntType) 505)
      (IntExpr (IntType) 501))
     c
     (UnopExpr (IntType) - (VarExpr (IntType) argnum))
     (BinopExpr (IntType) (VarExpr (IntType) c) - (IntExpr (IntType) 56)))
    *
    (TupleIndexExpr
     (IntType)
     (TupleLiteralExpr
      (TupleType (BoolType) (IntType))
      (FalseExpr (BoolType))
      (IntExpr (IntType) 275))
     1))
   c
   (IfExpr
    (IntType)
    (TupleIndexExpr
     (BoolType)
     (TupleLiteralExpr (TupleType (BoolType)) (FalseExpr (BoolType)))
     0)
    (SumLoopExpr
     (IntType)
     a
     (IfExpr
      (IntType)
      (FalseExpr (BoolType))
      (VarExpr (IntType) argnum)
      (VarExpr (IntType) argnum))
     (IntExpr (IntType) 329))
    (UnopExpr
     (IntType)
     -
     (BinopExpr (IntType) (IntExpr (IntType) 910) + (VarExpr (IntType) argnum))))
   (ArrayIndexExpr
    (IntType)
    (ArrayLoopExpr
     (ArrayType (IntType) 2)
     d
     (VarExpr (IntType) argnum)
     e
     (VarExpr (IntType) b)
     (VarExpr (IntType) c))
    (VarExpr (IntType) c)
    (SumLoopExpr
     (IntType)
     d
     (SumLoopExpr
      (IntType)
      d
      (VarExpr (IntType) a)
      e
      (VarExpr (IntType) a)
      (VarExpr (IntType) argnum))
     e
     (VarExpr (IntType) b)
     (UnopExpr (IntType) - (VarExpr (IntType) c)))))))
(PrintCmd "d")
(LetCmd
 (ArgLValue (VarArgument d))
 (ArrayLiteralExpr
  (ArrayType (BoolType) 1)
  (BinopExpr
   (BoolType)
   (TupleIndexExpr
    (FloatType)
    (TupleLiteralExpr
     (TupleType (FloatType) (FloatType))
     (UnopExpr (FloatType) - (FloatExpr (FloatType) 20))
     (FloatExpr (FloatType) 78))
    0)
   <=
   (BinopExpr
    (FloatType)
    (IfExpr
     (FloatType)
     (VarExpr (BoolType) a)
     (FloatExpr (FloatType) 36)
     (UnopExpr (FloatType) - (FloatExpr (FloatType) 29)))
    %
    (SumLoopExpr
     (FloatType)
     d
     (SumLoopExpr (IntType) d (IntExpr (IntType) 294) (VarExpr (IntType) c))
     (UnopExpr (FloatType) - (FloatExpr (FloatType) 88)))))
  (VarExpr (BoolType) a)
  (IfExpr
   (BoolType)
   (UnopExpr (BoolType) ! (VarExpr (BoolType) a))
   (ArrayIndexExpr
    (BoolType)
    (ArrayLoopExpr
     (ArrayType (BoolType) 3)
     d
     (UnopExpr (IntType) - (VarExpr (IntType) c))
     e
     (BinopExpr (IntType) (IntExpr (IntType) 285) % (VarExpr (IntType) c))
     f
     (VarExpr (IntType) c)
     (UnopExpr (BoolType) ! (TrueExpr (BoolType))))
    (VarExpr (IntType) c)
    (VarExpr (IntType) argnum)
    (SumLoopExpr
     (IntType)
     d
     (BinopExpr (IntType) (VarExpr (IntType) c) / (VarExpr (IntType) argnum))
     e
     (VarExpr (IntType) argnum)
     (UnopExpr (IntType) - (IntExpr (IntType) 785))))
   (TupleIndexExpr
    (BoolType)
    (TupleLiteralExpr
     (TupleType (FloatType) (BoolType))
     (FloatExpr (FloatType) 14)
     (FalseExpr (BoolType)))
    1))))
(WriteCmd
 (IfExpr
  (ArrayType (TupleType (FloatType) (FloatType) (FloatType) (FloatType)) 2)
  (ArrayIndexExpr
   (BoolType)
   (ArrayLoopExpr
    (ArrayType (BoolType) 3)
    e
    (TupleIndexExpr
     (IntType)
     (TupleLiteralExpr
      (TupleType (IntType) (ArrayType (IntType) 1) (ArrayType (BoolType) 1))
      (VarExpr (IntType) c)
      (VarExpr (ArrayType (IntType) 1) args)
      (VarExpr (ArrayType (BoolType) 1) d))
     0)
    f
    (BinopExpr
     (IntType)
     (BinopExpr
      (IntType)
      (VarExpr (IntType) argnum)
      +
      (VarExpr (IntType) argnum))
     /
     (VarExpr (IntType) argnum))
    g
    (BinopExpr
     (IntType)
     (BinopExpr (IntType) (VarExpr (IntType) c) % (VarExpr (IntType) argnum))
     *
     (ArrayIndexExpr
      (IntType)
      (VarExpr (ArrayType (IntType) 1) b)
      (IntExpr (IntType) 622)))
    (TrueExpr (BoolType)))
   (VarExpr (IntType) argnum)
   (VarExpr (IntType) c)
   (SumLoopExpr
    (IntType)
    e
    (IfExpr
     (IntType)
     (UnopExpr (BoolType) ! (VarExpr (BoolType) a))
     (SumLoopExpr
      (IntType)
      e
      (VarExpr (IntType) c)
      f
      (IntExpr (IntType) 897)
      g
      (IntExpr (IntType) 832)
      (VarExpr (IntType) e))
     (IntExpr (IntType) 975))
    f
    (TupleIndexExpr
     (IntType)
     (TupleLiteralExpr
      (TupleType (IntType) (ArrayType (IntType) 1) (ArrayType (IntType) 1))
      (VarExpr (IntType) argnum)
      (VarExpr (ArrayType (IntType) 1) b)
      (VarExpr (ArrayType (IntType) 1) b))
     0)
    g
    (TupleIndexExpr
     (IntType)
     (TupleLiteralExpr (TupleType (IntType)) (VarExpr (IntType) argnum))
     0)
    (VarExpr (IntType) c)))
  (ArrayLoopExpr
   (ArrayType (TupleType (FloatType) (FloatType) (FloatType) (FloatType)) 2)
   e
   (UnopExpr (IntType) - (VarExpr (IntType) c))
   f
   (SumLoopExpr
    (IntType)
    e
    (VarExpr (IntType) argnum)
    (SumLoopExpr (IntType) f (VarExpr (IntType) c) (VarExpr (IntType) e)))
   (TupleLiteralExpr
    (TupleType (FloatType) (FloatType) (FloatType) (FloatType))
    (TupleIndexExpr
     (FloatType)
     (TupleLiteralExpr (TupleType (FloatType)) (FloatExpr (FloatType) 77))
     0)
    (SumLoopExpr
     (FloatType)
     g
     (VarExpr (IntType) f)
     h
     (VarExpr (IntType) e)
     i
     (IntExpr (IntType) 374)
     (FloatExpr (FloatType) 36))
    (FloatExpr (FloatType) 79)
    (IfExpr
     (FloatType)
     (UnopExpr (BoolType) ! (FalseExpr (BoolType)))
     (FloatExpr (FloatType) 1)
     (UnopExpr (FloatType) - (FloatExpr (FloatType) 42)))))
  (ArrayIndexExpr
   (ArrayType (TupleType (FloatType) (FloatType) (FloatType) (FloatType)) 2)
   (ArrayLoopExpr
    (ArrayType
     (ArrayType (TupleType (FloatType) (FloatType) (FloatType) (FloatType)) 2)
     3)
    e
    (BinopExpr
     (IntType)
     (UnopExpr (IntType) - (VarExpr (IntType) c))
     *
     (IfExpr
      (IntType)
      (TrueExpr (BoolType))
      (IntExpr (IntType) 311)
      (VarExpr (IntType) c)))
    f
    (IntExpr (IntType) 702)
    g
    (UnopExpr
     (IntType)
     -
     (SumLoopExpr
      (IntType)
      e
      (VarExpr (IntType) c)
      f
      (VarExpr (IntType) c)
      g
      (VarExpr (IntType) c)
      (IntExpr (IntType) 308)))
    (ArrayLoopExpr
     (ArrayType (TupleType (FloatType) (FloatType) (FloatType) (FloatType)) 2)
     h
     (VarExpr (IntType) g)
     i
     (UnopExpr (IntType) - (VarExpr (IntType) f))
     (TupleLiteralExpr
      (TupleType (FloatType) (FloatType) (FloatType) (FloatType))
      (FloatExpr (FloatType) 85)
      (FloatExpr (FloatType) 92)
      (FloatExpr (FloatType) 91)
      (FloatExpr (FloatType) 52))))
   (VarExpr (IntType) argnum)
   (ArrayIndexExpr
    (IntType)
    (ArrayLoopExpr
     (ArrayType (IntType) 1)
     e
     (IntExpr (IntType) 843)
     (VarExpr (IntType) argnum))
    (UnopExpr (IntType) - (VarExpr (IntType) argnum)))
   (SumLoopExpr
    (IntType)
    e
    (ArrayIndexExpr
     (IntType)
     (VarExpr (ArrayType (IntType) 1) b)
     (IntExpr (IntType) 896))
    (IfExpr
     (IntType)
     (VarExpr (BoolType) a)
     (SumLoopExpr
      (IntType)
      f
      (VarExpr (IntType) c)
      g
      (VarExpr (IntType) c)
      (VarExpr (IntType) f))
     (VarExpr (IntType) e)))))
 "e.png")
(WriteCmd
 (ArrayIndexExpr
  (ArrayType (TupleType (FloatType) (FloatType) (FloatType) (FloatType)) 2)
  (ArrayLiteralExpr
   (ArrayType
    (ArrayType (TupleType (FloatType) (FloatType) (FloatType) (FloatType)) 2)
    1)
   (ArrayLoopExpr
    (ArrayType (TupleType (FloatType) (FloatType) (FloatType) (FloatType)) 2)
    e
    (ArrayIndexExpr
     (IntType)
     (ArrayLoopExpr
      (ArrayType (IntType) 2)
      e
      (VarExpr (IntType) c)
      f
      (VarExpr (IntType) c)
      (VarExpr (IntType) e))
     (VarExpr (IntType) c)
     (IntExpr (IntType) 220))
    f
    (BinopExpr
     (IntType)
     (UnopExpr (IntType) - (VarExpr (IntType) argnum))
     -
     (IntExpr (IntType) 677))
    (TupleLiteralExpr
     (TupleType (FloatType) (FloatType) (FloatType) (FloatType))
     (SumLoopExpr
      (FloatType)
      g
      (VarExpr (IntType) c)
      (FloatExpr (FloatType) 6))
     (UnopExpr (FloatType) - (FloatExpr (FloatType) 37))
     (FloatExpr (FloatType) 94)
     (IfExpr
      (FloatType)
      (VarExpr (BoolType) a)
      (FloatExpr (FloatType) 92)
      (FloatExpr (FloatType) 55)))))
  (BinopExpr
   (IntType)
   (SumLoopExpr
    (IntType)
    e
    (VarExpr (IntType) argnum)
    f
    (UnopExpr
     (IntType)
     -
     (SumLoopExpr
      (IntType)
      e
      (IntExpr (IntType) 651)
      f
      (VarExpr (IntType) argnum)
      (VarExpr (IntType) c)))
    g
    (IntExpr (IntType) 367)
    (VarExpr (IntType) f))
   +
   (SumLoopExpr
    (IntType)
    e
    (BinopExpr
     (IntType)
     (UnopExpr (IntType) - (VarExpr (IntType) c))
     *
     (VarExpr (IntType) c))
    f
    (UnopExpr (IntType) - (UnopExpr (IntType) - (VarExpr (IntType) argnum)))
    (VarExpr (IntType) f))))
 "e.png")
(LetCmd
 (ArgLValue (ArrayArgument e f g h))
 (ArrayIndexExpr
  (ArrayType (IntType) 3)
  (ArrayLoopExpr
   (ArrayType (ArrayType (IntType) 3) 3)
   e
   (IntExpr (IntType) 578)
   f
   (UnopExpr (IntType) - (UnopExpr (IntType) - (VarExpr (IntType) argnum)))
   g
   (ArrayIndexExpr
    (IntType)
    (IfExpr
     (ArrayType (IntType) 1)
     (BinopExpr (BoolType) (TrueExpr (BoolType)) && (TrueExpr (BoolType)))
     (ArrayLoopExpr
      (ArrayType (IntType) 1)
      e
      (VarExpr (IntType) argnum)
      (VarExpr (IntType) e))
     (VarExpr (ArrayType (IntType) 1) args))
    (ArrayIndexExpr
     (IntType)
     (ArrayLoopExpr
      (ArrayType (IntType) 2)
      e
      (VarExpr (IntType) c)
      f
      (IntExpr (IntType) 391)
      (IntExpr (IntType) 455))
     (UnopExpr (IntType) - (VarExpr (IntType) c))
     (VarExpr (IntType) argnum)))
   (ArrayLoopExpr
    (ArrayType (IntType) 3)
    h
    (BinopExpr
     (IntType)
     (VarExpr (IntType) f)
     -
     (UnopExpr (IntType) - (VarExpr (IntType) g)))
    i
    (ArrayIndexExpr
     (IntType)
     (ArrayLoopExpr
      (ArrayType (IntType) 1)
      h
      (VarExpr (IntType) e)
      (VarExpr (IntType) c))
     (VarExpr (IntType) f))
    j
    (VarExpr (IntType) g)
    (VarExpr (IntType) g)))
  (IfExpr
   (IntType)
   (IfExpr
    (BoolType)
    (VarExpr (BoolType) a)
    (TupleIndexExpr
     (BoolType)
     (TupleLiteralExpr
      (TupleType (BoolType) (BoolType) (ArrayType (IntType) 1))
      (FalseExpr (BoolType))
      (FalseExpr (BoolType))
      (VarExpr (ArrayType (IntType) 1) b))
     0)
    (BinopExpr (BoolType) (IntExpr (IntType) 331) != (IntExpr (IntType) 869)))
   (UnopExpr
    (IntType)
    -
    (BinopExpr
     (IntType)
     (BinopExpr (IntType) (IntExpr (IntType) 487) - (IntExpr (IntType) 382))
     /
     (VarExpr (IntType) argnum)))
   (SumLoopExpr
    (IntType)
    e
    (SumLoopExpr
     (IntType)
     e
     (VarExpr (IntType) argnum)
     f
     (BinopExpr (IntType) (IntExpr (IntType) 970) - (VarExpr (IntType) argnum))
     g
     (IntExpr (IntType) 2)
     (UnopExpr (IntType) - (VarExpr (IntType) g)))
    f
    (IntExpr (IntType) 92)
    (IntExpr (IntType) 152)))
  (IfExpr
   (IntType)
   (BinopExpr
    (BoolType)
    (ArrayIndexExpr
     (BoolType)
     (VarExpr (ArrayType (BoolType) 1) d)
     (UnopExpr (IntType) - (IntExpr (IntType) 984)))
    &&
    (TupleIndexExpr
     (BoolType)
     (TupleLiteralExpr
      (TupleType (ArrayType (IntType) 1) (IntType) (BoolType))
      (VarExpr (ArrayType (IntType) 1) args)
      (IntExpr (IntType) 48)
      (VarExpr (BoolType) a))
     2))
   (BinopExpr
    (IntType)
    (BinopExpr
     (IntType)
     (VarExpr (IntType) c)
     /
     (UnopExpr (IntType) - (VarExpr (IntType) argnum)))
    -
    (SumLoopExpr
     (IntType)
     e
     (UnopExpr (IntType) - (IntExpr (IntType) 873))
     (VarExpr (IntType) argnum)))
   (BinopExpr
    (IntType)
    (IntExpr (IntType) 704)
    +
    (ArrayIndexExpr
     (IntType)
     (ArrayLoopExpr
      (ArrayType (IntType) 3)
      e
      (IntExpr (IntType) 127)
      f
      (VarExpr (IntType) c)
      g
      (VarExpr (IntType) c)
      (VarExpr (IntType) c))
     (IntExpr (IntType) 852)
     (VarExpr (IntType) argnum)
     (IntExpr (IntType) 205))))
  (TupleIndexExpr
   (IntType)
   (TupleIndexExpr
    (TupleType (ArrayType (IntType) 1) (IntType) (IntType))
    (TupleLiteralExpr
     (TupleType
      (TupleType (ArrayType (IntType) 1) (IntType) (IntType))
      (BoolType))
     (TupleLiteralExpr
      (TupleType (ArrayType (IntType) 1) (IntType) (IntType))
      (VarExpr (ArrayType (IntType) 1) b)
      (VarExpr (IntType) argnum)
      (VarExpr (IntType) argnum))
     (BinopExpr (BoolType) (VarExpr (IntType) argnum) <= (VarExpr (IntType) c)))
    0)
   2)))
(LetCmd
 (ArgLValue (ArrayArgument i j))
 (TupleIndexExpr
  (ArrayType (BoolType) 1)
  (IfExpr
   (TupleType (ArrayType (ArrayType (IntType) 1) 1) (ArrayType (BoolType) 1))
   (TrueExpr (BoolType))
   (TupleLiteralExpr
    (TupleType (ArrayType (ArrayType (IntType) 1) 1) (ArrayType (BoolType) 1))
    (ArrayLoopExpr
     (ArrayType (ArrayType (IntType) 1) 1)
     i
     (UnopExpr (IntType) - (VarExpr (IntType) f))
     (ArrayLiteralExpr (ArrayType (IntType) 1) (VarExpr (IntType) f)))
    (VarExpr (ArrayType (BoolType) 1) d))
   (TupleLiteralExpr
    (TupleType (ArrayType (ArrayType (IntType) 1) 1) (ArrayType (BoolType) 1))
    (ArrayLoopExpr
     (ArrayType (ArrayType (IntType) 1) 1)
     i
     (IntExpr (IntType) 8)
     (ArrayLiteralExpr (ArrayType (IntType) 1) (VarExpr (IntType) f)))
    (ArrayLiteralExpr
     (ArrayType (BoolType) 1)
     (UnopExpr (BoolType) ! (TrueExpr (BoolType)))
     (VarExpr (BoolType) a)
     (IfExpr
      (BoolType)
      (FalseExpr (BoolType))
      (VarExpr (BoolType) a)
      (TrueExpr (BoolType))))))
  1))
(LetCmd
 (TupleLValue)
 (ArrayIndexExpr
  (TupleType)
  (ArrayLiteralExpr
   (ArrayType (TupleType) 1)
   (TupleIndexExpr
    (TupleType)
    (TupleLiteralExpr
     (TupleType (TupleType))
     (IfExpr
      (TupleType)
      (VarExpr (BoolType) a)
      (TupleLiteralExpr (TupleType))
      (TupleLiteralExpr (TupleType))))
    0)
   (IfExpr
    (TupleType)
    (TrueExpr (BoolType))
    (TupleIndexExpr
     (TupleType)
     (TupleLiteralExpr (TupleType (TupleType)) (TupleLiteralExpr (TupleType)))
     0)
    (IfExpr
     (TupleType)
     (ArrayIndexExpr
      (BoolType)
      (VarExpr (ArrayType (BoolType) 1) i)
      (IntExpr (IntType) 15))
     (TupleLiteralExpr (TupleType))
     (IfExpr
      (TupleType)
      (TrueExpr (BoolType))
      (TupleLiteralExpr (TupleType))
      (TupleLiteralExpr (TupleType)))))
   (TupleIndexExpr
    (TupleType)
    (TupleLiteralExpr
     (TupleType (TupleType) (BoolType))
     (TupleLiteralExpr (TupleType))
     (BinopExpr (BoolType) (VarExpr (BoolType) a) && (VarExpr (BoolType) a)))
    0))
  (IfExpr
   (IntType)
   (ArrayIndexExpr
    (BoolType)
    (ArrayLoopExpr
     (ArrayType (BoolType) 3)
     k
     (VarExpr (IntType) h)
     l
     (ArrayIndexExpr
      (IntType)
      (VarExpr (ArrayType (IntType) 1) args)
      (VarExpr (IntType) f))
     m
     (ArrayIndexExpr
      (IntType)
      (VarExpr (ArrayType (IntType) 3) e)
      (VarExpr (IntType) h)
      (VarExpr (IntType) c)
      (VarExpr (IntType) h))
     (BinopExpr (BoolType) (FalseExpr (BoolType)) && (TrueExpr (BoolType))))
    (ArrayIndexExpr
     (IntType)
     (VarExpr (ArrayType (IntType) 3) e)
     (UnopExpr (IntType) - (VarExpr (IntType) j))
     (VarExpr (IntType) g)
     (SumLoopExpr
      (IntType)
      k
      (VarExpr (IntType) f)
      l
      (VarExpr (IntType) h)
      (VarExpr (IntType) h)))
    (ArrayIndexExpr
     (IntType)
     (ArrayLoopExpr
      (ArrayType (IntType) 2)
      k
      (VarExpr (IntType) f)
      l
      (VarExpr (IntType) h)
      (VarExpr (IntType) l))
     (IfExpr
      (IntType)
      (VarExpr (BoolType) a)
      (VarExpr (IntType) g)
      (VarExpr (IntType) h))
     (UnopExpr (IntType) - (VarExpr (IntType) j)))
    (BinopExpr
     (IntType)
     (UnopExpr (IntType) - (VarExpr (IntType) f))
     /
     (VarExpr (IntType) c)))
   (VarExpr (IntType) h)
   (VarExpr (IntType) argnum))))
(LetCmd
 (ArgLValue (ArrayArgument k l))
 (IfExpr
  (ArrayType (ArrayType (BoolType) 1) 1)
  (UnopExpr
   (BoolType)
   !
   (BinopExpr (BoolType) (FalseExpr (BoolType)) && (TrueExpr (BoolType))))
  (ArrayLoopExpr
   (ArrayType (ArrayType (BoolType) 1) 1)
   k
   (VarExpr (IntType) j)
   (VarExpr (ArrayType (BoolType) 1) d))
  (ArrayLiteralExpr
   (ArrayType (ArrayType (BoolType) 1) 1)
   (ArrayLiteralExpr
    (ArrayType (BoolType) 1)
    (VarExpr (BoolType) a)
    (ArrayIndexExpr
     (BoolType)
     (VarExpr (ArrayType (BoolType) 1) d)
     (BinopExpr (IntType) (VarExpr (IntType) g) % (VarExpr (IntType) h))))
   (ArrayLiteralExpr
    (ArrayType (BoolType) 1)
    (FalseExpr (BoolType))
    (TupleIndexExpr
     (BoolType)
     (TupleLiteralExpr
      (TupleType (ArrayType (BoolType) 1) (BoolType))
      (VarExpr (ArrayType (BoolType) 1) i)
      (VarExpr (BoolType) a))
     1)
    (BinopExpr (BoolType) (VarExpr (IntType) f) > (VarExpr (IntType) j))))))
(LetCmd
 (TupleLValue (ArgLValue (ArrayArgument m n)))
 (TupleLiteralExpr
  (TupleType (ArrayType (IntType) 1))
  (IfExpr
   (ArrayType (IntType) 1)
   (ArrayIndexExpr
    (BoolType)
    (ArrayLoopExpr
     (ArrayType (BoolType) 2)
     m
     (IntExpr (IntType) 238)
     n
     (VarExpr (IntType) c)
     (BinopExpr (BoolType) (VarExpr (BoolType) a) == (TrueExpr (BoolType))))
    (VarExpr (IntType) l)
    (IntExpr (IntType) 25))
   (VarExpr (ArrayType (IntType) 1) b)
   (IfExpr
    (ArrayType (IntType) 1)
    (ArrayIndexExpr
     (BoolType)
     (ArrayLoopExpr
      (ArrayType (BoolType) 2)
      m
      (VarExpr (IntType) l)
      n
      (IntExpr (IntType) 657)
      (VarExpr (BoolType) a))
     (VarExpr (IntType) f)
     (VarExpr (IntType) f))
    (IfExpr
     (ArrayType (IntType) 1)
     (BinopExpr (BoolType) (FalseExpr (BoolType)) && (VarExpr (BoolType) a))
     (VarExpr (ArrayType (IntType) 1) b)
     (IfExpr
      (ArrayType (IntType) 1)
      (VarExpr (BoolType) a)
      (VarExpr (ArrayType (IntType) 1) b)
      (VarExpr (ArrayType (IntType) 1) args)))
    (VarExpr (ArrayType (IntType) 1) args)))))
(LetCmd (ArgLValue (VarArgument o)) (VarExpr (IntType) h))
(LetCmd
 (ArgLValue (ArrayArgument p q r))
 (ArrayLoopExpr
  (ArrayType (ArrayType (ArrayType (BoolType) 1) 1) 2)
  p
  (VarExpr (IntType) argnum)
  q
  (SumLoopExpr
   (IntType)
   p
   (VarExpr (IntType) g)
   (IfExpr
    (IntType)
    (IfExpr
     (BoolType)
     (BinopExpr (BoolType) (VarExpr (BoolType) a) == (VarExpr (BoolType) a))
     (ArrayIndexExpr
      (BoolType)
      (VarExpr (ArrayType (BoolType) 1) i)
      (VarExpr (IntType) argnum))
     (VarExpr (BoolType) a))
    (IfExpr
     (IntType)
     (FalseExpr (BoolType))
     (VarExpr (IntType) p)
     (VarExpr (IntType) f))
    (VarExpr (IntType) n)))
  (VarExpr (ArrayType (ArrayType (BoolType) 1) 1) k)))
