(PrintCmd "a")
(LetCmd
 (ArgLValue (ArrayArgument a b c d))
 (ArrayLoopExpr
  (ArrayType (BoolType) 3)
  a
  (IfExpr
   (IntType)
   (ArrayIndexExpr
    (BoolType)
    (ArrayLoopExpr
     (ArrayType (BoolType) 3)
     a
     (UnopExpr (IntType) - (VarExpr (IntType) argnum))
     b
     (IntExpr (IntType) 398)
     c
     (SumLoopExpr
      (IntType)
      a
      (IntExpr (IntType) 714)
      b
      (IntExpr (IntType) 776)
      (IntExpr (IntType) 964))
     (UnopExpr (BoolType) ! (FalseExpr (BoolType))))
    (IfExpr
     (IntType)
     (UnopExpr (BoolType) ! (TrueExpr (BoolType)))
     (UnopExpr (IntType) - (IntExpr (IntType) 12))
     (IntExpr (IntType) 561))
    (IfExpr
     (IntType)
     (TrueExpr (BoolType))
     (BinopExpr (IntType) (IntExpr (IntType) 150) / (VarExpr (IntType) argnum))
     (VarExpr (IntType) argnum))
    (VarExpr (IntType) argnum))
   (SumLoopExpr
    (IntType)
    a
    (VarExpr (IntType) argnum)
    (VarExpr (IntType) argnum))
   (TupleIndexExpr
    (IntType)
    (TupleLiteralExpr
     (TupleType (IntType) (IntType) (BoolType))
     (VarExpr (IntType) argnum)
     (VarExpr (IntType) argnum)
     (TrueExpr (BoolType)))
    0))
  b
  (TupleIndexExpr
   (IntType)
   (ArrayIndexExpr
    (TupleType (IntType))
    (ArrayLoopExpr
     (ArrayType (TupleType (IntType)) 3)
     a
     (UnopExpr (IntType) - (VarExpr (IntType) argnum))
     b
     (IfExpr
      (IntType)
      (TrueExpr (BoolType))
      (VarExpr (IntType) argnum)
      (IntExpr (IntType) 676))
     c
     (BinopExpr (IntType) (IntExpr (IntType) 783) - (IntExpr (IntType) 785))
     (TupleLiteralExpr (TupleType (IntType)) (VarExpr (IntType) argnum)))
    (IfExpr
     (IntType)
     (BinopExpr
      (BoolType)
      (VarExpr (IntType) argnum)
      ==
      (IntExpr (IntType) 957))
     (BinopExpr (IntType) (IntExpr (IntType) 564) + (VarExpr (IntType) argnum))
     (UnopExpr (IntType) - (VarExpr (IntType) argnum)))
    (UnopExpr (IntType) - (IntExpr (IntType) 283))
    (IntExpr (IntType) 780))
   0)
  c
  (CallExpr
   (IntType)
   to_int
   (CallExpr
    (FloatType)
    atan2
    (FloatExpr (FloatType) 11)
    (CallExpr
     (FloatType)
     pow
     (CallExpr (FloatType) log (FloatExpr (FloatType) 23))
     (FloatExpr (FloatType) 16))))
  (BinopExpr
   (BoolType)
   (CallExpr
    (IntType)
    to_int
    (CallExpr
     (FloatType)
     to_float
     (BinopExpr (IntType) (VarExpr (IntType) argnum) / (IntExpr (IntType) 415))))
   ==
   (VarExpr (IntType) c))))
(ShowCmd
 (ArrayLiteralExpr
  (ArrayType (IntType) 1)
  (SumLoopExpr
   (IntType)
   e
   (IfExpr
    (IntType)
    (BinopExpr
     (BoolType)
     (CallExpr
      (FloatType)
      atan2
      (FloatExpr (FloatType) 5)
      (FloatExpr (FloatType) 68))
     <=
     (CallExpr (FloatType) to_float (VarExpr (IntType) b)))
    (ArrayIndexExpr
     (IntType)
     (ArrayLoopExpr
      (ArrayType (IntType) 3)
      e
      (VarExpr (IntType) c)
      f
      (VarExpr (IntType) d)
      g
      (VarExpr (IntType) d)
      (VarExpr (IntType) e))
     (VarExpr (IntType) c)
     (UnopExpr (IntType) - (IntExpr (IntType) 281))
     (BinopExpr (IntType) (IntExpr (IntType) 197) - (IntExpr (IntType) 576)))
    (CallExpr
     (IntType)
     to_int
     (CallExpr (FloatType) exp (FloatExpr (FloatType) 47))))
   f
   (VarExpr (IntType) c)
   (SumLoopExpr
    (IntType)
    g
    (IfExpr
     (IntType)
     (UnopExpr (BoolType) ! (FalseExpr (BoolType)))
     (VarExpr (IntType) f)
     (SumLoopExpr
      (IntType)
      g
      (VarExpr (IntType) d)
      h
      (VarExpr (IntType) f)
      (VarExpr (IntType) h)))
    (IntExpr (IntType) 402)))
  (VarExpr (IntType) c)))
(PrintCmd "e")
(LetCmd
 (ArgLValue (ArrayArgument e f g h))
 (ArrayLoopExpr
  (ArrayType (BoolType) 3)
  e
  (SumLoopExpr
   (IntType)
   e
   (ArrayIndexExpr
    (IntType)
    (ArrayLoopExpr
     (ArrayType (IntType) 3)
     e
     (IntExpr (IntType) 660)
     f
     (IntExpr (IntType) 863)
     g
     (IntExpr (IntType) 837)
     (UnopExpr (IntType) - (VarExpr (IntType) d)))
    (TupleIndexExpr
     (IntType)
     (TupleLiteralExpr (TupleType (IntType)) (VarExpr (IntType) b))
     0)
    (VarExpr (IntType) argnum)
    (VarExpr (IntType) b))
   f
   (UnopExpr
    (IntType)
    -
    (SumLoopExpr
     (IntType)
     e
     (VarExpr (IntType) b)
     (BinopExpr (IntType) (VarExpr (IntType) c) % (VarExpr (IntType) c))))
   g
   (IntExpr (IntType) 328)
   (VarExpr (IntType) b))
  f
  (UnopExpr (IntType) - (IntExpr (IntType) 983))
  g
  (VarExpr (IntType) d)
  (BinopExpr
   (BoolType)
   (CallExpr
    (FloatType)
    tan
    (CallExpr (FloatType) exp (FloatExpr (FloatType) 82)))
   <=
   (CallExpr
    (FloatType)
    atan
    (UnopExpr (FloatType) - (FloatExpr (FloatType) 53))))))
(LetCmd
 (ArgLValue (VarArgument (FloatType) i))
 (CallExpr (FloatType) acos (FloatExpr (FloatType) 3)))
(LetCmd
 (TupleLValue (ArgLValue (ArrayArgument j k)) (TupleLValue))
 (ArrayIndexExpr
  (TupleType (ArrayType (IntType) 1) (TupleType))
  (ArrayLoopExpr
   (ArrayType (TupleType (ArrayType (IntType) 1) (TupleType)) 2)
   j
   (VarExpr (IntType) d)
   k
   (VarExpr (IntType) d)
   (TupleIndexExpr
    (TupleType (ArrayType (IntType) 1) (TupleType))
    (TupleLiteralExpr
     (TupleType
      (IntType)
      (IntType)
      (TupleType (ArrayType (IntType) 1) (TupleType)))
     (VarExpr (IntType) j)
     (VarExpr (IntType) k)
     (TupleLiteralExpr
      (TupleType (ArrayType (IntType) 1) (TupleType))
      (VarExpr (ArrayType (IntType) 1) args)
      (TupleLiteralExpr (TupleType))))
    2))
  (VarExpr (IntType) c)
  (VarExpr (IntType) f)))
(LetCmd (ArgLValue (VarArgument (IntType) l)) (VarExpr (IntType) b))
(LetCmd (ArgLValue (VarArgument (BoolType) m)) (FalseExpr (BoolType)))
(LetCmd
 (ArgLValue (VarArgument (ArrayType (IntType) 1) n))
 (VarExpr (ArrayType (IntType) 1) args))
(TimeCmd
 (LetCmd
  (ArgLValue (ArrayArgument o p q r))
  (ArrayIndexExpr
   (ArrayType (BoolType) 3)
   (ArrayIndexExpr
    (ArrayType (ArrayType (BoolType) 3) 3)
    (ArrayLoopExpr
     (ArrayType (ArrayType (ArrayType (BoolType) 3) 3) 1)
     o
     (IfExpr
      (IntType)
      (TrueExpr (BoolType))
      (VarExpr (IntType) argnum)
      (VarExpr (IntType) argnum))
     (ArrayLoopExpr
      (ArrayType (ArrayType (BoolType) 3) 3)
      p
      (VarExpr (IntType) l)
      q
      (VarExpr (IntType) k)
      r
      (VarExpr (IntType) o)
      (VarExpr (ArrayType (BoolType) 3) a)))
    (VarExpr (IntType) b))
   (VarExpr (IntType) f)
   (VarExpr (IntType) f)
   (IntExpr (IntType) 560))))
(LetCmd
 (ArgLValue (ArrayArgument s t u))
 (TupleIndexExpr
  (ArrayType (ArrayType (BoolType) 3) 2)
  (TupleLiteralExpr
   (TupleType (ArrayType (ArrayType (BoolType) 3) 2) (IntType))
   (TupleIndexExpr
    (ArrayType (ArrayType (BoolType) 3) 2)
    (TupleLiteralExpr
     (TupleType (ArrayType (ArrayType (BoolType) 3) 2))
     (ArrayLoopExpr
      (ArrayType (ArrayType (BoolType) 3) 2)
      s
      (VarExpr (IntType) r)
      t
      (VarExpr (IntType) r)
      (VarExpr (ArrayType (BoolType) 3) e)))
    0)
   (VarExpr (IntType) d))
  0))
