(WriteCmd
 (ArrayLoopExpr
  (ArrayType (TupleType (FloatType) (FloatType) (FloatType) (FloatType)) 2)
  a
  (ArrayIndexExpr
   (IntType)
   (IfExpr
    (ArrayType (IntType) 2)
    (FalseExpr (BoolType))
    (IfExpr
     (ArrayType (IntType) 2)
     (BinopExpr (BoolType) (FalseExpr (BoolType)) || (TrueExpr (BoolType)))
     (ArrayLoopExpr
      (ArrayType (IntType) 2)
      a
      (IntExpr (IntType) 57)
      b
      (VarExpr (IntType) argnum)
      (VarExpr (IntType) argnum))
     (ArrayLoopExpr
      (ArrayType (IntType) 2)
      a
      (IntExpr (IntType) 925)
      b
      (IntExpr (IntType) 267)
      (VarExpr (IntType) b)))
    (ArrayLoopExpr
     (ArrayType (IntType) 2)
     a
     (IfExpr
      (IntType)
      (FalseExpr (BoolType))
      (IntExpr (IntType) 448)
      (VarExpr (IntType) argnum))
     b
     (BinopExpr (IntType) (VarExpr (IntType) argnum) + (IntExpr (IntType) 373))
     (BinopExpr (IntType) (VarExpr (IntType) b) % (IntExpr (IntType) 140))))
   (TupleIndexExpr
    (IntType)
    (IfExpr
     (TupleType (IntType) (IntType) (IntType))
     (FalseExpr (BoolType))
     (TupleLiteralExpr
      (TupleType (IntType) (IntType) (IntType))
      (VarExpr (IntType) argnum)
      (VarExpr (IntType) argnum)
      (VarExpr (IntType) argnum))
     (TupleLiteralExpr
      (TupleType (IntType) (IntType) (IntType))
      (VarExpr (IntType) argnum)
      (VarExpr (IntType) argnum)
      (VarExpr (IntType) argnum)))
    1)
   (IntExpr (IntType) 128))
  b
  (IfExpr
   (IntType)
   (BinopExpr
    (BoolType)
    (TupleIndexExpr
     (FloatType)
     (TupleLiteralExpr (TupleType (FloatType)) (FloatExpr (FloatType) 40))
     0)
    ==
    (FloatExpr (FloatType) 89))
   (BinopExpr (IntType) (IntExpr (IntType) 167) + (IntExpr (IntType) 573))
   (SumLoopExpr
    (IntType)
    a
    (ArrayIndexExpr
     (IntType)
     (VarExpr (ArrayType (IntType) 1) args)
     (IntExpr (IntType) 187))
    b
    (VarExpr (IntType) argnum)
    c
    (ArrayIndexExpr
     (IntType)
     (ArrayLoopExpr
      (ArrayType (IntType) 3)
      a
      (IntExpr (IntType) 280)
      b
      (IntExpr (IntType) 826)
      c
      (VarExpr (IntType) argnum)
      (VarExpr (IntType) b))
     (IntExpr (IntType) 146)
     (VarExpr (IntType) argnum)
     (UnopExpr (IntType) - (VarExpr (IntType) argnum)))
    (UnopExpr (IntType) - (VarExpr (IntType) b))))
  (TupleLiteralExpr
   (TupleType (FloatType) (FloatType) (FloatType) (FloatType))
   (BinopExpr
    (FloatType)
    (FloatExpr (FloatType) 0)
    -
    (UnopExpr (FloatType) - (FloatExpr (FloatType) 42)))
   (IfExpr
    (FloatType)
    (ArrayIndexExpr
     (BoolType)
     (ArrayLoopExpr
      (ArrayType (BoolType) 3)
      c
      (VarExpr (IntType) a)
      d
      (IntExpr (IntType) 231)
      e
      (IntExpr (IntType) 220)
      (FalseExpr (BoolType)))
     (IntExpr (IntType) 214)
     (VarExpr (IntType) a)
     (VarExpr (IntType) a))
    (IfExpr
     (FloatType)
     (BinopExpr (BoolType) (VarExpr (IntType) b) >= (VarExpr (IntType) argnum))
     (FloatExpr (FloatType) 32)
     (FloatExpr (FloatType) 55))
    (ArrayIndexExpr
     (FloatType)
     (ArrayLoopExpr
      (ArrayType (FloatType) 1)
      c
      (IntExpr (IntType) 704)
      (FloatExpr (FloatType) 73))
     (VarExpr (IntType) b)))
   (BinopExpr
    (FloatType)
    (IfExpr
     (FloatType)
     (TrueExpr (BoolType))
     (FloatExpr (FloatType) 45)
     (SumLoopExpr
      (FloatType)
      c
      (VarExpr (IntType) argnum)
      (FloatExpr (FloatType) 7)))
    +
    (BinopExpr
     (FloatType)
     (BinopExpr
      (FloatType)
      (FloatExpr (FloatType) 1)
      *
      (FloatExpr (FloatType) 38))
     *
     (SumLoopExpr
      (FloatType)
      c
      (VarExpr (IntType) b)
      d
      (VarExpr (IntType) a)
      (FloatExpr (FloatType) 1))))
   (ArrayIndexExpr
    (FloatType)
    (ArrayLoopExpr
     (ArrayType (FloatType) 2)
     c
     (SumLoopExpr
      (IntType)
      c
      (IntExpr (IntType) 830)
      d
      (VarExpr (IntType) argnum)
      (VarExpr (IntType) a))
     d
     (IntExpr (IntType) 862)
     (UnopExpr (FloatType) - (FloatExpr (FloatType) 30)))
    (ArrayIndexExpr
     (IntType)
     (ArrayLoopExpr
      (ArrayType (IntType) 3)
      c
      (IntExpr (IntType) 986)
      d
      (IntExpr (IntType) 678)
      e
      (VarExpr (IntType) a)
      (IntExpr (IntType) 268))
     (UnopExpr (IntType) - (IntExpr (IntType) 619))
     (IfExpr
      (IntType)
      (TrueExpr (BoolType))
      (VarExpr (IntType) argnum)
      (IntExpr (IntType) 444))
     (IntExpr (IntType) 412))
    (SumLoopExpr
     (IntType)
     c
     (VarExpr (IntType) b)
     (SumLoopExpr (IntType) d (VarExpr (IntType) argnum) (VarExpr (IntType) b))))))
 "a.png")
(LetCmd
 (ArgLValue (ArrayArgument a b c))
 (ArrayLoopExpr
  (ArrayType (IntType) 2)
  a
  (BinopExpr
   (IntType)
   (IntExpr (IntType) 348)
   /
   (UnopExpr
    (IntType)
    -
    (SumLoopExpr
     (IntType)
     a
     (SumLoopExpr
      (IntType)
      a
      (VarExpr (IntType) argnum)
      b
      (IntExpr (IntType) 913)
      (VarExpr (IntType) b))
     b
     (VarExpr (IntType) argnum)
     c
     (VarExpr (IntType) argnum)
     (UnopExpr (IntType) - (VarExpr (IntType) c)))))
  b
  (VarExpr (IntType) argnum)
  (ArrayIndexExpr
   (IntType)
   (TupleIndexExpr
    (ArrayType (IntType) 1)
    (TupleLiteralExpr
     (TupleType (ArrayType (IntType) 1) (IntType))
     (VarExpr (ArrayType (IntType) 1) args)
     (VarExpr (IntType) argnum))
    0)
   (SumLoopExpr
    (IntType)
    c
    (TupleIndexExpr
     (IntType)
     (TupleLiteralExpr
      (TupleType (IntType) (FloatType) (IntType))
      (VarExpr (IntType) argnum)
      (FloatExpr (FloatType) 83)
      (VarExpr (IntType) a))
     2)
    d
    (VarExpr (IntType) argnum)
    (VarExpr (IntType) d)))))
(LetCmd
 (ArgLValue (VarArgument d))
 (ArrayLiteralExpr
  (ArrayType (ArrayType (IntType) 2) 1)
  (VarExpr (ArrayType (IntType) 2) a)))
(TimeCmd
 (LetCmd
  (ArgLValue (ArrayArgument e f))
  (ArrayIndexExpr
   (ArrayType (IntType) 1)
   (ArrayIndexExpr
    (ArrayType (ArrayType (IntType) 1) 3)
    (ArrayLoopExpr
     (ArrayType (ArrayType (ArrayType (IntType) 1) 3) 1)
     e
     (IntExpr (IntType) 942)
     (ArrayLoopExpr
      (ArrayType (ArrayType (IntType) 1) 3)
      f
      (VarExpr (IntType) c)
      g
      (VarExpr (IntType) e)
      h
      (IntExpr (IntType) 425)
      (VarExpr (ArrayType (IntType) 1) args)))
    (IfExpr
     (IntType)
     (BinopExpr (BoolType) (IntExpr (IntType) 115) != (VarExpr (IntType) b))
     (UnopExpr (IntType) - (VarExpr (IntType) b))
     (IfExpr
      (IntType)
      (TrueExpr (BoolType))
      (VarExpr (IntType) b)
      (VarExpr (IntType) b))))
   (VarExpr (IntType) b)
   (SumLoopExpr
    (IntType)
    e
    (BinopExpr (IntType) (VarExpr (IntType) c) * (IntExpr (IntType) 634))
    f
    (IntExpr (IntType) 383)
    (VarExpr (IntType) f))
   (UnopExpr (IntType) - (VarExpr (IntType) c)))))
(LetCmd
 (ArgLValue (VarArgument g))
 (BinopExpr
  (FloatType)
  (ArrayIndexExpr
   (FloatType)
   (ArrayLoopExpr
    (ArrayType (FloatType) 1)
    g
    (IfExpr
     (IntType)
     (TrueExpr (BoolType))
     (UnopExpr (IntType) - (VarExpr (IntType) c))
     (BinopExpr (IntType) (VarExpr (IntType) c) / (VarExpr (IntType) f)))
    (BinopExpr
     (FloatType)
     (FloatExpr (FloatType) 3)
     -
     (BinopExpr
      (FloatType)
      (FloatExpr (FloatType) 15)
      +
      (FloatExpr (FloatType) 76))))
   (VarExpr (IntType) argnum))
  /
  (ArrayIndexExpr
   (FloatType)
   (ArrayIndexExpr
    (ArrayType (FloatType) 1)
    (ArrayLoopExpr
     (ArrayType (ArrayType (FloatType) 1) 1)
     g
     (UnopExpr (IntType) - (IntExpr (IntType) 844))
     (ArrayLiteralExpr (ArrayType (FloatType) 1) (FloatExpr (FloatType) 33)))
    (SumLoopExpr
     (IntType)
     g
     (VarExpr (IntType) b)
     h
     (VarExpr (IntType) c)
     i
     (VarExpr (IntType) b)
     (VarExpr (IntType) h)))
   (IntExpr (IntType) 229))))
(LetCmd
 (TupleLValue (ArgLValue (VarArgument h)) (ArgLValue (ArrayArgument i j k)))
 (TupleIndexExpr
  (TupleType (IntType) (ArrayType (IntType) 2))
  (IfExpr
   (TupleType (TupleType (IntType) (ArrayType (IntType) 2)))
   (TrueExpr (BoolType))
   (TupleLiteralExpr
    (TupleType (TupleType (IntType) (ArrayType (IntType) 2)))
    (TupleLiteralExpr
     (TupleType (IntType) (ArrayType (IntType) 2))
     (UnopExpr (IntType) - (VarExpr (IntType) f))
     (ArrayLoopExpr
      (ArrayType (IntType) 2)
      h
      (VarExpr (IntType) f)
      i
      (VarExpr (IntType) c)
      (VarExpr (IntType) b))))
   (TupleLiteralExpr
    (TupleType (TupleType (IntType) (ArrayType (IntType) 2)))
    (TupleLiteralExpr
     (TupleType (IntType) (ArrayType (IntType) 2))
     (VarExpr (IntType) c)
     (VarExpr (ArrayType (IntType) 2) a))))
  0))
(ShowCmd (VarExpr (ArrayType (IntType) 1) e))
(TimeCmd
 (LetCmd
  (ArgLValue (VarArgument l))
  (VarExpr (ArrayType (ArrayType (IntType) 2) 1) d)))
(LetCmd (ArgLValue (VarArgument m)) (VarExpr (IntType) f))
(LetCmd
 (TupleLValue (ArgLValue (VarArgument n)))
 (IfExpr
  (TupleType (BoolType))
  (BinopExpr
   (BoolType)
   (ArrayIndexExpr
    (BoolType)
    (ArrayLoopExpr
     (ArrayType (BoolType) 3)
     n
     (BinopExpr (IntType) (VarExpr (IntType) m) - (VarExpr (IntType) m))
     o
     (BinopExpr (IntType) (VarExpr (IntType) c) * (VarExpr (IntType) j))
     p
     (IntExpr (IntType) 48)
     (UnopExpr (BoolType) ! (TrueExpr (BoolType))))
    (IntExpr (IntType) 478)
    (VarExpr (IntType) f)
    (UnopExpr (IntType) - (VarExpr (IntType) c)))
   &&
   (BinopExpr
    (BoolType)
    (BinopExpr
     (FloatType)
     (FloatExpr (FloatType) 91)
     -
     (VarExpr (FloatType) g))
    <
    (FloatExpr (FloatType) 48)))
  (TupleLiteralExpr
   (TupleType (BoolType))
   (BinopExpr
    (BoolType)
    (TupleIndexExpr
     (BoolType)
     (TupleLiteralExpr
      (TupleType (IntType) (BoolType) (BoolType))
      (VarExpr (IntType) f)
      (TrueExpr (BoolType))
      (TrueExpr (BoolType)))
     2)
    ||
    (BinopExpr
     (BoolType)
     (BinopExpr
      (BoolType)
      (FloatExpr (FloatType) 29)
      ==
      (VarExpr (FloatType) g))
     &&
     (IfExpr
      (BoolType)
      (FalseExpr (BoolType))
      (FalseExpr (BoolType))
      (TrueExpr (BoolType))))))
  (ArrayIndexExpr
   (TupleType (BoolType))
   (IfExpr
    (ArrayType (TupleType (BoolType)) 3)
    (BinopExpr
     (BoolType)
     (BinopExpr
      (FloatType)
      (FloatExpr (FloatType) 21)
      -
      (FloatExpr (FloatType) 18))
     !=
     (VarExpr (FloatType) g))
    (ArrayLoopExpr
     (ArrayType (TupleType (BoolType)) 3)
     n
     (SumLoopExpr (IntType) n (VarExpr (IntType) f) (VarExpr (IntType) c))
     o
     (VarExpr (IntType) h)
     p
     (VarExpr (IntType) f)
     (TupleLiteralExpr (TupleType (BoolType)) (FalseExpr (BoolType))))
    (ArrayLoopExpr
     (ArrayType (TupleType (BoolType)) 3)
     n
     (VarExpr (IntType) k)
     o
     (VarExpr (IntType) argnum)
     p
     (ArrayIndexExpr
      (IntType)
      (VarExpr (ArrayType (IntType) 2) i)
      (VarExpr (IntType) h)
      (VarExpr (IntType) j))
     (TupleLiteralExpr (TupleType (BoolType)) (FalseExpr (BoolType)))))
   (VarExpr (IntType) k)
   (VarExpr (IntType) m)
   (BinopExpr
    (IntType)
    (ArrayIndexExpr
     (IntType)
     (IfExpr
      (ArrayType (IntType) 2)
      (FalseExpr (BoolType))
      (VarExpr (ArrayType (IntType) 2) a)
      (VarExpr (ArrayType (IntType) 2) a))
     (VarExpr (IntType) j)
     (SumLoopExpr (IntType) n (VarExpr (IntType) h) (VarExpr (IntType) h)))
    /
    (VarExpr (IntType) f)))))
(LetCmd
 (ArgLValue (ArrayArgument o p q r))
 (IfExpr
  (ArrayType (IntType) 3)
  (BinopExpr
   (BoolType)
   (SumLoopExpr
    (IntType)
    o
    (SumLoopExpr
     (IntType)
     o
     (VarExpr (IntType) c)
     p
     (BinopExpr (IntType) (VarExpr (IntType) j) - (VarExpr (IntType) c))
     q
     (VarExpr (IntType) k)
     (VarExpr (IntType) argnum))
    p
    (VarExpr (IntType) c)
    (VarExpr (IntType) f))
   !=
   (VarExpr (IntType) h))
  (ArrayIndexExpr
   (ArrayType (IntType) 3)
   (ArrayLoopExpr
    (ArrayType (ArrayType (IntType) 3) 3)
    o
    (ArrayIndexExpr
     (IntType)
     (ArrayIndexExpr
      (ArrayType (IntType) 2)
      (VarExpr (ArrayType (ArrayType (IntType) 2) 1) d)
      (VarExpr (IntType) j))
     (VarExpr (IntType) b)
     (SumLoopExpr (IntType) o (IntExpr (IntType) 95) (IntExpr (IntType) 429)))
    p
    (VarExpr (IntType) f)
    q
    (IfExpr
     (IntType)
     (UnopExpr (BoolType) ! (TrueExpr (BoolType)))
     (IfExpr
      (IntType)
      (TrueExpr (BoolType))
      (VarExpr (IntType) argnum)
      (VarExpr (IntType) j))
     (VarExpr (IntType) h))
    (IfExpr
     (ArrayType (IntType) 3)
     (VarExpr (BoolType) n)
     (ArrayLoopExpr
      (ArrayType (IntType) 3)
      r
      (IntExpr (IntType) 851)
      s
      (VarExpr (IntType) m)
      t
      (VarExpr (IntType) k)
      (VarExpr (IntType) p))
     (ArrayLoopExpr
      (ArrayType (IntType) 3)
      r
      (VarExpr (IntType) c)
      s
      (VarExpr (IntType) b)
      t
      (VarExpr (IntType) argnum)
      (VarExpr (IntType) argnum))))
   (IfExpr
    (IntType)
    (BinopExpr
     (BoolType)
     (UnopExpr (BoolType) ! (FalseExpr (BoolType)))
     &&
     (BinopExpr (BoolType) (VarExpr (IntType) argnum) >= (VarExpr (IntType) b)))
    (VarExpr (IntType) f)
    (VarExpr (IntType) h))
   (VarExpr (IntType) c)
   (SumLoopExpr
    (IntType)
    o
    (VarExpr (IntType) k)
    p
    (TupleIndexExpr
     (IntType)
     (TupleLiteralExpr
      (TupleType (IntType) (IntType))
      (VarExpr (IntType) c)
      (VarExpr (IntType) f))
     1)
    (VarExpr (IntType) c)))
  (TupleIndexExpr
   (ArrayType (IntType) 3)
   (TupleLiteralExpr
    (TupleType (ArrayType (IntType) 3) (ArrayType (FloatType) 1) (BoolType))
    (IfExpr
     (ArrayType (IntType) 3)
     (UnopExpr (BoolType) ! (VarExpr (BoolType) n))
     (ArrayLoopExpr
      (ArrayType (IntType) 3)
      o
      (VarExpr (IntType) h)
      p
      (VarExpr (IntType) h)
      q
      (VarExpr (IntType) m)
      (VarExpr (IntType) m))
     (ArrayLoopExpr
      (ArrayType (IntType) 3)
      o
      (VarExpr (IntType) b)
      p
      (VarExpr (IntType) b)
      q
      (IntExpr (IntType) 290)
      (VarExpr (IntType) c)))
    (ArrayLiteralExpr (ArrayType (FloatType) 1) (FloatExpr (FloatType) 99))
    (VarExpr (BoolType) n))
   0)))
(LetCmd
 (ArgLValue (ArrayArgument s t u))
 (TupleIndexExpr
  (ArrayType (IntType) 2)
  (TupleLiteralExpr
   (TupleType (FloatType) (ArrayType (IntType) 2) (IntType))
   (SumLoopExpr
    (FloatType)
    s
    (SumLoopExpr
     (IntType)
     s
     (ArrayIndexExpr
      (IntType)
      (VarExpr (ArrayType (IntType) 1) e)
      (VarExpr (IntType) q))
     t
     (VarExpr (IntType) q)
     u
     (IntExpr (IntType) 689)
     (BinopExpr (IntType) (VarExpr (IntType) c) + (VarExpr (IntType) h)))
    (TupleIndexExpr
     (FloatType)
     (TupleLiteralExpr (TupleType (FloatType)) (VarExpr (FloatType) g))
     0))
   (VarExpr (ArrayType (IntType) 2) a)
   (VarExpr (IntType) q))
  1))
