(LetCmd (ArgLValue (VarArgument a)) (FloatExpr (FloatType) 81))
(ReadCmd "b.png" (VarArgument b))
(LetCmd (ArgLValue (VarArgument c)) (VarExpr (ArrayType (IntType) 1) args))
(LetCmd
 (ArgLValue (ArrayArgument d e f g))
 (TupleIndexExpr
  (ArrayType (IntType) 3)
  (TupleLiteralExpr
   (TupleType (ArrayType (IntType) 1) (ArrayType (IntType) 3))
   (VarExpr (ArrayType (IntType) 1) args)
   (ArrayLoopExpr
    (ArrayType (IntType) 3)
    d
    (BinopExpr
     (IntType)
     (ArrayIndexExpr
      (IntType)
      (VarExpr (ArrayType (IntType) 1) args)
      (IntExpr (IntType) 247))
     *
     (VarExpr (IntType) argnum))
    e
    (SumLoopExpr
     (IntType)
     d
     (UnopExpr (IntType) - (IntExpr (IntType) 564))
     e
     (ArrayIndexExpr
      (IntType)
      (VarExpr (ArrayType (IntType) 1) args)
      (VarExpr (IntType) argnum))
     (VarExpr (IntType) argnum))
    f
    (IntExpr (IntType) 743)
    (IntExpr (IntType) 89)))
  1))
(LetCmd
 (ArgLValue (VarArgument h))
 (UnopExpr
  (FloatType)
  -
  (BinopExpr
   (FloatType)
   (UnopExpr
    (FloatType)
    -
    (ArrayIndexExpr
     (FloatType)
     (ArrayLoopExpr
      (ArrayType (FloatType) 3)
      h
      (VarExpr (IntType) e)
      i
      (VarExpr (IntType) e)
      j
      (VarExpr (IntType) g)
      (VarExpr (FloatType) a))
     (SumLoopExpr
      (IntType)
      h
      (VarExpr (IntType) e)
      i
      (VarExpr (IntType) e)
      (IntExpr (IntType) 387))
     (VarExpr (IntType) f)
     (VarExpr (IntType) g)))
   %
   (SumLoopExpr
    (FloatType)
    h
    (SumLoopExpr
     (IntType)
     h
     (VarExpr (IntType) f)
     i
     (UnopExpr (IntType) - (VarExpr (IntType) g))
     j
     (BinopExpr (IntType) (VarExpr (IntType) g) + (IntExpr (IntType) 471))
     (IntExpr (IntType) 842))
    i
    (IfExpr
     (IntType)
     (UnopExpr (BoolType) ! (TrueExpr (BoolType)))
     (IntExpr (IntType) 661)
     (VarExpr (IntType) e))
    (SumLoopExpr
     (FloatType)
     j
     (VarExpr (IntType) e)
     k
     (VarExpr (IntType) g)
     l
     (VarExpr (IntType) g)
     (FloatExpr (FloatType) 61))))))
(LetCmd
 (TupleLValue
  (TupleLValue
   (TupleLValue
    (ArgLValue (ArrayArgument i j k l))
    (ArgLValue (VarArgument m))))
  (TupleLValue
   (TupleLValue
    (TupleLValue)
    (ArgLValue (ArrayArgument n o))
    (ArgLValue (VarArgument p)))
   (TupleLValue
    (TupleLValue
     (ArgLValue (ArrayArgument q r s))
     (ArgLValue (ArrayArgument t u v)))
    (ArgLValue (VarArgument w))
    (TupleLValue (ArgLValue (ArrayArgument x y z)) (ArgLValue (VarArgument A))))
   (TupleLValue
    (TupleLValue
     (ArgLValue (ArrayArgument B C D))
     (ArgLValue (ArrayArgument E F G H)))
    (ArgLValue (VarArgument I)))))
 (TupleLiteralExpr
  (TupleType
   (TupleType (TupleType (ArrayType (IntType) 3) (IntType)))
   (TupleType
    (TupleType (TupleType) (ArrayType (IntType) 1) (FloatType))
    (TupleType
     (TupleType
      (ArrayType (TupleType (FloatType) (FloatType) (FloatType) (FloatType)) 2)
      (ArrayType (TupleType (FloatType) (FloatType) (FloatType) (FloatType)) 2))
     (IntType)
     (TupleType (ArrayType (IntType) 2) (FloatType)))
    (TupleType
     (TupleType
      (ArrayType (ArrayType (IntType) 3) 2)
      (ArrayType (FloatType) 3))
     (BoolType))))
  (TupleIndexExpr
   (TupleType (TupleType (ArrayType (IntType) 3) (IntType)))
   (TupleLiteralExpr
    (TupleType
     (IntType)
     (TupleType (TupleType (ArrayType (IntType) 3) (IntType))))
    (VarExpr (IntType) g)
    (TupleLiteralExpr
     (TupleType (TupleType (ArrayType (IntType) 3) (IntType)))
     (TupleLiteralExpr
      (TupleType (ArrayType (IntType) 3) (IntType))
      (VarExpr (ArrayType (IntType) 3) d)
      (IntExpr (IntType) 510))))
   1)
  (TupleLiteralExpr
   (TupleType
    (TupleType (TupleType) (ArrayType (IntType) 1) (FloatType))
    (TupleType
     (TupleType
      (ArrayType (TupleType (FloatType) (FloatType) (FloatType) (FloatType)) 2)
      (ArrayType (TupleType (FloatType) (FloatType) (FloatType) (FloatType)) 2))
     (IntType)
     (TupleType (ArrayType (IntType) 2) (FloatType)))
    (TupleType
     (TupleType
      (ArrayType (ArrayType (IntType) 3) 2)
      (ArrayType (FloatType) 3))
     (BoolType)))
   (ArrayIndexExpr
    (TupleType (TupleType) (ArrayType (IntType) 1) (FloatType))
    (ArrayLoopExpr
     (ArrayType (TupleType (TupleType) (ArrayType (IntType) 1) (FloatType)) 2)
     i
     (VarExpr (IntType) g)
     j
     (VarExpr (IntType) g)
     (TupleLiteralExpr
      (TupleType (TupleType) (ArrayType (IntType) 1) (FloatType))
      (TupleLiteralExpr (TupleType))
      (VarExpr (ArrayType (IntType) 1) c)
      (VarExpr (FloatType) h)))
    (SumLoopExpr
     (IntType)
     i
     (VarExpr (IntType) f)
     j
     (UnopExpr (IntType) - (VarExpr (IntType) e))
     (BinopExpr (IntType) (VarExpr (IntType) f) % (VarExpr (IntType) g)))
    (VarExpr (IntType) g))
   (TupleLiteralExpr
    (TupleType
     (TupleType
      (ArrayType (TupleType (FloatType) (FloatType) (FloatType) (FloatType)) 2)
      (ArrayType (TupleType (FloatType) (FloatType) (FloatType) (FloatType)) 2))
     (IntType)
     (TupleType (ArrayType (IntType) 2) (FloatType)))
    (TupleLiteralExpr
     (TupleType
      (ArrayType (TupleType (FloatType) (FloatType) (FloatType) (FloatType)) 2)
      (ArrayType (TupleType (FloatType) (FloatType) (FloatType) (FloatType)) 2))
     (VarExpr
      (ArrayType (TupleType (FloatType) (FloatType) (FloatType) (FloatType)) 2)
      b)
     (IfExpr
      (ArrayType (TupleType (FloatType) (FloatType) (FloatType) (FloatType)) 2)
      (FalseExpr (BoolType))
      (VarExpr
       (ArrayType
        (TupleType (FloatType) (FloatType) (FloatType) (FloatType))
        2)
       b)
      (VarExpr
       (ArrayType
        (TupleType (FloatType) (FloatType) (FloatType) (FloatType))
        2)
       b)))
    (TupleIndexExpr
     (IntType)
     (TupleLiteralExpr
      (TupleType (IntType) (IntType))
      (VarExpr (IntType) g)
      (VarExpr (IntType) e))
     0)
    (TupleLiteralExpr
     (TupleType (ArrayType (IntType) 2) (FloatType))
     (ArrayLoopExpr
      (ArrayType (IntType) 2)
      i
      (VarExpr (IntType) argnum)
      j
      (VarExpr (IntType) argnum)
      (VarExpr (IntType) g))
     (VarExpr (FloatType) h)))
   (TupleLiteralExpr
    (TupleType
     (TupleType
      (ArrayType (ArrayType (IntType) 3) 2)
      (ArrayType (FloatType) 3))
     (BoolType))
    (TupleLiteralExpr
     (TupleType
      (ArrayType (ArrayType (IntType) 3) 2)
      (ArrayType (FloatType) 3))
     (ArrayLoopExpr
      (ArrayType (ArrayType (IntType) 3) 2)
      i
      (IntExpr (IntType) 626)
      j
      (IntExpr (IntType) 655)
      (VarExpr (ArrayType (IntType) 3) d))
     (ArrayLoopExpr
      (ArrayType (FloatType) 3)
      i
      (IntExpr (IntType) 610)
      j
      (VarExpr (IntType) f)
      k
      (VarExpr (IntType) argnum)
      (VarExpr (FloatType) h)))
    (BinopExpr
     (BoolType)
     (UnopExpr (IntType) - (VarExpr (IntType) g))
     <=
     (VarExpr (IntType) g))))))
(LetCmd
 (ArgLValue (ArrayArgument J K L M))
 (VarExpr (ArrayType (IntType) 3) i))
(PrintCmd "N")
(LetCmd
 (TupleLValue
  (TupleLValue)
  (TupleLValue
   (ArgLValue (ArrayArgument N O P Q))
   (ArgLValue (ArrayArgument R S T U))
   (ArgLValue (ArrayArgument V W)))
  (ArgLValue (ArrayArgument X Y Z)))
 (IfExpr
  (TupleType
   (TupleType)
   (TupleType
    (ArrayType (IntType) 3)
    (ArrayType (IntType) 3)
    (ArrayType (IntType) 1))
   (ArrayType (ArrayType (IntType) 3) 2))
  (BinopExpr
   (BoolType)
   (ArrayIndexExpr
    (FloatType)
    (IfExpr
     (ArrayType (FloatType) 1)
     (UnopExpr (BoolType) ! (VarExpr (BoolType) I))
     (ArrayLoopExpr
      (ArrayType (FloatType) 1)
      N
      (VarExpr (IntType) M)
      (VarExpr (FloatType) h))
     (ArrayLoopExpr
      (ArrayType (FloatType) 1)
      N
      (VarExpr (IntType) m)
      (VarExpr (FloatType) A)))
    (VarExpr (IntType) G))
   !=
   (SumLoopExpr
    (FloatType)
    N
    (VarExpr (IntType) w)
    (IfExpr
     (FloatType)
     (BinopExpr (BoolType) (VarExpr (BoolType) I) || (FalseExpr (BoolType)))
     (SumLoopExpr
      (FloatType)
      O
      (VarExpr (IntType) argnum)
      P
      (VarExpr (IntType) r)
      Q
      (VarExpr (IntType) f)
      (VarExpr (FloatType) A))
     (SumLoopExpr
      (FloatType)
      O
      (VarExpr (IntType) z)
      P
      (VarExpr (IntType) G)
      Q
      (VarExpr (IntType) G)
      (VarExpr (FloatType) h)))))
  (TupleLiteralExpr
   (TupleType
    (TupleType)
    (TupleType
     (ArrayType (IntType) 3)
     (ArrayType (IntType) 3)
     (ArrayType (IntType) 1))
    (ArrayType (ArrayType (IntType) 3) 2))
   (IfExpr
    (TupleType)
    (UnopExpr (BoolType) ! (VarExpr (BoolType) I))
    (TupleIndexExpr
     (TupleType)
     (TupleLiteralExpr
      (TupleType (IntType) (TupleType) (IntType))
      (VarExpr (IntType) m)
      (TupleLiteralExpr (TupleType))
      (VarExpr (IntType) o))
     1)
    (TupleIndexExpr
     (TupleType)
     (TupleLiteralExpr
      (TupleType
       (TupleType)
       (ArrayType
        (TupleType (FloatType) (FloatType) (FloatType) (FloatType))
        2)
       (ArrayType (IntType) 1))
      (TupleLiteralExpr (TupleType))
      (VarExpr
       (ArrayType
        (TupleType (FloatType) (FloatType) (FloatType) (FloatType))
        2)
       q)
      (VarExpr (ArrayType (IntType) 1) c))
     0))
   (ArrayIndexExpr
    (TupleType
     (ArrayType (IntType) 3)
     (ArrayType (IntType) 3)
     (ArrayType (IntType) 1))
    (ArrayLiteralExpr
     (ArrayType
      (TupleType
       (ArrayType (IntType) 3)
       (ArrayType (IntType) 3)
       (ArrayType (IntType) 1))
      1)
     (TupleLiteralExpr
      (TupleType
       (ArrayType (IntType) 3)
       (ArrayType (IntType) 3)
       (ArrayType (IntType) 1))
      (VarExpr (ArrayType (IntType) 3) d)
      (VarExpr (ArrayType (IntType) 3) J)
      (VarExpr (ArrayType (IntType) 1) c))
     (TupleLiteralExpr
      (TupleType
       (ArrayType (IntType) 3)
       (ArrayType (IntType) 3)
       (ArrayType (IntType) 1))
      (VarExpr (ArrayType (IntType) 3) d)
      (VarExpr (ArrayType (IntType) 3) d)
      (VarExpr (ArrayType (IntType) 1) args))
     (TupleLiteralExpr
      (TupleType
       (ArrayType (IntType) 3)
       (ArrayType (IntType) 3)
       (ArrayType (IntType) 1))
      (VarExpr (ArrayType (IntType) 3) d)
      (VarExpr (ArrayType (IntType) 3) J)
      (VarExpr (ArrayType (IntType) 1) c)))
    (VarExpr (IntType) v))
   (ArrayIndexExpr
    (ArrayType (ArrayType (IntType) 3) 2)
    (ArrayLoopExpr
     (ArrayType (ArrayType (ArrayType (IntType) 3) 2) 3)
     N
     (VarExpr (IntType) u)
     O
     (VarExpr (IntType) u)
     P
     (VarExpr (IntType) o)
     (VarExpr (ArrayType (ArrayType (IntType) 3) 2) B))
    (VarExpr (IntType) G)
    (VarExpr (IntType) v)
    (VarExpr (IntType) j)))
  (TupleIndexExpr
   (TupleType
    (TupleType)
    (TupleType
     (ArrayType (IntType) 3)
     (ArrayType (IntType) 3)
     (ArrayType (IntType) 1))
    (ArrayType (ArrayType (IntType) 3) 2))
   (TupleLiteralExpr
    (TupleType
     (TupleType
      (TupleType)
      (TupleType
       (ArrayType (IntType) 3)
       (ArrayType (IntType) 3)
       (ArrayType (IntType) 1))
      (ArrayType (ArrayType (IntType) 3) 2)))
    (TupleLiteralExpr
     (TupleType
      (TupleType)
      (TupleType
       (ArrayType (IntType) 3)
       (ArrayType (IntType) 3)
       (ArrayType (IntType) 1))
      (ArrayType (ArrayType (IntType) 3) 2))
     (TupleLiteralExpr (TupleType))
     (TupleLiteralExpr
      (TupleType
       (ArrayType (IntType) 3)
       (ArrayType (IntType) 3)
       (ArrayType (IntType) 1))
      (VarExpr (ArrayType (IntType) 3) d)
      (VarExpr (ArrayType (IntType) 3) d)
      (VarExpr (ArrayType (IntType) 1) c))
     (VarExpr (ArrayType (ArrayType (IntType) 3) 2) B)))
   0)))
(LetCmd
 (TupleLValue
  (ArgLValue (VarArgument aa))
  (ArgLValue (VarArgument ab))
  (ArgLValue (ArrayArgument ac ad ae af)))
 (ArrayIndexExpr
  (TupleType (FloatType) (ArrayType (IntType) 3) (ArrayType (IntType) 3))
  (IfExpr
   (ArrayType
    (TupleType (FloatType) (ArrayType (IntType) 3) (ArrayType (IntType) 3))
    1)
   (TrueExpr (BoolType))
   (ArrayLoopExpr
    (ArrayType
     (TupleType (FloatType) (ArrayType (IntType) 3) (ArrayType (IntType) 3))
     1)
    aa
    (IfExpr
     (IntType)
     (BinopExpr (BoolType) (VarExpr (IntType) v) < (IntExpr (IntType) 778))
     (VarExpr (IntType) v)
     (UnopExpr (IntType) - (VarExpr (IntType) H)))
    (IfExpr
     (TupleType (FloatType) (ArrayType (IntType) 3) (ArrayType (IntType) 3))
     (VarExpr (BoolType) I)
     (TupleLiteralExpr
      (TupleType (FloatType) (ArrayType (IntType) 3) (ArrayType (IntType) 3))
      (VarExpr (FloatType) h)
      (VarExpr (ArrayType (IntType) 3) i)
      (VarExpr (ArrayType (IntType) 3) d))
     (TupleLiteralExpr
      (TupleType (FloatType) (ArrayType (IntType) 3) (ArrayType (IntType) 3))
      (VarExpr (FloatType) p)
      (VarExpr (ArrayType (IntType) 3) J)
      (VarExpr (ArrayType (IntType) 3) J))))
   (ArrayLiteralExpr
    (ArrayType
     (TupleType (FloatType) (ArrayType (IntType) 3) (ArrayType (IntType) 3))
     1)
    (IfExpr
     (TupleType (FloatType) (ArrayType (IntType) 3) (ArrayType (IntType) 3))
     (FalseExpr (BoolType))
     (TupleLiteralExpr
      (TupleType (FloatType) (ArrayType (IntType) 3) (ArrayType (IntType) 3))
      (VarExpr (FloatType) h)
      (VarExpr (ArrayType (IntType) 3) d)
      (VarExpr (ArrayType (IntType) 3) d))
     (TupleLiteralExpr
      (TupleType (FloatType) (ArrayType (IntType) 3) (ArrayType (IntType) 3))
      (VarExpr (FloatType) p)
      (VarExpr (ArrayType (IntType) 3) i)
      (VarExpr (ArrayType (IntType) 3) i)))
    (IfExpr
     (TupleType (FloatType) (ArrayType (IntType) 3) (ArrayType (IntType) 3))
     (BinopExpr (BoolType) (VarExpr (BoolType) I) != (VarExpr (BoolType) I))
     (TupleLiteralExpr
      (TupleType (FloatType) (ArrayType (IntType) 3) (ArrayType (IntType) 3))
      (VarExpr (FloatType) p)
      (VarExpr (ArrayType (IntType) 3) R)
      (VarExpr (ArrayType (IntType) 3) N))
     (TupleLiteralExpr
      (TupleType (FloatType) (ArrayType (IntType) 3) (ArrayType (IntType) 3))
      (VarExpr (FloatType) h)
      (VarExpr (ArrayType (IntType) 3) N)
      (VarExpr (ArrayType (IntType) 3) R)))))
  (VarExpr (IntType) G)))
(LetCmd
 (TupleLValue (TupleLValue) (ArgLValue (VarArgument ag)))
 (IfExpr
  (TupleType (TupleType) (IntType))
  (BinopExpr (BoolType) (VarExpr (IntType) r) != (VarExpr (IntType) s))
  (ArrayIndexExpr
   (TupleType (TupleType) (IntType))
   (ArrayLoopExpr
    (ArrayType (TupleType (TupleType) (IntType)) 3)
    ag
    (SumLoopExpr (IntType) ag (VarExpr (IntType) g) (VarExpr (IntType) g))
    ah
    (VarExpr (IntType) S)
    ai
    (VarExpr (IntType) K)
    (TupleLiteralExpr
     (TupleType (TupleType) (IntType))
     (TupleLiteralExpr (TupleType))
     (VarExpr (IntType) ad)))
   (VarExpr (IntType) U)
   (VarExpr (IntType) z)
   (VarExpr (IntType) argnum))
  (IfExpr
   (TupleType (TupleType) (IntType))
   (BinopExpr
    (BoolType)
    (TupleIndexExpr
     (BoolType)
     (TupleLiteralExpr
      (TupleType
       (BoolType)
       (ArrayType
        (TupleType (FloatType) (FloatType) (FloatType) (FloatType))
        2)
       (IntType))
      (VarExpr (BoolType) I)
      (VarExpr
       (ArrayType
        (TupleType (FloatType) (FloatType) (FloatType) (FloatType))
        2)
       q)
      (VarExpr (IntType) P))
     0)
    &&
    (IfExpr
     (BoolType)
     (BinopExpr (BoolType) (VarExpr (IntType) u) < (VarExpr (IntType) Y))
     (TrueExpr (BoolType))
     (BinopExpr (BoolType) (VarExpr (BoolType) I) != (TrueExpr (BoolType)))))
   (TupleLiteralExpr
    (TupleType (TupleType) (IntType))
    (ArrayIndexExpr
     (TupleType)
     (ArrayLoopExpr
      (ArrayType (TupleType) 2)
      ag
      (VarExpr (IntType) C)
      ah
      (VarExpr (IntType) W)
      (TupleLiteralExpr (TupleType)))
     (VarExpr (IntType) m)
     (VarExpr (IntType) r))
    (VarExpr (IntType) L))
   (TupleLiteralExpr
    (TupleType (TupleType) (IntType))
    (ArrayIndexExpr
     (TupleType)
     (ArrayLoopExpr
      (ArrayType (TupleType) 1)
      ag
      (VarExpr (IntType) o)
      (TupleLiteralExpr (TupleType)))
     (BinopExpr (IntType) (VarExpr (IntType) H) + (VarExpr (IntType) K)))
    (VarExpr (IntType) G)))))
(LetCmd
 (ArgLValue (ArrayArgument ah ai aj ak))
 (VarExpr (ArrayType (FloatType) 3) E))
