(LetCmd
 (TupleLValue
  (TupleLValue (ArgLValue (VarArgument (ArrayType (IntType) 1) a)))
  (ArgLValue (ArrayArgument b c)))
 (TupleLiteralExpr
  (TupleType (TupleType (ArrayType (IntType) 1)) (ArrayType (IntType) 1))
  (TupleIndexExpr
   (TupleType (ArrayType (IntType) 1))
   (TupleLiteralExpr
    (TupleType
     (FloatType)
     (ArrayType (IntType) 1)
     (TupleType (ArrayType (IntType) 1)))
    (CallExpr (FloatType) sqrt (FloatExpr (FloatType) 76))
    (VarExpr (ArrayType (IntType) 1) args)
    (IfExpr
     (TupleType (ArrayType (IntType) 1))
     (UnopExpr (BoolType) ! (FalseExpr (BoolType)))
     (TupleLiteralExpr
      (TupleType (ArrayType (IntType) 1))
      (VarExpr (ArrayType (IntType) 1) args))
     (TupleLiteralExpr
      (TupleType (ArrayType (IntType) 1))
      (VarExpr (ArrayType (IntType) 1) args))))
   2)
  (TupleIndexExpr
   (ArrayType (IntType) 1)
   (TupleIndexExpr
    (TupleType (FloatType) (ArrayType (IntType) 1))
    (TupleLiteralExpr
     (TupleType
      (TupleType (FloatType) (ArrayType (IntType) 1))
      (FloatType)
      (ArrayType (ArrayType (IntType) 1) 1))
     (TupleLiteralExpr
      (TupleType (FloatType) (ArrayType (IntType) 1))
      (FloatExpr (FloatType) 30)
      (VarExpr (ArrayType (IntType) 1) args))
     (CallExpr (FloatType) to_float (IntExpr (IntType) 46))
     (ArrayLiteralExpr
      (ArrayType (ArrayType (IntType) 1) 1)
      (VarExpr (ArrayType (IntType) 1) args)))
    0)
   1)))
(LetCmd
 (ArgLValue (ArrayArgument d e f g))
 (TupleIndexExpr
  (ArrayType (IntType) 3)
  (TupleLiteralExpr
   (TupleType (ArrayType (IntType) 3))
   (IfExpr
    (ArrayType (IntType) 3)
    (FalseExpr (BoolType))
    (ArrayLoopExpr
     (ArrayType (IntType) 3)
     d
     (IntExpr (IntType) 565)
     e
     (IntExpr (IntType) 160)
     f
     (BinopExpr (IntType) (VarExpr (IntType) c) * (IntExpr (IntType) 497))
     (VarExpr (IntType) e))
    (ArrayLoopExpr
     (ArrayType (IntType) 3)
     d
     (BinopExpr (IntType) (IntExpr (IntType) 868) - (IntExpr (IntType) 170))
     e
     (BinopExpr (IntType) (VarExpr (IntType) argnum) % (IntExpr (IntType) 795))
     f
     (UnopExpr (IntType) - (VarExpr (IntType) c))
     (VarExpr (IntType) f))))
  0))
(LetCmd
 (TupleLValue)
 (TupleIndexExpr
  (TupleType)
  (ArrayIndexExpr
   (TupleType (TupleType))
   (ArrayLoopExpr
    (ArrayType (TupleType (TupleType)) 2)
    h
    (VarExpr (IntType) argnum)
    i
    (CallExpr (IntType) to_int (FloatExpr (FloatType) 91))
    (IfExpr
     (TupleType (TupleType))
     (TrueExpr (BoolType))
     (TupleLiteralExpr (TupleType (TupleType)) (TupleLiteralExpr (TupleType)))
     (TupleLiteralExpr (TupleType (TupleType)) (TupleLiteralExpr (TupleType)))))
   (BinopExpr
    (IntType)
    (TupleIndexExpr
     (IntType)
     (TupleLiteralExpr
      (TupleType (ArrayType (IntType) 1) (ArrayType (IntType) 1) (IntType))
      (VarExpr (ArrayType (IntType) 1) args)
      (VarExpr (ArrayType (IntType) 1) args)
      (VarExpr (IntType) c))
     2)
    %
    (IntExpr (IntType) 812))
   (IfExpr
    (IntType)
    (IfExpr
     (BoolType)
     (IfExpr
      (BoolType)
      (TrueExpr (BoolType))
      (TrueExpr (BoolType))
      (FalseExpr (BoolType)))
     (TrueExpr (BoolType))
     (BinopExpr (BoolType) (VarExpr (IntType) c) > (IntExpr (IntType) 862)))
    (VarExpr (IntType) argnum)
    (VarExpr (IntType) f)))
  0))
(PrintCmd "h")
(ShowCmd
 (CallExpr
  (FloatType)
  acos
  (IfExpr
   (FloatType)
   (ArrayIndexExpr
    (BoolType)
    (ArrayLoopExpr
     (ArrayType (BoolType) 2)
     h
     (BinopExpr (IntType) (IntExpr (IntType) 89) / (VarExpr (IntType) c))
     i
     (UnopExpr (IntType) - (VarExpr (IntType) e))
     (BinopExpr (BoolType) (VarExpr (IntType) h) > (VarExpr (IntType) i)))
    (BinopExpr
     (IntType)
     (BinopExpr (IntType) (VarExpr (IntType) e) / (VarExpr (IntType) f))
     *
     (IntExpr (IntType) 233))
    (VarExpr (IntType) e))
   (CallExpr
    (FloatType)
    atan2
    (BinopExpr
     (FloatType)
     (CallExpr (FloatType) acos (FloatExpr (FloatType) 10))
     %
     (CallExpr (FloatType) exp (FloatExpr (FloatType) 20)))
    (CallExpr
     (FloatType)
     log
     (CallExpr (FloatType) to_float (VarExpr (IntType) argnum))))
   (CallExpr
    (FloatType)
    pow
    (CallExpr (FloatType) to_float (VarExpr (IntType) f))
    (CallExpr
     (FloatType)
     cos
     (CallExpr (FloatType) to_float (VarExpr (IntType) c)))))))
(LetCmd
 (TupleLValue
  (ArgLValue (VarArgument (ArrayType (IntType) 3) h))
  (ArgLValue (VarArgument (BoolType) i))
  (ArgLValue (VarArgument (IntType) j)))
 (TupleIndexExpr
  (TupleType (ArrayType (IntType) 3) (BoolType) (IntType))
  (TupleLiteralExpr
   (TupleType (TupleType (ArrayType (IntType) 3) (BoolType) (IntType)))
   (ArrayIndexExpr
    (TupleType (ArrayType (IntType) 3) (BoolType) (IntType))
    (ArrayLoopExpr
     (ArrayType (TupleType (ArrayType (IntType) 3) (BoolType) (IntType)) 2)
     h
     (VarExpr (IntType) f)
     i
     (VarExpr (IntType) argnum)
     (TupleLiteralExpr
      (TupleType (ArrayType (IntType) 3) (BoolType) (IntType))
      (VarExpr (ArrayType (IntType) 3) d)
      (FalseExpr (BoolType))
      (VarExpr (IntType) argnum)))
    (ArrayIndexExpr
     (IntType)
     (ArrayLiteralExpr (ArrayType (IntType) 1) (VarExpr (IntType) g))
     (VarExpr (IntType) g))
    (CallExpr (IntType) to_int (FloatExpr (FloatType) 12))))
  0))
(LetCmd
 (ArgLValue (VarArgument (FloatType) k))
 (CallExpr
  (FloatType)
  tan
  (CallExpr
   (FloatType)
   atan2
   (ArrayIndexExpr
    (FloatType)
    (ArrayLoopExpr
     (ArrayType (FloatType) 1)
     k
     (BinopExpr (IntType) (VarExpr (IntType) j) + (VarExpr (IntType) j))
     (CallExpr (FloatType) cos (FloatExpr (FloatType) 52)))
    (IntExpr (IntType) 904))
   (FloatExpr (FloatType) 48))))
(LetCmd
 (TupleLValue (TupleLValue))
 (TupleIndexExpr
  (TupleType (TupleType))
  (TupleLiteralExpr
   (TupleType (TupleType (TupleType)) (BoolType) (BoolType))
   (TupleLiteralExpr
    (TupleType (TupleType))
    (ArrayIndexExpr
     (TupleType)
     (ArrayLoopExpr
      (ArrayType (TupleType) 1)
      l
      (VarExpr (IntType) j)
      (TupleLiteralExpr (TupleType)))
     (UnopExpr (IntType) - (VarExpr (IntType) argnum))))
   (BinopExpr (BoolType) (VarExpr (IntType) argnum) >= (IntExpr (IntType) 172))
   (TupleIndexExpr
    (BoolType)
    (TupleLiteralExpr
     (TupleType (BoolType) (IntType) (IntType))
     (VarExpr (BoolType) i)
     (VarExpr (IntType) j)
     (SumLoopExpr
      (IntType)
      l
      (IntExpr (IntType) 919)
      m
      (VarExpr (IntType) g)
      n
      (VarExpr (IntType) argnum)
      (VarExpr (IntType) n)))
    0))
  0))
(ShowCmd
 (CallExpr
  (FloatType)
  log
  (CallExpr
   (FloatType)
   acos
   (IfExpr
    (FloatType)
    (BinopExpr
     (BoolType)
     (TrueExpr (BoolType))
     ||
     (BinopExpr
      (BoolType)
      (VarExpr (IntType) argnum)
      >
      (IntExpr (IntType) 509)))
    (CallExpr
     (FloatType)
     exp
     (SumLoopExpr
      (FloatType)
      l
      (VarExpr (IntType) e)
      m
      (VarExpr (IntType) argnum)
      (FloatExpr (FloatType) 47)))
    (IfExpr
     (FloatType)
     (VarExpr (BoolType) i)
     (VarExpr (FloatType) k)
     (CallExpr (FloatType) sin (VarExpr (FloatType) k)))))))
(LetCmd
 (ArgLValue (VarArgument (IntType) l))
 (SumLoopExpr
  (IntType)
  l
  (TupleIndexExpr
   (IntType)
   (IfExpr
    (TupleType (IntType))
    (ArrayIndexExpr
     (BoolType)
     (ArrayLoopExpr
      (ArrayType (BoolType) 2)
      l
      (VarExpr (IntType) g)
      m
      (VarExpr (IntType) g)
      (TrueExpr (BoolType)))
     (UnopExpr (IntType) - (VarExpr (IntType) e))
     (VarExpr (IntType) e))
    (TupleLiteralExpr
     (TupleType (IntType))
     (SumLoopExpr (IntType) l (IntExpr (IntType) 718) (VarExpr (IntType) g)))
    (IfExpr
     (TupleType (IntType))
     (UnopExpr (BoolType) ! (FalseExpr (BoolType)))
     (TupleLiteralExpr (TupleType (IntType)) (VarExpr (IntType) c))
     (TupleLiteralExpr (TupleType (IntType)) (VarExpr (IntType) f))))
   0)
  m
  (UnopExpr
   (IntType)
   -
   (UnopExpr
    (IntType)
    -
    (ArrayIndexExpr
     (IntType)
     (VarExpr (ArrayType (IntType) 1) args)
     (VarExpr (IntType) f))))
  n
  (BinopExpr (IntType) (VarExpr (IntType) e) * (VarExpr (IntType) f))
  (TupleIndexExpr
   (IntType)
   (TupleLiteralExpr
    (TupleType (ArrayType (IntType) 1) (IntType))
    (VarExpr (ArrayType (IntType) 1) a)
    (ArrayIndexExpr
     (IntType)
     (ArrayLoopExpr
      (ArrayType (IntType) 2)
      o
      (VarExpr (IntType) j)
      p
      (VarExpr (IntType) j)
      (VarExpr (IntType) p))
     (BinopExpr (IntType) (VarExpr (IntType) argnum) + (IntExpr (IntType) 47))
     (IntExpr (IntType) 193)))
   1)))
(LetCmd
 (ArgLValue (ArrayArgument m n o))
 (ArrayIndexExpr
  (ArrayType (IntType) 2)
  (TupleIndexExpr
   (ArrayType (ArrayType (IntType) 2) 2)
   (TupleLiteralExpr
    (TupleType (ArrayType (ArrayType (IntType) 2) 2) (FloatType))
    (ArrayLoopExpr
     (ArrayType (ArrayType (IntType) 2) 2)
     m
     (VarExpr (IntType) argnum)
     n
     (BinopExpr (IntType) (VarExpr (IntType) g) * (VarExpr (IntType) c))
     (ArrayLoopExpr
      (ArrayType (IntType) 2)
      o
      (IntExpr (IntType) 716)
      p
      (VarExpr (IntType) n)
      (VarExpr (IntType) c)))
    (CallExpr
     (FloatType)
     pow
     (CallExpr (FloatType) sqrt (FloatExpr (FloatType) 26))
     (CallExpr (FloatType) to_float (VarExpr (IntType) l))))
   0)
  (SumLoopExpr (IntType) m (VarExpr (IntType) e) (VarExpr (IntType) m))
  (UnopExpr
   (IntType)
   -
   (CallExpr
    (IntType)
    to_int
    (IfExpr
     (FloatType)
     (UnopExpr (BoolType) ! (VarExpr (BoolType) i))
     (CallExpr (FloatType) exp (VarExpr (FloatType) k))
     (CallExpr (FloatType) sin (VarExpr (FloatType) k)))))))
(ShowCmd
 (CallExpr
  (FloatType)
  tan
  (CallExpr
   (FloatType)
   sqrt
   (CallExpr
    (FloatType)
    asin
    (CallExpr (FloatType) to_float (VarExpr (IntType) o))))))
