(ReadCmd
 "a.png"
 (VarArgument
  (ArrayType (TupleType (FloatType) (FloatType) (FloatType) (FloatType)) 2)
  a))
(PrintCmd "b")
(LetCmd
 (TupleLValue
  (ArgLValue (ArrayArgument b c))
  (ArgLValue (VarArgument (IntType) d)))
 (IfExpr
  (TupleType (ArrayType (IntType) 1) (IntType))
  (TupleIndexExpr
   (BoolType)
   (TupleLiteralExpr
    (TupleType
     (TupleType)
     (ArrayType (TupleType (FloatType) (FloatType) (FloatType) (FloatType)) 2)
     (BoolType))
    (TupleLiteralExpr (TupleType))
    (IfExpr
     (ArrayType (TupleType (FloatType) (FloatType) (FloatType) (FloatType)) 2)
     (UnopExpr (BoolType) ! (TrueExpr (BoolType)))
     (VarExpr
      (ArrayType (TupleType (FloatType) (FloatType) (FloatType) (FloatType)) 2)
      a)
     (VarExpr
      (ArrayType (TupleType (FloatType) (FloatType) (FloatType) (FloatType)) 2)
      a))
    (BinopExpr
     (BoolType)
     (TrueExpr (BoolType))
     &&
     (BinopExpr (BoolType) (FalseExpr (BoolType)) == (FalseExpr (BoolType)))))
   2)
  (ArrayIndexExpr
   (TupleType (ArrayType (IntType) 1) (IntType))
   (ArrayLoopExpr
    (ArrayType (TupleType (ArrayType (IntType) 1) (IntType)) 3)
    b
    (ArrayIndexExpr
     (IntType)
     (ArrayLoopExpr
      (ArrayType (IntType) 1)
      b
      (VarExpr (IntType) argnum)
      (VarExpr (IntType) argnum))
     (VarExpr (IntType) argnum))
    c
    (UnopExpr (IntType) - (VarExpr (IntType) argnum))
    d
    (IntExpr (IntType) 284)
    (TupleLiteralExpr
     (TupleType (ArrayType (IntType) 1) (IntType))
     (ArrayLiteralExpr
      (ArrayType (IntType) 1)
      (VarExpr (IntType) c)
      (VarExpr (IntType) c))
     (VarExpr (IntType) b)))
   (CallExpr
    (IntType)
    to_int
    (CallExpr (FloatType) cos (FloatExpr (FloatType) 64)))
   (TupleIndexExpr
    (IntType)
    (TupleLiteralExpr
     (TupleType (IntType) (FloatType) (ArrayType (IntType) 3))
     (UnopExpr (IntType) - (VarExpr (IntType) argnum))
     (CallExpr (FloatType) exp (FloatExpr (FloatType) 88))
     (ArrayLoopExpr
      (ArrayType (IntType) 3)
      b
      (IntExpr (IntType) 310)
      c
      (IntExpr (IntType) 882)
      d
      (VarExpr (IntType) argnum)
      (IntExpr (IntType) 685)))
    0)
   (IntExpr (IntType) 730))
  (TupleLiteralExpr
   (TupleType (ArrayType (IntType) 1) (IntType))
   (IfExpr
    (ArrayType (IntType) 1)
    (IfExpr
     (BoolType)
     (FalseExpr (BoolType))
     (TrueExpr (BoolType))
     (BinopExpr
      (BoolType)
      (FloatExpr (FloatType) 73)
      <=
      (FloatExpr (FloatType) 67)))
    (ArrayIndexExpr
     (ArrayType (IntType) 1)
     (ArrayLoopExpr
      (ArrayType (ArrayType (IntType) 1) 2)
      b
      (IntExpr (IntType) 759)
      c
      (IntExpr (IntType) 836)
      (VarExpr (ArrayType (IntType) 1) args))
     (IntExpr (IntType) 581)
     (BinopExpr (IntType) (IntExpr (IntType) 480) % (IntExpr (IntType) 274)))
    (IfExpr
     (ArrayType (IntType) 1)
     (TrueExpr (BoolType))
     (VarExpr (ArrayType (IntType) 1) args)
     (VarExpr (ArrayType (IntType) 1) args)))
   (ArrayIndexExpr
    (IntType)
    (ArrayIndexExpr
     (ArrayType (IntType) 1)
     (ArrayLoopExpr
      (ArrayType (ArrayType (IntType) 1) 2)
      b
      (IntExpr (IntType) 557)
      c
      (IntExpr (IntType) 734)
      (VarExpr (ArrayType (IntType) 1) args))
     (VarExpr (IntType) argnum)
     (BinopExpr (IntType) (VarExpr (IntType) argnum) - (IntExpr (IntType) 843)))
    (IntExpr (IntType) 320)))))
(WriteCmd
 (ArrayLoopExpr
  (ArrayType (TupleType (FloatType) (FloatType) (FloatType) (FloatType)) 2)
  e
  (BinopExpr
   (IntType)
   (VarExpr (IntType) argnum)
   -
   (TupleIndexExpr
    (IntType)
    (IfExpr
     (TupleType (ArrayType (IntType) 1) (IntType) (IntType))
     (BinopExpr (BoolType) (VarExpr (IntType) argnum) != (VarExpr (IntType) d))
     (TupleLiteralExpr
      (TupleType (ArrayType (IntType) 1) (IntType) (IntType))
      (VarExpr (ArrayType (IntType) 1) b)
      (VarExpr (IntType) argnum)
      (VarExpr (IntType) c))
     (TupleLiteralExpr
      (TupleType (ArrayType (IntType) 1) (IntType) (IntType))
      (VarExpr (ArrayType (IntType) 1) b)
      (VarExpr (IntType) argnum)
      (VarExpr (IntType) argnum)))
    1))
  f
  (VarExpr (IntType) c)
  (TupleLiteralExpr
   (TupleType (FloatType) (FloatType) (FloatType) (FloatType))
   (UnopExpr
    (FloatType)
    -
    (CallExpr (FloatType) log (FloatExpr (FloatType) 17)))
   (SumLoopExpr
    (FloatType)
    g
    (SumLoopExpr (IntType) g (VarExpr (IntType) e) (VarExpr (IntType) e))
    h
    (VarExpr (IntType) d)
    i
    (UnopExpr (IntType) - (VarExpr (IntType) argnum))
    (CallExpr (FloatType) asin (FloatExpr (FloatType) 13)))
   (CallExpr
    (FloatType)
    sqrt
    (CallExpr
     (FloatType)
     pow
     (FloatExpr (FloatType) 13)
     (FloatExpr (FloatType) 79)))
   (CallExpr
    (FloatType)
    sin
    (CallExpr
     (FloatType)
     atan
     (CallExpr (FloatType) tan (FloatExpr (FloatType) 98))))))
 "e.png")
(LetCmd
 (ArgLValue (ArrayArgument e f g))
 (ArrayLoopExpr
  (ArrayType (FloatType) 2)
  e
  (VarExpr (IntType) c)
  f
  (SumLoopExpr
   (IntType)
   e
   (IfExpr
    (IntType)
    (TupleIndexExpr
     (BoolType)
     (TupleLiteralExpr
      (TupleType (BoolType) (BoolType) (IntType))
      (TrueExpr (BoolType))
      (FalseExpr (BoolType))
      (IntExpr (IntType) 24))
     0)
    (TupleIndexExpr
     (IntType)
     (TupleLiteralExpr
      (TupleType (FloatType) (IntType) (IntType))
      (FloatExpr (FloatType) 15)
      (VarExpr (IntType) d)
      (VarExpr (IntType) c))
     2)
    (VarExpr (IntType) c))
   f
   (TupleIndexExpr
    (IntType)
    (TupleLiteralExpr
     (TupleType (IntType) (IntType) (BoolType))
     (IntExpr (IntType) 697)
     (VarExpr (IntType) argnum)
     (BinopExpr (BoolType) (VarExpr (IntType) c) >= (IntExpr (IntType) 982)))
    1)
   (CallExpr
    (IntType)
    to_int
    (CallExpr
     (FloatType)
     log
     (CallExpr (FloatType) to_float (VarExpr (IntType) d)))))
  (CallExpr
   (FloatType)
   asin
   (CallExpr
    (FloatType)
    acos
    (CallExpr (FloatType) sqrt (FloatExpr (FloatType) 34))))))
(LetCmd
 (ArgLValue (VarArgument (BoolType) h))
 (BinopExpr
  (BoolType)
  (CallExpr
   (FloatType)
   tan
   (CallExpr
    (FloatType)
    cos
    (CallExpr (FloatType) to_float (VarExpr (IntType) d))))
  ==
  (IfExpr
   (FloatType)
   (BinopExpr
    (BoolType)
    (BinopExpr
     (BoolType)
     (CallExpr (FloatType) sqrt (FloatExpr (FloatType) 88))
     <=
     (CallExpr (FloatType) exp (FloatExpr (FloatType) 7)))
    &&
    (BinopExpr (BoolType) (VarExpr (IntType) c) > (IntExpr (IntType) 770)))
   (CallExpr
    (FloatType)
    to_float
    (TupleIndexExpr
     (IntType)
     (TupleLiteralExpr
      (TupleType (IntType) (IntType) (BoolType))
      (VarExpr (IntType) argnum)
      (VarExpr (IntType) c)
      (TrueExpr (BoolType)))
     0))
   (CallExpr
    (FloatType)
    pow
    (CallExpr
     (FloatType)
     exp
     (CallExpr (FloatType) to_float (VarExpr (IntType) argnum)))
    (IfExpr
     (FloatType)
     (IfExpr
      (BoolType)
      (FalseExpr (BoolType))
      (TrueExpr (BoolType))
      (FalseExpr (BoolType)))
     (CallExpr (FloatType) to_float (VarExpr (IntType) d))
     (FloatExpr (FloatType) 30))))))
(ShowCmd (UnopExpr (IntType) - (VarExpr (IntType) g)))
(LetCmd (TupleLValue) (TupleLiteralExpr (TupleType)))
(LetCmd
 (ArgLValue (VarArgument (FloatType) i))
 (CallExpr
  (FloatType)
  sqrt
  (CallExpr
   (FloatType)
   exp
   (CallExpr
    (FloatType)
    sqrt
    (CallExpr
     (FloatType)
     pow
     (CallExpr (FloatType) sqrt (FloatExpr (FloatType) 68))
     (UnopExpr (FloatType) - (FloatExpr (FloatType) 31)))))))
(LetCmd
 (ArgLValue (ArrayArgument j k l))
 (IfExpr
  (ArrayType (FloatType) 2)
  (IfExpr
   (BoolType)
   (UnopExpr
    (BoolType)
    !
    (IfExpr
     (BoolType)
     (TrueExpr (BoolType))
     (BinopExpr (BoolType) (VarExpr (BoolType) h) && (TrueExpr (BoolType)))
     (VarExpr (BoolType) h)))
   (BinopExpr
    (BoolType)
    (SumLoopExpr
     (FloatType)
     j
     (SumLoopExpr
      (IntType)
      j
      (VarExpr (IntType) argnum)
      k
      (VarExpr (IntType) c)
      (VarExpr (IntType) k))
     k
     (IfExpr
      (IntType)
      (TrueExpr (BoolType))
      (IntExpr (IntType) 668)
      (VarExpr (IntType) d))
     l
     (SumLoopExpr
      (IntType)
      j
      (VarExpr (IntType) f)
      k
      (VarExpr (IntType) g)
      (VarExpr (IntType) c))
     (UnopExpr (FloatType) - (VarExpr (FloatType) i)))
    ==
    (CallExpr (FloatType) to_float (VarExpr (IntType) f)))
   (BinopExpr
    (BoolType)
    (BinopExpr
     (BoolType)
     (CallExpr (FloatType) acos (FloatExpr (FloatType) 24))
     !=
     (CallExpr (FloatType) pow (VarExpr (FloatType) i) (VarExpr (FloatType) i)))
    ||
    (TrueExpr (BoolType))))
  (VarExpr (ArrayType (FloatType) 2) e)
  (IfExpr
   (ArrayType (FloatType) 2)
   (VarExpr (BoolType) h)
   (IfExpr
    (ArrayType (FloatType) 2)
    (UnopExpr (BoolType) ! (FalseExpr (BoolType)))
    (ArrayIndexExpr
     (ArrayType (FloatType) 2)
     (ArrayLoopExpr
      (ArrayType (ArrayType (FloatType) 2) 2)
      j
      (VarExpr (IntType) g)
      k
      (VarExpr (IntType) f)
      (VarExpr (ArrayType (FloatType) 2) e))
     (IntExpr (IntType) 123)
     (BinopExpr (IntType) (VarExpr (IntType) d) % (VarExpr (IntType) d)))
    (ArrayIndexExpr
     (ArrayType (FloatType) 2)
     (ArrayLoopExpr
      (ArrayType (ArrayType (FloatType) 2) 3)
      j
      (VarExpr (IntType) f)
      k
      (VarExpr (IntType) d)
      l
      (VarExpr (IntType) c)
      (VarExpr (ArrayType (FloatType) 2) e))
     (VarExpr (IntType) argnum)
     (VarExpr (IntType) g)
     (SumLoopExpr
      (IntType)
      j
      (VarExpr (IntType) g)
      k
      (VarExpr (IntType) d)
      (VarExpr (IntType) c))))
   (TupleIndexExpr
    (ArrayType (FloatType) 2)
    (TupleLiteralExpr
     (TupleType (ArrayType (FloatType) 2))
     (VarExpr (ArrayType (FloatType) 2) e))
    0))))
(LetCmd
 (ArgLValue (VarArgument (BoolType) m))
 (BinopExpr
  (BoolType)
  (ArrayIndexExpr
   (BoolType)
   (ArrayLoopExpr
    (ArrayType (BoolType) 1)
    m
    (SumLoopExpr
     (IntType)
     m
     (VarExpr (IntType) f)
     n
     (BinopExpr (IntType) (VarExpr (IntType) c) + (VarExpr (IntType) argnum))
     (VarExpr (IntType) f))
    (UnopExpr
     (BoolType)
     !
     (IfExpr
      (BoolType)
      (FalseExpr (BoolType))
      (VarExpr (BoolType) h)
      (TrueExpr (BoolType)))))
   (BinopExpr
    (IntType)
    (TupleIndexExpr
     (IntType)
     (TupleLiteralExpr
      (TupleType (FloatType) (IntType) (IntType))
      (FloatExpr (FloatType) 13)
      (VarExpr (IntType) k)
      (VarExpr (IntType) f))
     1)
    +
    (VarExpr (IntType) k)))
  ==
  (VarExpr (BoolType) h)))
(LetCmd
 (TupleLValue)
 (ArrayIndexExpr
  (TupleType)
  (ArrayLoopExpr
   (ArrayType (TupleType) 3)
   n
   (VarExpr (IntType) d)
   o
   (VarExpr (IntType) l)
   p
   (IfExpr
    (IntType)
    (TupleIndexExpr
     (BoolType)
     (TupleLiteralExpr
      (TupleType (IntType) (BoolType))
      (VarExpr (IntType) g)
      (FalseExpr (BoolType)))
     1)
    (CallExpr (IntType) to_int (FloatExpr (FloatType) 48))
    (VarExpr (IntType) l))
   (ArrayIndexExpr
    (TupleType)
    (IfExpr
     (ArrayType (TupleType) 2)
     (BinopExpr (BoolType) (FalseExpr (BoolType)) && (VarExpr (BoolType) m))
     (ArrayLoopExpr
      (ArrayType (TupleType) 2)
      q
      (VarExpr (IntType) o)
      r
      (IntExpr (IntType) 995)
      (TupleLiteralExpr (TupleType)))
     (ArrayLoopExpr
      (ArrayType (TupleType) 2)
      q
      (VarExpr (IntType) p)
      r
      (VarExpr (IntType) p)
      (TupleLiteralExpr (TupleType))))
    (UnopExpr (IntType) - (IntExpr (IntType) 219))
    (IfExpr
     (IntType)
     (VarExpr (BoolType) h)
     (VarExpr (IntType) argnum)
     (VarExpr (IntType) d))))
  (VarExpr (IntType) f)
  (IfExpr
   (IntType)
   (BinopExpr (BoolType) (VarExpr (IntType) k) > (VarExpr (IntType) f))
   (VarExpr (IntType) d)
   (VarExpr (IntType) f))
  (VarExpr (IntType) d)))
