(ShowCmd
 (CallExpr
  (FloatType)
  exp
  (CallExpr
   (FloatType)
   log
   (CallExpr
    (FloatType)
    log
    (CallExpr
     (FloatType)
     atan2
     (FloatExpr (FloatType) 73)
     (CallExpr (FloatType) tan (FloatExpr (FloatType) 47)))))))
(TimeCmd
 (LetCmd
  (ArgLValue (ArrayArgument a b c))
  (ArrayIndexExpr
   (ArrayType (IntType) 2)
   (ArrayLoopExpr
    (ArrayType (ArrayType (IntType) 2) 1)
    a
    (VarExpr (IntType) argnum)
    (IfExpr
     (ArrayType (IntType) 2)
     (FalseExpr (BoolType))
     (ArrayLoopExpr
      (ArrayType (IntType) 2)
      b
      (IntExpr (IntType) 314)
      c
      (VarExpr (IntType) a)
      (VarExpr (IntType) b))
     (ArrayLoopExpr
      (ArrayType (IntType) 2)
      b
      (IntExpr (IntType) 332)
      c
      (VarExpr (IntType) argnum)
      (IntExpr (IntType) 624))))
   (SumLoopExpr
    (IntType)
    a
    (BinopExpr
     (IntType)
     (VarExpr (IntType) argnum)
     -
     (VarExpr (IntType) argnum))
    (UnopExpr
     (IntType)
     -
     (BinopExpr (IntType) (IntExpr (IntType) 220) / (IntExpr (IntType) 373)))))))
(LetCmd
 (ArgLValue (VarArgument (IntType) d))
 (TupleIndexExpr
  (IntType)
  (TupleIndexExpr
   (TupleType (IntType) (ArrayType (ArrayType (IntType) 1) 1))
   (TupleLiteralExpr
    (TupleType (TupleType (IntType) (ArrayType (ArrayType (IntType) 1) 1)))
    (TupleLiteralExpr
     (TupleType (IntType) (ArrayType (ArrayType (IntType) 1) 1))
     (VarExpr (IntType) argnum)
     (ArrayLiteralExpr
      (ArrayType (ArrayType (IntType) 1) 1)
      (VarExpr (ArrayType (IntType) 1) args))))
   0)
  0))
(LetCmd
 (TupleLValue
  (ArgLValue (ArrayArgument e f g))
  (ArgLValue (VarArgument (BoolType) h)))
 (TupleIndexExpr
  (TupleType (ArrayType (IntType) 2) (BoolType))
  (TupleLiteralExpr
   (TupleType
    (TupleType (ArrayType (IntType) 2) (BoolType))
    (FloatType)
    (FloatType))
   (ArrayIndexExpr
    (TupleType (ArrayType (IntType) 2) (BoolType))
    (ArrayLoopExpr
     (ArrayType (TupleType (ArrayType (IntType) 2) (BoolType)) 1)
     e
     (SumLoopExpr
      (IntType)
      e
      (VarExpr (IntType) c)
      f
      (VarExpr (IntType) d)
      g
      (VarExpr (IntType) b)
      (VarExpr (IntType) f))
     (TupleLiteralExpr
      (TupleType (ArrayType (IntType) 2) (BoolType))
      (VarExpr (ArrayType (IntType) 2) a)
      (FalseExpr (BoolType))))
    (CallExpr (IntType) to_int (FloatExpr (FloatType) 18)))
   (SumLoopExpr
    (FloatType)
    e
    (VarExpr (IntType) b)
    f
    (UnopExpr (IntType) - (IntExpr (IntType) 585))
    (CallExpr (FloatType) to_float (VarExpr (IntType) b)))
   (CallExpr
    (FloatType)
    atan2
    (FloatExpr (FloatType) 34)
    (SumLoopExpr
     (FloatType)
     e
     (IfExpr
      (IntType)
      (FalseExpr (BoolType))
      (VarExpr (IntType) d)
      (VarExpr (IntType) c))
     f
     (VarExpr (IntType) b)
     (CallExpr (FloatType) sqrt (FloatExpr (FloatType) 41)))))
  0))
(ReadCmd
 "i.png"
 (VarArgument
  (ArrayType (TupleType (FloatType) (FloatType) (FloatType) (FloatType)) 2)
  i))
(LetCmd
 (TupleLValue
  (TupleLValue)
  (ArgLValue (ArrayArgument j k l))
  (TupleLValue
   (TupleLValue
    (TupleLValue)
    (ArgLValue (VarArgument (FloatType) m))
    (ArgLValue (ArrayArgument n o p)))
   (ArgLValue (VarArgument (IntType) q))))
 (TupleLiteralExpr
  (TupleType
   (TupleType)
   (ArrayType (TupleType (FloatType) (FloatType) (FloatType) (FloatType)) 2)
   (TupleType
    (TupleType (TupleType) (FloatType) (ArrayType (IntType) 2))
    (IntType)))
  (TupleIndexExpr
   (TupleType)
   (TupleIndexExpr
    (TupleType (TupleType))
    (TupleLiteralExpr
     (TupleType (IntType) (IntType) (TupleType (TupleType)))
     (VarExpr (IntType) g)
     (VarExpr (IntType) c)
     (TupleLiteralExpr (TupleType (TupleType)) (TupleLiteralExpr (TupleType))))
    2)
   0)
  (IfExpr
   (ArrayType (TupleType (FloatType) (FloatType) (FloatType) (FloatType)) 2)
   (BinopExpr (BoolType) (VarExpr (IntType) d) != (VarExpr (IntType) d))
   (ArrayIndexExpr
    (ArrayType (TupleType (FloatType) (FloatType) (FloatType) (FloatType)) 2)
    (IfExpr
     (ArrayType
      (ArrayType (TupleType (FloatType) (FloatType) (FloatType) (FloatType)) 2)
      3)
     (TrueExpr (BoolType))
     (ArrayLoopExpr
      (ArrayType
       (ArrayType
        (TupleType (FloatType) (FloatType) (FloatType) (FloatType))
        2)
       3)
      j
      (VarExpr (IntType) c)
      k
      (VarExpr (IntType) c)
      l
      (VarExpr (IntType) b)
      (VarExpr
       (ArrayType
        (TupleType (FloatType) (FloatType) (FloatType) (FloatType))
        2)
       i))
     (ArrayLoopExpr
      (ArrayType
       (ArrayType
        (TupleType (FloatType) (FloatType) (FloatType) (FloatType))
        2)
       3)
      j
      (VarExpr (IntType) d)
      k
      (IntExpr (IntType) 113)
      l
      (VarExpr (IntType) f)
      (VarExpr
       (ArrayType
        (TupleType (FloatType) (FloatType) (FloatType) (FloatType))
        2)
       i)))
    (BinopExpr
     (IntType)
     (UnopExpr (IntType) - (VarExpr (IntType) c))
     *
     (UnopExpr (IntType) - (VarExpr (IntType) f)))
    (VarExpr (IntType) b)
    (UnopExpr (IntType) - (VarExpr (IntType) c)))
   (IfExpr
    (ArrayType (TupleType (FloatType) (FloatType) (FloatType) (FloatType)) 2)
    (TrueExpr (BoolType))
    (VarExpr
     (ArrayType (TupleType (FloatType) (FloatType) (FloatType) (FloatType)) 2)
     i)
    (TupleIndexExpr
     (ArrayType (TupleType (FloatType) (FloatType) (FloatType) (FloatType)) 2)
     (TupleLiteralExpr
      (TupleType
       (FloatType)
       (ArrayType
        (TupleType (FloatType) (FloatType) (FloatType) (FloatType))
        2)
       (ArrayType (IntType) 2))
      (FloatExpr (FloatType) 78)
      (VarExpr
       (ArrayType
        (TupleType (FloatType) (FloatType) (FloatType) (FloatType))
        2)
       i)
      (VarExpr (ArrayType (IntType) 2) e))
     1)))
  (ArrayIndexExpr
   (TupleType
    (TupleType (TupleType) (FloatType) (ArrayType (IntType) 2))
    (IntType))
   (ArrayLoopExpr
    (ArrayType
     (TupleType
      (TupleType (TupleType) (FloatType) (ArrayType (IntType) 2))
      (IntType))
     3)
    j
    (CallExpr
     (IntType)
     to_int
     (CallExpr (FloatType) to_float (VarExpr (IntType) b)))
    k
    (CallExpr (IntType) to_int (FloatExpr (FloatType) 31))
    l
    (VarExpr (IntType) c)
    (TupleLiteralExpr
     (TupleType
      (TupleType (TupleType) (FloatType) (ArrayType (IntType) 2))
      (IntType))
     (TupleLiteralExpr
      (TupleType (TupleType) (FloatType) (ArrayType (IntType) 2))
      (TupleLiteralExpr (TupleType))
      (FloatExpr (FloatType) 77)
      (VarExpr (ArrayType (IntType) 2) a))
     (SumLoopExpr
      (IntType)
      m
      (VarExpr (IntType) j)
      n
      (VarExpr (IntType) g)
      o
      (VarExpr (IntType) argnum)
      (VarExpr (IntType) d))))
   (UnopExpr
    (IntType)
    -
    (BinopExpr
     (IntType)
     (VarExpr (IntType) f)
     /
     (ArrayIndexExpr
      (IntType)
      (VarExpr (ArrayType (IntType) 1) args)
      (VarExpr (IntType) argnum))))
   (VarExpr (IntType) f)
   (VarExpr (IntType) c))))
(LetCmd
 (ArgLValue (ArrayArgument r s))
 (ArrayLiteralExpr
  (ArrayType (ArrayType (IntType) 1) 1)
  (VarExpr (ArrayType (IntType) 1) args)
  (TupleIndexExpr
   (ArrayType (IntType) 1)
   (ArrayIndexExpr
    (TupleType (IntType) (ArrayType (IntType) 1))
    (ArrayLoopExpr
     (ArrayType (TupleType (IntType) (ArrayType (IntType) 1)) 2)
     r
     (VarExpr (IntType) k)
     s
     (VarExpr (IntType) argnum)
     (TupleLiteralExpr
      (TupleType (IntType) (ArrayType (IntType) 1))
      (IntExpr (IntType) 407)
      (VarExpr (ArrayType (IntType) 1) args)))
    (VarExpr (IntType) g)
    (VarExpr (IntType) q))
   1)))
(LetCmd
 (ArgLValue (ArrayArgument t u v w))
 (ArrayIndexExpr
  (ArrayType (ArrayType (IntType) 2) 3)
  (IfExpr
   (ArrayType (ArrayType (ArrayType (IntType) 2) 3) 1)
   (IfExpr
    (BoolType)
    (VarExpr (BoolType) h)
    (VarExpr (BoolType) h)
    (BinopExpr
     (BoolType)
     (SumLoopExpr
      (FloatType)
      t
      (VarExpr (IntType) g)
      u
      (VarExpr (IntType) b)
      v
      (VarExpr (IntType) q)
      (VarExpr (FloatType) m))
     !=
     (CallExpr
      (FloatType)
      atan2
      (FloatExpr (FloatType) 90)
      (VarExpr (FloatType) m))))
   (ArrayLiteralExpr
    (ArrayType (ArrayType (ArrayType (IntType) 2) 3) 1)
    (ArrayLoopExpr
     (ArrayType (ArrayType (IntType) 2) 3)
     t
     (VarExpr (IntType) d)
     u
     (VarExpr (IntType) b)
     v
     (VarExpr (IntType) d)
     (VarExpr (ArrayType (IntType) 2) n)))
   (ArrayLiteralExpr
    (ArrayType (ArrayType (ArrayType (IntType) 2) 3) 1)
    (IfExpr
     (ArrayType (ArrayType (IntType) 2) 3)
     (BinopExpr (BoolType) (VarExpr (IntType) p) <= (VarExpr (IntType) q))
     (ArrayLoopExpr
      (ArrayType (ArrayType (IntType) 2) 3)
      t
      (VarExpr (IntType) k)
      u
      (IntExpr (IntType) 860)
      v
      (VarExpr (IntType) o)
      (VarExpr (ArrayType (IntType) 2) a))
     (ArrayLoopExpr
      (ArrayType (ArrayType (IntType) 2) 3)
      t
      (VarExpr (IntType) l)
      u
      (VarExpr (IntType) l)
      v
      (VarExpr (IntType) f)
      (VarExpr (ArrayType (IntType) 2) e)))
    (ArrayLoopExpr
     (ArrayType (ArrayType (IntType) 2) 3)
     t
     (VarExpr (IntType) d)
     u
     (UnopExpr (IntType) - (VarExpr (IntType) g))
     v
     (VarExpr (IntType) f)
     (VarExpr (ArrayType (IntType) 2) n))
    (IfExpr
     (ArrayType (ArrayType (IntType) 2) 3)
     (FalseExpr (BoolType))
     (ArrayLoopExpr
      (ArrayType (ArrayType (IntType) 2) 3)
      t
      (VarExpr (IntType) q)
      u
      (VarExpr (IntType) l)
      v
      (IntExpr (IntType) 681)
      (VarExpr (ArrayType (IntType) 2) e))
     (ArrayLoopExpr
      (ArrayType (ArrayType (IntType) 2) 3)
      t
      (VarExpr (IntType) b)
      u
      (VarExpr (IntType) c)
      v
      (VarExpr (IntType) o)
      (VarExpr (ArrayType (IntType) 2) e)))))
  (VarExpr (IntType) p)))
(LetCmd
 (ArgLValue (ArrayArgument x y))
 (ArrayLoopExpr
  (ArrayType (IntType) 1)
  x
  (VarExpr (IntType) b)
  (VarExpr (IntType) b)))
(ReadCmd "z.png" (ArrayArgument z A B))
(LetCmd (ArgLValue (ArrayArgument C D)) (VarExpr (ArrayType (IntType) 1) args))
(PrintCmd "E")
