(LetCmd
 (ArgLValue (ArrayArgument a b))
 (ArrayIndexExpr
  (ArrayType (IntType) 1)
  (ArrayIndexExpr
   (ArrayType (ArrayType (IntType) 1) 1)
   (ArrayLoopExpr
    (ArrayType (ArrayType (ArrayType (IntType) 1) 1) 3)
    a
    (UnopExpr (IntType) - (VarExpr (IntType) argnum))
    b
    (BinopExpr
     (IntType)
     (SumLoopExpr (IntType) a (IntExpr (IntType) 321) (IntExpr (IntType) 567))
     %
     (VarExpr (IntType) argnum))
    c
    (IfExpr
     (IntType)
     (UnopExpr (BoolType) ! (FalseExpr (BoolType)))
     (IntExpr (IntType) 3)
     (UnopExpr (IntType) - (IntExpr (IntType) 673)))
    (ArrayLiteralExpr
     (ArrayType (ArrayType (IntType) 1) 1)
     (ArrayLiteralExpr
      (ArrayType (IntType) 1)
      (VarExpr (IntType) a)
      (VarExpr (IntType) c))))
   (ArrayIndexExpr
    (IntType)
    (ArrayLoopExpr
     (ArrayType (IntType) 1)
     a
     (BinopExpr (IntType) (IntExpr (IntType) 333) + (IntExpr (IntType) 746))
     (VarExpr (IntType) a))
    (BinopExpr
     (IntType)
     (IntExpr (IntType) 505)
     +
     (BinopExpr (IntType) (VarExpr (IntType) argnum) - (IntExpr (IntType) 934))))
   (BinopExpr
    (IntType)
    (ArrayIndexExpr
     (IntType)
     (ArrayLoopExpr
      (ArrayType (IntType) 3)
      a
      (VarExpr (IntType) argnum)
      b
      (IntExpr (IntType) 279)
      c
      (IntExpr (IntType) 400)
      (VarExpr (IntType) a))
     (VarExpr (IntType) argnum)
     (VarExpr (IntType) argnum)
     (CallExpr (IntType) to_int (FloatExpr (FloatType) 27)))
    %
    (IntExpr (IntType) 605))
   (ArrayIndexExpr
    (IntType)
    (ArrayLoopExpr
     (ArrayType (IntType) 2)
     a
     (IfExpr
      (IntType)
      (FalseExpr (BoolType))
      (IntExpr (IntType) 352)
      (IntExpr (IntType) 449))
     b
     (IntExpr (IntType) 631)
     (SumLoopExpr
      (IntType)
      c
      (VarExpr (IntType) a)
      d
      (IntExpr (IntType) 862)
      e
      (VarExpr (IntType) a)
      (VarExpr (IntType) d)))
    (IntExpr (IntType) 964)
    (ArrayIndexExpr
     (IntType)
     (ArrayLoopExpr
      (ArrayType (IntType) 3)
      a
      (IntExpr (IntType) 803)
      b
      (VarExpr (IntType) argnum)
      c
      (IntExpr (IntType) 808)
      (IntExpr (IntType) 80))
     (IfExpr
      (IntType)
      (TrueExpr (BoolType))
      (IntExpr (IntType) 567)
      (VarExpr (IntType) argnum))
     (VarExpr (IntType) argnum)
     (IntExpr (IntType) 14))))
  (VarExpr (IntType) argnum)))
(LetCmd
 (TupleLValue
  (ArgLValue (ArrayArgument c d))
  (ArgLValue (VarArgument (BoolType) e)))
 (TupleLiteralExpr
  (TupleType (ArrayType (IntType) 1) (BoolType))
  (TupleIndexExpr
   (ArrayType (IntType) 1)
   (ArrayIndexExpr
    (TupleType (ArrayType (IntType) 1))
    (ArrayLoopExpr
     (ArrayType (TupleType (ArrayType (IntType) 1)) 3)
     c
     (VarExpr (IntType) b)
     d
     (CallExpr (IntType) to_int (FloatExpr (FloatType) 40))
     e
     (SumLoopExpr
      (IntType)
      c
      (VarExpr (IntType) b)
      d
      (IntExpr (IntType) 208)
      e
      (VarExpr (IntType) argnum)
      (IntExpr (IntType) 476))
     (TupleLiteralExpr
      (TupleType (ArrayType (IntType) 1))
      (VarExpr (ArrayType (IntType) 1) a)))
    (UnopExpr (IntType) - (UnopExpr (IntType) - (VarExpr (IntType) argnum)))
    (VarExpr (IntType) argnum)
    (UnopExpr
     (IntType)
     -
     (BinopExpr
      (IntType)
      (VarExpr (IntType) argnum)
      +
      (VarExpr (IntType) argnum))))
   0)
  (ArrayIndexExpr
   (BoolType)
   (IfExpr
    (ArrayType (BoolType) 2)
    (IfExpr
     (BoolType)
     (IfExpr
      (BoolType)
      (FalseExpr (BoolType))
      (FalseExpr (BoolType))
      (FalseExpr (BoolType)))
     (FalseExpr (BoolType))
     (UnopExpr (BoolType) ! (TrueExpr (BoolType))))
    (IfExpr
     (ArrayType (BoolType) 2)
     (BinopExpr
      (BoolType)
      (VarExpr (IntType) argnum)
      >
      (VarExpr (IntType) argnum))
     (ArrayLoopExpr
      (ArrayType (BoolType) 2)
      c
      (VarExpr (IntType) argnum)
      d
      (VarExpr (IntType) b)
      (TrueExpr (BoolType)))
     (ArrayLoopExpr
      (ArrayType (BoolType) 2)
      c
      (VarExpr (IntType) b)
      d
      (VarExpr (IntType) b)
      (TrueExpr (BoolType))))
    (ArrayLoopExpr
     (ArrayType (BoolType) 2)
     c
     (VarExpr (IntType) argnum)
     d
     (SumLoopExpr
      (IntType)
      c
      (IntExpr (IntType) 93)
      d
      (VarExpr (IntType) argnum)
      (VarExpr (IntType) b))
     (FalseExpr (BoolType))))
   (VarExpr (IntType) b)
   (ArrayIndexExpr
    (IntType)
    (ArrayLoopExpr
     (ArrayType (IntType) 3)
     c
     (SumLoopExpr (IntType) c (IntExpr (IntType) 714) (IntExpr (IntType) 888))
     d
     (UnopExpr (IntType) - (IntExpr (IntType) 222))
     e
     (BinopExpr (IntType) (IntExpr (IntType) 541) - (VarExpr (IntType) argnum))
     (SumLoopExpr (IntType) f (VarExpr (IntType) b) (IntExpr (IntType) 609)))
    (CallExpr (IntType) to_int (FloatExpr (FloatType) 21))
    (VarExpr (IntType) b)
    (TupleIndexExpr
     (IntType)
     (TupleLiteralExpr
      (TupleType (IntType) (TupleType) (ArrayType (IntType) 1))
      (VarExpr (IntType) argnum)
      (TupleLiteralExpr (TupleType))
      (VarExpr (ArrayType (IntType) 1) a))
     0)))))
(LetCmd
 (ArgLValue (VarArgument (FloatType) f))
 (CallExpr
  (FloatType)
  pow
  (ArrayIndexExpr
   (FloatType)
   (IfExpr
    (ArrayType (FloatType) 3)
    (FalseExpr (BoolType))
    (ArrayLoopExpr
     (ArrayType (FloatType) 3)
     f
     (IfExpr
      (IntType)
      (TrueExpr (BoolType))
      (IntExpr (IntType) 417)
      (VarExpr (IntType) argnum))
     g
     (IfExpr
      (IntType)
      (VarExpr (BoolType) e)
      (VarExpr (IntType) d)
      (IntExpr (IntType) 108))
     h
     (IntExpr (IntType) 234)
     (FloatExpr (FloatType) 0))
    (ArrayLoopExpr
     (ArrayType (FloatType) 3)
     f
     (IfExpr
      (IntType)
      (VarExpr (BoolType) e)
      (VarExpr (IntType) b)
      (IntExpr (IntType) 547))
     g
     (VarExpr (IntType) b)
     h
     (IntExpr (IntType) 235)
     (CallExpr (FloatType) to_float (VarExpr (IntType) argnum))))
   (VarExpr (IntType) b)
   (BinopExpr
    (IntType)
    (UnopExpr (IntType) - (IntExpr (IntType) 219))
    +
    (VarExpr (IntType) b))
   (UnopExpr (IntType) - (VarExpr (IntType) argnum)))
  (CallExpr
   (FloatType)
   tan
   (CallExpr
    (FloatType)
    sin
    (SumLoopExpr
     (FloatType)
     f
     (VarExpr (IntType) argnum)
     g
     (BinopExpr (IntType) (VarExpr (IntType) b) % (VarExpr (IntType) argnum))
     h
     (IntExpr (IntType) 480)
     (CallExpr (FloatType) atan (FloatExpr (FloatType) 51)))))))
(LetCmd
 (TupleLValue (ArgLValue (VarArgument (FloatType) g)))
 (TupleIndexExpr
  (TupleType (FloatType))
  (TupleLiteralExpr
   (TupleType (FloatType) (TupleType (FloatType)) (FloatType))
   (VarExpr (FloatType) f)
   (IfExpr
    (TupleType (FloatType))
    (TupleIndexExpr
     (BoolType)
     (TupleLiteralExpr
      (TupleType (IntType) (BoolType))
      (VarExpr (IntType) argnum)
      (VarExpr (BoolType) e))
     1)
    (IfExpr
     (TupleType (FloatType))
     (VarExpr (BoolType) e)
     (TupleLiteralExpr (TupleType (FloatType)) (VarExpr (FloatType) f))
     (TupleLiteralExpr (TupleType (FloatType)) (FloatExpr (FloatType) 2)))
    (TupleLiteralExpr
     (TupleType (FloatType))
     (CallExpr
      (FloatType)
      atan2
      (FloatExpr (FloatType) 37)
      (FloatExpr (FloatType) 37))))
   (CallExpr
    (FloatType)
    to_float
    (SumLoopExpr
     (IntType)
     g
     (BinopExpr (IntType) (VarExpr (IntType) d) * (VarExpr (IntType) d))
     h
     (VarExpr (IntType) argnum)
     (VarExpr (IntType) argnum))))
  1))
(ShowCmd
 (CallExpr
  (FloatType)
  tan
  (TupleIndexExpr
   (FloatType)
   (IfExpr
    (TupleType (FloatType) (FloatType))
    (BinopExpr
     (BoolType)
     (SumLoopExpr
      (FloatType)
      h
      (IntExpr (IntType) 395)
      i
      (VarExpr (IntType) b)
      (VarExpr (FloatType) g))
     ==
     (SumLoopExpr
      (FloatType)
      h
      (VarExpr (IntType) d)
      i
      (VarExpr (IntType) b)
      (VarExpr (FloatType) f)))
    (TupleLiteralExpr
     (TupleType (FloatType) (FloatType))
     (CallExpr (FloatType) pow (VarExpr (FloatType) f) (VarExpr (FloatType) f))
     (CallExpr (FloatType) to_float (VarExpr (IntType) argnum)))
    (TupleLiteralExpr
     (TupleType (FloatType) (FloatType))
     (SumLoopExpr
      (FloatType)
      h
      (IntExpr (IntType) 617)
      i
      (VarExpr (IntType) d)
      j
      (VarExpr (IntType) argnum)
      (FloatExpr (FloatType) 38))
     (VarExpr (FloatType) f)))
   1)))
(LetCmd
 (ArgLValue (VarArgument (ArrayType (FloatType) 1) h))
 (ArrayLoopExpr
  (ArrayType (FloatType) 1)
  h
  (CallExpr
   (IntType)
   to_int
   (SumLoopExpr
    (FloatType)
    h
    (TupleIndexExpr
     (IntType)
     (TupleLiteralExpr
      (TupleType (IntType) (IntType))
      (VarExpr (IntType) d)
      (VarExpr (IntType) b))
     1)
    (VarExpr (FloatType) f)))
  (CallExpr
   (FloatType)
   atan2
   (IfExpr
    (FloatType)
    (ArrayIndexExpr
     (BoolType)
     (ArrayLiteralExpr
      (ArrayType (BoolType) 1)
      (FalseExpr (BoolType))
      (TrueExpr (BoolType))
      (FalseExpr (BoolType)))
     (IntExpr (IntType) 786))
    (IfExpr
     (FloatType)
     (UnopExpr (BoolType) ! (VarExpr (BoolType) e))
     (VarExpr (FloatType) g)
     (CallExpr (FloatType) sin (FloatExpr (FloatType) 34)))
    (CallExpr
     (FloatType)
     acos
     (CallExpr (FloatType) sin (VarExpr (FloatType) f))))
   (VarExpr (FloatType) f))))
(ReadCmd
 "i.png"
 (VarArgument
  (ArrayType (TupleType (FloatType) (FloatType) (FloatType) (FloatType)) 2)
  i))
(LetCmd (ArgLValue (VarArgument (IntType) j)) (IntExpr (IntType) 966))
(PrintCmd "k")
(LetCmd
 (ArgLValue (VarArgument (ArrayType (FloatType) 3) k))
 (ArrayLoopExpr
  (ArrayType (FloatType) 3)
  k
  (ArrayIndexExpr
   (IntType)
   (IfExpr
    (ArrayType (IntType) 1)
    (TupleIndexExpr
     (BoolType)
     (TupleLiteralExpr
      (TupleType (IntType) (BoolType) (ArrayType (IntType) 1))
      (VarExpr (IntType) argnum)
      (TrueExpr (BoolType))
      (VarExpr (ArrayType (IntType) 1) args))
     1)
    (TupleIndexExpr
     (ArrayType (IntType) 1)
     (TupleLiteralExpr
      (TupleType (ArrayType (IntType) 1))
      (VarExpr (ArrayType (IntType) 1) c))
     0)
    (TupleIndexExpr
     (ArrayType (IntType) 1)
     (TupleLiteralExpr
      (TupleType (ArrayType (IntType) 1) (IntType))
      (VarExpr (ArrayType (IntType) 1) c)
      (VarExpr (IntType) b))
     0))
   (TupleIndexExpr
    (IntType)
    (IfExpr
     (TupleType (IntType))
     (FalseExpr (BoolType))
     (TupleLiteralExpr (TupleType (IntType)) (IntExpr (IntType) 539))
     (TupleLiteralExpr (TupleType (IntType)) (VarExpr (IntType) j)))
    0))
  l
  (VarExpr (IntType) argnum)
  m
  (IfExpr
   (IntType)
   (UnopExpr
    (BoolType)
    !
    (BinopExpr
     (BoolType)
     (UnopExpr (BoolType) ! (TrueExpr (BoolType)))
     ||
     (FalseExpr (BoolType))))
   (IntExpr (IntType) 398)
   (BinopExpr
    (IntType)
    (VarExpr (IntType) argnum)
    -
    (BinopExpr
     (IntType)
     (VarExpr (IntType) b)
     *
     (BinopExpr (IntType) (VarExpr (IntType) j) / (VarExpr (IntType) b)))))
  (SumLoopExpr
   (FloatType)
   n
   (UnopExpr
    (IntType)
    -
    (CallExpr
     (IntType)
     to_int
     (BinopExpr
      (FloatType)
      (VarExpr (FloatType) g)
      +
      (FloatExpr (FloatType) 51))))
   (TupleIndexExpr
    (FloatType)
    (IfExpr
     (TupleType (ArrayType (IntType) 1) (FloatType) (IntType))
     (BinopExpr (BoolType) (VarExpr (IntType) m) > (VarExpr (IntType) m))
     (TupleLiteralExpr
      (TupleType (ArrayType (IntType) 1) (FloatType) (IntType))
      (VarExpr (ArrayType (IntType) 1) c)
      (VarExpr (FloatType) f)
      (VarExpr (IntType) b))
     (TupleLiteralExpr
      (TupleType (ArrayType (IntType) 1) (FloatType) (IntType))
      (VarExpr (ArrayType (IntType) 1) a)
      (FloatExpr (FloatType) 3)
      (VarExpr (IntType) d)))
    1))))
(LetCmd
 (TupleLValue)
 (ArrayIndexExpr
  (TupleType)
  (ArrayLiteralExpr
   (ArrayType (TupleType) 1)
   (ArrayIndexExpr
    (TupleType)
    (IfExpr
     (ArrayType (TupleType) 2)
     (BinopExpr (BoolType) (VarExpr (BoolType) e) && (VarExpr (BoolType) e))
     (ArrayLoopExpr
      (ArrayType (TupleType) 2)
      l
      (VarExpr (IntType) b)
      m
      (VarExpr (IntType) d)
      (TupleLiteralExpr (TupleType)))
     (ArrayLoopExpr
      (ArrayType (TupleType) 2)
      l
      (VarExpr (IntType) j)
      m
      (VarExpr (IntType) argnum)
      (TupleLiteralExpr (TupleType))))
    (CallExpr
     (IntType)
     to_int
     (CallExpr (FloatType) atan (VarExpr (FloatType) f)))
    (UnopExpr (IntType) - (IntExpr (IntType) 580)))
   (IfExpr
    (TupleType)
    (ArrayIndexExpr
     (BoolType)
     (ArrayLoopExpr
      (ArrayType (BoolType) 3)
      l
      (VarExpr (IntType) j)
      m
      (VarExpr (IntType) argnum)
      n
      (VarExpr (IntType) j)
      (VarExpr (BoolType) e))
     (VarExpr (IntType) d)
     (SumLoopExpr
      (IntType)
      l
      (VarExpr (IntType) d)
      m
      (VarExpr (IntType) argnum)
      (VarExpr (IntType) l))
     (IfExpr
      (IntType)
      (FalseExpr (BoolType))
      (IntExpr (IntType) 864)
      (VarExpr (IntType) b)))
    (TupleIndexExpr
     (TupleType)
     (TupleLiteralExpr (TupleType (TupleType)) (TupleLiteralExpr (TupleType)))
     0)
    (ArrayIndexExpr
     (TupleType)
     (ArrayLoopExpr
      (ArrayType (TupleType) 3)
      l
      (VarExpr (IntType) d)
      m
      (VarExpr (IntType) argnum)
      n
      (VarExpr (IntType) j)
      (TupleLiteralExpr (TupleType)))
     (ArrayIndexExpr
      (IntType)
      (VarExpr (ArrayType (IntType) 1) a)
      (VarExpr (IntType) j))
     (VarExpr (IntType) argnum)
     (VarExpr (IntType) argnum)))
   (ArrayIndexExpr
    (TupleType)
    (ArrayLoopExpr
     (ArrayType (TupleType) 2)
     l
     (UnopExpr (IntType) - (VarExpr (IntType) b))
     m
     (SumLoopExpr
      (IntType)
      l
      (VarExpr (IntType) b)
      m
      (VarExpr (IntType) d)
      n
      (VarExpr (IntType) d)
      (IntExpr (IntType) 82))
     (TupleLiteralExpr (TupleType)))
    (IntExpr (IntType) 846)
    (BinopExpr
     (IntType)
     (ArrayIndexExpr
      (IntType)
      (VarExpr (ArrayType (IntType) 1) c)
      (VarExpr (IntType) j))
     /
     (VarExpr (IntType) j))))
  (SumLoopExpr
   (IntType)
   l
   (CallExpr (IntType) to_int (VarExpr (FloatType) g))
   m
   (IntExpr (IntType) 570)
   n
   (VarExpr (IntType) d)
   (IfExpr
    (IntType)
    (TupleIndexExpr
     (BoolType)
     (TupleLiteralExpr
      (TupleType (BoolType) (ArrayType (FloatType) 1))
      (TrueExpr (BoolType))
      (VarExpr (ArrayType (FloatType) 1) h))
     0)
    (IfExpr
     (IntType)
     (BinopExpr (BoolType) (VarExpr (BoolType) e) || (FalseExpr (BoolType)))
     (VarExpr (IntType) b)
     (VarExpr (IntType) b))
    (VarExpr (IntType) l)))))
(LetCmd
 (TupleLValue
  (ArgLValue (ArrayArgument l m n))
  (ArgLValue (ArrayArgument o p q))
  (TupleLValue
   (ArgLValue (ArrayArgument r s t))
   (TupleLValue
    (ArgLValue (VarArgument (FloatType) u))
    (TupleLValue
     (TupleLValue
      (ArgLValue (VarArgument (IntType) v))
      (ArgLValue
       (VarArgument
        (ArrayType
         (TupleType (FloatType) (FloatType) (FloatType) (FloatType))
         2)
        w))
      (ArgLValue (ArrayArgument x y))))
    (TupleLValue (ArgLValue (ArrayArgument z A))))))
 (TupleLiteralExpr
  (TupleType
   (ArrayType (TupleType) 2)
   (ArrayType (TupleType (FloatType) (FloatType) (FloatType) (FloatType)) 2)
   (TupleType
    (ArrayType (TupleType (FloatType) (FloatType) (FloatType) (FloatType)) 2)
    (TupleType
     (FloatType)
     (TupleType
      (TupleType
       (IntType)
       (ArrayType
        (TupleType (FloatType) (FloatType) (FloatType) (FloatType))
        2)
       (ArrayType (IntType) 1)))
     (TupleType (ArrayType (IntType) 1)))))
  (TupleIndexExpr
   (ArrayType (TupleType) 2)
   (IfExpr
    (TupleType (ArrayType (TupleType) 2))
    (BinopExpr (BoolType) (VarExpr (IntType) j) >= (IntExpr (IntType) 238))
    (TupleLiteralExpr
     (TupleType (ArrayType (TupleType) 2))
     (ArrayLoopExpr
      (ArrayType (TupleType) 2)
      l
      (VarExpr (IntType) argnum)
      m
      (VarExpr (IntType) b)
      (TupleLiteralExpr (TupleType))))
    (TupleLiteralExpr
     (TupleType (ArrayType (TupleType) 2))
     (ArrayLoopExpr
      (ArrayType (TupleType) 2)
      l
      (VarExpr (IntType) b)
      m
      (IntExpr (IntType) 823)
      (TupleLiteralExpr (TupleType)))))
   0)
  (VarExpr
   (ArrayType (TupleType (FloatType) (FloatType) (FloatType) (FloatType)) 2)
   i)
  (TupleLiteralExpr
   (TupleType
    (ArrayType (TupleType (FloatType) (FloatType) (FloatType) (FloatType)) 2)
    (TupleType
     (FloatType)
     (TupleType
      (TupleType
       (IntType)
       (ArrayType
        (TupleType (FloatType) (FloatType) (FloatType) (FloatType))
        2)
       (ArrayType (IntType) 1)))
     (TupleType (ArrayType (IntType) 1))))
   (TupleIndexExpr
    (ArrayType (TupleType (FloatType) (FloatType) (FloatType) (FloatType)) 2)
    (TupleLiteralExpr
     (TupleType
      (ArrayType (TupleType (FloatType) (FloatType) (FloatType) (FloatType)) 2)
      (FloatType))
     (VarExpr
      (ArrayType (TupleType (FloatType) (FloatType) (FloatType) (FloatType)) 2)
      i)
     (CallExpr (FloatType) tan (FloatExpr (FloatType) 31)))
    0)
   (TupleLiteralExpr
    (TupleType
     (FloatType)
     (TupleType
      (TupleType
       (IntType)
       (ArrayType
        (TupleType (FloatType) (FloatType) (FloatType) (FloatType))
        2)
       (ArrayType (IntType) 1)))
     (TupleType (ArrayType (IntType) 1)))
    (CallExpr
     (FloatType)
     log
     (CallExpr (FloatType) acos (VarExpr (FloatType) g)))
    (TupleLiteralExpr
     (TupleType
      (TupleType
       (IntType)
       (ArrayType
        (TupleType (FloatType) (FloatType) (FloatType) (FloatType))
        2)
       (ArrayType (IntType) 1)))
     (TupleLiteralExpr
      (TupleType
       (IntType)
       (ArrayType
        (TupleType (FloatType) (FloatType) (FloatType) (FloatType))
        2)
       (ArrayType (IntType) 1))
      (IntExpr (IntType) 960)
      (VarExpr
       (ArrayType
        (TupleType (FloatType) (FloatType) (FloatType) (FloatType))
        2)
       i)
      (VarExpr (ArrayType (IntType) 1) a)))
    (IfExpr
     (TupleType (ArrayType (IntType) 1))
     (FalseExpr (BoolType))
     (TupleLiteralExpr
      (TupleType (ArrayType (IntType) 1))
      (VarExpr (ArrayType (IntType) 1) c))
     (TupleLiteralExpr
      (TupleType (ArrayType (IntType) 1))
      (VarExpr (ArrayType (IntType) 1) a)))))))
