(LetCmd
 (TupleLValue (ArgLValue (ArrayArgument a b)) (ArgLValue (VarArgument c)))
 (TupleIndexExpr
  (TupleType (ArrayType (IntType) 1) (IntType))
  (ArrayIndexExpr
   (TupleType (TupleType (ArrayType (IntType) 1) (IntType)) (FloatType))
   (ArrayLoopExpr
    (ArrayType
     (TupleType (TupleType (ArrayType (IntType) 1) (IntType)) (FloatType))
     1)
    a
    (BinopExpr
     (IntType)
     (IfExpr
      (IntType)
      (TrueExpr (BoolType))
      (VarExpr (IntType) argnum)
      (VarExpr (IntType) argnum))
     -
     (IntExpr (IntType) 520))
    (TupleLiteralExpr
     (TupleType (TupleType (ArrayType (IntType) 1) (IntType)) (FloatType))
     (TupleLiteralExpr
      (TupleType (ArrayType (IntType) 1) (IntType))
      (VarExpr (ArrayType (IntType) 1) args)
      (VarExpr (IntType) argnum))
     (UnopExpr (FloatType) - (FloatExpr (FloatType) 76))))
   (VarExpr (IntType) argnum))
  0))
(LetCmd
 (ArgLValue (VarArgument d))
 (TupleIndexExpr
  (IntType)
  (IfExpr
   (TupleType (IntType) (BoolType))
   (BinopExpr
    (BoolType)
    (TupleIndexExpr
     (BoolType)
     (TupleLiteralExpr
      (TupleType (ArrayType (IntType) 1) (BoolType) (BoolType))
      (VarExpr (ArrayType (IntType) 1) args)
      (TrueExpr (BoolType))
      (TrueExpr (BoolType)))
     1)
    ==
    (BinopExpr
     (BoolType)
     (IfExpr
      (FloatType)
      (TrueExpr (BoolType))
      (FloatExpr (FloatType) 74)
      (FloatExpr (FloatType) 84))
     ==
     (SumLoopExpr
      (FloatType)
      d
      (VarExpr (IntType) argnum)
      (FloatExpr (FloatType) 4))))
   (IfExpr
    (TupleType (IntType) (BoolType))
    (UnopExpr
     (BoolType)
     !
     (BinopExpr (BoolType) (FalseExpr (BoolType)) || (FalseExpr (BoolType))))
    (TupleLiteralExpr
     (TupleType (IntType) (BoolType))
     (VarExpr (IntType) b)
     (TrueExpr (BoolType)))
    (TupleLiteralExpr
     (TupleType (IntType) (BoolType))
     (UnopExpr (IntType) - (VarExpr (IntType) b))
     (BinopExpr (BoolType) (VarExpr (IntType) b) != (VarExpr (IntType) b))))
   (TupleLiteralExpr
    (TupleType (IntType) (BoolType))
    (ArrayIndexExpr
     (IntType)
     (ArrayLiteralExpr
      (ArrayType (IntType) 1)
      (VarExpr (IntType) argnum)
      (VarExpr (IntType) argnum)
      (VarExpr (IntType) c))
     (UnopExpr (IntType) - (IntExpr (IntType) 408)))
    (BinopExpr
     (BoolType)
     (UnopExpr (BoolType) ! (TrueExpr (BoolType)))
     &&
     (TrueExpr (BoolType)))))
  0))
(ReadCmd "e.png" (VarArgument e))
(AssertCmd
 (UnopExpr
  (BoolType)
  !
  (BinopExpr
   (BoolType)
   (UnopExpr
    (BoolType)
    !
    (BinopExpr
     (BoolType)
     (FalseExpr (BoolType))
     ||
     (UnopExpr (BoolType) ! (TrueExpr (BoolType)))))
   &&
   (ArrayIndexExpr
    (BoolType)
    (ArrayLoopExpr
     (ArrayType (BoolType) 3)
     f
     (UnopExpr (IntType) - (VarExpr (IntType) d))
     g
     (SumLoopExpr (IntType) f (IntExpr (IntType) 889) (VarExpr (IntType) c))
     h
     (SumLoopExpr
      (IntType)
      f
      (VarExpr (IntType) c)
      g
      (VarExpr (IntType) c)
      (VarExpr (IntType) argnum))
     (UnopExpr (BoolType) ! (TrueExpr (BoolType))))
    (SumLoopExpr
     (IntType)
     f
     (VarExpr (IntType) d)
     g
     (IntExpr (IntType) 988)
     h
     (VarExpr (IntType) c)
     (IfExpr
      (IntType)
      (TrueExpr (BoolType))
      (VarExpr (IntType) b)
      (IntExpr (IntType) 531)))
    (IfExpr
     (IntType)
     (BinopExpr
      (BoolType)
      (FloatExpr (FloatType) 74)
      >=
      (FloatExpr (FloatType) 74))
     (UnopExpr (IntType) - (VarExpr (IntType) c))
     (IntExpr (IntType) 58))
    (BinopExpr
     (IntType)
     (UnopExpr (IntType) - (IntExpr (IntType) 560))
     +
     (VarExpr (IntType) d)))))
 "f")
(LetCmd
 (ArgLValue (VarArgument f))
 (SumLoopExpr
  (IntType)
  f
  (IntExpr (IntType) 979)
  g
  (TupleIndexExpr
   (IntType)
   (ArrayIndexExpr
    (TupleType (IntType))
    (ArrayLoopExpr
     (ArrayType (TupleType (IntType)) 3)
     f
     (SumLoopExpr
      (IntType)
      f
      (VarExpr (IntType) argnum)
      g
      (IntExpr (IntType) 732)
      (VarExpr (IntType) f))
     g
     (BinopExpr (IntType) (IntExpr (IntType) 612) + (IntExpr (IntType) 188))
     h
     (VarExpr (IntType) c)
     (TupleLiteralExpr (TupleType (IntType)) (VarExpr (IntType) h)))
    (VarExpr (IntType) d)
    (SumLoopExpr
     (IntType)
     f
     (BinopExpr (IntType) (IntExpr (IntType) 400) + (VarExpr (IntType) argnum))
     (VarExpr (IntType) b))
    (ArrayIndexExpr
     (IntType)
     (ArrayLiteralExpr
      (ArrayType (IntType) 1)
      (VarExpr (IntType) c)
      (VarExpr (IntType) argnum))
     (BinopExpr (IntType) (VarExpr (IntType) b) + (VarExpr (IntType) d))))
   0)
  (VarExpr (IntType) g)))
(LetCmd
 (ArgLValue (VarArgument g))
 (BinopExpr
  (BoolType)
  (TupleIndexExpr
   (BoolType)
   (TupleLiteralExpr
    (TupleType (BoolType) (IntType))
    (ArrayIndexExpr
     (BoolType)
     (ArrayLoopExpr
      (ArrayType (BoolType) 2)
      g
      (IntExpr (IntType) 968)
      h
      (VarExpr (IntType) b)
      (TrueExpr (BoolType)))
     (SumLoopExpr
      (IntType)
      g
      (VarExpr (IntType) b)
      h
      (VarExpr (IntType) f)
      (VarExpr (IntType) b))
     (VarExpr (IntType) c))
    (VarExpr (IntType) c))
   0)
  ||
  (BinopExpr
   (BoolType)
   (SumLoopExpr
    (FloatType)
    g
    (IntExpr (IntType) 796)
    h
    (VarExpr (IntType) d)
    (TupleIndexExpr
     (FloatType)
     (TupleLiteralExpr
      (TupleType (FloatType) (IntType) (IntType))
      (FloatExpr (FloatType) 30)
      (VarExpr (IntType) h)
      (VarExpr (IntType) f))
     0))
   >=
   (FloatExpr (FloatType) 84))))
(LetCmd (ArgLValue (VarArgument h)) (VarExpr (ArrayType (IntType) 1) a))
(ReadCmd "i.png" (VarArgument i))
(WriteCmd
 (TupleIndexExpr
  (ArrayType (TupleType (FloatType) (FloatType) (FloatType) (FloatType)) 2)
  (TupleIndexExpr
   (TupleType
    (IntType)
    (ArrayType (TupleType (FloatType) (FloatType) (FloatType) (FloatType)) 2))
   (IfExpr
    (TupleType
     (ArrayType (TupleType (FloatType) (FloatType) (FloatType) (FloatType)) 2)
     (TupleType
      (IntType)
      (ArrayType (TupleType (FloatType) (FloatType) (FloatType) (FloatType)) 2))
     (BoolType))
    (BinopExpr
     (BoolType)
     (VarExpr (IntType) b)
     <=
     (UnopExpr (IntType) - (VarExpr (IntType) f)))
    (TupleLiteralExpr
     (TupleType
      (ArrayType (TupleType (FloatType) (FloatType) (FloatType) (FloatType)) 2)
      (TupleType
       (IntType)
       (ArrayType
        (TupleType (FloatType) (FloatType) (FloatType) (FloatType))
        2))
      (BoolType))
     (VarExpr
      (ArrayType (TupleType (FloatType) (FloatType) (FloatType) (FloatType)) 2)
      i)
     (TupleLiteralExpr
      (TupleType
       (IntType)
       (ArrayType
        (TupleType (FloatType) (FloatType) (FloatType) (FloatType))
        2))
      (VarExpr (IntType) f)
      (VarExpr
       (ArrayType
        (TupleType (FloatType) (FloatType) (FloatType) (FloatType))
        2)
       e))
     (BinopExpr (BoolType) (FalseExpr (BoolType)) || (VarExpr (BoolType) g)))
    (TupleLiteralExpr
     (TupleType
      (ArrayType (TupleType (FloatType) (FloatType) (FloatType) (FloatType)) 2)
      (TupleType
       (IntType)
       (ArrayType
        (TupleType (FloatType) (FloatType) (FloatType) (FloatType))
        2))
      (BoolType))
     (VarExpr
      (ArrayType (TupleType (FloatType) (FloatType) (FloatType) (FloatType)) 2)
      e)
     (TupleLiteralExpr
      (TupleType
       (IntType)
       (ArrayType
        (TupleType (FloatType) (FloatType) (FloatType) (FloatType))
        2))
      (IntExpr (IntType) 12)
      (VarExpr
       (ArrayType
        (TupleType (FloatType) (FloatType) (FloatType) (FloatType))
        2)
       i))
     (IfExpr
      (BoolType)
      (TrueExpr (BoolType))
      (VarExpr (BoolType) g)
      (FalseExpr (BoolType)))))
   1)
  1)
 "j.png")
(ReadCmd "j.png" (VarArgument j))
(LetCmd
 (ArgLValue (VarArgument k))
 (UnopExpr
  (BoolType)
  !
  (BinopExpr
   (BoolType)
   (UnopExpr (BoolType) ! (VarExpr (BoolType) g))
   ==
   (VarExpr (BoolType) g))))
(LetCmd
 (ArgLValue (ArrayArgument l m n))
 (ArrayIndexExpr
  (ArrayType (IntType) 2)
  (TupleIndexExpr
   (ArrayType (ArrayType (IntType) 2) 2)
   (TupleLiteralExpr
    (TupleType (IntType) (ArrayType (ArrayType (IntType) 2) 2) (FloatType))
    (IfExpr
     (IntType)
     (VarExpr (BoolType) g)
     (IntExpr (IntType) 213)
     (BinopExpr (IntType) (VarExpr (IntType) c) * (VarExpr (IntType) b)))
    (ArrayLoopExpr
     (ArrayType (ArrayType (IntType) 2) 2)
     l
     (VarExpr (IntType) d)
     m
     (VarExpr (IntType) c)
     (ArrayLoopExpr
      (ArrayType (IntType) 2)
      n
      (VarExpr (IntType) m)
      o
      (VarExpr (IntType) f)
      (VarExpr (IntType) d)))
    (SumLoopExpr
     (FloatType)
     l
     (SumLoopExpr
      (IntType)
      l
      (VarExpr (IntType) argnum)
      m
      (VarExpr (IntType) b)
      (VarExpr (IntType) f))
     m
     (VarExpr (IntType) f)
     (UnopExpr (FloatType) - (FloatExpr (FloatType) 0))))
   1)
  (BinopExpr
   (IntType)
   (IfExpr
    (IntType)
    (BinopExpr
     (BoolType)
     (FloatExpr (FloatType) 43)
     >=
     (FloatExpr (FloatType) 17))
    (IfExpr
     (IntType)
     (IfExpr
      (BoolType)
      (TrueExpr (BoolType))
      (VarExpr (BoolType) k)
      (TrueExpr (BoolType)))
     (BinopExpr (IntType) (VarExpr (IntType) c) / (VarExpr (IntType) f))
     (UnopExpr (IntType) - (VarExpr (IntType) argnum)))
    (VarExpr (IntType) f))
   %
   (TupleIndexExpr
    (IntType)
    (IfExpr
     (TupleType (ArrayType (IntType) 1) (IntType))
     (BinopExpr (BoolType) (VarExpr (BoolType) g) == (VarExpr (BoolType) g))
     (TupleLiteralExpr
      (TupleType (ArrayType (IntType) 1) (IntType))
      (VarExpr (ArrayType (IntType) 1) args)
      (VarExpr (IntType) argnum))
     (TupleLiteralExpr
      (TupleType (ArrayType (IntType) 1) (IntType))
      (VarExpr (ArrayType (IntType) 1) h)
      (VarExpr (IntType) c)))
    1))
  (UnopExpr (IntType) - (VarExpr (IntType) b))))
