global jpl_main
global _jpl_main
extern _fail_assertion
extern _jpl_alloc
extern _get_time
extern _show
extern _print
extern _print_time
extern _read_image
extern _write_image
extern _fmod
extern _sqrt
extern _exp
extern _sin
extern _cos
extern _tan
extern _asin
extern _acos
extern _atan
extern _log
extern _pow
extern _atan2
extern _to_int
extern _to_float

section .data
const0: dq 649
const1: db `negative array index`, 0
const2: db `index too large`, 0
const3: db `non-positive loop bound`, 0
const4: db `overflow computing array size`, 0
const5: dq 33.68
const6: dq 18.55
const7: dq 66.79
const8: dq 1
const9: dq 602
const10: dq 196
const11: dq 581
const12: db `divide by zero`, 0
const13: dq 210
const14: dq 74.36
const15: dq 84.43
const16: dq 678
const17: dq 614
const18: dq 794
const19: dq 6.21
const20: dq 31.35
const21: dq 0
const22: dq 62
const23: db `mod by zero`, 0
const24: dq 200
const25: db `f.png`, 0
const26: dq 263
const27: dq 152

section .text
jpl_main:
_jpl_main:
	push rbp
	mov rbp, rsp
	push r12
	mov r12, rbp
	; Allocating 8 bytes for the pointer
	sub rsp, 8
	; Computing bound for a
	sub rsp, 16
	; Moving 16 bytes from rbp - -16 to rsp
		mov r10, [rbp - -16 + 8]
		mov [rsp + 8], r10
		mov r10, [rbp - -16 + 0]
		mov [rsp + 0], r10
	; Allocating 8 bytes for the sum
	sub rsp, 8
	; Computing bound for a
	mov rax, [rel const0] ; 649
	push rax
	mov rax, [rsp]
	; Initialize sum to 0
	mov rax, 0
	mov [rsp + 8], rax ; Move to pre-allocated space
	; Initialize a to 0
	mov rax, 0
	push rax
.jump1: ; Begin body of loop
	; Compare a to its bound
	mov rax, [rsp + 0]
	cmp rax, [rsp + 8]
	jge .jump2 ; If a >= bound, break
.jump3:
	; Compute loop body
	sub rsp, 8
	; Moving 8 bytes from rbp - 56 to rsp
		mov r10, [rbp - 56 + 0]
		mov [rsp + 0], r10
	pop rax
	add [rsp + 16], rax ; Add loop body to sum
	; Increment a
	add qword [rsp + 0], 1
	jmp .jump1
.jump2: ; End body of loop
	; Free all loop variables
	add rsp, 8
	; Free all loop bounds
	add rsp, 8
	; sum left on stack
	mov rax, [rsp + 0]
	cmp rax, 0
	jge .jump4
	sub rsp, 8 ; Align stack
	lea rdi, [rel const1] ; negative array index
	call _fail_assertion
	add rsp, 8 ; Remove alignment
.jump4:
	cmp rax, [rsp + 8]
	jl .jump5
	sub rsp, 8 ; Align stack
	lea rdi, [rel const2] ; index too large
	call _fail_assertion
	add rsp, 8 ; Remove alignment
.jump5:
	mov rax, 0
	imul rax, [rsp + 8] ; No overflow if indices in bounds
	add rax, [rsp + 0]
	shl rax, 3
	add rax, [rsp + 16]
	add rsp, 8
	add rsp, 16
	sub rsp, 8
	; Moving 8 bytes from rax to rsp
		mov r10, [rax + 0]
		mov [rsp + 0], r10
	mov rax, [rsp]
	cmp rax, 0
	jg .jump6
	sub rsp, 8 ; Align stack
	lea rdi, [rel const3] ; non-positive loop bound
	call _fail_assertion
	add rsp, 8 ; Remove alignment
.jump6:
	; Computing total size of heap memory to allocate
	mov rdi, 8 ; sizeof bool
imul rdi, [rsp + 0 + 0] ; multiply by args[(sum[a : 649] a)]
	jno .jump7
	sub rsp, 8 ; Align stack
	lea rdi, [rel const4] ; overflow computing array size
	call _fail_assertion
	add rsp, 8 ; Remove alignment
.jump7:
	sub rsp, 8 ; Align stack
	call _jpl_alloc ; Put pointer to heap space in RAX
	add rsp, 8 ; Remove alignment
	mov [rsp + 8], rax ; Move to pre-allocated space
	; Initialize a to 0
	mov rax, 0
	push rax
.jump8: ; Begin body of loop
	; Compare a to its bound
	mov rax, [rsp + 0]
	cmp rax, [rsp + 8]
	jge .jump9 ; If a >= bound, break
.jump10:
	; Compute loop body
	mov rax, [rel const5] ; 33.68
	push rax
	movsd xmm1, [rsp]
	add rsp, 8
	pxor xmm0, xmm0
	subsd xmm0, xmm1
	sub rsp, 8
	movsd [rsp], xmm0
	mov rax, [rel const6] ; 18.55
	push rax
	mov rax, [rel const7] ; 66.79
	push rax
	movsd xmm0, [rsp]
	add rsp, 8
	movsd xmm1, [rsp]
	add rsp, 8
	addsd xmm0, xmm1
	sub rsp, 8
	movsd [rsp], xmm0
	movsd xmm0, [rsp]
	add rsp, 8
	movsd xmm1, [rsp]
	add rsp, 8
	cmpltsd xmm0, xmm1
	movq rax, xmm0
	and rax, 1
	push rax
	; Index to store in
	mov rax, 0
	imul rax, [rsp + 16] ; No overflow if indices in bounds
	add rax, [rsp + 8]
	shl rax, 3
	add rax, [rsp + 24]
	; Move body (8 bytes) to index
	; Moving 8 bytes from rsp to rax
		mov r10, [rsp + 0]
		mov [rax + 0], r10
	add rsp, 8
	; Increment a
	add qword [rsp + 0], 1
	jmp .jump8
.jump9: ; End body of loop
	; Free all loop variables
	add rsp, 8
	; array left on stack
	sub rsp, 16
	; Moving 16 bytes from rbp - -16 to rsp
		mov r10, [rbp - -16 + 8]
		mov [rsp + 8], r10
		mov r10, [rbp - -16 + 0]
		mov [rsp + 0], r10
	; Moving 16 bytes from rsp + 0 to rsp + 0
		mov r10, [rsp + 0 + 8]
		mov [rsp + 0 + 8], r10
		mov r10, [rsp + 0 + 0]
		mov [rsp + 0 + 0], r10
	add rsp, 0
	mov rax, [rel const8] ; True
	push rax
	pop rax
	xor rax, 1
	push rax
	pop rax
	cmp rax, 0
	je .jump11
	mov rax, [rel const9] ; 602
	push rax
	jmp .jump12
.jump11:
	sub rsp, 8
	; Moving 8 bytes from rbp - -16 to rsp
		mov r10, [rbp - -16 + 0]
		mov [rsp + 0], r10
	pop rax
	neg rax
	push rax
.jump12:
	mov rax, [rsp + 0]
	cmp rax, 0
	jge .jump13
	lea rdi, [rel const1] ; negative array index
	call _fail_assertion
.jump13:
	cmp rax, [rsp + 8]
	jl .jump14
	lea rdi, [rel const2] ; index too large
	call _fail_assertion
.jump14:
	mov rax, 0
	imul rax, [rsp + 8] ; No overflow if indices in bounds
	add rax, [rsp + 0]
	shl rax, 3
	add rax, [rsp + 16]
	add rsp, 8
	add rsp, 16
	sub rsp, 8
	; Moving 8 bytes from rax to rsp
		mov r10, [rax + 0]
		mov [rsp + 0], r10
	mov rax, [rsp + 0]
	cmp rax, 0
	jge .jump15
	lea rdi, [rel const1] ; negative array index
	call _fail_assertion
.jump15:
	cmp rax, [rsp + 8]
	jl .jump16
	lea rdi, [rel const2] ; index too large
	call _fail_assertion
.jump16:
	mov rax, 0
	imul rax, [rsp + 8] ; No overflow if indices in bounds
	add rax, [rsp + 0]
	shl rax, 3
	add rax, [rsp + 16]
	add rsp, 8
	add rsp, 16
	sub rsp, 8
	; Moving 8 bytes from rax to rsp
		mov r10, [rax + 0]
		mov [rsp + 0], r10
	pop rax
	cmp rax, 0
	je .jump17
	mov rdi, 0
	sub rsp, 8 ; Align stack
	call _jpl_alloc
	add rsp, 8 ; Remove alignment
	; Moving 0 bytes from rsp to rax
	add rsp, 0
	push rax
	mov rax, 1
	push rax
	; Moving 16 bytes from rsp + 0 to rsp + 0
		mov r10, [rsp + 0 + 8]
		mov [rsp + 0 + 8], r10
		mov r10, [rsp + 0 + 0]
		mov [rsp + 0 + 0], r10
	add rsp, 0
	; Allocating 8 bytes for the sum
	sub rsp, 8
	; Computing bound for a
	sub rsp, 8
	; Moving 8 bytes from rbp - -16 to rsp
		mov r10, [rbp - -16 + 0]
		mov [rsp + 0], r10
	mov rax, [rsp]
	cmp rax, 0
	jg .jump19
	sub rsp, 8 ; Align stack
	lea rdi, [rel const3] ; non-positive loop bound
	call _fail_assertion
	add rsp, 8 ; Remove alignment
.jump19:
	; Initialize sum to 0
	mov rax, 0
	mov [rsp + 8], rax ; Move to pre-allocated space
	; Initialize a to 0
	mov rax, 0
	push rax
.jump20: ; Begin body of loop
	; Compare a to its bound
	mov rax, [rsp + 0]
	cmp rax, [rsp + 8]
	jge .jump21 ; If a >= bound, break
.jump22:
	; Compute loop body
	sub rsp, 8
	; Moving 8 bytes from rbp - 48 to rsp
		mov r10, [rbp - 48 + 0]
		mov [rsp + 0], r10
	pop rax
	add [rsp + 16], rax ; Add loop body to sum
	; Increment a
	add qword [rsp + 0], 1
	jmp .jump20
.jump21: ; End body of loop
	; Free all loop variables
	add rsp, 8
	; Free all loop bounds
	add rsp, 8
	; sum left on stack
	mov rax, [rsp + 0]
	cmp rax, 0
	jge .jump23
	lea rdi, [rel const1] ; negative array index
	call _fail_assertion
.jump23:
	cmp rax, [rsp + 8]
	jl .jump24
	lea rdi, [rel const2] ; index too large
	call _fail_assertion
.jump24:
	mov rax, 0
	imul rax, [rsp + 8] ; No overflow if indices in bounds
	add rax, [rsp + 0]
	imul rax, 0
	add rax, [rsp + 16]
	add rsp, 8
	add rsp, 16
	sub rsp, 0
	; Moving 0 bytes from rax to rsp
	jmp .jump18
.jump17:
	; Moving 0 bytes from rsp + 0 to rsp + 0
	add rsp, 0
	; Moving 0 bytes from rsp + 0 to rsp + 0
	add rsp, 0
.jump18:
	; Allocating 8 bytes for the pointer
	sub rsp, 8
	; Computing bound for a
	sub rsp, 8
	; Moving 8 bytes from rbp - -16 to rsp
		mov r10, [rbp - -16 + 0]
		mov [rsp + 0], r10
	mov rax, [rel const8] ; True
	push rax
	pop rax
	cmp rax, 0
	je .jump25
	mov rax, [rel const10] ; 196
	push rax
	jmp .jump26
.jump25:
	mov rax, [rel const11] ; 581
	push rax
.jump26:
	pop rax
	neg rax
	push rax
	pop rax
	pop r10
	cmp r10, 0
	jne .jump27
	lea rdi, [rel const12] ; divide by zero
	call _fail_assertion
.jump27:
	cqo
	idiv r10
	push rax
	mov rax, [rsp]
	cmp rax, 0
	jg .jump28
	sub rsp, 8 ; Align stack
	lea rdi, [rel const3] ; non-positive loop bound
	call _fail_assertion
	add rsp, 8 ; Remove alignment
.jump28:
	; Computing total size of heap memory to allocate
	mov rdi, 16 ; sizeof int[]
	imul rdi, [rsp + 0 + 0] ; multiply by ((- (if true then 196 else 581)) / argnum)
	jno .jump29
	sub rsp, 8 ; Align stack
	lea rdi, [rel const4] ; overflow computing array size
	call _fail_assertion
	add rsp, 8 ; Remove alignment
.jump29:
	sub rsp, 8 ; Align stack
	call _jpl_alloc ; Put pointer to heap space in RAX
	add rsp, 8 ; Remove alignment
	mov [rsp + 8], rax ; Move to pre-allocated space
	; Initialize a to 0
	mov rax, 0
	push rax
.jump30: ; Begin body of loop
	; Compare a to its bound
	mov rax, [rsp + 0]
	cmp rax, [rsp + 8]
	jge .jump31 ; If a >= bound, break
.jump32:
	; Compute loop body
	mov rax, [rel const8] ; True
	push rax
	pop rax
	cmp rax, 0
	je .jump33
	sub rsp, 16
	; Moving 16 bytes from rbp - -16 to rsp
		mov r10, [rbp - -16 + 8]
		mov [rsp + 8], r10
		mov r10, [rbp - -16 + 0]
		mov [rsp + 0], r10
	jmp .jump34
.jump33:
	sub rsp, 16
	; Moving 16 bytes from rbp - -16 to rsp
		mov r10, [rbp - -16 + 8]
		mov [rsp + 8], r10
		mov r10, [rbp - -16 + 0]
		mov [rsp + 0], r10
.jump34:
	; Moving 16 bytes from rsp + 0 to rsp + 0
		mov r10, [rsp + 0 + 8]
		mov [rsp + 0 + 8], r10
		mov r10, [rsp + 0 + 0]
		mov [rsp + 0 + 0], r10
	add rsp, 0
	; Index to store in
	mov rax, 0
	imul rax, [rsp + 24] ; No overflow if indices in bounds
	add rax, [rsp + 16]
	shl rax, 4
	add rax, [rsp + 32]
	; Move body (16 bytes) to index
	; Moving 16 bytes from rsp to rax
		mov r10, [rsp + 8]
		mov [rax + 8], r10
		mov r10, [rsp + 0]
		mov [rax + 0], r10
	add rsp, 16
	; Increment a
	add qword [rsp + 0], 1
	jmp .jump30
.jump31: ; End body of loop
	; Free all loop variables
	add rsp, 8
	; array left on stack
	; Allocating 8 bytes for the sum
	sub rsp, 8
	; Computing bound for a
	mov rax, [rel const13] ; 210
	push rax
	mov rax, [rsp]
	; Initialize sum to 0
	mov rax, 0
	mov [rsp + 8], rax ; Move to pre-allocated space
	; Initialize a to 0
	mov rax, 0
	push rax
.jump35: ; Begin body of loop
	; Compare a to its bound
	mov rax, [rsp + 0]
	cmp rax, [rsp + 8]
	jge .jump36 ; If a >= bound, break
.jump37:
	; Compute loop body
	mov rax, [rel const14] ; 74.36
	push rax
	movsd xmm0, [rsp]
	add rsp, 8
	movsd xmm1, [rsp + 16] ; Load sum
	addsd xmm0, xmm1 ; Add loop body
	movsd [rsp + 16], xmm0 ; Save sum
	; Increment a
	add qword [rsp + 0], 1
	jmp .jump35
.jump36: ; End body of loop
	; Free all loop variables
	add rsp, 8
	; Free all loop bounds
	add rsp, 8
	; sum left on stack
	mov rax, [rel const15] ; 84.43
	push rax
	movsd xmm0, [rsp]
	add rsp, 8
	movsd xmm1, [rsp]
	add rsp, 8
	cmplesd xmm1, xmm0
	movq rax, xmm1
	and rax, 1
	push rax
	pop rax
	cmp rax, 0
	je .jump38
	mov rax, [rel const16] ; 678
	push rax
	mov rdi, 8
	call _jpl_alloc
	; Moving 8 bytes from rsp to rax
		mov r10, [rsp + 0]
		mov [rax + 0], r10
	add rsp, 8
	push rax
	mov rax, 1
	push rax
	jmp .jump39
.jump38:
	mov rax, [rel const17] ; 614
	push rax
	pop rax
	neg rax
	push rax
	mov rdi, 8
	call _jpl_alloc
	; Moving 8 bytes from rsp to rax
		mov r10, [rsp + 0]
		mov [rax + 0], r10
	add rsp, 8
	push rax
	mov rax, 1
	push rax
.jump39:
	mov rax, [rel const18] ; 794
	push rax
	mov rax, [rsp + 0]
	cmp rax, 0
	jge .jump40
	lea rdi, [rel const1] ; negative array index
	call _fail_assertion
.jump40:
	cmp rax, [rsp + 8]
	jl .jump41
	lea rdi, [rel const2] ; index too large
	call _fail_assertion
.jump41:
	mov rax, 0
	imul rax, [rsp + 8] ; No overflow if indices in bounds
	add rax, [rsp + 0]
	shl rax, 3
	add rax, [rsp + 16]
	add rsp, 8
	add rsp, 16
	sub rsp, 8
	; Moving 8 bytes from rax to rsp
		mov r10, [rax + 0]
		mov [rsp + 0], r10
	mov rax, [rsp + 0]
	cmp rax, 0
	jge .jump42
	lea rdi, [rel const1] ; negative array index
	call _fail_assertion
.jump42:
	cmp rax, [rsp + 8]
	jl .jump43
	lea rdi, [rel const2] ; index too large
	call _fail_assertion
.jump43:
	mov rax, 0
	imul rax, [rsp + 8] ; No overflow if indices in bounds
	add rax, [rsp + 0]
	shl rax, 4
	add rax, [rsp + 16]
	add rsp, 8
	add rsp, 16
	sub rsp, 16
	; Moving 16 bytes from rax to rsp
		mov r10, [rax + 8]
		mov [rsp + 8], r10
		mov r10, [rax + 0]
		mov [rsp + 0], r10
	sub rsp, 8
	; Moving 8 bytes from rbp - -16 to rsp
		mov r10, [rbp - -16 + 0]
		mov [rsp + 0], r10
	mov rax, [rel const19] ; 6.21
	push rax
	movsd xmm1, [rsp]
	add rsp, 8
	pxor xmm0, xmm0
	subsd xmm0, xmm1
	sub rsp, 8
	movsd [rsp], xmm0
	mov rax, [rel const20] ; 31.35
	push rax
	movsd xmm0, [rsp]
	add rsp, 8
	movsd xmm1, [rsp]
	add rsp, 8
	cmpltsd xmm1, xmm0
	movq rax, xmm1
	and rax, 1
	push rax
	pop rax
	cmp rax, 0
	je .jump44
	sub rsp, 8
	; Moving 8 bytes from rbp - -16 to rsp
		mov r10, [rbp - -16 + 0]
		mov [rsp + 0], r10
	sub rsp, 8
	; Moving 8 bytes from rbp - -16 to rsp
		mov r10, [rbp - -16 + 0]
		mov [rsp + 0], r10
	pop rax
	pop r10
	cmp rax, r10
	setge al
	and rax, 1
	push rax
	pop rax
	cmp rax, 0
	je .jump46
	mov rax, [rel const21] ; False
	push rax
	pop rax
	cmp rax, 0
	je .jump48
	mov rax, [rel const22] ; 62
	push rax
	jmp .jump49
.jump48:
	sub rsp, 8
	; Moving 8 bytes from rbp - 24 to rsp
		mov r10, [rbp - 24 + 0]
		mov [rsp + 0], r10
.jump49:
	jmp .jump47
.jump46:
	sub rsp, 8
	; Moving 8 bytes from rbp - -16 to rsp
		mov r10, [rbp - -16 + 0]
		mov [rsp + 0], r10
.jump47:
	jmp .jump45
.jump44:
	sub rsp, 8
	; Moving 8 bytes from rbp - 24 to rsp
		mov r10, [rbp - 24 + 0]
		mov [rsp + 0], r10
.jump45:
	pop rax
	pop r10
	cmp r10, 0
	jne .jump50
	sub rsp, 8 ; Align stack
	lea rdi, [rel const23] ; mod by zero
	call _fail_assertion
	add rsp, 8 ; Remove alignment
.jump50:
	cqo
	idiv r10
	mov rax, rdx
	push rax
	; Allocating 8 bytes for the sum
	sub rsp, 8
	; Computing bound for c
	mov rax, [rel const24] ; 200
	push rax
	sub rsp, 8
	; Moving 8 bytes from rbp - 24 to rsp
		mov r10, [rbp - 24 + 0]
		mov [rsp + 0], r10
	pop rax
	neg rax
	push rax
	pop rax
	pop r10
	add rax, r10
	push rax
	mov rax, [rsp]
	cmp rax, 0
	jg .jump51
	lea rdi, [rel const3] ; non-positive loop bound
	call _fail_assertion
.jump51:
	; Initialize sum to 0
	mov rax, 0
	mov [rsp + 8], rax ; Move to pre-allocated space
	; Initialize c to 0
	mov rax, 0
	push rax
.jump52: ; Begin body of loop
	; Compare c to its bound
	mov rax, [rsp + 0]
	cmp rax, [rsp + 8]
	jge .jump53 ; If c >= bound, break
.jump54:
	; Compute loop body
	sub rsp, 8
	; Moving 8 bytes from rbp - 56 to rsp
		mov r10, [rbp - 56 + 0]
		mov [rsp + 0], r10
	pop rax
	add [rsp + 16], rax ; Add loop body to sum
	; Increment c
	add qword [rsp + 0], 1
	jmp .jump52
.jump53: ; End body of loop
	; Free all loop variables
	add rsp, 8
	; Free all loop bounds
	add rsp, 8
	; sum left on stack
	pop rax
	pop r10
	cmp rax, r10
	setne al
	and rax, 1
	push rax
	; Moving 0 bytes from rsp + 0 to rsp + 0
	add rsp, 0
	sub rsp, 16
	; Moving 16 bytes from rbp - 24 to rsp
		mov r10, [rbp - 24 + 8]
		mov [rsp + 8], r10
		mov r10, [rbp - 24 + 0]
		mov [rsp + 0], r10
	mov rdi, 16
	call _jpl_alloc
	; Moving 16 bytes from rsp to rax
		mov r10, [rsp + 8]
		mov [rax + 8], r10
		mov r10, [rsp + 0]
		mov [rax + 0], r10
	add rsp, 16
	push rax
	mov rax, 1
	push rax
	sub rsp, 24
	lea rdi, [rsp]
	sub rsp, 8 ; Align stack
	lea rsi, [rel const25] ; f.png
	call _read_image
	add rsp, 8 ; Remove alignment
	sub rsp, 16
	; Moving 16 bytes from rbp - 48 to rsp
		mov r10, [rbp - 48 + 8]
		mov [rsp + 8], r10
		mov r10, [rbp - 48 + 0]
		mov [rsp + 0], r10
	sub rsp, 8
	; Moving 8 bytes from rbp - 48 to rsp
		mov r10, [rbp - 48 + 0]
		mov [rsp + 0], r10
	mov rax, [rsp + 0]
	cmp rax, 0
	jge .jump55
	lea rdi, [rel const1] ; negative array index
	call _fail_assertion
.jump55:
	cmp rax, [rsp + 8]
	jl .jump56
	lea rdi, [rel const2] ; index too large
	call _fail_assertion
.jump56:
	mov rax, 0
	imul rax, [rsp + 8] ; No overflow if indices in bounds
	add rax, [rsp + 0]
	shl rax, 4
	add rax, [rsp + 16]
	add rsp, 8
	add rsp, 16
	sub rsp, 16
	; Moving 16 bytes from rax to rsp
		mov r10, [rax + 8]
		mov [rsp + 8], r10
		mov r10, [rax + 0]
		mov [rsp + 0], r10
	mov rax, [rel const26] ; 263
	push rax
	sub rsp, 8
	; Moving 8 bytes from rbp - -16 to rsp
		mov r10, [rbp - -16 + 0]
		mov [rsp + 0], r10
	pop rax
	neg rax
	push rax
	; Allocating 8 bytes for the sum
	sub rsp, 8
	; Computing bound for i
	sub rsp, 8
	; Moving 8 bytes from rbp - 48 to rsp
		mov r10, [rbp - 48 + 0]
		mov [rsp + 0], r10
	mov rax, [rsp]
	cmp rax, 0
	jg .jump57
	sub rsp, 8 ; Align stack
	lea rdi, [rel const3] ; non-positive loop bound
	call _fail_assertion
	add rsp, 8 ; Remove alignment
.jump57:
	; Initialize sum to 0
	mov rax, 0
	mov [rsp + 8], rax ; Move to pre-allocated space
	; Initialize i to 0
	mov rax, 0
	push rax
.jump58: ; Begin body of loop
	; Compare i to its bound
	mov rax, [rsp + 0]
	cmp rax, [rsp + 8]
	jge .jump59 ; If i >= bound, break
.jump60:
	; Compute loop body
	sub rsp, 8
	; Moving 8 bytes from rbp - 88 to rsp
		mov r10, [rbp - 88 + 0]
		mov [rsp + 0], r10
	pop rax
	add [rsp + 16], rax ; Add loop body to sum
	; Increment i
	add qword [rsp + 0], 1
	jmp .jump58
.jump59: ; End body of loop
	; Free all loop variables
	add rsp, 8
	; Free all loop bounds
	add rsp, 8
	; sum left on stack
	pop rax
	pop r10
	cmp r10, 0
	jne .jump61
	lea rdi, [rel const23] ; mod by zero
	call _fail_assertion
.jump61:
	cqo
	idiv r10
	mov rax, rdx
	push rax
	pop rax
	pop r10
	imul rax, r10
	push rax
	sub rsp, 8
	; Moving 8 bytes from rbp - 48 to rsp
		mov r10, [rbp - 48 + 0]
		mov [rsp + 0], r10
	pop rax
	neg rax
	push rax
	pop rax
	pop r10
	cmp r10, 0
	jne .jump62
	sub rsp, 8 ; Align stack
	lea rdi, [rel const23] ; mod by zero
	call _fail_assertion
	add rsp, 8 ; Remove alignment
.jump62:
	cqo
	idiv r10
	mov rax, rdx
	push rax
	mov rdi, 8
	call _jpl_alloc
	; Moving 8 bytes from rsp to rax
		mov r10, [rsp + 0]
		mov [rax + 0], r10
	add rsp, 8
	push rax
	mov rax, 1
	push rax
	mov rax, [rel const27] ; 152
	push rax
	mov rax, [rel const21] ; False
	push rax
	pop rax
	cmp rax, 0
	je .jump63
	mov rax, [rel const8] ; True
	push rax
	pop rax
	cmp rax, 0
	je .jump65
	mov rax, [rel const21] ; False
	push rax
	pop rax
.jump65:
	push rax
	jmp .jump64
.jump63:
	sub rsp, 8
	; Moving 8 bytes from rbp - 32 to rsp
		mov r10, [rbp - 32 + 0]
		mov [rsp + 0], r10
	pop rax
	xor rax, 1
	push rax
	pop rax
	cmp rax, 0
	je .jump66
	mov rax, [rel const8] ; True
	push rax
	jmp .jump67
.jump66:
	sub rsp, 8
	; Moving 8 bytes from rbp - 32 to rsp
		mov r10, [rbp - 32 + 0]
		mov [rsp + 0], r10
.jump67:
.jump64:
	; Moving 8 bytes from rsp + 0 to rsp + 0
		mov r10, [rsp + 0 + 0]
		mov [rsp + 0 + 0], r10
	add rsp, 0
	pop rax
	xor rax, 1
	push rax
	sub rsp, 16
	; Moving 16 bytes from rbp - 104 to rsp
		mov r10, [rbp - 104 + 8]
		mov [rsp + 8], r10
		mov r10, [rbp - 104 + 0]
		mov [rsp + 0], r10
	add rsp, 128 ; Local variables
	pop r12
	pop rbp
	ret

