(LetCmd (ArgLValue (ArrayArgument pG...1 i3)) (FloatExpr 8))
(TimeCmd (WriteCmd (ArrayLiteralExpr) ""))
(FnCmd
 M
 ((TupleBinding (TupleBinding (TupleBinding))))
 (TupleType (TupleType) (VarType JR4_))
 (LetStmt (TupleLValue) (VarExpr yj16_T9)))
(ReadCmd "" (ArrayArgument g Ikiia))
(TypeCmd o (TupleType))
(FnCmd
 Y_.T
 ((TupleBinding (VarBinding (ArrayArgument x) (VarType U_))))
 (VarType F_))
(PrintCmd "$'")
(LetCmd (TupleLValue) (TupleLiteralExpr (FloatExpr 0) (TrueExpr)))
(PrintCmd "")
(ShowCmd (TrueExpr))
(TimeCmd (TypeCmd S30BB_ (ArrayType (IntType) 1)))
(FnCmd
 js19__K_Ns
 ((TupleBinding
   (TupleBinding
    (TupleBinding)
    (TupleBinding
     (TupleBinding
      (TupleBinding (TupleBinding (TupleBinding) (TupleBinding)))
      (VarBinding (VarArgument E) (ArrayType (TupleType (VarType c_P)) 2)))
     (TupleBinding (TupleBinding)))
    (VarBinding
     (ArrayArgument J_.0X53X9.e0 s5_R.e7Z3R1_jg8.)
     (TupleType (VarType m3)))
    (TupleBinding))))
 (ArrayType (TupleType) 4))
(LetCmd
 (ArgLValue (ArrayArgument J4105 q02))
 (ArrayIndexExpr
  (FloatExpr 0)
  (TupleLiteralExpr (TupleLiteralExpr (FalseExpr) (CallExpr B288.3l14)))))
