(ShowCmd (TrueExpr))
(TypeCmd X.8036_ (ArrayType (TupleType (TupleType)) 1))
(TimeCmd (TypeCmd b (FloatType)))
(ReadCmd "&" (ArrayArgument te..8 H))
(FnCmd
 E_.C
 ((VarBinding (VarArgument YXa3r) (VarType ZIF)))
 (BoolType)
 (ReturnStmt (IntExpr 2)))
(TimeCmd
 (LetCmd
  (TupleLValue
   (ArgLValue (ArrayArgument sU__57 I_tmVZ6N2 YH S))
   (ArgLValue (VarArgument O)))
  (TupleIndexExpr (TrueExpr) 557)))
(ReadCmd "" (ArrayArgument R905_292w u600k_g))
(WriteCmd (FalseExpr) "'")
(FnCmd
 L
 ((TupleBinding
   (TupleBinding
    (TupleBinding
     (VarBinding
      (ArrayArgument i)
      (ArrayType
       (TupleType
        (IntType)
        (TupleType)
        (ArrayType (ArrayType (TupleType) 4) 1))
       2))))))
 (BoolType)
 (AssertStmt (VarExpr pgQ_6hM2) ""))
(PrintCmd "")
(LetCmd (ArgLValue (ArrayArgument G)) (ArrayLiteralExpr))
(AssertCmd (VarExpr O) "")
(ShowCmd
 (TupleLiteralExpr
  (ArrayIndexExpr (CallExpr K.sX2.) (TrueExpr) (ArrayLiteralExpr))))
(AssertCmd (FalseExpr) "")
(ReadCmd "\" (VarArgument S5))
(FnCmd
 J58_3bf.58RG
 ((TupleBinding
   (VarBinding (VarArgument P_) (VarType uRI))
   (TupleBinding)
   (TupleBinding)))
 (IntType)
 (AssertStmt (FloatExpr 70) "")
 (AssertStmt (FalseExpr) ""))
(TypeCmd K (ArrayType (VarType bK_) 6))
(FnCmd
 M._R
 ((TupleBinding)
  (TupleBinding
   (TupleBinding (TupleBinding))
   (VarBinding (VarArgument qi00) (VarType a2B))))
 (TupleType (TupleType))
 (LetStmt (ArgLValue (VarArgument mH99)) (TrueExpr))
 (LetStmt
  (TupleLValue)
  (CallExpr H (FloatExpr 527) (VarExpr j3B) (ArrayLiteralExpr))))
(LetCmd (ArgLValue (ArrayArgument A JkT7)) (VarExpr b.i))
(ShowCmd (VarExpr F))
