(WriteCmd (TrueExpr) "-:(=")
(WriteCmd (CallExpr s. (TrueExpr)) "")
(TypeCmd B3 (VarType x.Z))
(TimeCmd (TypeCmd M_4. (FloatType)))
(ShowCmd
 (ArrayIndexExpr
  (VarExpr F)
  (IntExpr 881)
  (ArrayIndexExpr (TrueExpr) (VarExpr X4___.) (TupleLiteralExpr))))
(AssertCmd (IntExpr 3) "")
(TimeCmd
 (FnCmd
  s1.h..3W5.
  ((VarBinding (ArrayArgument a8 WKV) (IntType))
   (VarBinding (VarArgument Y2._.z3) (BoolType)))
  (BoolType)))
(FnCmd
 y2
 ((VarBinding (VarArgument T4) (TupleType)))
 (TupleType (TupleType))
 (LetStmt
  (TupleLValue
   (TupleLValue
    (ArgLValue (VarArgument fN))
    (ArgLValue (ArrayArgument W.Y463))))
  (FalseExpr))
 (LetStmt (ArgLValue (ArrayArgument Y7V__)) (TrueExpr))
 (AssertStmt (VarExpr k3_1h38) " "))
(TimeCmd
 (FnCmd
  S1
  ((TupleBinding
    (TupleBinding
     (VarBinding (ArrayArgument r73) (FloatType))
     (VarBinding (ArrayArgument wc_M.) (FloatType))
     (TupleBinding))))
  (ArrayType (FloatType) 3)
  (AssertStmt (VarExpr Yy.) "")))
(ReadCmd "" (ArrayArgument NUOL.63YN4.4.5__ F_))
(FnCmd
 K
 ((TupleBinding))
 (TupleType)
 (LetStmt (ArgLValue (VarArgument M.5)) (IntExpr 8)))
(PrintCmd "_")
(WriteCmd (VarExpr o) "")
(FnCmd
 Q6C
 ((TupleBinding))
 (ArrayType (VarType a) 3)
 (ReturnStmt (VarExpr a))
 (LetStmt (ArgLValue (ArrayArgument m4)) (CallExpr mYw_J. (VarExpr W)))
 (ReturnStmt (TupleLiteralExpr)))
(PrintCmd "")
(PrintCmd "")
