(TypeCmd c (TupleType (VarType P.)))
(PrintCmd "")
(TimeCmd
 (AssertCmd (ArrayLiteralExpr (TupleLiteralExpr (IntExpr 52) (CallExpr z))) ""))
(AssertCmd (ArrayLiteralExpr (TupleIndexExpr (ArrayLiteralExpr) 69222)) "(")
(ReadCmd "^" (ArrayArgument RA))
(ReadCmd "" (VarArgument xUl4_R))
(PrintCmd "#`")
(FnCmd
 F
 ((VarBinding (ArrayArgument a__ G.q F6 r M T cjx zLY) (TupleType)))
 (BoolType))
(ReadCmd "&^&" (ArrayArgument E))
(LetCmd (TupleLValue) (FalseExpr))
(AssertCmd (TrueExpr) "('%:")
(FnCmd
 N.z29._6r2.R
 ((TupleBinding))
 (TupleType)
 (AssertStmt (TupleLiteralExpr (VarExpr eFEc.)) "W")
 (ReturnStmt (CallExpr NG.__04.)))
