(FnCmd
 OD
 ((TupleBinding
   (TupleBinding)
   (TupleBinding)
   (TupleBinding
    (TupleBinding)
    (VarBinding (VarArgument qe4_409N3P55) (IntType))
    (TupleBinding)
    (VarBinding (VarArgument w) (BoolType))))
  (VarBinding (VarArgument vC742_1x) (BoolType)))
 (BoolType))
(LetCmd (ArgLValue (VarArgument MOT..4_B)) (TrueExpr))
(AssertCmd (IntExpr 0) "$")
(AssertCmd (ArrayIndexExpr (TrueExpr) (TupleLiteralExpr)) ",$")
(WriteCmd (ArrayLiteralExpr (FloatExpr 0) (TupleLiteralExpr)) "")
(TimeCmd
 (FnCmd
  g
  ((VarBinding
    (ArrayArgument I_..2_46 I2v t3.)
    (TupleType (ArrayType (FloatType) 4))))
  (BoolType)
  (AssertStmt (ArrayIndexExpr (VarExpr d) (CallExpr fU9. (FloatExpr 0))) ",")))
(WriteCmd (CallExpr r_B) "'?")
(WriteCmd (CallExpr H (TrueExpr) (TupleLiteralExpr (ArrayLiteralExpr))) "")
(FnCmd
 n.1_36
 ((TupleBinding (TupleBinding)))
 (IntType)
 (LetStmt
  (TupleLValue (ArgLValue (VarArgument C_)))
  (TupleLiteralExpr
   (CallExpr N_a0 (TupleIndexExpr (FalseExpr) 6997) (VarExpr j)))))
(PrintCmd "  ,/")
(ShowCmd (ArrayIndexExpr (ArrayIndexExpr (TupleLiteralExpr) (CallExpr m._9))))
