(WriteCmd (TrueExpr) "9Le?")
(AssertCmd (FalseExpr) ".")
(AssertCmd (VarExpr Y) "Kb")
(ShowCmd (FalseExpr))
(PrintCmd "")
(WriteCmd (FloatExpr 0) "")
(TypeCmd Y (VarType k))
(ReadCmd "" (VarArgument N))
(ReadCmd ")" (ArrayArgument z o u))
(ReadCmd "" (ArrayArgument O f F Q))
(ReadCmd "" (VarArgument R))
(LetCmd (ArgLValue (VarArgument M)) (FloatExpr 0))
(TimeCmd (TypeCmd Y (FloatType)))
(ReadCmd "_" (VarArgument r))
(PrintCmd "")
(AssertCmd (VarExpr f) "TH")
(TimeCmd
 (AssertCmd (ArrayIndexExpr (FloatExpr 0) (FalseExpr) (FalseExpr)) ";D6"))
(WriteCmd (FalseExpr) "")
(LetCmd (TupleLValue (ArgLValue (VarArgument l)) (TupleLValue)) (VarExpr c))
(PrintCmd "")
(AssertCmd (VarExpr e) "sI")
(PrintCmd ".E~?")
(TimeCmd (LetCmd (ArgLValue (VarArgument V)) (TupleLiteralExpr)))
(TimeCmd (LetCmd (TupleLValue (ArgLValue (VarArgument m))) (FloatExpr 52)))
(WriteCmd
 (ArrayLoopExpr
  y
  (TupleLiteralExpr (IntExpr 11) (IntExpr 1))
  (TupleIndexExpr (VarExpr Z) 9))
 "")
(WriteCmd (IntExpr 9) "eH")
(AssertCmd
 (ArrayLoopExpr
  (SumLoopExpr (SumLoopExpr j (TupleIndexExpr (TrueExpr) 54) (CallExpr E))))
 "W{u|")
(LetCmd (TupleLValue) (TupleIndexExpr (VarExpr F) 9))
(PrintCmd "")
(LetCmd
 (ArgLValue (VarArgument N))
 (ArrayIndexExpr
  (ArrayIndexExpr
   (CallExpr m)
   (TupleIndexExpr
    (ArrayIndexExpr
     (TupleLiteralExpr (ArrayLoopExpr (TupleLiteralExpr)))
     (TupleLiteralExpr (ArrayLoopExpr (TrueExpr))))
    7))
  (FloatExpr 0)))
(LetCmd
 (TupleLValue (ArgLValue (ArrayArgument v C C n)))
 (IfExpr (TrueExpr) (FalseExpr) (TrueExpr)))
(TypeCmd G (ArrayType (BoolType) 2))
(ReadCmd ">" (VarArgument F))
(WriteCmd (VarExpr r) "")
(AssertCmd (TupleIndexExpr (VarExpr x) 1) "\")
(TimeCmd (LetCmd (TupleLValue (TupleLValue)) (FloatExpr 0)))
(ShowCmd (FalseExpr))
(TypeCmd o (TupleType (BoolType)))
(PrintCmd "")
(ShowCmd (VarExpr U))
(ShowCmd (ArrayLoopExpr x (CallExpr d) F (VarExpr s) (VarExpr O)))
(TimeCmd (TimeCmd (AssertCmd (TrueExpr) "")))
(TypeCmd R (FloatType))
(LetCmd (ArgLValue (ArrayArgument g h)) (TupleIndexExpr (IntExpr 70) 5))
(ReadCmd "" (VarArgument W))
(AssertCmd (CallExpr T (VarExpr A)) "")
(WriteCmd (IfExpr (TupleLiteralExpr) (ArrayLiteralExpr) (TrueExpr)) "5'")
(AssertCmd (TupleIndexExpr (TrueExpr) 599) "qxuu")
(ShowCmd (CallExpr x (IntExpr 68749)))
(LetCmd
 (ArgLValue (VarArgument h))
 (ArrayLoopExpr
  (TupleLiteralExpr
   (IfExpr (ArrayIndexExpr (FalseExpr) (IntExpr 51)) (IntExpr 9) (IntExpr 7)))))
(TypeCmd P (BoolType))
(ReadCmd "" (ArrayArgument A b))
(ShowCmd
 (IfExpr
  (TupleIndexExpr (FalseExpr) 4)
  (ArrayLoopExpr
   (ArrayLiteralExpr
    (TupleLiteralExpr (IntExpr 2))
    (TupleLiteralExpr (FalseExpr) (ArrayIndexExpr (VarExpr q) (CallExpr c)))))
  (ArrayIndexExpr (FalseExpr))))
(TypeCmd v (IntType))
(ReadCmd "y" (VarArgument y))
(AssertCmd (TupleLiteralExpr) "")
(AssertCmd (FalseExpr) "(g")
(ReadCmd "" (ArrayArgument E b s o))
(WriteCmd (IfExpr (FalseExpr) (CallExpr c) (VarExpr V)) "")
(TypeCmd p (BoolType))
(TypeCmd v (TupleType (TupleType)))
(LetCmd (TupleLValue) (TrueExpr))
(TimeCmd (TypeCmd k (IntType)))
(PrintCmd "cF~2")
(ReadCmd "}" (ArrayArgument n B))
(TimeCmd (TimeCmd (TypeCmd x (FloatType))))
(PrintCmd "U")
(PrintCmd "")
(TypeCmd V (VarType j))
(WriteCmd
 (IfExpr
  (CallExpr G (TupleLiteralExpr (IntExpr 2)))
  (VarExpr p)
  (ArrayLiteralExpr
   (FloatExpr 0)
   (VarExpr S)
   (TupleLiteralExpr
    (ArrayIndexExpr
     (ArrayIndexExpr (ArrayLiteralExpr (TrueExpr) (FloatExpr 0)))
     (TupleLiteralExpr (FloatExpr 6))))))
 "")
(TypeCmd A (FloatType))
(LetCmd (TupleLValue) (IntExpr 104))
(AssertCmd (TrueExpr) "")
(TimeCmd (WriteCmd (FloatExpr 5068) ""))
(ShowCmd
 (TupleIndexExpr
  (TupleIndexExpr
   (ArrayLiteralExpr
    (TrueExpr)
    (ArrayLoopExpr j (TrueExpr) (IntExpr 0))
    (TupleLiteralExpr
     (ArrayIndexExpr
      (TrueExpr)
      (CallExpr S (IfExpr (FalseExpr) (TrueExpr) (TupleLiteralExpr))))
     (VarExpr n)))
   626)
  1))
(ReadCmd "I." (ArrayArgument j j))
(ShowCmd
 (ArrayIndexExpr
  (CallExpr O)
  (FalseExpr)
  (TupleLiteralExpr (VarExpr Z))
  (TupleLiteralExpr (SumLoopExpr (VarExpr C)))))
(TimeCmd (AssertCmd (CallExpr C (IntExpr 9)) "V"))
(WriteCmd (FloatExpr 59) "S")
(TimeCmd (PrintCmd ""))
(AssertCmd (SumLoopExpr (IntExpr 4)) "VhED")
(AssertCmd (CallExpr p (VarExpr T) (TrueExpr)) "")
(TypeCmd H (TupleType (ArrayType (VarType Y) 1) (BoolType)))
(LetCmd (TupleLValue (ArgLValue (ArrayArgument X A))) (FloatExpr 0))
(ReadCmd "" (VarArgument j))
(LetCmd (ArgLValue (VarArgument k)) (TupleIndexExpr (FloatExpr 0) 366))
(LetCmd
 (TupleLValue (ArgLValue (ArrayArgument E f Y j)) (TupleLValue))
 (TrueExpr))
(AssertCmd (TrueExpr) "S")
(TypeCmd t (FloatType))
(PrintCmd "hTUL'")
(LetCmd
 (TupleLValue
  (TupleLValue
   (TupleLValue (ArgLValue (VarArgument G)) (TupleLValue))
   (TupleLValue)))
 (IntExpr 2))
(TypeCmd u (VarType x))
(TypeCmd S (FloatType))
(TimeCmd (TypeCmd L (VarType W)))
(TypeCmd b (TupleType (ArrayType (FloatType) 1)))
(ShowCmd (ArrayLiteralExpr (TrueExpr)))
(TypeCmd Q (FloatType))
(TypeCmd a (IntType))
(WriteCmd (VarExpr e) "G")
(LetCmd (ArgLValue (VarArgument r)) (VarExpr d))
(ReadCmd "" (VarArgument T))
(AssertCmd
 (TupleIndexExpr
  (CallExpr
   c
   (ArrayLoopExpr
    C
    (TrueExpr)
    (ArrayLoopExpr
     K
     (ArrayIndexExpr (ArrayLiteralExpr (IntExpr 5)) (IntExpr 0))
     (IntExpr 222))))
  7)
 "")
(WriteCmd
 (SumLoopExpr
  g
  (FalseExpr)
  (ArrayLoopExpr v (TupleIndexExpr (ArrayLiteralExpr) 53) (TupleLiteralExpr)))
 "8")
(LetCmd (ArgLValue (ArrayArgument N N)) (VarExpr p))
(LetCmd (TupleLValue) (ArrayLoopExpr Y (IntExpr 83885) (CallExpr S)))
(TypeCmd f (FloatType))
(TypeCmd Y (TupleType (TupleType (ArrayType (IntType) 1))))
(TimeCmd (TimeCmd (TimeCmd (AssertCmd (FloatExpr 0) ""))))
(TypeCmd A (TupleType (IntType)))
(ReadCmd "" (ArrayArgument R W H m J C D L p q P))
(LetCmd
 (TupleLValue (ArgLValue (VarArgument X)))
 (ArrayLiteralExpr (TupleLiteralExpr)))
(PrintCmd "H$B")
(WriteCmd (IntExpr 4) "")
(TimeCmd (TypeCmd Y (TupleType (FloatType))))
(ShowCmd (ArrayIndexExpr (IntExpr 9) (TupleIndexExpr (TrueExpr) 5)))
(PrintCmd "")
(TimeCmd (TypeCmd u (ArrayType (IntType) 2)))
(TimeCmd (AssertCmd (TrueExpr) "+"))
(TypeCmd M (IntType))
(AssertCmd (VarExpr L) "3")
(LetCmd
 (TupleLValue (ArgLValue (ArrayArgument e d)))
 (TupleLiteralExpr (FalseExpr)))
(ReadCmd "" (VarArgument y))
(TypeCmd o (TupleType (TupleType (FloatType) (VarType r) (TupleType))))
(TypeCmd f (BoolType))
(WriteCmd (SumLoopExpr (ArrayLiteralExpr (IntExpr 12))) "")
(TypeCmd k (IntType))
(ShowCmd (CallExpr H))
(ShowCmd (SumLoopExpr o (TrueExpr) Z (FalseExpr) (TupleLiteralExpr)))
(LetCmd (ArgLValue (ArrayArgument h h)) (SumLoopExpr (IntExpr 8)))
(ShowCmd (TupleIndexExpr (TupleLiteralExpr) 953))
(AssertCmd (FloatExpr 849) "")
(ReadCmd "R" (ArrayArgument b T b))
(PrintCmd "")
(LetCmd (ArgLValue (VarArgument G)) (TrueExpr))
(AssertCmd (ArrayLiteralExpr) "_")
(TimeCmd (PrintCmd "Y"))
(TimeCmd (AssertCmd (ArrayLiteralExpr) ""))
(ReadCmd "C" (ArrayArgument c K s))
(AssertCmd (ArrayLiteralExpr) "")
(TypeCmd B (BoolType))
(ReadCmd "" (VarArgument p))
(WriteCmd (IntExpr 64) "")
(WriteCmd
 (TupleIndexExpr
  (ArrayIndexExpr
   (VarExpr Q)
   (TupleIndexExpr (ArrayIndexExpr (TupleLiteralExpr) (VarExpr e)) 7))
  9)
 "")
(AssertCmd (FloatExpr 0) "")
(PrintCmd "")
(ShowCmd (CallExpr W (FalseExpr)))
(TypeCmd z (IntType))
(AssertCmd
 (CallExpr
  r
  (TupleLiteralExpr)
  (VarExpr V)
  (TupleLiteralExpr
   (SumLoopExpr
    T
    (TupleIndexExpr (FloatExpr 0) 4)
    (ArrayIndexExpr (FloatExpr 0) (FloatExpr 0)))))
 "")
(AssertCmd (TupleLiteralExpr (TupleLiteralExpr)) "q")
(LetCmd
 (ArgLValue (VarArgument w))
 (ArrayLoopExpr (TupleIndexExpr (TupleLiteralExpr (TupleLiteralExpr)) 0)))
(AssertCmd (ArrayLoopExpr (FloatExpr 0)) "")
(AssertCmd (ArrayLiteralExpr) " ")
(LetCmd
 (TupleLValue
  (ArgLValue (ArrayArgument A q))
  (TupleLValue
   (TupleLValue (ArgLValue (ArrayArgument D s D)))
   (ArgLValue (ArrayArgument D b L))))
 (IntExpr 1))
(WriteCmd (FloatExpr 0) "")
(AssertCmd (VarExpr d) "MEG")
(TimeCmd (PrintCmd ":"))
(LetCmd (TupleLValue (ArgLValue (ArrayArgument w l))) (CallExpr K (VarExpr u)))
(WriteCmd (ArrayLiteralExpr) "")
(LetCmd (ArgLValue (VarArgument B)) (TupleIndexExpr (TrueExpr) 9))
(ReadCmd "" (VarArgument V))
(LetCmd
 (ArgLValue (ArrayArgument z q a))
 (IfExpr (TrueExpr) (VarExpr y) (TupleLiteralExpr)))
