(TypeCmd o (TupleType (ArrayType (TupleType (FloatType)) 1)))
(WriteCmd (IntExpr 5) "]#")
(FnCmd
 v
 ((TupleBinding
   (TupleBinding
    (TupleBinding
     (VarBinding (ArrayArgument J7xO27x50) (ArrayType (FloatType) 1))
     (TupleBinding)
     (TupleBinding)
     (TupleBinding
      (VarBinding
       (VarArgument X)
       (TupleType
        (ArrayType (TupleType (ArrayType (TupleType) 1) (FloatType)) 1)))
      (TupleBinding (TupleBinding)))
     (TupleBinding
      (VarBinding (VarArgument Pk) (FloatType))
      (TupleBinding
       (VarBinding (ArrayArgument k s95.5) (BoolType))
       (VarBinding (ArrayArgument bJ) (IntType))
       (TupleBinding
        (TupleBinding
         (TupleBinding)
         (TupleBinding
          (VarBinding (VarArgument A__._6oM) (TupleType))
          (TupleBinding
           (VarBinding (ArrayArgument u_._q55 W2300U.) (BoolType))
           (TupleBinding (TupleBinding) (TupleBinding)))))
        (VarBinding
         (VarArgument t_)
         (TupleType (ArrayType (ArrayType (BoolType) 2) 2))))))
     (TupleBinding))
    (TupleBinding (VarBinding (VarArgument S) (FloatType)))
    (VarBinding (ArrayArgument xsi v3q62.6.) (ArrayType (VarType E_z) 1)))
   (VarBinding (VarArgument z12.) (ArrayType (VarType T) 4))
   (TupleBinding))
  (TupleBinding (TupleBinding)))
 (TupleType (ArrayType (TupleType) 2))
 (LetStmt (TupleLValue) (IntExpr 7)))
(AssertCmd (FalseExpr) "")
(TimeCmd
 (FnCmd
  R
  ((VarBinding (VarArgument a3.hSM.) (ArrayType (VarType S2...6.) 1)))
  (BoolType)
  (LetStmt (TupleLValue) (FloatExpr 43840346))
  (ReturnStmt (TrueExpr))))
(PrintCmd "+&")
(AssertCmd (TrueExpr) "")
(ShowCmd (ArrayIndexExpr (FalseExpr)))
(LetCmd (TupleLValue) (ArrayLiteralExpr (FalseExpr)))
(TypeCmd Q_a7l (TupleType))
(ShowCmd (IntExpr 5))
(TypeCmd Fk (ArrayType (FloatType) 1))
(ReadCmd "!" (ArrayArgument o.31))
(ReadCmd "[" (VarArgument Va964))
(PrintCmd "")
(FnCmd
 W
 ((TupleBinding
   (TupleBinding
    (TupleBinding
     (VarBinding (ArrayArgument z_4_) (BoolType))
     (VarBinding (VarArgument Op68iSd.) (IntType))
     (TupleBinding
      (TupleBinding
       (TupleBinding
        (TupleBinding (VarBinding (ArrayArgument E) (IntType)))
        (TupleBinding))
       (VarBinding (ArrayArgument u) (ArrayType (VarType y) 7))
       (TupleBinding)
       (TupleBinding)))
     (TupleBinding)
     (VarBinding (VarArgument P4A0VN_) (BoolType))))))
 (FloatType)
 (ReturnStmt (TrueExpr)))
(ShowCmd (IntExpr 5))
(LetCmd (TupleLValue) (FloatExpr 8060113))
(PrintCmd "^")
