(TimeCmd
 (FnCmd
  U6U._0c
  ((TupleBinding (VarBinding (VarArgument n52.xJz) (BoolType)))
   (TupleBinding
    (TupleBinding
     (VarBinding (ArrayArgument S d h_8) (BoolType))
     (TupleBinding))))
  (ArrayType (BoolType) 1)
  (AssertStmt (ArrayIndexExpr (FloatExpr 0)) "")))
(WriteCmd (IntExpr 6) "")
(FnCmd
 b.D
 ((VarBinding (ArrayArgument A) (TupleType))
  (TupleBinding)
  (VarBinding (ArrayArgument A G3W..2 N A F__9) (BoolType)))
 (IntType)
 (LetStmt (TupleLValue) (TupleLiteralExpr)))
(PrintCmd "`&")
(AssertCmd (TupleLiteralExpr) "^+")
(ShowCmd (FalseExpr))
(LetCmd (TupleLValue) (TrueExpr))
(PrintCmd "")
(PrintCmd ";")
(LetCmd
 (ArgLValue (ArrayArgument Lb_34 bfx I8d_ N..aM_9358_90.7.O4u q6_))
 (FalseExpr))
(FnCmd P ((TupleBinding)) (IntType))
(FnCmd a ((TupleBinding) (TupleBinding)) (IntType))
