(WriteCmd (IntExpr 0) "")
(PrintCmd "/")
(ShowCmd (ArrayLiteralExpr))
(TypeCmd H (FloatType))
(ShowCmd
 (ArrayLiteralExpr
  (TupleLiteralExpr)
  (SumLoopExpr
   T
   (SumLoopExpr (ArrayLiteralExpr (ArrayLoopExpr L (IntExpr 1) (FloatExpr 0))))
   (CallExpr x))))
(ReadCmd "T.t" (ArrayArgument Q g Z))
(TimeCmd
 (ShowCmd
  (ArrayLoopExpr
   S
   (TupleLiteralExpr)
   (IfExpr (TupleIndexExpr (ArrayLiteralExpr) 3) (FloatExpr 0) (TrueExpr)))))
(ReadCmd "" (VarArgument i))
(AssertCmd (TupleLiteralExpr (FloatExpr 1)) "")
(TimeCmd
 (ShowCmd
  (ArrayLiteralExpr
   (SumLoopExpr (TupleIndexExpr (TupleIndexExpr (CallExpr K) 2) 4)))))
(ReadCmd "" (VarArgument K))
(WriteCmd
 (SumLoopExpr
  (ArrayIndexExpr
   (ArrayIndexExpr (VarExpr J) (ArrayLiteralExpr (IntExpr 15)))
   (FloatExpr 86004)))
 "")
(PrintCmd "")
(AssertCmd (FalseExpr) "")
(ShowCmd (IntExpr 562))
(ReadCmd "^" (VarArgument e))
(PrintCmd "")
(AssertCmd
 (IfExpr (VarExpr r) (FalseExpr) (ArrayLoopExpr y (FalseExpr) (VarExpr w)))
 "")
(LetCmd
 (TupleLValue (ArgLValue (ArrayArgument Z W O)))
 (TupleIndexExpr (ArrayLiteralExpr) 2))
(ReadCmd "]c" (VarArgument g))
(TypeCmd z (TupleType (VarType w) (VarType T)))
(ReadCmd "" (ArrayArgument z O))
(AssertCmd (TupleIndexExpr (TrueExpr) 60) "")
(TypeCmd a (ArrayType (BoolType) 1))
(TimeCmd (TypeCmd h (FloatType)))
(PrintCmd "")
(TimeCmd
 (LetCmd
  (ArgLValue (VarArgument x))
  (ArrayIndexExpr (ArrayLiteralExpr (FloatExpr 0) (TrueExpr)) (IntExpr 0))))
(TypeCmd T (ArrayType (BoolType) 1))
(AssertCmd (FalseExpr) "")
(AssertCmd (FalseExpr) "")
(LetCmd (ArgLValue (ArrayArgument g r)) (TupleLiteralExpr))
(WriteCmd (FloatExpr 0) "")
(AssertCmd (IntExpr 3) "\b")
(ReadCmd "!" (ArrayArgument Y b))
(ReadCmd "wH%ayj" (ArrayArgument B D))
(TypeCmd H (TupleType (VarType p)))
(ReadCmd "gV)r9" (ArrayArgument j D o))
(LetCmd
 (ArgLValue (ArrayArgument c Y))
 (CallExpr v (ArrayIndexExpr (IntExpr 846))))
(LetCmd (ArgLValue (ArrayArgument Y Z q)) (ArrayLiteralExpr (VarExpr b)))
(AssertCmd
 (CallExpr
  k
  (ArrayIndexExpr
   (ArrayLiteralExpr (IntExpr 9))
   (VarExpr t)
   (FloatExpr 93897155)))
 "")
(TimeCmd (TypeCmd D (TupleType)))
(ShowCmd (IntExpr 59))
(TimeCmd (PrintCmd "`"))
(ShowCmd (FalseExpr))
(ReadCmd "T)" (VarArgument S))
(LetCmd (ArgLValue (ArrayArgument U k)) (TrueExpr))
(TypeCmd W (IntType))
(TypeCmd p (BoolType))
(ReadCmd "" (VarArgument u))
(LetCmd
 (ArgLValue (VarArgument l))
 (ArrayIndexExpr
  (TrueExpr)
  (TrueExpr)
  (SumLoopExpr (ArrayLiteralExpr))
  (CallExpr H (VarExpr x) (ArrayLiteralExpr (FalseExpr)))))
(LetCmd (TupleLValue) (ArrayLoopExpr (ArrayIndexExpr (VarExpr k) (FalseExpr))))
(WriteCmd (SumLoopExpr (TrueExpr)) "u")
(TimeCmd (PrintCmd "5"))
(LetCmd
 (ArgLValue (VarArgument T))
 (ArrayIndexExpr
  (ArrayLiteralExpr
   (ArrayLiteralExpr (TupleIndexExpr (FloatExpr 0) 3))
   (FloatExpr 4))))
(ReadCmd "jc" (ArrayArgument R G L))
(TimeCmd
 (AssertCmd
  (IfExpr (TupleLiteralExpr) (VarExpr Z) (ArrayIndexExpr (VarExpr q)))
  "S"))
(ReadCmd "" (VarArgument k))
(LetCmd (ArgLValue (ArrayArgument F D)) (FloatExpr 6))
(TimeCmd (WriteCmd (FloatExpr 812) "F#x"))
(PrintCmd "N")
(ShowCmd (IfExpr (TrueExpr) (VarExpr a) (FloatExpr 0)))
(ReadCmd "" (VarArgument f))
(TypeCmd L (IntType))
(AssertCmd (FalseExpr) "x")
(LetCmd (TupleLValue) (SumLoopExpr (SumLoopExpr (CallExpr l (VarExpr e)))))
(TimeCmd (WriteCmd (FloatExpr 0) ""))
(AssertCmd (FalseExpr) "L")
(PrintCmd "W")
(ReadCmd "" (ArrayArgument c A a o G))
(ShowCmd
 (CallExpr
  m
  (IfExpr
   (VarExpr a)
   (ArrayLiteralExpr)
   (ArrayIndexExpr (FalseExpr) (TrueExpr) (IntExpr 35293)))))
(TypeCmd j (BoolType))
(TypeCmd E (BoolType))
(TypeCmd L (ArrayType (ArrayType (BoolType) 1) 2))
(TypeCmd o (TupleType (TupleType) (VarType C) (IntType)))
(ShowCmd (IntExpr 2))
(AssertCmd (FalseExpr) "")
(AssertCmd (CallExpr J) "")
(WriteCmd
 (IfExpr (TupleLiteralExpr (VarExpr b)) (TrueExpr) (IntExpr 123688))
 "")
(PrintCmd "B")
(ShowCmd (TupleIndexExpr (TupleIndexExpr (FalseExpr) 19436) 5))
(PrintCmd "x")
(PrintCmd "")
(LetCmd (ArgLValue (VarArgument P)) (FloatExpr 0))
(ShowCmd (TupleLiteralExpr (VarExpr k)))
(LetCmd (ArgLValue (VarArgument U)) (IntExpr 6))
(ReadCmd "" (ArrayArgument q h))
(PrintCmd "")
(ShowCmd
 (ArrayIndexExpr
  (FalseExpr)
  (ArrayLiteralExpr
   (ArrayLoopExpr
    (IfExpr
     (IntExpr 19)
     (VarExpr e)
     (TupleLiteralExpr
      (VarExpr C)
      (ArrayLoopExpr (ArrayLoopExpr (TupleIndexExpr (FloatExpr 0) 38)))
      (TrueExpr)))))))
(AssertCmd
 (TupleLiteralExpr
  (VarExpr N)
  (SumLoopExpr
   (TupleLiteralExpr
    (SumLoopExpr (IfExpr (VarExpr P) (VarExpr P) (FalseExpr))))))
 "")
(LetCmd
 (TupleLValue (TupleLValue) (TupleLValue (ArgLValue (VarArgument T))))
 (TupleIndexExpr (IntExpr 5) 11))
(LetCmd
 (TupleLValue)
 (SumLoopExpr
  (IfExpr
   (CallExpr h)
   (TrueExpr)
   (CallExpr
    V
    (CallExpr
     L
     (ArrayLiteralExpr
      (ArrayLiteralExpr (TupleLiteralExpr))
      (ArrayLiteralExpr (ArrayLiteralExpr (TupleLiteralExpr) (TrueExpr))))
     (SumLoopExpr G (CallExpr Y (ArrayLiteralExpr)) (ArrayLiteralExpr)))))))
(AssertCmd (IntExpr 3) "_")
(ShowCmd (FalseExpr))
(TimeCmd (PrintCmd ""))
(PrintCmd "=wpE[")
(ShowCmd (ArrayLoopExpr (SumLoopExpr (VarExpr L))))
(TimeCmd (TimeCmd (LetCmd (TupleLValue) (IntExpr 6))))
(WriteCmd (ArrayLoopExpr K (TrueExpr) (FloatExpr 0)) "J%")
(TimeCmd (TypeCmd N (ArrayType (ArrayType (BoolType) 1) 1)))
(ShowCmd (TupleIndexExpr (TupleIndexExpr (CallExpr c (ArrayLiteralExpr)) 0) 0))
(TimeCmd (TypeCmd i (BoolType)))
(TimeCmd
 (LetCmd
  (TupleLValue)
  (ArrayLoopExpr
   s
   (TupleLiteralExpr (FloatExpr 0))
   (TupleIndexExpr (TupleLiteralExpr (FloatExpr 0)) 3))))
(WriteCmd
 (ArrayLiteralExpr (TupleIndexExpr (TrueExpr) 9) (TupleLiteralExpr))
 "N")
(AssertCmd (TrueExpr) "3y")
(PrintCmd "")
(PrintCmd "2!")
(TypeCmd t (IntType))
(PrintCmd "A")
(LetCmd
 (TupleLValue)
 (TupleLiteralExpr
  (ArrayLiteralExpr)
  (TrueExpr)
  (TupleLiteralExpr (SumLoopExpr (FloatExpr 698)) (FloatExpr 0))))
(AssertCmd (ArrayIndexExpr (FloatExpr 0) (FloatExpr 0)) "*")
(ShowCmd (IntExpr 1))
(ShowCmd (IntExpr 30))
(ShowCmd (TrueExpr))
(AssertCmd (TupleLiteralExpr) "")
(LetCmd (TupleLValue) (ArrayLoopExpr (TrueExpr)))
(WriteCmd (CallExpr J) "")
