(LetCmd (TupleLValue) (TupleLiteralExpr))
(TypeCmd T (BoolType))
(TimeCmd
 (FnCmd N_8635w ((VarBinding (VarArgument p) (TupleType))) (FloatType)))
(WriteCmd (TupleLiteralExpr) "")
(LetCmd (TupleLValue) (TupleIndexExpr (IntExpr 8) 52))
(WriteCmd (IntExpr 910) "")
(AssertCmd
 (TupleLiteralExpr
  (TupleIndexExpr
   (TupleLiteralExpr
    (ArrayLiteralExpr
     (IntExpr 76)
     (IntExpr 25)
     (ArrayLiteralExpr)
     (ArrayLiteralExpr (ArrayLiteralExpr) (IntExpr 62))))
   5)
  (ArrayLiteralExpr (FalseExpr))
  (CallExpr vl_10_ (TrueExpr) (TrueExpr) (TrueExpr))
  (ArrayLiteralExpr)
  (ArrayIndexExpr (ArrayIndexExpr (TrueExpr))))
 "")
(TimeCmd (TypeCmd f (FloatType)))
(WriteCmd (TupleLiteralExpr (IntExpr 7)) "(")
(FnCmd
 K
 ((VarBinding (ArrayArgument s_.g9z8X_...) (TupleType)))
 (FloatType)
 (ReturnStmt (TrueExpr)))
(FnCmd
 J.7n
 ((VarBinding (ArrayArgument S) (TupleType (ArrayType (FloatType) 2))))
 (FloatType)
 (LetStmt (ArgLValue (VarArgument N_H)) (VarExpr N.O2)))
(ReadCmd "%:" (VarArgument h))
(FnCmd
 gJ_I
 ((TupleBinding)
  (VarBinding (VarArgument g.2Z) (TupleType (BoolType) (IntType))))
 (FloatType))
(FnCmd
 y5
 ((VarBinding (ArrayArgument De) (BoolType))
  (TupleBinding (VarBinding (ArrayArgument zn4319__.1H.83.C) (IntType)))
  (TupleBinding)
  (TupleBinding (TupleBinding (TupleBinding)))
  (VarBinding (VarArgument D72yrj) (TupleType (IntType)))
  (TupleBinding))
 (IntType))
(AssertCmd (TupleLiteralExpr (FloatExpr 3249)) "&$")
(FnCmd
 k__0d6HcC2._UkO
 ((TupleBinding
   (TupleBinding
    (TupleBinding (TupleBinding) (TupleBinding))
    (TupleBinding
     (TupleBinding)
     (TupleBinding)
     (VarBinding (ArrayArgument n UP) (BoolType)))
    (TupleBinding))))
 (BoolType)
 (AssertStmt (FloatExpr 7445) ":%/?)"))
(WriteCmd (TupleLiteralExpr) "'")
