(FnCmd
 t_05f._f
 ((TupleBinding
   (TupleBinding
    (VarBinding
     (ArrayArgument T.)
     (TupleType (ArrayType (IntType) 1) (TupleType (ArrayType (FloatType) 3))))))
  (VarBinding
   (ArrayArgument p.5M_FU)
   (TupleType (VarType a_ch__.Fm.) (ArrayType (TupleType) 1)))
  (TupleBinding
   (TupleBinding)
   (TupleBinding)
   (VarBinding (ArrayArgument s sXPE_ Y.) (VarType t7_4949e6.))
   (TupleBinding
    (TupleBinding)
    (VarBinding (ArrayArgument FB5.5. U_.x) (VarType f_))
    (TupleBinding
     (TupleBinding
      (TupleBinding
       (TupleBinding)
       (TupleBinding
        (TupleBinding
         (VarBinding (ArrayArgument LAC_.j__) (TupleType (FloatType))))))
      (TupleBinding
       (VarBinding (ArrayArgument X5_) (BoolType))
       (VarBinding (VarArgument IN) (ArrayType (VarType g) 4))
       (VarBinding (VarArgument t_.46bWM_) (ArrayType (VarType D) 4)))
      (TupleBinding (VarBinding (VarArgument Z41c9) (VarType D2i5F))))
     (VarBinding (VarArgument jLHC) (FloatType))))
   (TupleBinding (VarBinding (ArrayArgument P) (ArrayType (VarType h) 1)))
   (TupleBinding (VarBinding (ArrayArgument r763) (ArrayType (TupleType) 4))))
  (TupleBinding (TupleBinding)))
 (BoolType)
 (ReturnStmt (VarExpr rW)))
(TimeCmd (ReadCmd "" (ArrayArgument d.g4. f0_ i.O Kt._tZU.)))
(ReadCmd "" (VarArgument k))
(ShowCmd (FloatExpr 5))
(FnCmd
 e_d0.q50_P.4
 ((TupleBinding)
  (TupleBinding)
  (VarBinding (ArrayArgument M_) (ArrayType (ArrayType (BoolType) 1) 1)))
 (TupleType (BoolType))
 (ReturnStmt (TrueExpr))
 (AssertStmt (TupleIndexExpr (VarExpr n6) 3) "\`&"))
(WriteCmd (TupleIndexExpr (ArrayLiteralExpr) 8) "^*")
(TypeCmd i. (TupleType))
(LetCmd (ArgLValue (ArrayArgument q x.M. Im0624D_S)) (IntExpr 55))
(ReadCmd "" (ArrayArgument G))
(ShowCmd (TupleLiteralExpr))
(AssertCmd (FloatExpr 0) "")
(FnCmd
 l.._.4
 ((TupleBinding
   (TupleBinding
    (TupleBinding)
    (VarBinding (VarArgument T7v_8D) (VarType CHb))
    (TupleBinding
     (VarBinding (ArrayArgument U0q) (BoolType))
     (TupleBinding
      (TupleBinding
       (TupleBinding
        (TupleBinding)
        (TupleBinding (VarBinding (ArrayArgument m) (IntType)))
        (TupleBinding))))
     (VarBinding (ArrayArgument Q7z4 LlV8 K) (IntType))))
   (VarBinding (ArrayArgument q xH_0 D2.5S) (BoolType))))
 (TupleType)
 (LetStmt
  (ArgLValue (ArrayArgument F5_850))
  (TupleIndexExpr (FloatExpr 75950) 78)))
(AssertCmd (ArrayIndexExpr (VarExpr S)) "`%$")
(ReadCmd "" (ArrayArgument NZ KmM9G))
